Archive member included to satisfy reference by file (symbol)

c:/intelfpga/18.1/nios2eds/bin/gnu/h-x86_64-mingw32/bin/../lib/gcc/nios2-elf/5.3.0/../../../../../H-x86_64-mingw32/nios2-elf/lib/mhw-mulx\libm.a(lib_a-s_round.o)
                              obj/default/driver/comm/spw_controller/spw_controller.o (round)
c:/intelfpga/18.1/nios2eds/bin/gnu/h-x86_64-mingw32/bin/../lib/gcc/nios2-elf/5.3.0/mhw-mulx\libgcc.a(_fixunsdfsi.o)
                              obj/default/driver/comm/spw_controller/spw_controller.o (__fixunsdfsi)
c:/intelfpga/18.1/nios2eds/bin/gnu/h-x86_64-mingw32/bin/../lib/gcc/nios2-elf/5.3.0/mhw-mulx\libgcc.a(divsf3.o)
                              obj/default/api_driver/ddr2/ddr2.o (__divsf3)
c:/intelfpga/18.1/nios2eds/bin/gnu/h-x86_64-mingw32/bin/../lib/gcc/nios2-elf/5.3.0/mhw-mulx\libgcc.a(mulsf3.o)
                              obj/default/api_driver/sense/sense.o (__mulsf3)
c:/intelfpga/18.1/nios2eds/bin/gnu/h-x86_64-mingw32/bin/../lib/gcc/nios2-elf/5.3.0/mhw-mulx\libgcc.a(floatsisf.o)
                              obj/default/api_driver/ddr2/ddr2.o (__floatsisf)
c:/intelfpga/18.1/nios2eds/bin/gnu/h-x86_64-mingw32/bin/../lib/gcc/nios2-elf/5.3.0/mhw-mulx\libgcc.a(floatunsisf.o)
                              obj/default/api_driver/ddr2/ddr2.o (__floatunsisf)
c:/intelfpga/18.1/nios2eds/bin/gnu/h-x86_64-mingw32/bin/../lib/gcc/nios2-elf/5.3.0/mhw-mulx\libgcc.a(adddf3.o)
                              c:/intelfpga/18.1/nios2eds/bin/gnu/h-x86_64-mingw32/bin/../lib/gcc/nios2-elf/5.3.0/../../../../../H-x86_64-mingw32/nios2-elf/lib/mhw-mulx\libm.a(lib_a-s_round.o) (__adddf3)
c:/intelfpga/18.1/nios2eds/bin/gnu/h-x86_64-mingw32/bin/../lib/gcc/nios2-elf/5.3.0/mhw-mulx\libgcc.a(divdf3.o)
                              obj/default/driver/comm/spw_controller/spw_controller.o (__divdf3)
c:/intelfpga/18.1/nios2eds/bin/gnu/h-x86_64-mingw32/bin/../lib/gcc/nios2-elf/5.3.0/mhw-mulx\libgcc.a(gedf2.o)
                              c:/intelfpga/18.1/nios2eds/bin/gnu/h-x86_64-mingw32/bin/../lib/gcc/nios2-elf/5.3.0/mhw-mulx\libgcc.a(_fixunsdfsi.o) (__gedf2)
c:/intelfpga/18.1/nios2eds/bin/gnu/h-x86_64-mingw32/bin/../lib/gcc/nios2-elf/5.3.0/mhw-mulx\libgcc.a(muldf3.o)
                              obj/default/api_driver/sense/sense.o (__muldf3)
c:/intelfpga/18.1/nios2eds/bin/gnu/h-x86_64-mingw32/bin/../lib/gcc/nios2-elf/5.3.0/mhw-mulx\libgcc.a(subdf3.o)
                              c:/intelfpga/18.1/nios2eds/bin/gnu/h-x86_64-mingw32/bin/../lib/gcc/nios2-elf/5.3.0/mhw-mulx\libgcc.a(_fixunsdfsi.o) (__subdf3)
c:/intelfpga/18.1/nios2eds/bin/gnu/h-x86_64-mingw32/bin/../lib/gcc/nios2-elf/5.3.0/mhw-mulx\libgcc.a(fixdfsi.o)
                              c:/intelfpga/18.1/nios2eds/bin/gnu/h-x86_64-mingw32/bin/../lib/gcc/nios2-elf/5.3.0/mhw-mulx\libgcc.a(_fixunsdfsi.o) (__fixdfsi)
c:/intelfpga/18.1/nios2eds/bin/gnu/h-x86_64-mingw32/bin/../lib/gcc/nios2-elf/5.3.0/mhw-mulx\libgcc.a(floatsidf.o)
                              obj/default/driver/sync/sync.o (__floatsidf)
c:/intelfpga/18.1/nios2eds/bin/gnu/h-x86_64-mingw32/bin/../lib/gcc/nios2-elf/5.3.0/mhw-mulx\libgcc.a(floatunsidf.o)
                              obj/default/driver/sync/sync.o (__floatunsidf)
c:/intelfpga/18.1/nios2eds/bin/gnu/h-x86_64-mingw32/bin/../lib/gcc/nios2-elf/5.3.0/mhw-mulx\libgcc.a(extendsfdf2.o)
                              obj/default/api_driver/ddr2/ddr2.o (__extendsfdf2)
c:/intelfpga/18.1/nios2eds/bin/gnu/h-x86_64-mingw32/bin/../lib/gcc/nios2-elf/5.3.0/mhw-mulx\libgcc.a(truncdfsf2.o)
                              obj/default/api_driver/sense/sense.o (__truncdfsf2)
c:/intelfpga/18.1/nios2eds/bin/gnu/h-x86_64-mingw32/bin/../lib/gcc/nios2-elf/5.3.0/mhw-mulx\libgcc.a(_clzsi2.o)
                              c:/intelfpga/18.1/nios2eds/bin/gnu/h-x86_64-mingw32/bin/../lib/gcc/nios2-elf/5.3.0/mhw-mulx\libgcc.a(divsf3.o) (__clzsi2)
c:/intelfpga/18.1/nios2eds/bin/gnu/h-x86_64-mingw32/bin/../lib/gcc/nios2-elf/5.3.0/mhw-mulx\libgcc.a(lib2-divmod.o)
                              c:/intelfpga/18.1/nios2eds/bin/gnu/h-x86_64-mingw32/bin/../lib/gcc/nios2-elf/5.3.0/mhw-mulx\libgcc.a(divdf3.o) (__udivsi3)
c:/intelfpga/18.1/nios2eds/bin/gnu/h-x86_64-mingw32/bin/../lib/gcc/nios2-elf/5.3.0/mhw-mulx\libgcc.a(_clz.o)
                              c:/intelfpga/18.1/nios2eds/bin/gnu/h-x86_64-mingw32/bin/../lib/gcc/nios2-elf/5.3.0/mhw-mulx\libgcc.a(_clzsi2.o) (__clz_tab)
c:/intelfpga/18.1/nios2eds/bin/gnu/h-x86_64-mingw32/bin/../lib/gcc/nios2-elf/5.3.0/../../../../../H-x86_64-mingw32/nios2-elf/lib/mhw-mulx\libc.a(lib_a-fopen.o)
                              obj/default/hello_world.o (fopen)
c:/intelfpga/18.1/nios2eds/bin/gnu/h-x86_64-mingw32/bin/../lib/gcc/nios2-elf/5.3.0/../../../../../H-x86_64-mingw32/nios2-elf/lib/mhw-mulx\libc.a(lib_a-fprintf.o)
                              obj/default/driver/comm/fee_buffers/fee_buffers.o (fprintf)
[...]
Memory Configuration

Name             Origin             Length             Attributes
onchip_memory_BEFORE_EXCEPTION 0x0000000081100000 0x0000000000000020
onchip_memory    0x0000000081100020 0x00000000000affe0
ext_flash_BEFORE_RESET 0x0000000084000000 0x0000000002020000
reset            0x0000000086020000 0x0000000000000020
ext_flash        0x0000000086020020 0x0000000001fdffe0
*default*        0x0000000000000000 0xffffffffffffffff

Linker script and memory map

LOAD ../DLR_Hw_Testbench_bsp//obj/HAL/src/crt0.o
LOAD obj/default/api_driver/ddr2/ddr2.o
LOAD obj/default/api_driver/sense/sense.o
LOAD obj/default/api_driver/simucam_dma/simucam_dma.o
LOAD obj/default/driver/comm/comm_channel.o
LOAD obj/default/driver/comm/data_packet/data_packet.o
LOAD obj/default/driver/comm/fee_buffers/fee_buffers.o
LOAD obj/default/driver/comm/rmap/rmap.o
LOAD obj/default/driver/comm/spw_controller/spw_controller.o
LOAD obj/default/driver/comm/windowing/windowing.o
LOAD obj/default/driver/ctrl_io_lvds/ctrl_io_lvds.o
LOAD obj/default/driver/ftdi/ftdi.o
LOAD obj/default/driver/i2c/i2c.o
LOAD obj/default/driver/leds/leds.o
LOAD obj/default/driver/power_spi/power_spi.o
LOAD obj/default/driver/reset/reset.o
LOAD obj/default/driver/rtcc_spi/rtcc_spi.o
LOAD obj/default/driver/seven_seg/seven_seg.o
LOAD obj/default/driver/sync/sync.o
LOAD obj/default/hello_world.o
LOAD obj/default/utils/initialization_simucam.o
LOAD obj/default/utils/test_module_simucam.o
LOAD obj/default/utils/util.o
LOAD c:/intelfpga/18.1/nios2eds/bin/gnu/h-x86_64-mingw32/bin/../lib/gcc/nios2-elf/5.3.0/../../../../../H-x86_64-mingw32/nios2-elf/lib/mhw-mulx\libstdc++.a
LOAD c:/intelfpga/18.1/nios2eds/bin/gnu/h-x86_64-mingw32/bin/../lib/gcc/nios2-elf/5.3.0/../../../../../H-x86_64-mingw32/nios2-elf/lib/mhw-mulx\libm.a
LOAD c:/intelfpga/18.1/nios2eds/bin/gnu/h-x86_64-mingw32/bin/../lib/gcc/nios2-elf/5.3.0/mhw-mulx\libgcc.a
START GROUP
LOAD c:/intelfpga/18.1/nios2eds/bin/gnu/h-x86_64-mingw32/bin/../lib/gcc/nios2-elf/5.3.0/../../../../../H-x86_64-mingw32/nios2-elf/lib/mhw-mulx\libc.a
LOAD c:/intelfpga/18.1/nios2eds/bin/gnu/h-x86_64-mingw32/bin/../lib/gcc/nios2-elf/5.3.0/mhw-mulx\libgcc.a
LOAD ../DLR_Hw_Testbench_bsp/\libhal_bsp.a
LOAD c:/intelfpga/18.1/nios2eds/bin/gnu/h-x86_64-mingw32/bin/../lib/gcc/nios2-elf/5.3.0/../../../../../H-x86_64-mingw32/nios2-elf/lib/mhw-mulx\libm.a
END GROUP
LOAD c:/intelfpga/18.1/nios2eds/bin/gnu/h-x86_64-mingw32/bin/../lib/gcc/nios2-elf/5.3.0/mhw-mulx\libgcc.a
                0x0000000081100000                __alt_mem_onchip_memory = 0x81100000
                0x0000000084000000                __alt_mem_ext_flash = 0x84000000

.entry          0x0000000086020000        0x0
 *(.entry)
 .entry         0x0000000086020000        0x0 ../DLR_Hw_Testbench_bsp//obj/HAL/src/crt0.o
                0x0000000086020000                __reset

.exceptions     0x0000000081100020      0x224
                [!provide]                        PROVIDE (__ram_exceptions_start, ABSOLUTE (.))
                0x0000000081100020                . = ALIGN (0x20)
 *(.irq)
 *(.exceptions.entry.label)
 .exceptions.entry.label
                0x0000000081100020        0x0 ../DLR_Hw_Testbench_bsp/\libhal_bsp.a(alt_irq_entry.o)
                0x0000000081100020                alt_irq_entry
 .exceptions.entry.label
                0x0000000081100020        0x0 ../DLR_Hw_Testbench_bsp/\libhal_bsp.a(alt_exception_entry.o)
                0x0000000081100020                alt_exception
 *(.exceptions.entry.user)
 *(.exceptions.entry.ecc_fatal)
 *(.exceptions.entry)
 .exceptions.entry
                0x0000000081100020       0x54 ../DLR_Hw_Testbench_bsp/\libhal_bsp.a(alt_exception_entry.o)
 *(.exceptions.irqtest.user)
 *(.exceptions.irqtest)
 .exceptions.irqtest
                0x0000000081100074       0x10 ../DLR_Hw_Testbench_bsp/\libhal_bsp.a(alt_irq_entry.o)
 *(.exceptions.irqhandler.user)
 *(.exceptions.irqhandler)
 .exceptions.irqhandler
                0x0000000081100084        0x4 ../DLR_Hw_Testbench_bsp/\libhal_bsp.a(alt_irq_entry.o)
 *(.exceptions.irqreturn.user)
 *(.exceptions.irqreturn)
 .exceptions.irqreturn
                0x0000000081100088        0x4 ../DLR_Hw_Testbench_bsp/\libhal_bsp.a(alt_irq_entry.o)
 *(.exceptions.notirq.label)
 .exceptions.notirq.label
                0x000000008110008c        0x0 ../DLR_Hw_Testbench_bsp/\libhal_bsp.a(alt_irq_entry.o)
 *(.exceptions.notirq.user)
 *(.exceptions.notirq)
 .exceptions.notirq
                0x000000008110008c        0x8 ../DLR_Hw_Testbench_bsp/\libhal_bsp.a(alt_exception_entry.o)
 *(.exceptions.soft.user)
 *(.exceptions.soft)
 *(.exceptions.unknown.user)
 *(.exceptions.unknown)
 .exceptions.unknown
                0x0000000081100094       0x14 ../DLR_Hw_Testbench_bsp/\libhal_bsp.a(alt_exception_entry.o)
 *(.exceptions.exit.label)
 .exceptions.exit.label
                0x00000000811000a8        0x0 ../DLR_Hw_Testbench_bsp/\libhal_bsp.a(alt_irq_entry.o)
 .exceptions.exit.label
                0x00000000811000a8        0x0 ../DLR_Hw_Testbench_bsp/\libhal_bsp.a(alt_exception_entry.o)
 *(.exceptions.exit.user)
 *(.exceptions.exit)
 .exceptions.exit
                0x00000000811000a8       0x54 ../DLR_Hw_Testbench_bsp/\libhal_bsp.a(alt_exception_entry.o)
 *(.exceptions)
 .exceptions    0x00000000811000fc       0xd4 ../DLR_Hw_Testbench_bsp/\libhal_bsp.a(alt_irq_handler.o)
                0x00000000811000fc                alt_irq_handler
 .exceptions    0x00000000811001d0       0x74 ../DLR_Hw_Testbench_bsp/\libhal_bsp.a(alt_instruction_exception_entry.o)
                0x00000000811001d0                alt_instruction_exception_entry
                [!provide]                        PROVIDE (__ram_exceptions_end, ABSOLUTE (.))
                [!provide]                        PROVIDE (__flash_exceptions_start, LOADADDR (.exceptions))

.text           0x0000000081100244    0x2aeec
                [!provide]                        PROVIDE (stext, ABSOLUTE (.))
 *(.interp)
 *(.hash)
 *(.dynsym)
 *(.dynstr)
 *(.gnu.version)
 *(.gnu.version_d)
 *(.gnu.version_r)
 *(.rel.init)
 *(.rela.init)
 *(.rel.text .rel.text.* .rel.gnu.linkonce.t.*)
 *(.rela.text .rela.text.* .rela.gnu.linkonce.t.*)
 *(.rel.fini)
 *(.rela.fini)
 *(.rel.rodata .rel.rodata.* .rel.gnu.linkonce.r.*)
 *(.rela.rodata .rela.rodata.* .rela.gnu.linkonce.r.*)
 *(.rel.data .rel.data.* .rel.gnu.linkonce.d.*)
 *(.rela.data .rela.data.* .rela.gnu.linkonce.d.*)
 *(.rel.tdata .rel.tdata.* .rel.gnu.linkonce.td.*)
 *(.rela.tdata .rela.tdata.* .rela.gnu.linkonce.td.*)
 *(.rel.tbss .rel.tbss.* .rel.gnu.linkonce.tb.*)
 *(.rela.tbss .rela.tbss.* .rela.gnu.linkonce.tb.*)
 *(.rel.ctors)
 *(.rela.ctors)
 *(.rel.dtors)
 *(.rela.dtors)
 *(.rel.got)
 *(.rela.got)
 *(.rel.sdata .rel.sdata.* .rel.gnu.linkonce.s.*)
 *(.rela.sdata .rela.sdata.* .rela.gnu.linkonce.s.*)
 *(.rel.sbss .rel.sbss.* .rel.gnu.linkonce.sb.*)
 *(.rela.sbss .rela.sbss.* .rela.gnu.linkonce.sb.*)
 *(.rel.sdata2 .rel.sdata2.* .rel.gnu.linkonce.s2.*)
 *(.rela.sdata2 .rela.sdata2.* .rela.gnu.linkonce.s2.*)
 *(.rel.sbss2 .rel.sbss2.* .rel.gnu.linkonce.sb2.*)
 *(.rela.sbss2 .rela.sbss2.* .rela.gnu.linkonce.sb2.*)
 *(.rel.bss .rel.bss.* .rel.gnu.linkonce.b.*)
 *(.rela.bss .rela.bss.* .rela.gnu.linkonce.b.*)
 *(.rel.plt)
 *(.rela.plt)
 *(.rel.dyn)
 *(.init)
 *(.plt)
 *(.text .stub .text.* .gnu.linkonce.t.*)
 .text          0x0000000081100244       0x38 ../DLR_Hw_Testbench_bsp//obj/HAL/src/crt0.o
                0x0000000081100244                _start
 .text          0x000000008110027c     0x168c obj/default/api_driver/ddr2/ddr2.o
                0x000000008110027c                bDdr2EepromTest
                0x0000000081100528                bDdr2EepromDump
                0x0000000081100a54                bDdr2SwitchMemory
                0x0000000081100ae4                bDdr2MemoryWriteTest
                0x0000000081100f10                bDdr2MemoryReadTest
                0x00000000811012b0                bDdr2MemoryRandomWriteTest
                0x0000000081101598                bDdr2MemoryRandomReadTest
                0x0000000081101890                uliXorshift32
 .text          0x0000000081101908      0xa04 obj/default/api_driver/sense/sense.o
                0x0000000081101908                POWER_Read
                0x0000000081101b38                TEMP_Read
                0x0000000081101c28                sense_log_temp
                0x0000000081101c68                sense_log
 .text          0x000000008110230c      0x900 obj/default/api_driver/simucam_dma/simucam_dma.o
                0x000000008110230c                bSdmaInitComm1Dmas
                0x0000000081102334                bSdmaInitComm2Dmas
                0x000000008110235c                bSdmaInitComm3Dmas
                0x0000000081102384                bSdmaInitComm4Dmas
                0x00000000811023ac                bSdmaInitComm5Dmas
                0x00000000811023d4                bSdmaInitComm6Dmas
                0x00000000811023fc                bSdmaInitFtdiRxDma
                0x0000000081102424                bSdmaInitFtdiTxDma
                0x000000008110244c                bSdmaResetCommDma
                0x0000000081102598                bSdmaResetFtdiDma
                0x000000008110265c                bSdmaCommDmaTransfer
                0x0000000081102998                bSdmaFtdiDmaTransfer
 .text          0x0000000081102c0c      0x204 obj/default/driver/comm/comm_channel.o
                0x0000000081102c0c                bCommSetGlobalIrqEn
                0x0000000081102d04                bCommInitCh
 .text          0x0000000081102e10      0x890 obj/default/driver/comm/data_packet/data_packet.o
                0x0000000081102e10                bDpktSetPacketConfig
                0x0000000081102eac                bDpktGetPacketConfig
                0x0000000081102f48                bDpktSetPacketErrors
                0x0000000081102f9c                bDpktGetPacketErrors
                0x0000000081102ff0                bDpktGetPacketHeader
                0x000000008110304c                bDpktSetPixelDelay
                0x00000000811030b8                bDpktGetPixelDelay
                0x0000000081103124                bDpktSetPresetFrmCnt
                0x0000000081103180                bDpktGetPresetFrmCnt
                0x00000000811031dc                bDpktSetFrameCounterValue
                0x0000000081103254                bDpktSetErrorInjection
                0x00000000811032c8                bDpktGetErrorInjection
                0x000000008110333c                bDpktSetWindowingParams
                0x00000000811033ac                bDpktGetWindowingParams
                0x000000008110341c                bDpktInitCh
                0x0000000081103620                uliPxDelayCalcPeriodNs
                0x0000000081103668                uliPxDelayCalcPeriodMs
 .text          0x00000000811036a0     0x1280 obj/default/driver/comm/fee_buffers/fee_buffers.o
                0x00000000811036a0                vFeebCh1HandleIrq
                0x00000000811037a8                vFeebCh2HandleIrq
                0x00000000811038b4                vFeebCh3HandleIrq
                0x00000000811039c0                vFeebCh4HandleIrq
                0x0000000081103acc                vFeebInitIrq
                0x0000000081103cc8                bFeebSetIrqControl
                0x0000000081103d24                bFeebGetIrqControl
                0x0000000081103d80                bFeebGetIrqFlags
                0x0000000081103dec                bFeebGetBuffersStatus
                0x0000000081103e60                bFeebGetLeftBufferEmpty
                0x0000000081103ea8                bFeebGetRightBufferEmpty
                0x0000000081103ef0                bFeebGetCh1LeftBufferEmpty
                0x0000000081103f2c                bFeebGetCh1RightBufferEmpty
                0x0000000081103f68                bFeebGetCh2LeftBufferEmpty
                0x0000000081103fa4                bFeebGetCh2RightBufferEmpty
                0x0000000081103fe0                bFeebGetCh3LeftBufferEmpty
                0x000000008110401c                bFeebGetCh3RightBufferEmpty
                0x0000000081104058                bFeebGetCh4LeftBufferEmpty
                0x0000000081104094                bFeebGetCh4RightBufferEmpty
                0x00000000811040d0                bFeebGetCh1LeftFeeBusy
                0x000000008110410c                bFeebGetCh1RightFeeBusy
                0x0000000081104148                bFeebGetCh2LeftFeeBusy
                0x0000000081104184                bFeebGetCh2RightFeeBusy
                0x00000000811041c0                bFeebGetCh3LeftFeeBusy
                0x00000000811041fc                bFeebGetCh3RightFeeBusy
                0x0000000081104238                bFeebGetCh4LeftFeeBusy
                0x0000000081104274                bFeebGetCh4RightFeeBusy
                0x00000000811042b0                bFeebGetBufferDataControl
                0x000000008110434c                bFeebSetBufferDataControl
                0x00000000811043e8                bFeebGetBufferDataStatus
                0x0000000081104444                bFeebGetMachineControl
                0x00000000811044d0                bFeebSetMachineControl
                0x000000008110455c                bFeebClearMachineStatistics
                0x00000000811045ac                bFeebGetMachineStatistics
                0x0000000081104640                bFeebStartCh
                0x0000000081104690                bFeebStopCh
                0x00000000811046e0                bFeebClrCh
                0x0000000081104730                bFeebInitCh
 .text          0x0000000081104920     0x2824 obj/default/driver/comm/rmap/rmap.o
                0x0000000081104920                vRmapCh1HandleIrq
                0x00000000811049e4                vRmapCh2HandleIrq
                0x0000000081104aac                vRmapCh3HandleIrq
                0x0000000081104b74                vRmapCh4HandleIrq
                0x0000000081104c3c                vRmapCh5HandleIrq
                0x0000000081104ca4                vRmapCh6HandleIrq
                0x0000000081104d0c                vRmapCh7HandleIrq
                0x0000000081104d74                vRmapCh8HandleIrq
                0x0000000081104ddc                uliRmapCh1WriteCmdAddress
                0x0000000081104e0c                uliRmapCh2WriteCmdAddress
                0x0000000081104e3c                uliRmapCh3WriteCmdAddress
                0x0000000081104e6c                uliRmapCh4WriteCmdAddress
                0x0000000081104e9c                uliRmapCh5WriteCmdAddress
                0x0000000081104ecc                uliRmapCh6WriteCmdAddress
                0x0000000081104efc                uliRmapCh7WriteCmdAddress
                0x0000000081104f2c                uliRmapCh8WriteCmdAddress
                0x0000000081104f5c                vRmapCh1EnableCodec
                0x0000000081104f98                vRmapCh2EnableCodec
                0x0000000081104fd4                vRmapCh3EnableCodec
                0x0000000081105010                vRmapCh4EnableCodec
                0x000000008110504c                vRmapCh5EnableCodec
                0x0000000081105088                vRmapCh6EnableCodec
                0x00000000811050c4                vRmapCh7EnableCodec
                0x0000000081105100                vRmapCh8EnableCodec
                0x000000008110513c                vRmapInitIrq
                0x00000000811052d8                bRmapClrAebTimestamp
                0x00000000811053c0                bRmapIncAebTimestamp
                0x0000000081105520                vRmapSoftRstDebMemArea
                0x0000000081105934                bRmapSoftRstAebMemArea
                0x0000000081106744                bRmapSetIrqControl
                0x00000000811067a0                bRmapGetIrqControl
                0x00000000811067fc                bRmapGetIrqFlags
                0x0000000081106858                bRmapSetEchoingMode
                0x00000000811068b4                bRmapGetEchoingMode
                0x0000000081106910                bRmapSetCodecConfig
                0x000000008110696c                bRmapGetCodecConfig
                0x00000000811069c8                bRmapGetCodecStatus
                0x0000000081106a4c                bRmapGetCodecError
                0x0000000081106ad0                bRmapSetMemConfig
                0x0000000081106b2c                bRmapGetMemConfig
                0x0000000081106b88                bRmapGetMemStatus
                0x0000000081106bf4                bRmapSetRmapMemCfgArea
                0x0000000081106c20                bRmapGetRmapMemCfgArea
                0x0000000081106c4c                bRmapSetRmapMemHkArea
                0x0000000081106c78                bRmapGetRmapMemHkArea
                0x0000000081106ca4                bRmapInitCh
                0x00000000811070fc                uliRmapReadReg
 .text          0x0000000081107144      0x51c obj/default/driver/comm/spw_controller/spw_controller.o
                0x0000000081107144                bSpwcSetLink
                0x00000000811071b0                bSpwcGetLink
                0x000000008110721c                bSpwcGetLinkError
                0x0000000081107288                bSpwcGetLinkStatus
                0x00000000811072ec                bSpwcGetTimecode
                0x0000000081107340                bSpwcClearTimecode
                0x0000000081107390                bSpwcEnableTimecode
                0x00000000811073e4                bSpwcInitCh
                0x00000000811075ac                ucSpwcCalculateLinkDiv
 .text          0x0000000081107660      0x820 obj/default/driver/comm/windowing/windowing.o
                0x0000000081107660                bWindCopyMebWindowingParam
                0x0000000081107934                bWindCopyCcdXWindowingConfig
                0x0000000081107bd8                bWindClearWindowingArea
                0x0000000081107cc8                bWindSetWindowingAreaOffset
 .text          0x0000000081107e80      0x1fc obj/default/driver/ctrl_io_lvds/ctrl_io_lvds.o
                0x0000000081107e80                bEnableIsoDrivers
                0x0000000081107eb4                bDisableIsoDrivers
                0x0000000081107ee8                bEnableLvdsBoard
                0x0000000081107f1c                bDisableLvdsBoard
                0x0000000081107f50                bSetPreEmphasys
 .text          0x000000008110807c      0x730 obj/default/driver/ftdi/ftdi.o
                0x000000008110807c                vFtdiRxIrqHandler
                0x00000000811080dc                vFtdiTxIrqHandler
                0x000000008110813c                bFtdiRxIrqInit
                0x00000000811081b4                bFtdiTxIrqInit
                0x000000008110822c                bFtdiRequestHalfCcdImg
                0x0000000081108338                bFtdiTransmitLutWinArea
                0x000000008110842c                vFtdiResetHalfCcdImg
                0x0000000081108464                vFtdiResetLutWinArea
                0x000000008110849c                ucFtdiGetRxErrorCode
                0x00000000811084d8                ucFtdiGetTxErrorCode
                0x0000000081108514                usiFtdiRxBufferUsedBytes
                0x0000000081108554                usiFtdiTxBufferUsedBytes
                0x0000000081108594                vFtdiStopModule
                0x00000000811085cc                vFtdiStartModule
                0x0000000081108604                vFtdiClearModule
                0x000000008110863c                vFtdiAbortOperation
                0x0000000081108680                vFtdiIrqGlobalEn
                0x00000000811086bc                vFtdiIrqRxHccdReceivedEn
                0x00000000811086f8                vFtdiIrqRxHccdCommErrEn
                0x0000000081108734                vFtdiIrqTxLutFinishedEn
                0x0000000081108770                vFtdiIrqTxLutCommErrEn
 .text          0x00000000811087ac      0x73c obj/default/driver/i2c/i2c.o
                0x00000000811087ac                I2C_TestAdress
                0x000000008110882c                I2C_Write
                0x0000000081108904                I2C_Read
                0x0000000081108a04                I2C_MultipleRead
                0x0000000081108b5c                i2c_start
                0x0000000081108be8                i2c_stop
                0x0000000081108c60                i2c_write
                0x0000000081108d90                i2c_read
 .text          0x0000000081108ee8       0xe8 obj/default/driver/leds/leds.o
                0x0000000081108ee8                bSetBoardLeds
                0x0000000081108f60                bSetPainelLeds
 .text          0x0000000081108fd0      0x4e0 obj/default/driver/power_spi/power_spi.o
                0x0000000081108fd0                POWER_SPI_RW
 .text          0x00000000811094b0      0x238 obj/default/driver/reset/reset.o
                0x00000000811094b0                vRstcReleaseSimucamReset
                0x000000008110951c                vRstcHoldSimucamReset
                0x0000000081109580                vRstcReleaseDeviceReset
                0x00000000811095ec                vRstcHoldDeviceReset
 .text          0x00000000811096e8      0x364 obj/default/driver/rtcc_spi/rtcc_spi.o
                0x00000000811096e8                v_spi_start
                0x0000000081109738                v_spi_send_byte
                0x00000000811097f4                uc_spi_get_byte
                0x00000000811098a0                v_spi_end
                0x00000000811098f0                RTCC_SPI_R_MAC
 .text          0x0000000081109a4c       0xfc obj/default/driver/seven_seg/seven_seg.o
                0x0000000081109a4c                bSSDisplayConfig
                0x0000000081109b0c                bSSDisplayUpdate
 .text          0x0000000081109b48     0x1700 obj/default/driver/sync/sync.o
                0x0000000081109b48                vSyncHandleIrq
                0x0000000081109ba8                vSyncPreHandleIrq
                0x0000000081109bf0                vSyncClearCounter
                0x0000000081109c14                vSyncInitIrq
                0x0000000081109c94                vSyncPreInitIrq
                0x0000000081109d14                bSyncStatusExtnIrq
                0x0000000081109d4c                ucSyncStatusState
                0x0000000081109d84                ucSyncStatusErrorCode
                0x0000000081109dbc                ucSyncStatusCycleNumber
                0x0000000081109df4                bSyncSetMbt
                0x0000000081109e30                bSyncSetBt
                0x0000000081109e6c                bSyncSetPreBt
                0x0000000081109ea8                bSyncSetPer
                0x0000000081109ee4                bSyncSetOst
                0x0000000081109f20                bSyncSetPolarity
                0x0000000081109f5c                bSyncSetNCycles
                0x0000000081109f9c                uliSyncGetMbt
                0x0000000081109fd4                uliSyncGetBt
                0x000000008110a00c                uliSyncGetPer
                0x000000008110a044                uliSyncGetOst
                0x000000008110a07c                bSyncErrInj
                0x000000008110a0b8                bSyncCtrIntern
                0x000000008110a0f4                bSyncCtrStart
                0x000000008110a12c                bSyncCtrReset
                0x000000008110a164                bSyncCtrOneShot
                0x000000008110a19c                bSyncCtrErrInj
                0x000000008110a1d4                bSyncCtrSyncOutEnable
                0x000000008110a210                bSyncCtrCh1OutEnable
                0x000000008110a24c                bSyncCtrCh2OutEnable
                0x000000008110a288                bSyncCtrCh3OutEnable
                0x000000008110a2c4                bSyncCtrCh4OutEnable
                0x000000008110a300                bSyncCtrCh5OutEnable
                0x000000008110a33c                bSyncCtrCh6OutEnable
                0x000000008110a378                bSyncCtrCh7OutEnable
                0x000000008110a3b4                bSyncCtrCh8OutEnable
                0x000000008110a3f0                bSyncIrqEnableError
                0x000000008110a42c                bSyncIrqEnableBlankPulse
                0x000000008110a468                bSyncIrqEnableMasterPulse
                0x000000008110a4a4                bSyncIrqEnableNormalPulse
                0x000000008110a4e0                bSyncIrqEnableLastPulse
                0x000000008110a51c                bSyncIrqFlagClrError
                0x000000008110a558                bSyncIrqFlagClrBlankPulse
                0x000000008110a594                bSyncIrqFlagClrMasterPulse
                0x000000008110a5d0                bSyncIrqFlagClrNormalPulse
                0x000000008110a60c                bSyncIrqFlagClrLastPulse
                0x000000008110a648                bSyncIrqFlagError
                0x000000008110a680                bSyncIrqFlagBlankPulse
                0x000000008110a6b8                bSyncIrqFlagMasterPulse
                0x000000008110a6f0                bSyncIrqFlagNormalPulse
                0x000000008110a728                bSyncIrqFlagLastPulse
                0x000000008110a760                bSyncPreIrqEnableBlankPulse
                0x000000008110a79c                bSyncPreIrqEnableMasterPulse
                0x000000008110a7d8                bSyncPreIrqEnableNormalPulse
                0x000000008110a814                bSyncPreIrqEnableLastPulse
                0x000000008110a850                bSyncPreIrqFlagClrBlankPulse
                0x000000008110a88c                bSyncPreIrqFlagClrMasterPulse
                0x000000008110a8c8                bSyncPreIrqFlagClrNormalPulse
                0x000000008110a904                bSyncPreIrqFlagClrLastPulse
                0x000000008110a940                bSyncPreIrqFlagBlankPulse
                0x000000008110a978                bSyncPreIrqFlagMasterPulse
                0x000000008110a9b0                bSyncPreIrqFlagNormalPulse
                0x000000008110a9e8                bSyncPreIrqFlagLastPulse
                0x000000008110aa20                bSyncConfigNFeeSyncPeriod
                0x000000008110adbc                bSyncConfigFFeeSyncPeriod
                0x000000008110b154                uliPerCalcPeriodMs
                0x000000008110b1d0                usiRegCalcTimeMs
 .text          0x000000008110b248     0x272c obj/default/hello_world.o
                0x000000008110b248                main
 .text          0x000000008110d974     0x7fc8 obj/default/utils/initialization_simucam.o
                0x000000008110d974                bInitSimucamCoreHW
                0x000000008110d9e0                vInitSimucamBasicHW
                0x000000008110da80                vDumpDebAddr
                0x000000008110f69c                vDumpAebAddr
 .text          0x000000008111593c      0x7dc obj/default/utils/test_module_simucam.o
                0x000000008111593c                bTestSimucamCriticalHW
                0x0000000081115c04                bDdr2MemoryFastTest
 .text          0x0000000081116118      0x424 obj/default/utils/util.o
                0x0000000081116118                _reg_write
                0x0000000081116168                _reg_read
                0x00000000811161b8                _print_codec_status
                0x00000000811163ac                _split_codec_status
                0x0000000081116418                aatoh
                0x00000000811164b4                Verif_Error
                0x0000000081116510                toInt
 .text          0x000000008111653c        0x0 c:/intelfpga/18.1/nios2eds/bin/gnu/h-x86_64-mingw32/bin/../lib/gcc/nios2-elf/5.3.0/../../../../../H-x86_64-mingw32/nios2-elf/lib/mhw-mulx\libm.a(lib_a-s_round.o)
 .text.round    0x000000008111653c      0x100 c:/intelfpga/18.1/nios2eds/bin/gnu/h-x86_64-mingw32/bin/../lib/gcc/nios2-elf/5.3.0/../../../../../H-x86_64-mingw32/nios2-elf/lib/mhw-mulx\libm.a(lib_a-s_round.o)
                0x000000008111653c                round
 .text          0x000000008111663c       0x74 c:/intelfpga/18.1/nios2eds/bin/gnu/h-x86_64-mingw32/bin/../lib/gcc/nios2-elf/5.3.0/mhw-mulx\libgcc.a(_fixunsdfsi.o)
                0x000000008111663c                __fixunsdfsi
 .text          0x00000000811166b0      0x440 c:/intelfpga/18.1/nios2eds/bin/gnu/h-x86_64-mingw32/bin/../lib/gcc/nios2-elf/5.3.0/mhw-mulx\libgcc.a(divsf3.o)
                0x00000000811166b0                __divsf3
 .text          0x0000000081116af0      0x3fc c:/intelfpga/18.1/nios2eds/bin/gnu/h-x86_64-mingw32/bin/../lib/gcc/nios2-elf/5.3.0/mhw-mulx\libgcc.a(mulsf3.o)
                0x0000000081116af0                __mulsf3
 .text          0x0000000081116eec      0x124 c:/intelfpga/18.1/nios2eds/bin/gnu/h-x86_64-mingw32/bin/../lib/gcc/nios2-elf/5.3.0/mhw-mulx\libgcc.a(floatsisf.o)
                0x0000000081116eec                __floatsisf
 .text          0x0000000081117010       0xf0 c:/intelfpga/18.1/nios2eds/bin/gnu/h-x86_64-mingw32/bin/../lib/gcc/nios2-elf/5.3.0/mhw-mulx\libgcc.a(floatunsisf.o)
                0x0000000081117010                __floatunsisf
 .text          0x0000000081117100      0x8ac c:/intelfpga/18.1/nios2eds/bin/gnu/h-x86_64-mingw32/bin/../lib/gcc/nios2-elf/5.3.0/mhw-mulx\libgcc.a(adddf3.o)
                0x0000000081117100                __adddf3
 .text          0x00000000811179ac      0x8e8 c:/intelfpga/18.1/nios2eds/bin/gnu/h-x86_64-mingw32/bin/../lib/gcc/nios2-elf/5.3.0/mhw-mulx\libgcc.a(divdf3.o)
                0x00000000811179ac                __divdf3
 .text          0x0000000081118294       0xdc c:/intelfpga/18.1/nios2eds/bin/gnu/h-x86_64-mingw32/bin/../lib/gcc/nios2-elf/5.3.0/mhw-mulx\libgcc.a(gedf2.o)
                0x0000000081118294                __gedf2
                0x0000000081118294                __gtdf2
 .text          0x0000000081118370      0x718 c:/intelfpga/18.1/nios2eds/bin/gnu/h-x86_64-mingw32/bin/../lib/gcc/nios2-elf/5.3.0/mhw-mulx\libgcc.a(muldf3.o)
                0x0000000081118370                __muldf3
 .text          0x0000000081118a88      0x8fc c:/intelfpga/18.1/nios2eds/bin/gnu/h-x86_64-mingw32/bin/../lib/gcc/nios2-elf/5.3.0/mhw-mulx\libgcc.a(subdf3.o)
                0x0000000081118a88                __subdf3
 .text          0x0000000081119384       0x80 c:/intelfpga/18.1/nios2eds/bin/gnu/h-x86_64-mingw32/bin/../lib/gcc/nios2-elf/5.3.0/mhw-mulx\libgcc.a(fixdfsi.o)
                0x0000000081119384                __fixdfsi
 .text          0x0000000081119404       0xdc c:/intelfpga/18.1/nios2eds/bin/gnu/h-x86_64-mingw32/bin/../lib/gcc/nios2-elf/5.3.0/mhw-mulx\libgcc.a(floatsidf.o)
                0x0000000081119404                __floatsidf
 .text          0x00000000811194e0       0xa8 c:/intelfpga/18.1/nios2eds/bin/gnu/h-x86_64-mingw32/bin/../lib/gcc/nios2-elf/5.3.0/mhw-mulx\libgcc.a(floatunsidf.o)
                0x00000000811194e0                __floatunsidf
 .text          0x0000000081119588      0x110 c:/intelfpga/18.1/nios2eds/bin/gnu/h-x86_64-mingw32/bin/../lib/gcc/nios2-elf/5.3.0/mhw-mulx\libgcc.a(extendsfdf2.o)
                0x0000000081119588                __extendsfdf2
 .text          0x0000000081119698      0x1a8 c:/intelfpga/18.1/nios2eds/bin/gnu/h-x86_64-mingw32/bin/../lib/gcc/nios2-elf/5.3.0/mhw-mulx\libgcc.a(truncdfsf2.o)
                0x0000000081119698                __truncdfsf2
 .text          0x0000000081119840       0x64 c:/intelfpga/18.1/nios2eds/bin/gnu/h-x86_64-mingw32/bin/../lib/gcc/nios2-elf/5.3.0/mhw-mulx\libgcc.a(_clzsi2.o)
                0x0000000081119840                __clzsi2
 .text          0x00000000811198a4      0x1b4 c:/intelfpga/18.1/nios2eds/bin/gnu/h-x86_64-mingw32/bin/../lib/gcc/nios2-elf/5.3.0/mhw-mulx\libgcc.a(lib2-divmod.o)
                0x00000000811198a4                __divsi3
                0x0000000081119928                __modsi3
                0x000000008111999c                __udivsi3
                0x0000000081119a00                __umodsi3
 .text          0x0000000081119a58        0x0 c:/intelfpga/18.1/nios2eds/bin/gnu/h-x86_64-mingw32/bin/../lib/gcc/nios2-elf/5.3.0/mhw-mulx\libgcc.a(_clz.o)
 .text          0x0000000081119a58        0x0 c:/intelfpga/18.1/nios2eds/bin/gnu/h-x86_64-mingw32/bin/../lib/gcc/nios2-elf/5.3.0/../../../../../H-x86_64-mingw32/nios2-elf/lib/mhw-mulx\libc.a(lib_a-fopen.o)
 .text._fopen_r
                0x0000000081119a58       0xf4 c:/intelfpga/18.1/nios2eds/bin/gnu/h-x86_64-mingw32/bin/../lib/gcc/nios2-elf/5.3.0/../../../../../H-x86_64-mingw32/nios2-elf/lib/mhw-mulx\libc.a(lib_a-fopen.o)
                0x0000000081119a58                _fopen_r
 .text.fopen    0x0000000081119b4c       0x18 c:/intelfpga/18.1/nios2eds/bin/gnu/h-x86_64-mingw32/bin/../lib/gcc/nios2-elf/5.3.0/../../../../../H-x86_64-mingw32/nios2-elf/lib/mhw-mulx\libc.a(lib_a-fopen.o)
                0x0000000081119b4c                fopen
 .text          0x0000000081119b64        0x0 c:/intelfpga/18.1/nios2eds/bin/gnu/h-x86_64-mingw32/bin/../lib/gcc/nios2-elf/5.3.0/../../../../../H-x86_64-mingw32/nios2-elf/lib/mhw-mulx\libc.a(lib_a-fprintf.o)
 .text._fprintf_r
                0x0000000081119b64       0x28 c:/intelfpga/18.1/nios2eds/bin/gnu/h-x86_64-mingw32/bin/../lib/gcc/nios2-elf/5.3.0/../../../../../H-x86_64-mingw32/nios2-elf/lib/mhw-mulx\libc.a(lib_a-fprintf.o)
                0x0000000081119b64                _fprintf_r
 .text.fprintf  0x0000000081119b8c       0x24 c:/intelfpga/18.1/nios2eds/bin/gnu/h-x86_64-mingw32/bin/../lib/gcc/nios2-elf/5.3.0/../../../../../H-x86_64-mingw32/nios2-elf/lib/mhw-mulx\libc.a(lib_a-fprintf.o)
                0x0000000081119b8c                fprintf
 .text          0x0000000081119bb0        0x0 c:/intelfpga/18.1/nios2eds/bin/gnu/h-x86_64-mingw32/bin/../lib/gcc/nios2-elf/5.3.0/../../../../../H-x86_64-mingw32/nios2-elf/lib/mhw-mulx\libc.a(lib_a-fputc.o)
 .text._fputc_r
                0x0000000081119bb0       0x44 c:/intelfpga/18.1/nios2eds/bin/gnu/h-x86_64-mingw32/bin/../lib/gcc/nios2-elf/5.3.0/../../../../../H-x86_64-mingw32/nios2-elf/lib/mhw-mulx\libc.a(lib_a-fputc.o)
                0x0000000081119bb0                _fputc_r
 .text.fputc    0x0000000081119bf4       0x5c c:/intelfpga/18.1/nios2eds/bin/gnu/h-x86_64-mingw32/bin/../lib/gcc/nios2-elf/5.3.0/../../../../../H-x86_64-mingw32/nios2-elf/lib/mhw-mulx\libc.a(lib_a-fputc.o)
                0x0000000081119bf4                fputc
 .text          0x0000000081119c50        0x0 c:/intelfpga/18.1/nios2eds/bin/gnu/h-x86_64-mingw32/bin/../lib/gcc/nios2-elf/5.3.0/../../../../../H-x86_64-mingw32/nios2-elf/lib/mhw-mulx\libc.a(lib_a-fseek.o)
 .text._fseek_r
                0x0000000081119c50        0x4 c:/intelfpga/18.1/nios2eds/bin/gnu/h-x86_64-mingw32/bin/../lib/gcc/nios2-elf/5.3.0/../../../../../H-x86_64-mingw32/nios2-elf/lib/mhw-mulx\libc.a(lib_a-fseek.o)
                0x0000000081119c50                _fseek_r
 .text.fseek    0x0000000081119c54       0x1c c:/intelfpga/18.1/nios2eds/bin/gnu/h-x86_64-mingw32/bin/../lib/gcc/nios2-elf/5.3.0/../../../../../H-x86_64-mingw32/nios2-elf/lib/mhw-mulx\libc.a(lib_a-fseek.o)
                0x0000000081119c54                fseek
 .text          0x0000000081119c70        0x0 c:/intelfpga/18.1/nios2eds/bin/gnu/h-x86_64-mingw32/bin/../lib/gcc/nios2-elf/5.3.0/../../../../../H-x86_64-mingw32/nios2-elf/lib/mhw-mulx\libc.a(lib_a-fseeko.o)
 .text._fseeko_r
                0x0000000081119c70      0x444 c:/intelfpga/18.1/nios2eds/bin/gnu/h-x86_64-mingw32/bin/../lib/gcc/nios2-elf/5.3.0/../../../../../H-x86_64-mingw32/nios2-elf/lib/mhw-mulx\libc.a(lib_a-fseeko.o)
                0x0000000081119c70                _fseeko_r
 .text.fseeko   0x000000008111a0b4       0x1c c:/intelfpga/18.1/nios2eds/bin/gnu/h-x86_64-mingw32/bin/../lib/gcc/nios2-elf/5.3.0/../../../../../H-x86_64-mingw32/nios2-elf/lib/mhw-mulx\libc.a(lib_a-fseeko.o)
                0x000000008111a0b4                fseeko
 .text          0x000000008111a0d0        0x0 c:/intelfpga/18.1/nios2eds/bin/gnu/h-x86_64-mingw32/bin/../lib/gcc/nios2-elf/5.3.0/../../../../../H-x86_64-mingw32/nios2-elf/lib/mhw-mulx\libc.a(lib_a-fstatr.o)
 .text._fstat_r
                0x000000008111a0d0       0x5c c:/intelfpga/18.1/nios2eds/bin/gnu/h-x86_64-mingw32/bin/../lib/gcc/nios2-elf/5.3.0/../../../../../H-x86_64-mingw32/nios2-elf/lib/mhw-mulx\libc.a(lib_a-fstatr.o)
                0x000000008111a0d0                _fstat_r
 .text          0x000000008111a12c        0x0 c:/intelfpga/18.1/nios2eds/bin/gnu/h-x86_64-mingw32/bin/../lib/gcc/nios2-elf/5.3.0/../../../../../H-x86_64-mingw32/nios2-elf/lib/mhw-mulx\libc.a(lib_a-fwrite.o)
 .text._fwrite_r
                0x000000008111a12c       0xcc c:/intelfpga/18.1/nios2eds/bin/gnu/h-x86_64-mingw32/bin/../lib/gcc/nios2-elf/5.3.0/../../../../../H-x86_64-mingw32/nios2-elf/lib/mhw-mulx\libc.a(lib_a-fwrite.o)
                0x000000008111a12c                _fwrite_r
 .text.fwrite   0x000000008111a1f8       0x34 c:/intelfpga/18.1/nios2eds/bin/gnu/h-x86_64-mingw32/bin/../lib/gcc/nios2-elf/5.3.0/../../../../../H-x86_64-mingw32/nios2-elf/lib/mhw-mulx\libc.a(lib_a-fwrite.o)
                0x000000008111a1f8                fwrite
 .text          0x000000008111a22c        0x0 c:/intelfpga/18.1/nios2eds/bin/gnu/h-x86_64-mingw32/bin/../lib/gcc/nios2-elf/5.3.0/../../../../../H-x86_64-mingw32/nios2-elf/lib/mhw-mulx\libc.a(lib_a-impure.o)
 .text          0x000000008111a22c        0x0 c:/intelfpga/18.1/nios2eds/bin/gnu/h-x86_64-mingw32/bin/../lib/gcc/nios2-elf/5.3.0/../../../../../H-x86_64-mingw32/nios2-elf/lib/mhw-mulx\libc.a(lib_a-int_errno.o)
 .text          0x000000008111a22c        0x0 c:/intelfpga/18.1/nios2eds/bin/gnu/h-x86_64-mingw32/bin/../lib/gcc/nios2-elf/5.3.0/../../../../../H-x86_64-mingw32/nios2-elf/lib/mhw-mulx\libc.a(lib_a-makebuf.o)
 .text.__smakebuf_r
                0x000000008111a22c      0x1bc c:/intelfpga/18.1/nios2eds/bin/gnu/h-x86_64-mingw32/bin/../lib/gcc/nios2-elf/5.3.0/../../../../../H-x86_64-mingw32/nios2-elf/lib/mhw-mulx\libc.a(lib_a-makebuf.o)
                0x000000008111a22c                __smakebuf_r
 .text          0x000000008111a3e8        0x0 c:/intelfpga/18.1/nios2eds/bin/gnu/h-x86_64-mingw32/bin/../lib/gcc/nios2-elf/5.3.0/../../../../../H-x86_64-mingw32/nios2-elf/lib/mhw-mulx\libc.a(lib_a-mallocr.o)
 .text._malloc_r
                0x000000008111a3e8      0x80c c:/intelfpga/18.1/nios2eds/bin/gnu/h-x86_64-mingw32/bin/../lib/gcc/nios2-elf/5.3.0/../../../../../H-x86_64-mingw32/nios2-elf/lib/mhw-mulx\libc.a(lib_a-mallocr.o)
                0x000000008111a3e8                _malloc_r
 .text          0x000000008111abf4        0x0 c:/intelfpga/18.1/nios2eds/bin/gnu/h-x86_64-mingw32/bin/../lib/gcc/nios2-elf/5.3.0/../../../../../H-x86_64-mingw32/nios2-elf/lib/mhw-mulx\libc.a(lib_a-memcpy.o)
 .text.memcpy   0x000000008111abf4      0x148 c:/intelfpga/18.1/nios2eds/bin/gnu/h-x86_64-mingw32/bin/../lib/gcc/nios2-elf/5.3.0/../../../../../H-x86_64-mingw32/nios2-elf/lib/mhw-mulx\libc.a(lib_a-memcpy.o)
                0x000000008111abf4                memcpy
 .text          0x000000008111ad3c        0x0 c:/intelfpga/18.1/nios2eds/bin/gnu/h-x86_64-mingw32/bin/../lib/gcc/nios2-elf/5.3.0/../../../../../H-x86_64-mingw32/nios2-elf/lib/mhw-mulx\libc.a(lib_a-memset.o)
 .text.memset   0x000000008111ad3c      0x128 c:/intelfpga/18.1/nios2eds/bin/gnu/h-x86_64-mingw32/bin/../lib/gcc/nios2-elf/5.3.0/../../../../../H-x86_64-mingw32/nios2-elf/lib/mhw-mulx\libc.a(lib_a-memset.o)
                0x000000008111ad3c                memset
 .text          0x000000008111ae64        0x0 c:/intelfpga/18.1/nios2eds/bin/gnu/h-x86_64-mingw32/bin/../lib/gcc/nios2-elf/5.3.0/../../../../../H-x86_64-mingw32/nios2-elf/lib/mhw-mulx\libc.a(lib_a-openr.o)
 .text._open_r  0x000000008111ae64       0x60 c:/intelfpga/18.1/nios2eds/bin/gnu/h-x86_64-mingw32/bin/../lib/gcc/nios2-elf/5.3.0/../../../../../H-x86_64-mingw32/nios2-elf/lib/mhw-mulx\libc.a(lib_a-openr.o)
                0x000000008111ae64                _open_r
 .text          0x000000008111aec4        0x0 c:/intelfpga/18.1/nios2eds/bin/gnu/h-x86_64-mingw32/bin/../lib/gcc/nios2-elf/5.3.0/../../../../../H-x86_64-mingw32/nios2-elf/lib/mhw-mulx\libc.a(lib_a-printf.o)
 .text._printf_r
                0x000000008111aec4       0x30 c:/intelfpga/18.1/nios2eds/bin/gnu/h-x86_64-mingw32/bin/../lib/gcc/nios2-elf/5.3.0/../../../../../H-x86_64-mingw32/nios2-elf/lib/mhw-mulx\libc.a(lib_a-printf.o)
                0x000000008111aec4                _printf_r
 .text.printf   0x000000008111aef4       0x3c c:/intelfpga/18.1/nios2eds/bin/gnu/h-x86_64-mingw32/bin/../lib/gcc/nios2-elf/5.3.0/../../../../../H-x86_64-mingw32/nios2-elf/lib/mhw-mulx\libc.a(lib_a-printf.o)
                0x000000008111aef4                printf
 .text          0x000000008111af30        0x0 c:/intelfpga/18.1/nios2eds/bin/gnu/h-x86_64-mingw32/bin/../lib/gcc/nios2-elf/5.3.0/../../../../../H-x86_64-mingw32/nios2-elf/lib/mhw-mulx\libc.a(lib_a-putc.o)
 .text._putc_r  0x000000008111af30       0xa0 c:/intelfpga/18.1/nios2eds/bin/gnu/h-x86_64-mingw32/bin/../lib/gcc/nios2-elf/5.3.0/../../../../../H-x86_64-mingw32/nios2-elf/lib/mhw-mulx\libc.a(lib_a-putc.o)
                0x000000008111af30                _putc_r
 .text.putc     0x000000008111afd0       0xc8 c:/intelfpga/18.1/nios2eds/bin/gnu/h-x86_64-mingw32/bin/../lib/gcc/nios2-elf/5.3.0/../../../../../H-x86_64-mingw32/nios2-elf/lib/mhw-mulx\libc.a(lib_a-putc.o)
                0x000000008111afd0                putc
 .text          0x000000008111b098        0x0 c:/intelfpga/18.1/nios2eds/bin/gnu/h-x86_64-mingw32/bin/../lib/gcc/nios2-elf/5.3.0/../../../../../H-x86_64-mingw32/nios2-elf/lib/mhw-mulx\libc.a(lib_a-putchar.o)
 .text._putchar_r
                0x000000008111b098        0x8 c:/intelfpga/18.1/nios2eds/bin/gnu/h-x86_64-mingw32/bin/../lib/gcc/nios2-elf/5.3.0/../../../../../H-x86_64-mingw32/nios2-elf/lib/mhw-mulx\libc.a(lib_a-putchar.o)
                0x000000008111b098                _putchar_r
 .text.putchar  0x000000008111b0a0       0x18 c:/intelfpga/18.1/nios2eds/bin/gnu/h-x86_64-mingw32/bin/../lib/gcc/nios2-elf/5.3.0/../../../../../H-x86_64-mingw32/nios2-elf/lib/mhw-mulx\libc.a(lib_a-putchar.o)
                0x000000008111b0a0                putchar
 .text          0x000000008111b0b8        0x0 c:/intelfpga/18.1/nios2eds/bin/gnu/h-x86_64-mingw32/bin/../lib/gcc/nios2-elf/5.3.0/../../../../../H-x86_64-mingw32/nios2-elf/lib/mhw-mulx\libc.a(lib_a-puts.o)
 .text._puts_r  0x000000008111b0b8       0xc0 c:/intelfpga/18.1/nios2eds/bin/gnu/h-x86_64-mingw32/bin/../lib/gcc/nios2-elf/5.3.0/../../../../../H-x86_64-mingw32/nios2-elf/lib/mhw-mulx\libc.a(lib_a-puts.o)
                0x000000008111b0b8                _puts_r
 .text.puts     0x000000008111b178       0x14 c:/intelfpga/18.1/nios2eds/bin/gnu/h-x86_64-mingw32/bin/../lib/gcc/nios2-elf/5.3.0/../../../../../H-x86_64-mingw32/nios2-elf/lib/mhw-mulx\libc.a(lib_a-puts.o)
                0x000000008111b178                puts
 .text          0x000000008111b18c        0x0 c:/intelfpga/18.1/nios2eds/bin/gnu/h-x86_64-mingw32/bin/../lib/gcc/nios2-elf/5.3.0/../../../../../H-x86_64-mingw32/nios2-elf/lib/mhw-mulx\libc.a(lib_a-refill.o)
 .text.lflush   0x000000008111b18c       0x1c c:/intelfpga/18.1/nios2eds/bin/gnu/h-x86_64-mingw32/bin/../lib/gcc/nios2-elf/5.3.0/../../../../../H-x86_64-mingw32/nios2-elf/lib/mhw-mulx\libc.a(lib_a-refill.o)
 .text.__srefill_r
                0x000000008111b1a8      0x1d4 c:/intelfpga/18.1/nios2eds/bin/gnu/h-x86_64-mingw32/bin/../lib/gcc/nios2-elf/5.3.0/../../../../../H-x86_64-mingw32/nios2-elf/lib/mhw-mulx\libc.a(lib_a-refill.o)
                0x000000008111b1a8                __srefill_r
 .text          0x000000008111b37c        0x0 c:/intelfpga/18.1/nios2eds/bin/gnu/h-x86_64-mingw32/bin/../lib/gcc/nios2-elf/5.3.0/../../../../../H-x86_64-mingw32/nios2-elf/lib/mhw-mulx\libc.a(lib_a-sbrkr.o)
 .text._sbrk_r  0x000000008111b37c       0x54 c:/intelfpga/18.1/nios2eds/bin/gnu/h-x86_64-mingw32/bin/../lib/gcc/nios2-elf/5.3.0/../../../../../H-x86_64-mingw32/nios2-elf/lib/mhw-mulx\libc.a(lib_a-sbrkr.o)
                0x000000008111b37c                _sbrk_r
 .text          0x000000008111b3d0        0x0 c:/intelfpga/18.1/nios2eds/bin/gnu/h-x86_64-mingw32/bin/../lib/gcc/nios2-elf/5.3.0/../../../../../H-x86_64-mingw32/nios2-elf/lib/mhw-mulx\libc.a(lib_a-sprintf.o)
 .text._sprintf_r
                0x000000008111b3d0       0x58 c:/intelfpga/18.1/nios2eds/bin/gnu/h-x86_64-mingw32/bin/../lib/gcc/nios2-elf/5.3.0/../../../../../H-x86_64-mingw32/nios2-elf/lib/mhw-mulx\libc.a(lib_a-sprintf.o)
                0x000000008111b3d0                _sprintf_r
 .text.sprintf  0x000000008111b428       0x6c c:/intelfpga/18.1/nios2eds/bin/gnu/h-x86_64-mingw32/bin/../lib/gcc/nios2-elf/5.3.0/../../../../../H-x86_64-mingw32/nios2-elf/lib/mhw-mulx\libc.a(lib_a-sprintf.o)
                0x000000008111b428                sprintf
 .text          0x000000008111b494        0x0 c:/intelfpga/18.1/nios2eds/bin/gnu/h-x86_64-mingw32/bin/../lib/gcc/nios2-elf/5.3.0/../../../../../H-x86_64-mingw32/nios2-elf/lib/mhw-mulx\libc.a(lib_a-stdio.o)
 .text.__sread  0x000000008111b494       0x54 c:/intelfpga/18.1/nios2eds/bin/gnu/h-x86_64-mingw32/bin/../lib/gcc/nios2-elf/5.3.0/../../../../../H-x86_64-mingw32/nios2-elf/lib/mhw-mulx\libc.a(lib_a-stdio.o)
                0x000000008111b494                __sread
 .text.__seofread
                0x000000008111b4e8        0x8 c:/intelfpga/18.1/nios2eds/bin/gnu/h-x86_64-mingw32/bin/../lib/gcc/nios2-elf/5.3.0/../../../../../H-x86_64-mingw32/nios2-elf/lib/mhw-mulx\libc.a(lib_a-stdio.o)
                0x000000008111b4e8                __seofread
 .text.__swrite
                0x000000008111b4f0       0x7c c:/intelfpga/18.1/nios2eds/bin/gnu/h-x86_64-mingw32/bin/../lib/gcc/nios2-elf/5.3.0/../../../../../H-x86_64-mingw32/nios2-elf/lib/mhw-mulx\libc.a(lib_a-stdio.o)
                0x000000008111b4f0                __swrite
 .text.__sseek  0x000000008111b56c       0x5c c:/intelfpga/18.1/nios2eds/bin/gnu/h-x86_64-mingw32/bin/../lib/gcc/nios2-elf/5.3.0/../../../../../H-x86_64-mingw32/nios2-elf/lib/mhw-mulx\libc.a(lib_a-stdio.o)
                0x000000008111b56c                __sseek
 .text.__sclose
                0x000000008111b5c8        0x8 c:/intelfpga/18.1/nios2eds/bin/gnu/h-x86_64-mingw32/bin/../lib/gcc/nios2-elf/5.3.0/../../../../../H-x86_64-mingw32/nios2-elf/lib/mhw-mulx\libc.a(lib_a-stdio.o)
                0x000000008111b5c8                __sclose
 .text          0x000000008111b5d0        0x0 c:/intelfpga/18.1/nios2eds/bin/gnu/h-x86_64-mingw32/bin/../lib/gcc/nios2-elf/5.3.0/../../../../../H-x86_64-mingw32/nios2-elf/lib/mhw-mulx\libc.a(lib_a-strlen.o)
 .text.strlen   0x000000008111b5d0       0x98 c:/intelfpga/18.1/nios2eds/bin/gnu/h-x86_64-mingw32/bin/../lib/gcc/nios2-elf/5.3.0/../../../../../H-x86_64-mingw32/nios2-elf/lib/mhw-mulx\libc.a(lib_a-strlen.o)
                0x000000008111b5d0                strlen
 .text          0x000000008111b668        0x0 c:/intelfpga/18.1/nios2eds/bin/gnu/h-x86_64-mingw32/bin/../lib/gcc/nios2-elf/5.3.0/../../../../../H-x86_64-mingw32/nios2-elf/lib/mhw-mulx\libc.a(lib_a-svfprintf.o)
 .text.___svfprintf_internal_r
                0x000000008111b668     0x21d8 c:/intelfpga/18.1/nios2eds/bin/gnu/h-x86_64-mingw32/bin/../lib/gcc/nios2-elf/5.3.0/../../../../../H-x86_64-mingw32/nios2-elf/lib/mhw-mulx\libc.a(lib_a-svfprintf.o)
                0x000000008111b668                ___svfprintf_internal_r
 .text          0x000000008111d840        0x0 c:/intelfpga/18.1/nios2eds/bin/gnu/h-x86_64-mingw32/bin/../lib/gcc/nios2-elf/5.3.0/../../../../../H-x86_64-mingw32/nios2-elf/lib/mhw-mulx\libc.a(lib_a-vfprintf.o)
 .text.___vfprintf_internal_r
                0x000000008111d840     0x21f8 c:/intelfpga/18.1/nios2eds/bin/gnu/h-x86_64-mingw32/bin/../lib/gcc/nios2-elf/5.3.0/../../../../../H-x86_64-mingw32/nios2-elf/lib/mhw-mulx\libc.a(lib_a-vfprintf.o)
                0x000000008111d840                ___vfprintf_internal_r
 .text.__vfprintf_internal
                0x000000008111fa38       0x1c c:/intelfpga/18.1/nios2eds/bin/gnu/h-x86_64-mingw32/bin/../lib/gcc/nios2-elf/5.3.0/../../../../../H-x86_64-mingw32/nios2-elf/lib/mhw-mulx\libc.a(lib_a-vfprintf.o)
                0x000000008111fa38                __vfprintf_internal
 .text.__sbprintf
                0x000000008111fa54       0xbc c:/intelfpga/18.1/nios2eds/bin/gnu/h-x86_64-mingw32/bin/../lib/gcc/nios2-elf/5.3.0/../../../../../H-x86_64-mingw32/nios2-elf/lib/mhw-mulx\libc.a(lib_a-vfprintf.o)
 .text          0x000000008111fb10        0x0 c:/intelfpga/18.1/nios2eds/bin/gnu/h-x86_64-mingw32/bin/../lib/gcc/nios2-elf/5.3.0/../../../../../H-x86_64-mingw32/nios2-elf/lib/mhw-mulx\libc.a(lib_a-wbuf.o)
 .text.__swbuf_r
                0x000000008111fb10      0x140 c:/intelfpga/18.1/nios2eds/bin/gnu/h-x86_64-mingw32/bin/../lib/gcc/nios2-elf/5.3.0/../../../../../H-x86_64-mingw32/nios2-elf/lib/mhw-mulx\libc.a(lib_a-wbuf.o)
                0x000000008111fb10                __swbuf_r
 .text.__swbuf  0x000000008111fc50       0x18 c:/intelfpga/18.1/nios2eds/bin/gnu/h-x86_64-mingw32/bin/../lib/gcc/nios2-elf/5.3.0/../../../../../H-x86_64-mingw32/nios2-elf/lib/mhw-mulx\libc.a(lib_a-wbuf.o)
                0x000000008111fc50                __swbuf
 .text          0x000000008111fc68        0x0 c:/intelfpga/18.1/nios2eds/bin/gnu/h-x86_64-mingw32/bin/../lib/gcc/nios2-elf/5.3.0/../../../../../H-x86_64-mingw32/nios2-elf/lib/mhw-mulx\libc.a(lib_a-writer.o)
 .text._write_r
                0x000000008111fc68       0x60 c:/intelfpga/18.1/nios2eds/bin/gnu/h-x86_64-mingw32/bin/../lib/gcc/nios2-elf/5.3.0/../../../../../H-x86_64-mingw32/nios2-elf/lib/mhw-mulx\libc.a(lib_a-writer.o)
                0x000000008111fc68                _write_r
 .text          0x000000008111fcc8        0x0 c:/intelfpga/18.1/nios2eds/bin/gnu/h-x86_64-mingw32/bin/../lib/gcc/nios2-elf/5.3.0/../../../../../H-x86_64-mingw32/nios2-elf/lib/mhw-mulx\libc.a(lib_a-wsetup.o)
 .text.__swsetup_r
                0x000000008111fcc8      0x154 c:/intelfpga/18.1/nios2eds/bin/gnu/h-x86_64-mingw32/bin/../lib/gcc/nios2-elf/5.3.0/../../../../../H-x86_64-mingw32/nios2-elf/lib/mhw-mulx\libc.a(lib_a-wsetup.o)
                0x000000008111fcc8                __swsetup_r
 .text          0x000000008111fe1c        0x0 c:/intelfpga/18.1/nios2eds/bin/gnu/h-x86_64-mingw32/bin/../lib/gcc/nios2-elf/5.3.0/../../../../../H-x86_64-mingw32/nios2-elf/lib/mhw-mulx\libc.a(closer.o)
 .text._close_r
                0x000000008111fe1c       0x54 c:/intelfpga/18.1/nios2eds/bin/gnu/h-x86_64-mingw32/bin/../lib/gcc/nios2-elf/5.3.0/../../../../../H-x86_64-mingw32/nios2-elf/lib/mhw-mulx\libc.a(closer.o)
                0x000000008111fe1c                _close_r
 .text          0x000000008111fe70        0x0 c:/intelfpga/18.1/nios2eds/bin/gnu/h-x86_64-mingw32/bin/../lib/gcc/nios2-elf/5.3.0/../../../../../H-x86_64-mingw32/nios2-elf/lib/mhw-mulx\libc.a(lib_a-dtoa.o)
 .text.quorem   0x000000008111fe70      0x200 c:/intelfpga/18.1/nios2eds/bin/gnu/h-x86_64-mingw32/bin/../lib/gcc/nios2-elf/5.3.0/../../../../../H-x86_64-mingw32/nios2-elf/lib/mhw-mulx\libc.a(lib_a-dtoa.o)
 .text._dtoa_r  0x0000000081120070     0x1688 c:/intelfpga/18.1/nios2eds/bin/gnu/h-x86_64-mingw32/bin/../lib/gcc/nios2-elf/5.3.0/../../../../../H-x86_64-mingw32/nios2-elf/lib/mhw-mulx\libc.a(lib_a-dtoa.o)
                0x0000000081120070                _dtoa_r
 .text          0x00000000811216f8        0x0 c:/intelfpga/18.1/nios2eds/bin/gnu/h-x86_64-mingw32/bin/../lib/gcc/nios2-elf/5.3.0/../../../../../H-x86_64-mingw32/nios2-elf/lib/mhw-mulx\libc.a(lib_a-fflush.o)
 .text.__sflush_r
                0x00000000811216f8      0x21c c:/intelfpga/18.1/nios2eds/bin/gnu/h-x86_64-mingw32/bin/../lib/gcc/nios2-elf/5.3.0/../../../../../H-x86_64-mingw32/nios2-elf/lib/mhw-mulx\libc.a(lib_a-fflush.o)
                0x00000000811216f8                __sflush_r
 .text._fflush_r
                0x0000000081121914       0x5c c:/intelfpga/18.1/nios2eds/bin/gnu/h-x86_64-mingw32/bin/../lib/gcc/nios2-elf/5.3.0/../../../../../H-x86_64-mingw32/nios2-elf/lib/mhw-mulx\libc.a(lib_a-fflush.o)
                0x0000000081121914                _fflush_r
 .text.fflush   0x0000000081121970       0x30 c:/intelfpga/18.1/nios2eds/bin/gnu/h-x86_64-mingw32/bin/../lib/gcc/nios2-elf/5.3.0/../../../../../H-x86_64-mingw32/nios2-elf/lib/mhw-mulx\libc.a(lib_a-fflush.o)
                0x0000000081121970                fflush
 .text          0x00000000811219a0        0x0 c:/intelfpga/18.1/nios2eds/bin/gnu/h-x86_64-mingw32/bin/../lib/gcc/nios2-elf/5.3.0/../../../../../H-x86_64-mingw32/nios2-elf/lib/mhw-mulx\libc.a(lib_a-findfp.o)
 .text.__fp_unlock
                0x00000000811219a0        0x8 c:/intelfpga/18.1/nios2eds/bin/gnu/h-x86_64-mingw32/bin/../lib/gcc/nios2-elf/5.3.0/../../../../../H-x86_64-mingw32/nios2-elf/lib/mhw-mulx\libc.a(lib_a-findfp.o)
 .text._cleanup_r
                0x00000000811219a8        0xc c:/intelfpga/18.1/nios2eds/bin/gnu/h-x86_64-mingw32/bin/../lib/gcc/nios2-elf/5.3.0/../../../../../H-x86_64-mingw32/nios2-elf/lib/mhw-mulx\libc.a(lib_a-findfp.o)
                0x00000000811219a8                _cleanup_r
 .text.__sinit.part.1
                0x00000000811219b4      0x19c c:/intelfpga/18.1/nios2eds/bin/gnu/h-x86_64-mingw32/bin/../lib/gcc/nios2-elf/5.3.0/../../../../../H-x86_64-mingw32/nios2-elf/lib/mhw-mulx\libc.a(lib_a-findfp.o)
 .text.__fp_lock
                0x0000000081121b50        0x8 c:/intelfpga/18.1/nios2eds/bin/gnu/h-x86_64-mingw32/bin/../lib/gcc/nios2-elf/5.3.0/../../../../../H-x86_64-mingw32/nios2-elf/lib/mhw-mulx\libc.a(lib_a-findfp.o)
 .text.__sfmoreglue
                0x0000000081121b58       0x68 c:/intelfpga/18.1/nios2eds/bin/gnu/h-x86_64-mingw32/bin/../lib/gcc/nios2-elf/5.3.0/../../../../../H-x86_64-mingw32/nios2-elf/lib/mhw-mulx\libc.a(lib_a-findfp.o)
                0x0000000081121b58                __sfmoreglue
 .text.__sfp    0x0000000081121bc0      0x118 c:/intelfpga/18.1/nios2eds/bin/gnu/h-x86_64-mingw32/bin/../lib/gcc/nios2-elf/5.3.0/../../../../../H-x86_64-mingw32/nios2-elf/lib/mhw-mulx\libc.a(lib_a-findfp.o)
                0x0000000081121bc0                __sfp
 .text._cleanup
                0x0000000081121cd8       0x18 c:/intelfpga/18.1/nios2eds/bin/gnu/h-x86_64-mingw32/bin/../lib/gcc/nios2-elf/5.3.0/../../../../../H-x86_64-mingw32/nios2-elf/lib/mhw-mulx\libc.a(lib_a-findfp.o)
                0x0000000081121cd8                _cleanup
 .text.__sinit  0x0000000081121cf0       0x10 c:/intelfpga/18.1/nios2eds/bin/gnu/h-x86_64-mingw32/bin/../lib/gcc/nios2-elf/5.3.0/../../../../../H-x86_64-mingw32/nios2-elf/lib/mhw-mulx\libc.a(lib_a-findfp.o)
                0x0000000081121cf0                __sinit
 .text.__sfp_lock_acquire
                0x0000000081121d00        0x4 c:/intelfpga/18.1/nios2eds/bin/gnu/h-x86_64-mingw32/bin/../lib/gcc/nios2-elf/5.3.0/../../../../../H-x86_64-mingw32/nios2-elf/lib/mhw-mulx\libc.a(lib_a-findfp.o)
                0x0000000081121d00                __sfp_lock_acquire
 .text.__sfp_lock_release
                0x0000000081121d04        0x4 c:/intelfpga/18.1/nios2eds/bin/gnu/h-x86_64-mingw32/bin/../lib/gcc/nios2-elf/5.3.0/../../../../../H-x86_64-mingw32/nios2-elf/lib/mhw-mulx\libc.a(lib_a-findfp.o)
                0x0000000081121d04                __sfp_lock_release
 .text.__sinit_lock_acquire
                0x0000000081121d08        0x4 c:/intelfpga/18.1/nios2eds/bin/gnu/h-x86_64-mingw32/bin/../lib/gcc/nios2-elf/5.3.0/../../../../../H-x86_64-mingw32/nios2-elf/lib/mhw-mulx\libc.a(lib_a-findfp.o)
                0x0000000081121d08                __sinit_lock_acquire
 .text.__sinit_lock_release
                0x0000000081121d0c        0x4 c:/intelfpga/18.1/nios2eds/bin/gnu/h-x86_64-mingw32/bin/../lib/gcc/nios2-elf/5.3.0/../../../../../H-x86_64-mingw32/nios2-elf/lib/mhw-mulx\libc.a(lib_a-findfp.o)
                0x0000000081121d0c                __sinit_lock_release
 .text.__fp_lock_all
                0x0000000081121d10       0x18 c:/intelfpga/18.1/nios2eds/bin/gnu/h-x86_64-mingw32/bin/../lib/gcc/nios2-elf/5.3.0/../../../../../H-x86_64-mingw32/nios2-elf/lib/mhw-mulx\libc.a(lib_a-findfp.o)
                0x0000000081121d10                __fp_lock_all
 .text.__fp_unlock_all
                0x0000000081121d28       0x18 c:/intelfpga/18.1/nios2eds/bin/gnu/h-x86_64-mingw32/bin/../lib/gcc/nios2-elf/5.3.0/../../../../../H-x86_64-mingw32/nios2-elf/lib/mhw-mulx\libc.a(lib_a-findfp.o)
                0x0000000081121d28                __fp_unlock_all
 .text          0x0000000081121d40        0x0 c:/intelfpga/18.1/nios2eds/bin/gnu/h-x86_64-mingw32/bin/../lib/gcc/nios2-elf/5.3.0/../../../../../H-x86_64-mingw32/nios2-elf/lib/mhw-mulx\libc.a(lib_a-flags.o)
 .text.__sflags
                0x0000000081121d40       0xac c:/intelfpga/18.1/nios2eds/bin/gnu/h-x86_64-mingw32/bin/../lib/gcc/nios2-elf/5.3.0/../../../../../H-x86_64-mingw32/nios2-elf/lib/mhw-mulx\libc.a(lib_a-flags.o)
                0x0000000081121d40                __sflags
 .text          0x0000000081121dec        0x0 c:/intelfpga/18.1/nios2eds/bin/gnu/h-x86_64-mingw32/bin/../lib/gcc/nios2-elf/5.3.0/../../../../../H-x86_64-mingw32/nios2-elf/lib/mhw-mulx\libc.a(lib_a-freer.o)
 .text._malloc_trim_r
                0x0000000081121dec      0x124 c:/intelfpga/18.1/nios2eds/bin/gnu/h-x86_64-mingw32/bin/../lib/gcc/nios2-elf/5.3.0/../../../../../H-x86_64-mingw32/nios2-elf/lib/mhw-mulx\libc.a(lib_a-freer.o)
                0x0000000081121dec                _malloc_trim_r
 .text._free_r  0x0000000081121f10      0x310 c:/intelfpga/18.1/nios2eds/bin/gnu/h-x86_64-mingw32/bin/../lib/gcc/nios2-elf/5.3.0/../../../../../H-x86_64-mingw32/nios2-elf/lib/mhw-mulx\libc.a(lib_a-freer.o)
                0x0000000081121f10                _free_r
 .text          0x0000000081122220        0x0 c:/intelfpga/18.1/nios2eds/bin/gnu/h-x86_64-mingw32/bin/../lib/gcc/nios2-elf/5.3.0/../../../../../H-x86_64-mingw32/nios2-elf/lib/mhw-mulx\libc.a(lib_a-fvwrite.o)
 .text.__sfvwrite_r
                0x0000000081122220      0x4bc c:/intelfpga/18.1/nios2eds/bin/gnu/h-x86_64-mingw32/bin/../lib/gcc/nios2-elf/5.3.0/../../../../../H-x86_64-mingw32/nios2-elf/lib/mhw-mulx\libc.a(lib_a-fvwrite.o)
                0x0000000081122220                __sfvwrite_r
 .text          0x00000000811226dc        0x0 c:/intelfpga/18.1/nios2eds/bin/gnu/h-x86_64-mingw32/bin/../lib/gcc/nios2-elf/5.3.0/../../../../../H-x86_64-mingw32/nios2-elf/lib/mhw-mulx\libc.a(lib_a-fwalk.o)
 .text._fwalk   0x00000000811226dc       0xc4 c:/intelfpga/18.1/nios2eds/bin/gnu/h-x86_64-mingw32/bin/../lib/gcc/nios2-elf/5.3.0/../../../../../H-x86_64-mingw32/nios2-elf/lib/mhw-mulx\libc.a(lib_a-fwalk.o)
                0x00000000811226dc                _fwalk
 .text._fwalk_reent
                0x00000000811227a0       0xc4 c:/intelfpga/18.1/nios2eds/bin/gnu/h-x86_64-mingw32/bin/../lib/gcc/nios2-elf/5.3.0/../../../../../H-x86_64-mingw32/nios2-elf/lib/mhw-mulx\libc.a(lib_a-fwalk.o)
                0x00000000811227a0                _fwalk_reent
 .text          0x0000000081122864        0x0 c:/intelfpga/18.1/nios2eds/bin/gnu/h-x86_64-mingw32/bin/../lib/gcc/nios2-elf/5.3.0/../../../../../H-x86_64-mingw32/nios2-elf/lib/mhw-mulx\libc.a(lib_a-isattyr.o)
 .text._isatty_r
                0x0000000081122864       0x54 c:/intelfpga/18.1/nios2eds/bin/gnu/h-x86_64-mingw32/bin/../lib/gcc/nios2-elf/5.3.0/../../../../../H-x86_64-mingw32/nios2-elf/lib/mhw-mulx\libc.a(lib_a-isattyr.o)
                0x0000000081122864                _isatty_r
 .text          0x00000000811228b8        0x0 c:/intelfpga/18.1/nios2eds/bin/gnu/h-x86_64-mingw32/bin/../lib/gcc/nios2-elf/5.3.0/../../../../../H-x86_64-mingw32/nios2-elf/lib/mhw-mulx\libc.a(lib_a-locale.o)
 .text._setlocale_r
                0x00000000811228b8       0x7c c:/intelfpga/18.1/nios2eds/bin/gnu/h-x86_64-mingw32/bin/../lib/gcc/nios2-elf/5.3.0/../../../../../H-x86_64-mingw32/nios2-elf/lib/mhw-mulx\libc.a(lib_a-locale.o)
                0x00000000811228b8                _setlocale_r
 .text.__locale_charset
                0x0000000081122934        0xc c:/intelfpga/18.1/nios2eds/bin/gnu/h-x86_64-mingw32/bin/../lib/gcc/nios2-elf/5.3.0/../../../../../H-x86_64-mingw32/nios2-elf/lib/mhw-mulx\libc.a(lib_a-locale.o)
                0x0000000081122934                __locale_charset
 .text.__locale_mb_cur_max
                0x0000000081122940       0x10 c:/intelfpga/18.1/nios2eds/bin/gnu/h-x86_64-mingw32/bin/../lib/gcc/nios2-elf/5.3.0/../../../../../H-x86_64-mingw32/nios2-elf/lib/mhw-mulx\libc.a(lib_a-locale.o)
                0x0000000081122940                __locale_mb_cur_max
 .text.__locale_msgcharset
                0x0000000081122950        0xc c:/intelfpga/18.1/nios2eds/bin/gnu/h-x86_64-mingw32/bin/../lib/gcc/nios2-elf/5.3.0/../../../../../H-x86_64-mingw32/nios2-elf/lib/mhw-mulx\libc.a(lib_a-locale.o)
                0x0000000081122950                __locale_msgcharset
 .text.__locale_cjk_lang
                0x000000008112295c        0x8 c:/intelfpga/18.1/nios2eds/bin/gnu/h-x86_64-mingw32/bin/../lib/gcc/nios2-elf/5.3.0/../../../../../H-x86_64-mingw32/nios2-elf/lib/mhw-mulx\libc.a(lib_a-locale.o)
                0x000000008112295c                __locale_cjk_lang
 .text._localeconv_r
                0x0000000081122964        0xc c:/intelfpga/18.1/nios2eds/bin/gnu/h-x86_64-mingw32/bin/../lib/gcc/nios2-elf/5.3.0/../../../../../H-x86_64-mingw32/nios2-elf/lib/mhw-mulx\libc.a(lib_a-locale.o)
                0x0000000081122964                _localeconv_r
 .text.setlocale
                0x0000000081122970       0x18 c:/intelfpga/18.1/nios2eds/bin/gnu/h-x86_64-mingw32/bin/../lib/gcc/nios2-elf/5.3.0/../../../../../H-x86_64-mingw32/nios2-elf/lib/mhw-mulx\libc.a(lib_a-locale.o)
                0x0000000081122970                setlocale
 .text.localeconv
                0x0000000081122988        0xc c:/intelfpga/18.1/nios2eds/bin/gnu/h-x86_64-mingw32/bin/../lib/gcc/nios2-elf/5.3.0/../../../../../H-x86_64-mingw32/nios2-elf/lib/mhw-mulx\libc.a(lib_a-locale.o)
                0x0000000081122988                localeconv
 .text          0x0000000081122994        0x0 c:/intelfpga/18.1/nios2eds/bin/gnu/h-x86_64-mingw32/bin/../lib/gcc/nios2-elf/5.3.0/../../../../../H-x86_64-mingw32/nios2-elf/lib/mhw-mulx\libc.a(lib_a-lseekr.o)
 .text._lseek_r
                0x0000000081122994       0x60 c:/intelfpga/18.1/nios2eds/bin/gnu/h-x86_64-mingw32/bin/../lib/gcc/nios2-elf/5.3.0/../../../../../H-x86_64-mingw32/nios2-elf/lib/mhw-mulx\libc.a(lib_a-lseekr.o)
                0x0000000081122994                _lseek_r
 .text          0x00000000811229f4        0x0 c:/intelfpga/18.1/nios2eds/bin/gnu/h-x86_64-mingw32/bin/../lib/gcc/nios2-elf/5.3.0/../../../../../H-x86_64-mingw32/nios2-elf/lib/mhw-mulx\libc.a(lib_a-memchr.o)
 .text.memchr   0x00000000811229f4       0xe4 c:/intelfpga/18.1/nios2eds/bin/gnu/h-x86_64-mingw32/bin/../lib/gcc/nios2-elf/5.3.0/../../../../../H-x86_64-mingw32/nios2-elf/lib/mhw-mulx\libc.a(lib_a-memchr.o)
                0x00000000811229f4                memchr
 .text          0x0000000081122ad8        0x0 c:/intelfpga/18.1/nios2eds/bin/gnu/h-x86_64-mingw32/bin/../lib/gcc/nios2-elf/5.3.0/../../../../../H-x86_64-mingw32/nios2-elf/lib/mhw-mulx\libc.a(lib_a-memmove.o)
 .text.memmove  0x0000000081122ad8      0x15c c:/intelfpga/18.1/nios2eds/bin/gnu/h-x86_64-mingw32/bin/../lib/gcc/nios2-elf/5.3.0/../../../../../H-x86_64-mingw32/nios2-elf/lib/mhw-mulx\libc.a(lib_a-memmove.o)
                0x0000000081122ad8                memmove
 .text          0x0000000081122c34        0x0 c:/intelfpga/18.1/nios2eds/bin/gnu/h-x86_64-mingw32/bin/../lib/gcc/nios2-elf/5.3.0/../../../../../H-x86_64-mingw32/nios2-elf/lib/mhw-mulx\libc.a(lib_a-mprec.o)
 .text._Balloc  0x0000000081122c34       0xa8 c:/intelfpga/18.1/nios2eds/bin/gnu/h-x86_64-mingw32/bin/../lib/gcc/nios2-elf/5.3.0/../../../../../H-x86_64-mingw32/nios2-elf/lib/mhw-mulx\libc.a(lib_a-mprec.o)
                0x0000000081122c34                _Balloc
 .text._Bfree   0x0000000081122cdc       0x28 c:/intelfpga/18.1/nios2eds/bin/gnu/h-x86_64-mingw32/bin/../lib/gcc/nios2-elf/5.3.0/../../../../../H-x86_64-mingw32/nios2-elf/lib/mhw-mulx\libc.a(lib_a-mprec.o)
                0x0000000081122cdc                _Bfree
 .text.__multadd
                0x0000000081122d04      0x120 c:/intelfpga/18.1/nios2eds/bin/gnu/h-x86_64-mingw32/bin/../lib/gcc/nios2-elf/5.3.0/../../../../../H-x86_64-mingw32/nios2-elf/lib/mhw-mulx\libc.a(lib_a-mprec.o)
                0x0000000081122d04                __multadd
 .text.__s2b    0x0000000081122e24      0x104 c:/intelfpga/18.1/nios2eds/bin/gnu/h-x86_64-mingw32/bin/../lib/gcc/nios2-elf/5.3.0/../../../../../H-x86_64-mingw32/nios2-elf/lib/mhw-mulx\libc.a(lib_a-mprec.o)
                0x0000000081122e24                __s2b
 .text.__hi0bits
                0x0000000081122f28       0x68 c:/intelfpga/18.1/nios2eds/bin/gnu/h-x86_64-mingw32/bin/../lib/gcc/nios2-elf/5.3.0/../../../../../H-x86_64-mingw32/nios2-elf/lib/mhw-mulx\libc.a(lib_a-mprec.o)
                0x0000000081122f28                __hi0bits
 .text.__lo0bits
                0x0000000081122f90       0xb0 c:/intelfpga/18.1/nios2eds/bin/gnu/h-x86_64-mingw32/bin/../lib/gcc/nios2-elf/5.3.0/../../../../../H-x86_64-mingw32/nios2-elf/lib/mhw-mulx\libc.a(lib_a-mprec.o)
                0x0000000081122f90                __lo0bits
 .text.__i2b    0x0000000081123040       0x3c c:/intelfpga/18.1/nios2eds/bin/gnu/h-x86_64-mingw32/bin/../lib/gcc/nios2-elf/5.3.0/../../../../../H-x86_64-mingw32/nios2-elf/lib/mhw-mulx\libc.a(lib_a-mprec.o)
                0x0000000081123040                __i2b
 .text.__multiply
                0x000000008112307c      0x1f8 c:/intelfpga/18.1/nios2eds/bin/gnu/h-x86_64-mingw32/bin/../lib/gcc/nios2-elf/5.3.0/../../../../../H-x86_64-mingw32/nios2-elf/lib/mhw-mulx\libc.a(lib_a-mprec.o)
                0x000000008112307c                __multiply
 .text.__pow5mult
                0x0000000081123274      0x140 c:/intelfpga/18.1/nios2eds/bin/gnu/h-x86_64-mingw32/bin/../lib/gcc/nios2-elf/5.3.0/../../../../../H-x86_64-mingw32/nios2-elf/lib/mhw-mulx\libc.a(lib_a-mprec.o)
                0x0000000081123274                __pow5mult
 .text.__lshift
                0x00000000811233b4      0x148 c:/intelfpga/18.1/nios2eds/bin/gnu/h-x86_64-mingw32/bin/../lib/gcc/nios2-elf/5.3.0/../../../../../H-x86_64-mingw32/nios2-elf/lib/mhw-mulx\libc.a(lib_a-mprec.o)
                0x00000000811233b4                __lshift
 .text.__mcmp   0x00000000811234fc       0x60 c:/intelfpga/18.1/nios2eds/bin/gnu/h-x86_64-mingw32/bin/../lib/gcc/nios2-elf/5.3.0/../../../../../H-x86_64-mingw32/nios2-elf/lib/mhw-mulx\libc.a(lib_a-mprec.o)
                0x00000000811234fc                __mcmp
 .text.__mdiff  0x000000008112355c      0x1fc c:/intelfpga/18.1/nios2eds/bin/gnu/h-x86_64-mingw32/bin/../lib/gcc/nios2-elf/5.3.0/../../../../../H-x86_64-mingw32/nios2-elf/lib/mhw-mulx\libc.a(lib_a-mprec.o)
                0x000000008112355c                __mdiff
 .text.__ulp    0x0000000081123758       0x64 c:/intelfpga/18.1/nios2eds/bin/gnu/h-x86_64-mingw32/bin/../lib/gcc/nios2-elf/5.3.0/../../../../../H-x86_64-mingw32/nios2-elf/lib/mhw-mulx\libc.a(lib_a-mprec.o)
                0x0000000081123758                __ulp
 .text.__b2d    0x00000000811237bc      0x10c c:/intelfpga/18.1/nios2eds/bin/gnu/h-x86_64-mingw32/bin/../lib/gcc/nios2-elf/5.3.0/../../../../../H-x86_64-mingw32/nios2-elf/lib/mhw-mulx\libc.a(lib_a-mprec.o)
                0x00000000811237bc                __b2d
 .text.__d2b    0x00000000811238c8      0x14c c:/intelfpga/18.1/nios2eds/bin/gnu/h-x86_64-mingw32/bin/../lib/gcc/nios2-elf/5.3.0/../../../../../H-x86_64-mingw32/nios2-elf/lib/mhw-mulx\libc.a(lib_a-mprec.o)
                0x00000000811238c8                __d2b
 .text.__ratio  0x0000000081123a14       0xa4 c:/intelfpga/18.1/nios2eds/bin/gnu/h-x86_64-mingw32/bin/../lib/gcc/nios2-elf/5.3.0/../../../../../H-x86_64-mingw32/nios2-elf/lib/mhw-mulx\libc.a(lib_a-mprec.o)
                0x0000000081123a14                __ratio
 .text._mprec_log10
                0x0000000081123ab8       0x74 c:/intelfpga/18.1/nios2eds/bin/gnu/h-x86_64-mingw32/bin/../lib/gcc/nios2-elf/5.3.0/../../../../../H-x86_64-mingw32/nios2-elf/lib/mhw-mulx\libc.a(lib_a-mprec.o)
                0x0000000081123ab8                _mprec_log10
 .text.__copybits
                0x0000000081123b2c       0x78 c:/intelfpga/18.1/nios2eds/bin/gnu/h-x86_64-mingw32/bin/../lib/gcc/nios2-elf/5.3.0/../../../../../H-x86_64-mingw32/nios2-elf/lib/mhw-mulx\libc.a(lib_a-mprec.o)
                0x0000000081123b2c                __copybits
 .text.__any_on
                0x0000000081123ba4       0x8c c:/intelfpga/18.1/nios2eds/bin/gnu/h-x86_64-mingw32/bin/../lib/gcc/nios2-elf/5.3.0/../../../../../H-x86_64-mingw32/nios2-elf/lib/mhw-mulx\libc.a(lib_a-mprec.o)
                0x0000000081123ba4                __any_on
 .text          0x0000000081123c30        0x0 c:/intelfpga/18.1/nios2eds/bin/gnu/h-x86_64-mingw32/bin/../lib/gcc/nios2-elf/5.3.0/../../../../../H-x86_64-mingw32/nios2-elf/lib/mhw-mulx\libc.a(lib_a-readr.o)
 .text._read_r  0x0000000081123c30       0x60 c:/intelfpga/18.1/nios2eds/bin/gnu/h-x86_64-mingw32/bin/../lib/gcc/nios2-elf/5.3.0/../../../../../H-x86_64-mingw32/nios2-elf/lib/mhw-mulx\libc.a(lib_a-readr.o)
                0x0000000081123c30                _read_r
 .text          0x0000000081123c90        0x0 c:/intelfpga/18.1/nios2eds/bin/gnu/h-x86_64-mingw32/bin/../lib/gcc/nios2-elf/5.3.0/../../../../../H-x86_64-mingw32/nios2-elf/lib/mhw-mulx\libc.a(lib_a-reallocr.o)
 .text._realloc_r
                0x0000000081123c90      0x564 c:/intelfpga/18.1/nios2eds/bin/gnu/h-x86_64-mingw32/bin/../lib/gcc/nios2-elf/5.3.0/../../../../../H-x86_64-mingw32/nios2-elf/lib/mhw-mulx\libc.a(lib_a-reallocr.o)
                0x0000000081123c90                _realloc_r
 .text          0x00000000811241f4        0x0 c:/intelfpga/18.1/nios2eds/bin/gnu/h-x86_64-mingw32/bin/../lib/gcc/nios2-elf/5.3.0/../../../../../H-x86_64-mingw32/nios2-elf/lib/mhw-mulx\libc.a(lib_a-s_fpclassify.o)
 .text.__fpclassifyd
                0x00000000811241f4       0x74 c:/intelfpga/18.1/nios2eds/bin/gnu/h-x86_64-mingw32/bin/../lib/gcc/nios2-elf/5.3.0/../../../../../H-x86_64-mingw32/nios2-elf/lib/mhw-mulx\libc.a(lib_a-s_fpclassify.o)
                0x00000000811241f4                __fpclassifyd
 .text          0x0000000081124268        0x0 c:/intelfpga/18.1/nios2eds/bin/gnu/h-x86_64-mingw32/bin/../lib/gcc/nios2-elf/5.3.0/../../../../../H-x86_64-mingw32/nios2-elf/lib/mhw-mulx\libc.a(lib_a-strcmp.o)
 .text.strcmp   0x0000000081124268       0xdc c:/intelfpga/18.1/nios2eds/bin/gnu/h-x86_64-mingw32/bin/../lib/gcc/nios2-elf/5.3.0/../../../../../H-x86_64-mingw32/nios2-elf/lib/mhw-mulx\libc.a(lib_a-strcmp.o)
                0x0000000081124268                strcmp
 .text          0x0000000081124344        0x0 c:/intelfpga/18.1/nios2eds/bin/gnu/h-x86_64-mingw32/bin/../lib/gcc/nios2-elf/5.3.0/../../../../../H-x86_64-mingw32/nios2-elf/lib/mhw-mulx\libc.a(lib_a-svfiprintf.o)
 .text.__ssprint_r
                0x0000000081124344      0x1d0 c:/intelfpga/18.1/nios2eds/bin/gnu/h-x86_64-mingw32/bin/../lib/gcc/nios2-elf/5.3.0/../../../../../H-x86_64-mingw32/nios2-elf/lib/mhw-mulx\libc.a(lib_a-svfiprintf.o)
                0x0000000081124344                __ssprint_r
 .text.___svfiprintf_internal_r
                0x0000000081124514     0x123c c:/intelfpga/18.1/nios2eds/bin/gnu/h-x86_64-mingw32/bin/../lib/gcc/nios2-elf/5.3.0/../../../../../H-x86_64-mingw32/nios2-elf/lib/mhw-mulx\libc.a(lib_a-svfiprintf.o)
                0x0000000081124514                ___svfiprintf_internal_r
 .text          0x0000000081125750        0x0 c:/intelfpga/18.1/nios2eds/bin/gnu/h-x86_64-mingw32/bin/../lib/gcc/nios2-elf/5.3.0/../../../../../H-x86_64-mingw32/nios2-elf/lib/mhw-mulx\libc.a(lib_a-vfiprintf.o)
 .text.__sprint_r.part.0
                0x0000000081125750       0xfc c:/intelfpga/18.1/nios2eds/bin/gnu/h-x86_64-mingw32/bin/../lib/gcc/nios2-elf/5.3.0/../../../../../H-x86_64-mingw32/nios2-elf/lib/mhw-mulx\libc.a(lib_a-vfiprintf.o)
 .text.__sprint_r
                0x000000008112584c       0x18 c:/intelfpga/18.1/nios2eds/bin/gnu/h-x86_64-mingw32/bin/../lib/gcc/nios2-elf/5.3.0/../../../../../H-x86_64-mingw32/nios2-elf/lib/mhw-mulx\libc.a(lib_a-vfiprintf.o)
                0x000000008112584c                __sprint_r
 .text.___vfiprintf_internal_r
                0x0000000081125864     0x145c c:/intelfpga/18.1/nios2eds/bin/gnu/h-x86_64-mingw32/bin/../lib/gcc/nios2-elf/5.3.0/../../../../../H-x86_64-mingw32/nios2-elf/lib/mhw-mulx\libc.a(lib_a-vfiprintf.o)
                0x0000000081125864                ___vfiprintf_internal_r
 .text.__vfiprintf_internal
                0x0000000081126cc0       0x1c c:/intelfpga/18.1/nios2eds/bin/gnu/h-x86_64-mingw32/bin/../lib/gcc/nios2-elf/5.3.0/../../../../../H-x86_64-mingw32/nios2-elf/lib/mhw-mulx\libc.a(lib_a-vfiprintf.o)
                0x0000000081126cc0                __vfiprintf_internal
 .text.__sbprintf
                0x0000000081126cdc       0xbc c:/intelfpga/18.1/nios2eds/bin/gnu/h-x86_64-mingw32/bin/../lib/gcc/nios2-elf/5.3.0/../../../../../H-x86_64-mingw32/nios2-elf/lib/mhw-mulx\libc.a(lib_a-vfiprintf.o)
 .text          0x0000000081126d98        0x0 c:/intelfpga/18.1/nios2eds/bin/gnu/h-x86_64-mingw32/bin/../lib/gcc/nios2-elf/5.3.0/../../../../../H-x86_64-mingw32/nios2-elf/lib/mhw-mulx\libc.a(lib_a-callocr.o)
 .text._calloc_r
                0x0000000081126d98       0xc4 c:/intelfpga/18.1/nios2eds/bin/gnu/h-x86_64-mingw32/bin/../lib/gcc/nios2-elf/5.3.0/../../../../../H-x86_64-mingw32/nios2-elf/lib/mhw-mulx\libc.a(lib_a-callocr.o)
                0x0000000081126d98                _calloc_r
 .text          0x0000000081126e5c        0x0 c:/intelfpga/18.1/nios2eds/bin/gnu/h-x86_64-mingw32/bin/../lib/gcc/nios2-elf/5.3.0/../../../../../H-x86_64-mingw32/nios2-elf/lib/mhw-mulx\libc.a(lib_a-fclose.o)
 .text._fclose_r
                0x0000000081126e5c       0xf0 c:/intelfpga/18.1/nios2eds/bin/gnu/h-x86_64-mingw32/bin/../lib/gcc/nios2-elf/5.3.0/../../../../../H-x86_64-mingw32/nios2-elf/lib/mhw-mulx\libc.a(lib_a-fclose.o)
                0x0000000081126e5c                _fclose_r
 .text.fclose   0x0000000081126f4c       0x14 c:/intelfpga/18.1/nios2eds/bin/gnu/h-x86_64-mingw32/bin/../lib/gcc/nios2-elf/5.3.0/../../../../../H-x86_64-mingw32/nios2-elf/lib/mhw-mulx\libc.a(lib_a-fclose.o)
                0x0000000081126f4c                fclose
 .text          0x0000000081126f60        0x0 c:/intelfpga/18.1/nios2eds/bin/gnu/h-x86_64-mingw32/bin/../lib/gcc/nios2-elf/5.3.0/../../../../../H-x86_64-mingw32/nios2-elf/lib/mhw-mulx\libc.a(lib_a-fputwc.o)
 .text.__fputwc
                0x0000000081126f60      0x164 c:/intelfpga/18.1/nios2eds/bin/gnu/h-x86_64-mingw32/bin/../lib/gcc/nios2-elf/5.3.0/../../../../../H-x86_64-mingw32/nios2-elf/lib/mhw-mulx\libc.a(lib_a-fputwc.o)
                0x0000000081126f60                __fputwc
 .text._fputwc_r
                0x00000000811270c4       0x24 c:/intelfpga/18.1/nios2eds/bin/gnu/h-x86_64-mingw32/bin/../lib/gcc/nios2-elf/5.3.0/../../../../../H-x86_64-mingw32/nios2-elf/lib/mhw-mulx\libc.a(lib_a-fputwc.o)
                0x00000000811270c4                _fputwc_r
 .text.fputwc   0x00000000811270e8       0x80 c:/intelfpga/18.1/nios2eds/bin/gnu/h-x86_64-mingw32/bin/../lib/gcc/nios2-elf/5.3.0/../../../../../H-x86_64-mingw32/nios2-elf/lib/mhw-mulx\libc.a(lib_a-fputwc.o)
                0x00000000811270e8                fputwc
 .text          0x0000000081127168        0x0 c:/intelfpga/18.1/nios2eds/bin/gnu/h-x86_64-mingw32/bin/../lib/gcc/nios2-elf/5.3.0/../../../../../H-x86_64-mingw32/nios2-elf/lib/mhw-mulx\libc.a(lib_a-wcrtomb.o)
 .text._wcrtomb_r
                0x0000000081127168       0x9c c:/intelfpga/18.1/nios2eds/bin/gnu/h-x86_64-mingw32/bin/../lib/gcc/nios2-elf/5.3.0/../../../../../H-x86_64-mingw32/nios2-elf/lib/mhw-mulx\libc.a(lib_a-wcrtomb.o)
                0x0000000081127168                _wcrtomb_r
 .text.wcrtomb  0x0000000081127204       0xc0 c:/intelfpga/18.1/nios2eds/bin/gnu/h-x86_64-mingw32/bin/../lib/gcc/nios2-elf/5.3.0/../../../../../H-x86_64-mingw32/nios2-elf/lib/mhw-mulx\libc.a(lib_a-wcrtomb.o)
                0x0000000081127204                wcrtomb
 .text          0x00000000811272c4        0x0 c:/intelfpga/18.1/nios2eds/bin/gnu/h-x86_64-mingw32/bin/../lib/gcc/nios2-elf/5.3.0/../../../../../H-x86_64-mingw32/nios2-elf/lib/mhw-mulx\libc.a(lib_a-wctomb_r.o)
 .text.__ascii_wctomb
                0x00000000811272c4       0x30 c:/intelfpga/18.1/nios2eds/bin/gnu/h-x86_64-mingw32/bin/../lib/gcc/nios2-elf/5.3.0/../../../../../H-x86_64-mingw32/nios2-elf/lib/mhw-mulx\libc.a(lib_a-wctomb_r.o)
                0x00000000811272c4                __ascii_wctomb
 .text._wctomb_r
                0x00000000811272f4       0x5c c:/intelfpga/18.1/nios2eds/bin/gnu/h-x86_64-mingw32/bin/../lib/gcc/nios2-elf/5.3.0/../../../../../H-x86_64-mingw32/nios2-elf/lib/mhw-mulx\libc.a(lib_a-wctomb_r.o)
                0x00000000811272f4                _wctomb_r
 .text          0x0000000081127350      0x578 c:/intelfpga/18.1/nios2eds/bin/gnu/h-x86_64-mingw32/bin/../lib/gcc/nios2-elf/5.3.0/mhw-mulx\libgcc.a(_udivdi3.o)
                0x0000000081127350                __udivdi3
 .text          0x00000000811278c8      0x538 c:/intelfpga/18.1/nios2eds/bin/gnu/h-x86_64-mingw32/bin/../lib/gcc/nios2-elf/5.3.0/mhw-mulx\libgcc.a(_umoddi3.o)
                0x00000000811278c8                __umoddi3
 .text          0x0000000081127e00       0x88 c:/intelfpga/18.1/nios2eds/bin/gnu/h-x86_64-mingw32/bin/../lib/gcc/nios2-elf/5.3.0/mhw-mulx\libgcc.a(eqdf2.o)
                0x0000000081127e00                __nedf2
                0x0000000081127e00                __eqdf2
 .text          0x0000000081127e88       0xf4 c:/intelfpga/18.1/nios2eds/bin/gnu/h-x86_64-mingw32/bin/../lib/gcc/nios2-elf/5.3.0/mhw-mulx\libgcc.a(ledf2.o)
                0x0000000081127e88                __ledf2
                0x0000000081127e88                __ltdf2
 .text          0x0000000081127f7c      0x128 ../DLR_Hw_Testbench_bsp/\libhal_bsp.a(alt_busy_sleep.o)
                0x0000000081127f7c                alt_busy_sleep
 .text          0x00000000811280a4      0x10c ../DLR_Hw_Testbench_bsp/\libhal_bsp.a(alt_close.o)
                0x00000000811280e0                close
 .text          0x00000000811281b0       0x20 ../DLR_Hw_Testbench_bsp/\libhal_bsp.a(alt_dcache_flush_all.o)
                0x00000000811281b0                alt_dcache_flush_all
 .text          0x00000000811281d0       0x2c ../DLR_Hw_Testbench_bsp/\libhal_bsp.a(alt_dev.o)
 .text          0x00000000811281fc        0x0 ../DLR_Hw_Testbench_bsp/\libhal_bsp.a(alt_errno.o)
 .text          0x00000000811281fc       0xec ../DLR_Hw_Testbench_bsp/\libhal_bsp.a(alt_fstat.o)
                0x0000000081128238                fstat
 .text          0x00000000811282e8      0x180 ../DLR_Hw_Testbench_bsp/\libhal_bsp.a(alt_irq_register.o)
                0x00000000811282e8                alt_irq_register
 .text          0x0000000081128468        0x0 ../DLR_Hw_Testbench_bsp/\libhal_bsp.a(alt_irq_vars.o)
 .text          0x0000000081128468       0xe0 ../DLR_Hw_Testbench_bsp/\libhal_bsp.a(alt_isatty.o)
                0x00000000811284a4                isatty
 .text          0x0000000081128548      0x110 ../DLR_Hw_Testbench_bsp/\libhal_bsp.a(alt_lseek.o)
                0x0000000081128584                lseek
 .text          0x0000000081128658       0x7c ../DLR_Hw_Testbench_bsp/\libhal_bsp.a(alt_main.o)
                0x0000000081128658                alt_main
 .text          0x00000000811286d4       0x48 ../DLR_Hw_Testbench_bsp/\libhal_bsp.a(alt_malloc_lock.o)
                0x00000000811286d4                __malloc_lock
                0x00000000811286f8                __malloc_unlock
 .text          0x000000008112871c      0x254 ../DLR_Hw_Testbench_bsp/\libhal_bsp.a(alt_open.o)
                0x000000008112881c                open
 .text          0x0000000081128970      0x138 ../DLR_Hw_Testbench_bsp/\libhal_bsp.a(alt_read.o)
                0x00000000811289ac                read
 .text          0x0000000081128aa8       0x64 ../DLR_Hw_Testbench_bsp/\libhal_bsp.a(alt_release_fd.o)
                0x0000000081128aa8                alt_release_fd
 .text          0x0000000081128b0c       0xb0 ../DLR_Hw_Testbench_bsp/\libhal_bsp.a(alt_sbrk.o)
                0x0000000081128b0c                sbrk
 .text          0x0000000081128bbc      0x1a4 ../DLR_Hw_Testbench_bsp/\libhal_bsp.a(alt_tick.o)
                0x0000000081128bbc                alt_alarm_stop
                0x0000000081128c58                alt_tick
 .text          0x0000000081128d60       0x30 ../DLR_Hw_Testbench_bsp/\libhal_bsp.a(alt_usleep.o)
                0x0000000081128d60                usleep
 .text          0x0000000081128d90      0x134 ../DLR_Hw_Testbench_bsp/\libhal_bsp.a(alt_write.o)
                0x0000000081128dcc                write
 .text          0x0000000081128ec4       0xfc ../DLR_Hw_Testbench_bsp/\libhal_bsp.a(alt_sys_init.o)
                0x0000000081128ef8                alt_irq_init
                0x0000000081128f30                alt_sys_init
 .text          0x0000000081128fc0      0x164 ../DLR_Hw_Testbench_bsp/\libhal_bsp.a(altera_avalon_jtag_uart_fd.o)
                0x0000000081128fc0                altera_avalon_jtag_uart_read_fd
                0x0000000081129020                altera_avalon_jtag_uart_write_fd
                0x0000000081129080                altera_avalon_jtag_uart_close_fd
                0x00000000811290d0                altera_avalon_jtag_uart_ioctl_fd
 .text          0x0000000081129124      0x3d4 ../DLR_Hw_Testbench_bsp/\libhal_bsp.a(altera_avalon_jtag_uart_init.o)
                0x0000000081129124                altera_avalon_jtag_uart_init
                0x0000000081129490                altera_avalon_jtag_uart_close
 .text          0x00000000811294f8       0xf0 ../DLR_Hw_Testbench_bsp/\libhal_bsp.a(altera_avalon_jtag_uart_ioctl.o)
                0x00000000811294f8                altera_avalon_jtag_uart_ioctl
 .text          0x00000000811295e8      0x21c ../DLR_Hw_Testbench_bsp/\libhal_bsp.a(altera_avalon_jtag_uart_read.o)
                0x00000000811295e8                altera_avalon_jtag_uart_read
 .text          0x0000000081129804      0x224 ../DLR_Hw_Testbench_bsp/\libhal_bsp.a(altera_avalon_jtag_uart_write.o)
                0x0000000081129804                altera_avalon_jtag_uart_write
 .text          0x0000000081129a28       0xf4 ../DLR_Hw_Testbench_bsp/\libhal_bsp.a(altera_avalon_timer_sc.o)
                0x0000000081129aa0                alt_avalon_timer_sc_init
 .text          0x0000000081129b1c      0x110 ../DLR_Hw_Testbench_bsp/\libhal_bsp.a(altera_avalon_uart_fd.o)
                0x0000000081129b1c                altera_avalon_uart_read_fd
                0x0000000081129b7c                altera_avalon_uart_write_fd
                0x0000000081129bdc                altera_avalon_uart_close_fd
 .text          0x0000000081129c2c      0x3c8 ../DLR_Hw_Testbench_bsp/\libhal_bsp.a(altera_avalon_uart_init.o)
                0x0000000081129c2c                altera_avalon_uart_init
                0x0000000081129fa0                altera_avalon_uart_close
 .text          0x0000000081129ff4      0x218 ../DLR_Hw_Testbench_bsp/\libhal_bsp.a(altera_avalon_uart_read.o)
                0x000000008112a030                altera_avalon_uart_read
 .text          0x000000008112a20c      0x1e8 ../DLR_Hw_Testbench_bsp/\libhal_bsp.a(altera_avalon_uart_write.o)
                0x000000008112a248                altera_avalon_uart_write
 .text          0x000000008112a3f4      0x12c ../DLR_Hw_Testbench_bsp/\libhal_bsp.a(alt_alarm_start.o)
                0x000000008112a3f4                alt_alarm_start
 .text          0x000000008112a520       0xe0 ../DLR_Hw_Testbench_bsp/\libhal_bsp.a(alt_dev_llist_insert.o)
                0x000000008112a55c                alt_dev_llist_insert
 .text          0x000000008112a600       0x60 ../DLR_Hw_Testbench_bsp/\libhal_bsp.a(alt_do_ctors.o)
                0x000000008112a600                _do_ctors
 .text          0x000000008112a660       0x60 ../DLR_Hw_Testbench_bsp/\libhal_bsp.a(alt_do_dtors.o)
                0x000000008112a660                _do_dtors
 .text          0x000000008112a6c0       0x90 ../DLR_Hw_Testbench_bsp/\libhal_bsp.a(alt_find_dev.o)
                0x000000008112a6c0                alt_find_dev
 .text          0x000000008112a750      0x108 ../DLR_Hw_Testbench_bsp/\libhal_bsp.a(alt_find_file.o)
                0x000000008112a750                alt_find_file
 .text          0x000000008112a858       0xa4 ../DLR_Hw_Testbench_bsp/\libhal_bsp.a(alt_get_fd.o)
                0x000000008112a858                alt_get_fd
 .text          0x000000008112a8fc      0x1b0 ../DLR_Hw_Testbench_bsp/\libhal_bsp.a(alt_iic.o)
                0x000000008112a8fc                alt_ic_isr_register
                0x000000008112a94c                alt_ic_irq_enable
                0x000000008112a9d4                alt_ic_irq_disable
                0x000000008112aa60                alt_ic_irq_enabled
 .text          0x000000008112aaac       0xf0 ../DLR_Hw_Testbench_bsp/\libhal_bsp.a(alt_iic_isr_register.o)
                0x000000008112aaac                alt_iic_isr_register
 .text          0x000000008112ab9c      0x140 ../DLR_Hw_Testbench_bsp/\libhal_bsp.a(alt_io_redirect.o)
                0x000000008112ac60                alt_io_redirect
 .text          0x000000008112acdc        0x0 ../DLR_Hw_Testbench_bsp/\libhal_bsp.a(alt_irq_entry.o)
 .text          0x000000008112acdc        0x0 ../DLR_Hw_Testbench_bsp/\libhal_bsp.a(alt_irq_handler.o)
 .text          0x000000008112acdc       0x24 ../DLR_Hw_Testbench_bsp/\libhal_bsp.a(altera_nios2_gen2_irq.o)
                0x000000008112acdc                altera_nios2_gen2_irq_init
 .text          0x000000008112ad00        0x0 ../DLR_Hw_Testbench_bsp/\libhal_bsp.a(alt_exception_entry.o)
 .text          0x000000008112ad00       0x9c ../DLR_Hw_Testbench_bsp/\libhal_bsp.a(alt_instruction_exception_entry.o)
                0x000000008112ad00                alt_exception_cause_generated_bad_addr
 .text          0x000000008112ad9c        0x0 c:/intelfpga/18.1/nios2eds/bin/gnu/h-x86_64-mingw32/bin/../lib/gcc/nios2-elf/5.3.0/../../../../../H-x86_64-mingw32/nios2-elf/lib/mhw-mulx\libc.a(lib_a-atexit.o)
 .text.atexit   0x000000008112ad9c       0x14 c:/intelfpga/18.1/nios2eds/bin/gnu/h-x86_64-mingw32/bin/../lib/gcc/nios2-elf/5.3.0/../../../../../H-x86_64-mingw32/nios2-elf/lib/mhw-mulx\libc.a(lib_a-atexit.o)
                0x000000008112ad9c                atexit
 .text          0x000000008112adb0        0x0 c:/intelfpga/18.1/nios2eds/bin/gnu/h-x86_64-mingw32/bin/../lib/gcc/nios2-elf/5.3.0/../../../../../H-x86_64-mingw32/nios2-elf/lib/mhw-mulx\libc.a(lib_a-exit.o)
 .text.exit     0x000000008112adb0       0x38 c:/intelfpga/18.1/nios2eds/bin/gnu/h-x86_64-mingw32/bin/../lib/gcc/nios2-elf/5.3.0/../../../../../H-x86_64-mingw32/nios2-elf/lib/mhw-mulx\libc.a(lib_a-exit.o)
                0x000000008112adb0                exit
 .text          0x000000008112ade8        0x0 c:/intelfpga/18.1/nios2eds/bin/gnu/h-x86_64-mingw32/bin/../lib/gcc/nios2-elf/5.3.0/../../../../../H-x86_64-mingw32/nios2-elf/lib/mhw-mulx\libc.a(lib_a-memcmp.o)
 .text.memcmp   0x000000008112ade8       0x7c c:/intelfpga/18.1/nios2eds/bin/gnu/h-x86_64-mingw32/bin/../lib/gcc/nios2-elf/5.3.0/../../../../../H-x86_64-mingw32/nios2-elf/lib/mhw-mulx\libc.a(lib_a-memcmp.o)
                0x000000008112ade8                memcmp
 .text          0x000000008112ae64        0x0 c:/intelfpga/18.1/nios2eds/bin/gnu/h-x86_64-mingw32/bin/../lib/gcc/nios2-elf/5.3.0/../../../../../H-x86_64-mingw32/nios2-elf/lib/mhw-mulx\libc.a(lib_a-__atexit.o)
 .text.__register_exitproc
                0x000000008112ae64      0x118 c:/intelfpga/18.1/nios2eds/bin/gnu/h-x86_64-mingw32/bin/../lib/gcc/nios2-elf/5.3.0/../../../../../H-x86_64-mingw32/nios2-elf/lib/mhw-mulx\libc.a(lib_a-__atexit.o)
                0x000000008112ae64                __register_exitproc
 .text          0x000000008112af7c        0x0 c:/intelfpga/18.1/nios2eds/bin/gnu/h-x86_64-mingw32/bin/../lib/gcc/nios2-elf/5.3.0/../../../../../H-x86_64-mingw32/nios2-elf/lib/mhw-mulx\libc.a(lib_a-__call_atexit.o)
 .text.__call_exitprocs
                0x000000008112af7c      0x180 c:/intelfpga/18.1/nios2eds/bin/gnu/h-x86_64-mingw32/bin/../lib/gcc/nios2-elf/5.3.0/../../../../../H-x86_64-mingw32/nios2-elf/lib/mhw-mulx\libc.a(lib_a-__call_atexit.o)
                0x000000008112af7c                __call_exitprocs
 .text          0x000000008112b0fc       0x34 ../DLR_Hw_Testbench_bsp/\libhal_bsp.a(alt_exit.o)
                0x000000008112b0fc                _exit
 *(.gnu.warning.*)
 *(.fini)
                [!provide]                        PROVIDE (__etext, ABSOLUTE (.))
                [!provide]                        PROVIDE (_etext, ABSOLUTE (.))
                [!provide]                        PROVIDE (etext, ABSOLUTE (.))
 *(.eh_frame_hdr)
                0x000000008112b130                . = ALIGN (0x4)
                [!provide]                        PROVIDE (__preinit_array_start, ABSOLUTE (.))
 *(.preinit_array)
                [!provide]                        PROVIDE (__preinit_array_end, ABSOLUTE (.))
                [!provide]                        PROVIDE (__init_array_start, ABSOLUTE (.))
 *(.init_array)
                [!provide]                        PROVIDE (__init_array_end, ABSOLUTE (.))
                [!provide]                        PROVIDE (__fini_array_start, ABSOLUTE (.))
 *(.fini_array)
                [!provide]                        PROVIDE (__fini_array_end, ABSOLUTE (.))
 *(.eh_frame)
 *(.gcc_except_table .gcc_except_table.*)
 *(.dynamic)
                0x000000008112b130                PROVIDE (__CTOR_LIST__, ABSOLUTE (.))
 *(.ctors)
 *(SORT(.ctors.*))
                0x000000008112b130                PROVIDE (__CTOR_END__, ABSOLUTE (.))
                0x000000008112b130                PROVIDE (__DTOR_LIST__, ABSOLUTE (.))
 *(.dtors)
 *(SORT(.dtors.*))
                0x000000008112b130                PROVIDE (__DTOR_END__, ABSOLUTE (.))
 *(.jcr)
                0x000000008112b130                . = ALIGN (0x4)

.rodata         0x000000008112b130     0xa258
                [!provide]                        PROVIDE (__ram_rodata_start, ABSOLUTE (.))
                0x000000008112b130                . = ALIGN (0x4)
 *(.rodata .rodata.* .gnu.linkonce.r.*)
 .rodata        0x000000008112b130      0xad9 obj/default/api_driver/ddr2/ddr2.o
 *fill*         0x000000008112bc09        0x3 
 .rodata        0x000000008112bc0c      0x443 obj/default/api_driver/sense/sense.o
 *fill*         0x000000008112c04f        0x1 
 .rodata        0x000000008112c050       0xc8 obj/default/driver/comm/fee_buffers/fee_buffers.o
 .rodata        0x000000008112c118       0x7d obj/default/driver/comm/rmap/rmap.o
 *fill*         0x000000008112c195        0x3 
 .rodata        0x000000008112c198       0x3b obj/default/driver/rtcc_spi/rtcc_spi.o
 *fill*         0x000000008112c1d3        0x1 
 .rodata        0x000000008112c1d4      0x1dd obj/default/driver/sync/sync.o
 *fill*         0x000000008112c3b1        0x3 
 .rodata        0x000000008112c3b4      0x1d3 obj/default/hello_world.o
 *fill*         0x000000008112c587        0x1 
 .rodata        0x000000008112c588     0x8610 obj/default/utils/initialization_simucam.o
 .rodata        0x0000000081134b98      0x403 obj/default/utils/test_module_simucam.o
 *fill*         0x0000000081134f9b        0x1 
 .rodata        0x0000000081134f9c       0x70 obj/default/utils/util.o
 .rodata        0x000000008113500c      0x100 c:/intelfpga/18.1/nios2eds/bin/gnu/h-x86_64-mingw32/bin/../lib/gcc/nios2-elf/5.3.0/mhw-mulx\libgcc.a(_clz.o)
                0x000000008113500c                __clz_tab
 .rodata.str1.4
                0x000000008113510c        0x2 c:/intelfpga/18.1/nios2eds/bin/gnu/h-x86_64-mingw32/bin/../lib/gcc/nios2-elf/5.3.0/../../../../../H-x86_64-mingw32/nios2-elf/lib/mhw-mulx\libc.a(lib_a-impure.o)
 *fill*         0x000000008113510e        0x2 
 .rodata.str1.4
                0x0000000081135110        0x2 c:/intelfpga/18.1/nios2eds/bin/gnu/h-x86_64-mingw32/bin/../lib/gcc/nios2-elf/5.3.0/../../../../../H-x86_64-mingw32/nios2-elf/lib/mhw-mulx\libc.a(lib_a-puts.o)
 *fill*         0x0000000081135112        0x2 
 .rodata.str1.4
                0x0000000081135114       0x42 c:/intelfpga/18.1/nios2eds/bin/gnu/h-x86_64-mingw32/bin/../lib/gcc/nios2-elf/5.3.0/../../../../../H-x86_64-mingw32/nios2-elf/lib/mhw-mulx\libc.a(lib_a-svfprintf.o)
 .rodata.zeroes.4389
                0x0000000081135156       0x10 c:/intelfpga/18.1/nios2eds/bin/gnu/h-x86_64-mingw32/bin/../lib/gcc/nios2-elf/5.3.0/../../../../../H-x86_64-mingw32/nios2-elf/lib/mhw-mulx\libc.a(lib_a-svfprintf.o)
 .rodata.blanks.4388
                0x0000000081135166       0x10 c:/intelfpga/18.1/nios2eds/bin/gnu/h-x86_64-mingw32/bin/../lib/gcc/nios2-elf/5.3.0/../../../../../H-x86_64-mingw32/nios2-elf/lib/mhw-mulx\libc.a(lib_a-svfprintf.o)
 .rodata.str1.4