Archive member included to satisfy reference by file (symbol)

c:/intelfpga/18.1/nios2eds/bin/gnu/h-x86_64-mingw32/bin/../lib/gcc/nios2-elf/5.3.0/../../../../../H-x86_64-mingw32/nios2-elf/lib/mhw-mulx\libm.a(lib_a-s_round.o)
                              obj/default/driver/comm/spw_controller/spw_controller.o (round)
c:/intelfpga/18.1/nios2eds/bin/gnu/h-x86_64-mingw32/bin/../lib/gcc/nios2-elf/5.3.0/mhw-mulx\libgcc.a(_fixunsdfsi.o)
                              obj/default/driver/comm/spw_controller/spw_controller.o (__fixunsdfsi)
c:/intelfpga/18.1/nios2eds/bin/gnu/h-x86_64-mingw32/bin/../lib/gcc/nios2-elf/5.3.0/mhw-mulx\libgcc.a(divsf3.o)
                              obj/default/api_driver/ddr2/ddr2.o (__divsf3)
c:/intelfpga/18.1/nios2eds/bin/gnu/h-x86_64-mingw32/bin/../lib/gcc/nios2-elf/5.3.0/mhw-mulx\libgcc.a(mulsf3.o)
                              obj/default/api_driver/sense/sense.o (__mulsf3)
c:/intelfpga/18.1/nios2eds/bin/gnu/h-x86_64-mingw32/bin/../lib/gcc/nios2-elf/5.3.0/mhw-mulx\libgcc.a(floatsisf.o)
                              obj/default/api_driver/ddr2/ddr2.o (__floatsisf)
c:/intelfpga/18.1/nios2eds/bin/gnu/h-x86_64-mingw32/bin/../lib/gcc/nios2-elf/5.3.0/mhw-mulx\libgcc.a(floatunsisf.o)
                              obj/default/api_driver/ddr2/ddr2.o (__floatunsisf)
c:/intelfpga/18.1/nios2eds/bin/gnu/h-x86_64-mingw32/bin/../lib/gcc/nios2-elf/5.3.0/mhw-mulx\libgcc.a(adddf3.o)
                              c:/intelfpga/18.1/nios2eds/bin/gnu/h-x86_64-mingw32/bin/../lib/gcc/nios2-elf/5.3.0/../../../../../H-x86_64-mingw32/nios2-elf/lib/mhw-mulx\libm.a(lib_a-s_round.o) (__adddf3)
c:/intelfpga/18.1/nios2eds/bin/gnu/h-x86_64-mingw32/bin/../lib/gcc/nios2-elf/5.3.0/mhw-mulx\libgcc.a(divdf3.o)
                              obj/default/driver/comm/spw_controller/spw_controller.o (__divdf3)
c:/intelfpga/18.1/nios2eds/bin/gnu/h-x86_64-mingw32/bin/../lib/gcc/nios2-elf/5.3.0/mhw-mulx\libgcc.a(gedf2.o)
                              c:/intelfpga/18.1/nios2eds/bin/gnu/h-x86_64-mingw32/bin/../lib/gcc/nios2-elf/5.3.0/mhw-mulx\libgcc.a(_fixunsdfsi.o) (__gedf2)
c:/intelfpga/18.1/nios2eds/bin/gnu/h-x86_64-mingw32/bin/../lib/gcc/nios2-elf/5.3.0/mhw-mulx\libgcc.a(muldf3.o)
                              obj/default/api_driver/sense/sense.o (__muldf3)
c:/intelfpga/18.1/nios2eds/bin/gnu/h-x86_64-mingw32/bin/../lib/gcc/nios2-elf/5.3.0/mhw-mulx\libgcc.a(subdf3.o)
                              c:/intelfpga/18.1/nios2eds/bin/gnu/h-x86_64-mingw32/bin/../lib/gcc/nios2-elf/5.3.0/mhw-mulx\libgcc.a(_fixunsdfsi.o) (__subdf3)
c:/intelfpga/18.1/nios2eds/bin/gnu/h-x86_64-mingw32/bin/../lib/gcc/nios2-elf/5.3.0/mhw-mulx\libgcc.a(fixdfsi.o)
                              c:/intelfpga/18.1/nios2eds/bin/gnu/h-x86_64-mingw32/bin/../lib/gcc/nios2-elf/5.3.0/mhw-mulx\libgcc.a(_fixunsdfsi.o) (__fixdfsi)
c:/intelfpga/18.1/nios2eds/bin/gnu/h-x86_64-mingw32/bin/../lib/gcc/nios2-elf/5.3.0/mhw-mulx\libgcc.a(floatsidf.o)
                              obj/default/driver/sync/sync.o (__floatsidf)
c:/intelfpga/18.1/nios2eds/bin/gnu/h-x86_64-mingw32/bin/../lib/gcc/nios2-elf/5.3.0/mhw-mulx\libgcc.a(floatunsidf.o)
                              obj/default/driver/sync/sync.o (__floatunsidf)
c:/intelfpga/18.1/nios2eds/bin/gnu/h-x86_64-mingw32/bin/../lib/gcc/nios2-elf/5.3.0/mhw-mulx\libgcc.a(extendsfdf2.o)
                              obj/default/api_driver/ddr2/ddr2.o (__extendsfdf2)
c:/intelfpga/18.1/nios2eds/bin/gnu/h-x86_64-mingw32/bin/../lib/gcc/nios2-elf/5.3.0/mhw-mulx\libgcc.a(truncdfsf2.o)
                              obj/default/api_driver/sense/sense.o (__truncdfsf2)
c:/intelfpga/18.1/nios2eds/bin/gnu/h-x86_64-mingw32/bin/../lib/gcc/nios2-elf/5.3.0/mhw-mulx\libgcc.a(_clzsi2.o)
                              c:/intelfpga/18.1/nios2eds/bin/gnu/h-x86_64-mingw32/bin/../lib/gcc/nios2-elf/5.3.0/mhw-mulx\libgcc.a(divsf3.o) (__clzsi2)
c:/intelfpga/18.1/nios2eds/bin/gnu/h-x86_64-mingw32/bin/../lib/gcc/nios2-elf/5.3.0/mhw-mulx\libgcc.a(lib2-divmod.o)
                              c:/intelfpga/18.1/nios2eds/bin/gnu/h-x86_64-mingw32/bin/../lib/gcc/nios2-elf/5.3.0/mhw-mulx\libgcc.a(divdf3.o) (__udivsi3)
c:/intelfpga/18.1/nios2eds/bin/gnu/h-x86_64-mingw32/bin/../lib/gcc/nios2-elf/5.3.0/mhw-mulx\libgcc.a(_clz.o)
                              c:/intelfpga/18.1/nios2eds/bin/gnu/h-x86_64-mingw32/bin/../lib/gcc/nios2-elf/5.3.0/mhw-mulx\libgcc.a(_clzsi2.o) (__clz_tab)
c:/intelfpga/18.1/nios2eds/bin/gnu/h-x86_64-mingw32/bin/../lib/gcc/nios2-elf/5.3.0/../../../../../H-x86_64-mingw32/nios2-elf/lib/mhw-mulx\libc.a(lib_a-fopen.o)
                              obj/default/hello_world.o (fopen)
c:/intelfpga/18.1/nios2eds/bin/gnu/h-x86_64-mingw32/bin/../lib/gcc/nios2-elf/5.3.0/../../../../../H-x86_64-mingw32/nios2-elf/lib/mhw-mulx\libc.a(lib_a-fprintf.o)
                              obj/default/driver/comm/fee_buffers/fee_buffers.o (fprintf)
[...]
Memory Configuration

Name             Origin             Length             Attributes
onchip_memory_BEFORE_EXCEPTION 0x0000000081100000 0x0000000000000020
onchip_memory    0x0000000081100020 0x00000000000affe0
ext_flash_BEFORE_RESET 0x0000000084000000 0x0000000002020000
reset            0x0000000086020000 0x0000000000000020
ext_flash        0x0000000086020020 0x0000000001fdffe0
*default*        0x0000000000000000 0xffffffffffffffff

Linker script and memory map

LOAD ../DLR_Hw_Testbench_bsp//obj/HAL/src/crt0.o
LOAD obj/default/api_driver/ddr2/ddr2.o
LOAD obj/default/api_driver/sense/sense.o
LOAD obj/default/api_driver/simucam_dma/simucam_dma.o
LOAD obj/default/driver/comm/comm_channel.o
LOAD obj/default/driver/comm/data_packet/data_packet.o
LOAD obj/default/driver/comm/fee_buffers/fee_buffers.o
LOAD obj/default/driver/comm/rmap/rmap.o
LOAD obj/default/driver/comm/spw_controller/spw_controller.o
LOAD obj/default/driver/comm/windowing/windowing.o
LOAD obj/default/driver/ctrl_io_lvds/ctrl_io_lvds.o
LOAD obj/default/driver/ftdi/ftdi.o
LOAD obj/default/driver/i2c/i2c.o
LOAD obj/default/driver/leds/leds.o
LOAD obj/default/driver/power_spi/power_spi.o
LOAD obj/default/driver/reset/reset.o
LOAD obj/default/driver/rtcc_spi/rtcc_spi.o
LOAD obj/default/driver/seven_seg/seven_seg.o
LOAD obj/default/driver/sync/sync.o
LOAD obj/default/hello_world.o
LOAD obj/default/utils/initialization_simucam.o
LOAD obj/default/utils/test_module_simucam.o
LOAD obj/default/utils/util.o
LOAD c:/intelfpga/18.1/nios2eds/bin/gnu/h-x86_64-mingw32/bin/../lib/gcc/nios2-elf/5.3.0/../../../../../H-x86_64-mingw32/nios2-elf/lib/mhw-mulx\libstdc++.a
LOAD c:/intelfpga/18.1/nios2eds/bin/gnu/h-x86_64-mingw32/bin/../lib/gcc/nios2-elf/5.3.0/../../../../../H-x86_64-mingw32/nios2-elf/lib/mhw-mulx\libm.a
LOAD c:/intelfpga/18.1/nios2eds/bin/gnu/h-x86_64-mingw32/bin/../lib/gcc/nios2-elf/5.3.0/mhw-mulx\libgcc.a
START GROUP
LOAD c:/intelfpga/18.1/nios2eds/bin/gnu/h-x86_64-mingw32/bin/../lib/gcc/nios2-elf/5.3.0/../../../../../H-x86_64-mingw32/nios2-elf/lib/mhw-mulx\libc.a
LOAD c:/intelfpga/18.1/nios2eds/bin/gnu/h-x86_64-mingw32/bin/../lib/gcc/nios2-elf/5.3.0/mhw-mulx\libgcc.a
LOAD ../DLR_Hw_Testbench_bsp/\libhal_bsp.a
LOAD c:/intelfpga/18.1/nios2eds/bin/gnu/h-x86_64-mingw32/bin/../lib/gcc/nios2-elf/5.3.0/../../../../../H-x86_64-mingw32/nios2-elf/lib/mhw-mulx\libm.a
END GROUP
LOAD c:/intelfpga/18.1/nios2eds/bin/gnu/h-x86_64-mingw32/bin/../lib/gcc/nios2-elf/5.3.0/mhw-mulx\libgcc.a
                0x0000000081100000                __alt_mem_onchip_memory = 0x81100000
                0x0000000084000000                __alt_mem_ext_flash = 0x84000000

.entry          0x0000000086020000        0x0
 *(.entry)
 .entry         0x0000000086020000        0x0 ../DLR_Hw_Testbench_bsp//obj/HAL/src/crt0.o
                0x0000000086020000                __reset

.exceptions     0x0000000081100020      0x224
                [!provide]                        PROVIDE (__ram_exceptions_start, ABSOLUTE (.))
                0x0000000081100020                . = ALIGN (0x20)
 *(.irq)
 *(.exceptions.entry.label)
 .exceptions.entry.label
                0x0000000081100020        0x0 ../DLR_Hw_Testbench_bsp/\libhal_bsp.a(alt_irq_entry.o)
                0x0000000081100020                alt_irq_entry
 .exceptions.entry.label
                0x0000000081100020        0x0 ../DLR_Hw_Testbench_bsp/\libhal_bsp.a(alt_exception_entry.o)
                0x0000000081100020                alt_exception
 *(.exceptions.entry.user)
 *(.exceptions.entry.ecc_fatal)
 *(.exceptions.entry)
 .exceptions.entry
                0x0000000081100020       0x54 ../DLR_Hw_Testbench_bsp/\libhal_bsp.a(alt_exception_entry.o)
 *(.exceptions.irqtest.user)
 *(.exceptions.irqtest)
 .exceptions.irqtest
                0x0000000081100074       0x10 ../DLR_Hw_Testbench_bsp/\libhal_bsp.a(alt_irq_entry.o)
 *(.exceptions.irqhandler.user)
 *(.exceptions.irqhandler)
 .exceptions.irqhandler
                0x0000000081100084        0x4 ../DLR_Hw_Testbench_bsp/\libhal_bsp.a(alt_irq_entry.o)
 *(.exceptions.irqreturn.user)
 *(.exceptions.irqreturn)
 .exceptions.irqreturn
                0x0000000081100088        0x4 ../DLR_Hw_Testbench_bsp/\libhal_bsp.a(alt_irq_entry.o)
 *(.exceptions.notirq.label)
 .exceptions.notirq.label
                0x000000008110008c        0x0 ../DLR_Hw_Testbench_bsp/\libhal_bsp.a(alt_irq_entry.o)
 *(.exceptions.notirq.user)
 *(.exceptions.notirq)
 .exceptions.notirq
                0x000000008110008c        0x8 ../DLR_Hw_Testbench_bsp/\libhal_bsp.a(alt_exception_entry.o)
 *(.exceptions.soft.user)
 *(.exceptions.soft)
 *(.exceptions.unknown.user)
 *(.exceptions.unknown)
 .exceptions.unknown
                0x0000000081100094       0x14 ../DLR_Hw_Testbench_bsp/\libhal_bsp.a(alt_exception_entry.o)
 *(.exceptions.exit.label)
 .exceptions.exit.label
                0x00000000811000a8        0x0 ../DLR_Hw_Testbench_bsp/\libhal_bsp.a(alt_irq_entry.o)
 .exceptions.exit.label
                0x00000000811000a8        0x0 ../DLR_Hw_Testbench_bsp/\libhal_bsp.a(alt_exception_entry.o)
 *(.exceptions.exit.user)
 *(.exceptions.exit)
 .exceptions.exit
                0x00000000811000a8       0x54 ../DLR_Hw_Testbench_bsp/\libhal_bsp.a(alt_exception_entry.o)
 *(.exceptions)
 .exceptions    0x00000000811000fc       0xd4 ../DLR_Hw_Testbench_bsp/\libhal_bsp.a(alt_irq_handler.o)
                0x00000000811000fc                alt_irq_handler
 .exceptions    0x00000000811001d0       0x74 ../DLR_Hw_Testbench_bsp/\libhal_bsp.a(alt_instruction_exception_entry.o)
                0x00000000811001d0                alt_instruction_exception_entry
                [!provide]                        PROVIDE (__ram_exceptions_end, ABSOLUTE (.))
                [!provide]                        PROVIDE (__flash_exceptions_start, LOADADDR (.exceptions))

.text           0x0000000081100244    0x2af90
                [!provide]                        PROVIDE (stext, ABSOLUTE (.))
 *(.interp)
 *(.hash)
 *(.dynsym)
 *(.dynstr)
 *(.gnu.version)
 *(.gnu.version_d)
 *(.gnu.version_r)
 *(.rel.init)
 *(.rela.init)
 *(.rel.text .rel.text.* .rel.gnu.linkonce.t.*)
 *(.rela.text .rela.text.* .rela.gnu.linkonce.t.*)
 *(.rel.fini)
 *(.rela.fini)
 *(.rel.rodata .rel.rodata.* .rel.gnu.linkonce.r.*)
 *(.rela.rodata .rela.rodata.* .rela.gnu.linkonce.r.*)
 *(.rel.data .rel.data.* .rel.gnu.linkonce.d.*)
 *(.rela.data .rela.data.* .rela.gnu.linkonce.d.*)
 *(.rel.tdata .rel.tdata.* .rel.gnu.linkonce.td.*)
 *(.rela.tdata .rela.tdata.* .rela.gnu.linkonce.td.*)
 *(.rel.tbss .rel.tbss.* .rel.gnu.linkonce.tb.*)
 *(.rela.tbss .rela.tbss.* .rela.gnu.linkonce.tb.*)
 *(.rel.ctors)
 *(.rela.ctors)
 *(.rel.dtors)
 *(.rela.dtors)
 *(.rel.got)
 *(.rela.got)
 *(.rel.sdata .rel.sdata.* .rel.gnu.linkonce.s.*)
 *(.rela.sdata .rela.sdata.* .rela.gnu.linkonce.s.*)
 *(.rel.sbss .rel.sbss.* .rel.gnu.linkonce.sb.*)
 *(.rela.sbss .rela.sbss.* .rela.gnu.linkonce.sb.*)
 *(.rel.sdata2 .rel.sdata2.* .rel.gnu.linkonce.s2.*)
 *(.rela.sdata2 .rela.sdata2.* .rela.gnu.linkonce.s2.*)
 *(.rel.sbss2 .rel.sbss2.* .rel.gnu.linkonce.sb2.*)
 *(.rela.sbss2 .rela.sbss2.* .rela.gnu.linkonce.sb2.*)
 *(.rel.bss .rel.bss.* .rel.gnu.linkonce.b.*)
 *(.rela.bss .rela.bss.* .rela.gnu.linkonce.b.*)
 *(.rel.plt)
 *(.rela.plt)
 *(.rel.dyn)
 *(.init)
 *(.plt)
 *(.text .stub .text.* .gnu.linkonce.t.*)
 .text          0x0000000081100244       0x38 ../DLR_Hw_Testbench_bsp//obj/HAL/src/crt0.o
                0x0000000081100244                _start
 .text          0x000000008110027c     0x168c obj/default/api_driver/ddr2/ddr2.o
                0x000000008110027c                bDdr2EepromTest
                0x0000000081100528                bDdr2EepromDump
                0x0000000081100a54                bDdr2SwitchMemory
                0x0000000081100ae4                bDdr2MemoryWriteTest
                0x0000000081100f10                bDdr2MemoryReadTest
                0x00000000811012b0                bDdr2MemoryRandomWriteTest
                0x0000000081101598                bDdr2MemoryRandomReadTest
                0x0000000081101890                uliXorshift32
 .text          0x0000000081101908      0xa04 obj/default/api_driver/sense/sense.o
                0x0000000081101908                POWER_Read
                0x0000000081101b38                TEMP_Read
                0x0000000081101c28                sense_log_temp
                0x0000000081101c68                sense_log
 .text          0x000000008110230c      0x900 obj/default/api_driver/simucam_dma/simucam_dma.o
                0x000000008110230c                bSdmaInitComm1Dmas
                0x0000000081102334                bSdmaInitComm2Dmas
                0x000000008110235c                bSdmaInitComm3Dmas
                0x0000000081102384                bSdmaInitComm4Dmas
                0x00000000811023ac                bSdmaInitComm5Dmas
                0x00000000811023d4                bSdmaInitComm6Dmas
                0x00000000811023fc                bSdmaInitFtdiRxDma
                0x0000000081102424                bSdmaInitFtdiTxDma
                0x000000008110244c                bSdmaResetCommDma
                0x0000000081102598                bSdmaResetFtdiDma
                0x000000008110265c                bSdmaCommDmaTransfer
                0x0000000081102998                bSdmaFtdiDmaTransfer
 .text          0x0000000081102c0c      0x204 obj/default/driver/comm/comm_channel.o
                0x0000000081102c0c                bCommSetGlobalIrqEn
                0x0000000081102d04                bCommInitCh
 .text          0x0000000081102e10      0xb00 obj/default/driver/comm/data_packet/data_packet.o
                0x0000000081102e10                bDpktSetPacketConfig
                0x0000000081102e8c                bDpktGetPacketConfig
                0x0000000081102f08                bDpktSetDebPktCfg
                0x0000000081102f64                bDpktGetDebPktCfg
                0x0000000081102fc0                bDpktUpdateDebPktCfg
                0x0000000081103034                bDpktSetAebPktCfg
                0x0000000081103098                bDpktGetAebPktCfg
                0x00000000811030fc                bDpktUpdateAebPktCfg
                0x0000000081103190                bDpktSetPacketErrors
                0x00000000811031e4                bDpktGetPacketErrors
                0x0000000081103238                bDpktGetPacketHeader
                0x0000000081103294                bDpktSetPixelDelay
                0x0000000081103300                bDpktGetPixelDelay
                0x000000008110336c                bDpktSetPresetFrmCnt
                0x00000000811033c8                bDpktGetPresetFrmCnt
                0x0000000081103424                bDpktSetFrameCounterValue
                0x000000008110349c                bDpktSetErrorInjection
                0x0000000081103510                bDpktGetErrorInjection
                0x0000000081103584                bDpktSetWindowingParams
                0x00000000811035f4                bDpktGetWindowingParams
                0x0000000081103664                bDpktInitCh
                0x0000000081103890                uliPxDelayCalcPeriodNs
                0x00000000811038d8                uliPxDelayCalcPeriodMs
 .text          0x0000000081103910     0x1280 obj/default/driver/comm/fee_buffers/fee_buffers.o
                0x0000000081103910                vFeebCh1HandleIrq
                0x0000000081103a18                vFeebCh2HandleIrq
                0x0000000081103b24                vFeebCh3HandleIrq
                0x0000000081103c30                vFeebCh4HandleIrq
                0x0000000081103d3c                vFeebInitIrq
                0x0000000081103f38                bFeebSetIrqControl
                0x0000000081103f94                bFeebGetIrqControl
                0x0000000081103ff0                bFeebGetIrqFlags
                0x000000008110405c                bFeebGetBuffersStatus
                0x00000000811040d0                bFeebGetLeftBufferEmpty
                0x0000000081104118                bFeebGetRightBufferEmpty
                0x0000000081104160                bFeebGetCh1LeftBufferEmpty
                0x000000008110419c                bFeebGetCh1RightBufferEmpty
                0x00000000811041d8                bFeebGetCh2LeftBufferEmpty
                0x0000000081104214                bFeebGetCh2RightBufferEmpty
                0x0000000081104250                bFeebGetCh3LeftBufferEmpty
                0x000000008110428c                bFeebGetCh3RightBufferEmpty
                0x00000000811042c8                bFeebGetCh4LeftBufferEmpty
                0x0000000081104304                bFeebGetCh4RightBufferEmpty
                0x0000000081104340                bFeebGetCh1LeftFeeBusy
                0x000000008110437c                bFeebGetCh1RightFeeBusy
                0x00000000811043b8                bFeebGetCh2LeftFeeBusy
                0x00000000811043f4                bFeebGetCh2RightFeeBusy
                0x0000000081104430                bFeebGetCh3LeftFeeBusy
                0x000000008110446c                bFeebGetCh3RightFeeBusy
                0x00000000811044a8                bFeebGetCh4LeftFeeBusy
                0x00000000811044e4                bFeebGetCh4RightFeeBusy
                0x0000000081104520                bFeebGetBufferDataControl
                0x00000000811045bc                bFeebSetBufferDataControl
                0x0000000081104658                bFeebGetBufferDataStatus
                0x00000000811046b4                bFeebGetMachineControl
                0x0000000081104740                bFeebSetMachineControl
                0x00000000811047cc                bFeebClearMachineStatistics
                0x000000008110481c                bFeebGetMachineStatistics
                0x00000000811048b0                bFeebStartCh
                0x0000000081104900                bFeebStopCh
                0x0000000081104950                bFeebClrCh
                0x00000000811049a0                bFeebInitCh
 .text          0x0000000081104b90     0x2824 obj/default/driver/comm/rmap/rmap.o
                0x0000000081104b90                vRmapCh1HandleIrq
                0x0000000081104c54                vRmapCh2HandleIrq
                0x0000000081104d1c                vRmapCh3HandleIrq
                0x0000000081104de4                vRmapCh4HandleIrq
                0x0000000081104eac                vRmapCh5HandleIrq
                0x0000000081104f14                vRmapCh6HandleIrq
                0x0000000081104f7c                vRmapCh7HandleIrq
                0x0000000081104fe4                vRmapCh8HandleIrq
                0x000000008110504c                uliRmapCh1WriteCmdAddress
                0x000000008110507c                uliRmapCh2WriteCmdAddress
                0x00000000811050ac                uliRmapCh3WriteCmdAddress
                0x00000000811050dc                uliRmapCh4WriteCmdAddress
                0x000000008110510c                uliRmapCh5WriteCmdAddress
                0x000000008110513c                uliRmapCh6WriteCmdAddress
                0x000000008110516c                uliRmapCh7WriteCmdAddress
                0x000000008110519c                uliRmapCh8WriteCmdAddress
                0x00000000811051cc                vRmapCh1EnableCodec
                0x0000000081105208                vRmapCh2EnableCodec
                0x0000000081105244                vRmapCh3EnableCodec
                0x0000000081105280                vRmapCh4EnableCodec
                0x00000000811052bc                vRmapCh5EnableCodec
                0x00000000811052f8                vRmapCh6EnableCodec
                0x0000000081105334                vRmapCh7EnableCodec
                0x0000000081105370                vRmapCh8EnableCodec
                0x00000000811053ac                vRmapInitIrq
                0x0000000081105548                bRmapClrAebTimestamp
                0x0000000081105630                bRmapIncAebTimestamp
                0x0000000081105790                vRmapSoftRstDebMemArea
                0x0000000081105ba4                bRmapSoftRstAebMemArea
                0x00000000811069b4                bRmapSetIrqControl
                0x0000000081106a10                bRmapGetIrqControl
                0x0000000081106a6c                bRmapGetIrqFlags
                0x0000000081106ac8                bRmapSetEchoingMode
                0x0000000081106b24                bRmapGetEchoingMode
                0x0000000081106b80                bRmapSetCodecConfig
                0x0000000081106bdc                bRmapGetCodecConfig
                0x0000000081106c38                bRmapGetCodecStatus
                0x0000000081106cbc                bRmapGetCodecError
                0x0000000081106d40                bRmapSetMemConfig
                0x0000000081106d9c                bRmapGetMemConfig
                0x0000000081106df8                bRmapGetMemStatus
                0x0000000081106e64                bRmapSetRmapMemCfgArea
                0x0000000081106e90                bRmapGetRmapMemCfgArea
                0x0000000081106ebc                bRmapSetRmapMemHkArea
                0x0000000081106ee8                bRmapGetRmapMemHkArea
                0x0000000081106f14                bRmapInitCh
                0x000000008110736c                uliRmapReadReg
 .text          0x00000000811073b4      0x51c obj/default/driver/comm/spw_controller/spw_controller.o
                0x00000000811073b4                bSpwcSetLink
                0x0000000081107420                bSpwcGetLink
                0x000000008110748c                bSpwcGetLinkError
                0x00000000811074f8                bSpwcGetLinkStatus
                0x000000008110755c                bSpwcGetTimecode
                0x00000000811075b0                bSpwcClearTimecode
                0x0000000081107600                bSpwcEnableTimecode
                0x0000000081107654                bSpwcInitCh
                0x000000008110781c                ucSpwcCalculateLinkDiv
 .text          0x00000000811078d0      0x820 obj/default/driver/comm/windowing/windowing.o
                0x00000000811078d0                bWindCopyMebWindowingParam
                0x0000000081107ba4                bWindCopyCcdXWindowingConfig
                0x0000000081107e48                bWindClearWindowingArea
                0x0000000081107f38                bWindSetWindowingAreaOffset
 .text          0x00000000811080f0      0x1fc obj/default/driver/ctrl_io_lvds/ctrl_io_lvds.o
                0x00000000811080f0                bEnableIsoDrivers
                0x0000000081108124                bDisableIsoDrivers
                0x0000000081108158                bEnableLvdsBoard
                0x000000008110818c                bDisableLvdsBoard
                0x00000000811081c0                bSetPreEmphasys
 .text          0x00000000811082ec      0x730 obj/default/driver/ftdi/ftdi.o
                0x00000000811082ec                vFtdiRxIrqHandler
                0x000000008110834c                vFtdiTxIrqHandler
                0x00000000811083ac                bFtdiRxIrqInit
                0x0000000081108424                bFtdiTxIrqInit
                0x000000008110849c                bFtdiRequestHalfCcdImg
                0x00000000811085a8                bFtdiTransmitLutWinArea
                0x000000008110869c                vFtdiResetHalfCcdImg
                0x00000000811086d4                vFtdiResetLutWinArea
                0x000000008110870c                ucFtdiGetRxErrorCode
                0x0000000081108748                ucFtdiGetTxErrorCode
                0x0000000081108784                usiFtdiRxBufferUsedBytes
                0x00000000811087c4                usiFtdiTxBufferUsedBytes
                0x0000000081108804                vFtdiStopModule
                0x000000008110883c                vFtdiStartModule
                0x0000000081108874                vFtdiClearModule
                0x00000000811088ac                vFtdiAbortOperation
                0x00000000811088f0                vFtdiIrqGlobalEn
                0x000000008110892c                vFtdiIrqRxHccdReceivedEn
                0x0000000081108968                vFtdiIrqRxHccdCommErrEn
                0x00000000811089a4                vFtdiIrqTxLutFinishedEn
                0x00000000811089e0                vFtdiIrqTxLutCommErrEn
 .text          0x0000000081108a1c      0x73c obj/default/driver/i2c/i2c.o
                0x0000000081108a1c                I2C_TestAdress
                0x0000000081108a9c                I2C_Write
                0x0000000081108b74                I2C_Read
                0x0000000081108c74                I2C_MultipleRead
                0x0000000081108dcc                i2c_start
                0x0000000081108e58                i2c_stop
                0x0000000081108ed0                i2c_write
                0x0000000081109000                i2c_read
 .text          0x0000000081109158       0xe8 obj/default/driver/leds/leds.o
                0x0000000081109158                bSetBoardLeds
                0x00000000811091d0                bSetPainelLeds
 .text          0x0000000081109240      0x4e0 obj/default/driver/power_spi/power_spi.o
                0x0000000081109240                POWER_SPI_RW
 .text          0x0000000081109720      0x238 obj/default/driver/reset/reset.o
                0x0000000081109720                vRstcReleaseSimucamReset
                0x000000008110978c                vRstcHoldSimucamReset
                0x00000000811097f0                vRstcReleaseDeviceReset
                0x000000008110985c                vRstcHoldDeviceReset
 .text          0x0000000081109958      0x364 obj/default/driver/rtcc_spi/rtcc_spi.o
                0x0000000081109958                v_spi_start
                0x00000000811099a8                v_spi_send_byte
                0x0000000081109a64                uc_spi_get_byte
                0x0000000081109b10                v_spi_end
                0x0000000081109b60                RTCC_SPI_R_MAC
 .text          0x0000000081109cbc       0xfc obj/default/driver/seven_seg/seven_seg.o
                0x0000000081109cbc                bSSDisplayConfig
                0x0000000081109d7c                bSSDisplayUpdate
 .text          0x0000000081109db8     0x1700 obj/default/driver/sync/sync.o
                0x0000000081109db8                vSyncHandleIrq
                0x0000000081109e18                vSyncPreHandleIrq
                0x0000000081109e60                vSyncClearCounter
                0x0000000081109e84                vSyncInitIrq
                0x0000000081109f04                vSyncPreInitIrq
                0x0000000081109f84                bSyncStatusExtnIrq
                0x0000000081109fbc                ucSyncStatusState
                0x0000000081109ff4                ucSyncStatusErrorCode
                0x000000008110a02c                ucSyncStatusCycleNumber
                0x000000008110a064                bSyncSetMbt
                0x000000008110a0a0                bSyncSetBt
                0x000000008110a0dc                bSyncSetPreBt
                0x000000008110a118                bSyncSetPer
                0x000000008110a154                bSyncSetOst
                0x000000008110a190                bSyncSetPolarity
                0x000000008110a1cc                bSyncSetNCycles
                0x000000008110a20c                uliSyncGetMbt
                0x000000008110a244                uliSyncGetBt
                0x000000008110a27c                uliSyncGetPer
                0x000000008110a2b4                uliSyncGetOst
                0x000000008110a2ec                bSyncErrInj
                0x000000008110a328                bSyncCtrIntern
                0x000000008110a364                bSyncCtrStart
                0x000000008110a39c                bSyncCtrReset
                0x000000008110a3d4                bSyncCtrOneShot
                0x000000008110a40c                bSyncCtrErrInj
                0x000000008110a444                bSyncCtrSyncOutEnable
                0x000000008110a480                bSyncCtrCh1OutEnable
                0x000000008110a4bc                bSyncCtrCh2OutEnable
                0x000000008110a4f8                bSyncCtrCh3OutEnable
                0x000000008110a534                bSyncCtrCh4OutEnable
                0x000000008110a570                bSyncCtrCh5OutEnable
                0x000000008110a5ac                bSyncCtrCh6OutEnable
                0x000000008110a5e8                bSyncCtrCh7OutEnable
                0x000000008110a624                bSyncCtrCh8OutEnable
                0x000000008110a660                bSyncIrqEnableError
                0x000000008110a69c                bSyncIrqEnableBlankPulse
                0x000000008110a6d8                bSyncIrqEnableMasterPulse
                0x000000008110a714                bSyncIrqEnableNormalPulse
                0x000000008110a750                bSyncIrqEnableLastPulse
                0x000000008110a78c                bSyncIrqFlagClrError
                0x000000008110a7c8                bSyncIrqFlagClrBlankPulse
                0x000000008110a804                bSyncIrqFlagClrMasterPulse
                0x000000008110a840                bSyncIrqFlagClrNormalPulse
                0x000000008110a87c                bSyncIrqFlagClrLastPulse
                0x000000008110a8b8                bSyncIrqFlagError
                0x000000008110a8f0                bSyncIrqFlagBlankPulse
                0x000000008110a928                bSyncIrqFlagMasterPulse
                0x000000008110a960                bSyncIrqFlagNormalPulse
                0x000000008110a998                bSyncIrqFlagLastPulse
                0x000000008110a9d0                bSyncPreIrqEnableBlankPulse
                0x000000008110aa0c                bSyncPreIrqEnableMasterPulse
                0x000000008110aa48                bSyncPreIrqEnableNormalPulse
                0x000000008110aa84                bSyncPreIrqEnableLastPulse
                0x000000008110aac0                bSyncPreIrqFlagClrBlankPulse
                0x000000008110aafc                bSyncPreIrqFlagClrMasterPulse
                0x000000008110ab38                bSyncPreIrqFlagClrNormalPulse
                0x000000008110ab74                bSyncPreIrqFlagClrLastPulse
                0x000000008110abb0                bSyncPreIrqFlagBlankPulse
                0x000000008110abe8                bSyncPreIrqFlagMasterPulse
                0x000000008110ac20                bSyncPreIrqFlagNormalPulse
                0x000000008110ac58                bSyncPreIrqFlagLastPulse
                0x000000008110ac90                bSyncConfigNFeeSyncPeriod
                0x000000008110b02c                bSyncConfigFFeeSyncPeriod
                0x000000008110b3c4                uliPerCalcPeriodMs
                0x000000008110b440                usiRegCalcTimeMs
 .text          0x000000008110b4b8     0x2560 obj/default/hello_world.o
                0x000000008110b4b8                main
 .text          0x000000008110da18     0x7fc8 obj/default/utils/initialization_simucam.o
                0x000000008110da18                bInitSimucamCoreHW
                0x000000008110da84                vInitSimucamBasicHW
                0x000000008110db24                vDumpDebAddr
                0x000000008110f740                vDumpAebAddr
 .text          0x00000000811159e0      0x7dc obj/default/utils/test_module_simucam.o
                0x00000000811159e0                bTestSimucamCriticalHW
                0x0000000081115ca8                bDdr2MemoryFastTest
 .text          0x00000000811161bc      0x424 obj/default/utils/util.o
                0x00000000811161bc                _reg_write
                0x000000008111620c                _reg_read
                0x000000008111625c                _print_codec_status
                0x0000000081116450                _split_codec_status
                0x00000000811164bc                aatoh
                0x0000000081116558                Verif_Error
                0x00000000811165b4                toInt
 .text          0x00000000811165e0        0x0 c:/intelfpga/18.1/nios2eds/bin/gnu/h-x86_64-mingw32/bin/../lib/gcc/nios2-elf/5.3.0/../../../../../H-x86_64-mingw32/nios2-elf/lib/mhw-mulx\libm.a(lib_a-s_round.o)
 .text.round    0x00000000811165e0      0x100 c:/intelfpga/18.1/nios2eds/bin/gnu/h-x86_64-mingw32/bin/../lib/gcc/nios2-elf/5.3.0/../../../../../H-x86_64-mingw32/nios2-elf/lib/mhw-mulx\libm.a(lib_a-s_round.o)
                0x00000000811165e0                round
 .text          0x00000000811166e0       0x74 c:/intelfpga/18.1/nios2eds/bin/gnu/h-x86_64-mingw32/bin/../lib/gcc/nios2-elf/5.3.0/mhw-mulx\libgcc.a(_fixunsdfsi.o)
                0x00000000811166e0                __fixunsdfsi
 .text          0x0000000081116754      0x440 c:/intelfpga/18.1/nios2eds/bin/gnu/h-x86_64-mingw32/bin/../lib/gcc/nios2-elf/5.3.0/mhw-mulx\libgcc.a(divsf3.o)
                0x0000000081116754                __divsf3
 .text          0x0000000081116b94      0x3fc c:/intelfpga/18.1/nios2eds/bin/gnu/h-x86_64-mingw32/bin/../lib/gcc/nios2-elf/5.3.0/mhw-mulx\libgcc.a(mulsf3.o)
                0x0000000081116b94                __mulsf3
 .text          0x0000000081116f90      0x124 c:/intelfpga/18.1/nios2eds/bin/gnu/h-x86_64-mingw32/bin/../lib/gcc/nios2-elf/5.3.0/mhw-mulx\libgcc.a(floatsisf.o)
                0x0000000081116f90                __floatsisf
 .text          0x00000000811170b4       0xf0 c:/intelfpga/18.1/nios2eds/bin/gnu/h-x86_64-mingw32/bin/../lib/gcc/nios2-elf/5.3.0/mhw-mulx\libgcc.a(floatunsisf.o)
                0x00000000811170b4                __floatunsisf
 .text          0x00000000811171a4      0x8ac c:/intelfpga/18.1/nios2eds/bin/gnu/h-x86_64-mingw32/bin/../lib/gcc/nios2-elf/5.3.0/mhw-mulx\libgcc.a(adddf3.o)
                0x00000000811171a4                __adddf3
 .text          0x0000000081117a50      0x8e8 c:/intelfpga/18.1/nios2eds/bin/gnu/h-x86_64-mingw32/bin/../lib/gcc/nios2-elf/5.3.0/mhw-mulx\libgcc.a(divdf3.o)
                0x0000000081117a50                __divdf3
 .text          0x0000000081118338       0xdc c:/intelfpga/18.1/nios2eds/bin/gnu/h-x86_64-mingw32/bin/../lib/gcc/nios2-elf/5.3.0/mhw-mulx\libgcc.a(gedf2.o)
                0x0000000081118338                __gedf2
                0x0000000081118338                __gtdf2
 .text          0x0000000081118414      0x718 c:/intelfpga/18.1/nios2eds/bin/gnu/h-x86_64-mingw32/bin/../lib/gcc/nios2-elf/5.3.0/mhw-mulx\libgcc.a(muldf3.o)
                0x0000000081118414                __muldf3
 .text          0x0000000081118b2c      0x8fc c:/intelfpga/18.1/nios2eds/bin/gnu/h-x86_64-mingw32/bin/../lib/gcc/nios2-elf/5.3.0/mhw-mulx\libgcc.a(subdf3.o)
                0x0000000081118b2c                __subdf3
 .text          0x0000000081119428       0x80 c:/intelfpga/18.1/nios2eds/bin/gnu/h-x86_64-mingw32/bin/../lib/gcc/nios2-elf/5.3.0/mhw-mulx\libgcc.a(fixdfsi.o)
                0x0000000081119428                __fixdfsi
 .text          0x00000000811194a8       0xdc c:/intelfpga/18.1/nios2eds/bin/gnu/h-x86_64-mingw32/bin/../lib/gcc/nios2-elf/5.3.0/mhw-mulx\libgcc.a(floatsidf.o)
                0x00000000811194a8                __floatsidf
 .text          0x0000000081119584       0xa8 c:/intelfpga/18.1/nios2eds/bin/gnu/h-x86_64-mingw32/bin/../lib/gcc/nios2-elf/5.3.0/mhw-mulx\libgcc.a(floatunsidf.o)
                0x0000000081119584                __floatunsidf
 .text          0x000000008111962c      0x110 c:/intelfpga/18.1/nios2eds/bin/gnu/h-x86_64-mingw32/bin/../lib/gcc/nios2-elf/5.3.0/mhw-mulx\libgcc.a(extendsfdf2.o)
                0x000000008111962c                __extendsfdf2
 .text          0x000000008111973c      0x1a8 c:/intelfpga/18.1/nios2eds/bin/gnu/h-x86_64-mingw32/bin/../lib/gcc/nios2-elf/5.3.0/mhw-mulx\libgcc.a(truncdfsf2.o)
                0x000000008111973c                __truncdfsf2
 .text          0x00000000811198e4       0x64 c:/intelfpga/18.1/nios2eds/bin/gnu/h-x86_64-mingw32/bin/../lib/gcc/nios2-elf/5.3.0/mhw-mulx\libgcc.a(_clzsi2.o)
                0x00000000811198e4                __clzsi2
 .text          0x0000000081119948      0x1b4 c:/intelfpga/18.1/nios2eds/bin/gnu/h-x86_64-mingw32/bin/../lib/gcc/nios2-elf/5.3.0/mhw-mulx\libgcc.a(lib2-divmod.o)
                0x0000000081119948                __divsi3
                0x00000000811199cc                __modsi3
                0x0000000081119a40                __udivsi3
                0x0000000081119aa4                __umodsi3
 .text          0x0000000081119afc        0x0 c:/intelfpga/18.1/nios2eds/bin/gnu/h-x86_64-mingw32/bin/../lib/gcc/nios2-elf/5.3.0/mhw-mulx\libgcc.a(_clz.o)
 .text          0x0000000081119afc        0x0 c:/intelfpga/18.1/nios2eds/bin/gnu/h-x86_64-mingw32/bin/../lib/gcc/nios2-elf/5.3.0/../../../../../H-x86_64-mingw32/nios2-elf/lib/mhw-mulx\libc.a(lib_a-fopen.o)
 .text._fopen_r
                0x0000000081119afc       0xf4 c:/intelfpga/18.1/nios2eds/bin/gnu/h-x86_64-mingw32/bin/../lib/gcc/nios2-elf/5.3.0/../../../../../H-x86_64-mingw32/nios2-elf/lib/mhw-mulx\libc.a(lib_a-fopen.o)
                0x0000000081119afc                _fopen_r
 .text.fopen    0x0000000081119bf0       0x18 c:/intelfpga/18.1/nios2eds/bin/gnu/h-x86_64-mingw32/bin/../lib/gcc/nios2-elf/5.3.0/../../../../../H-x86_64-mingw32/nios2-elf/lib/mhw-mulx\libc.a(lib_a-fopen.o)
                0x0000000081119bf0                fopen
 .text          0x0000000081119c08        0x0 c:/intelfpga/18.1/nios2eds/bin/gnu/h-x86_64-mingw32/bin/../lib/gcc/nios2-elf/5.3.0/../../../../../H-x86_64-mingw32/nios2-elf/lib/mhw-mulx\libc.a(lib_a-fprintf.o)
 .text._fprintf_r
                0x0000000081119c08       0x28 c:/intelfpga/18.1/nios2eds/bin/gnu/h-x86_64-mingw32/bin/../lib/gcc/nios2-elf/5.3.0/../../../../../H-x86_64-mingw32/nios2-elf/lib/mhw-mulx\libc.a(lib_a-fprintf.o)
                0x0000000081119c08                _fprintf_r
 .text.fprintf  0x0000000081119c30       0x24 c:/intelfpga/18.1/nios2eds/bin/gnu/h-x86_64-mingw32/bin/../lib/gcc/nios2-elf/5.3.0/../../../../../H-x86_64-mingw32/nios2-elf/lib/mhw-mulx\libc.a(lib_a-fprintf.o)
                0x0000000081119c30                fprintf
 .text          0x0000000081119c54        0x0 c:/intelfpga/18.1/nios2eds/bin/gnu/h-x86_64-mingw32/bin/../lib/gcc/nios2-elf/5.3.0/../../../../../H-x86_64-mingw32/nios2-elf/lib/mhw-mulx\libc.a(lib_a-fputc.o)
 .text._fputc_r
                0x0000000081119c54       0x44 c:/intelfpga/18.1/nios2eds/bin/gnu/h-x86_64-mingw32/bin/../lib/gcc/nios2-elf/5.3.0/../../../../../H-x86_64-mingw32/nios2-elf/lib/mhw-mulx\libc.a(lib_a-fputc.o)
                0x0000000081119c54                _fputc_r
 .text.fputc    0x0000000081119c98       0x5c c:/intelfpga/18.1/nios2eds/bin/gnu/h-x86_64-mingw32/bin/../lib/gcc/nios2-elf/5.3.0/../../../../../H-x86_64-mingw32/nios2-elf/lib/mhw-mulx\libc.a(lib_a-fputc.o)
                0x0000000081119c98                fputc
 .text          0x0000000081119cf4        0x0 c:/intelfpga/18.1/nios2eds/bin/gnu/h-x86_64-mingw32/bin/../lib/gcc/nios2-elf/5.3.0/../../../../../H-x86_64-mingw32/nios2-elf/lib/mhw-mulx\libc.a(lib_a-fseek.o)
 .text._fseek_r
                0x0000000081119cf4        0x4 c:/intelfpga/18.1/nios2eds/bin/gnu/h-x86_64-mingw32/bin/../lib/gcc/nios2-elf/5.3.0/../../../../../H-x86_64-mingw32/nios2-elf/lib/mhw-mulx\libc.a(lib_a-fseek.o)
                0x0000000081119cf4                _fseek_r
 .text.fseek    0x0000000081119cf8       0x1c c:/intelfpga/18.1/nios2eds/bin/gnu/h-x86_64-mingw32/bin/../lib/gcc/nios2-elf/5.3.0/../../../../../H-x86_64-mingw32/nios2-elf/lib/mhw-mulx\libc.a(lib_a-fseek.o)
                0x0000000081119cf8                fseek
 .text          0x0000000081119d14        0x0 c:/intelfpga/18.1/nios2eds/bin/gnu/h-x86_64-mingw32/bin/../lib/gcc/nios2-elf/5.3.0/../../../../../H-x86_64-mingw32/nios2-elf/lib/mhw-mulx\libc.a(lib_a-fseeko.o)
 .text._fseeko_r
                0x0000000081119d14      0x444 c:/intelfpga/18.1/nios2eds/bin/gnu/h-x86_64-mingw32/bin/../lib/gcc/nios2-elf/5.3.0/../../../../../H-x86_64-mingw32/nios2-elf/lib/mhw-mulx\libc.a(lib_a-fseeko.o)
                0x0000000081119d14                _fseeko_r
 .text.fseeko   0x000000008111a158       0x1c c:/intelfpga/18.1/nios2eds/bin/gnu/h-x86_64-mingw32/bin/../lib/gcc/nios2-elf/5.3.0/../../../../../H-x86_64-mingw32/nios2-elf/lib/mhw-mulx\libc.a(lib_a-fseeko.o)
                0x000000008111a158                fseeko
 .text          0x000000008111a174        0x0 c:/intelfpga/18.1/nios2eds/bin/gnu/h-x86_64-mingw32/bin/../lib/gcc/nios2-elf/5.3.0/../../../../../H-x86_64-mingw32/nios2-elf/lib/mhw-mulx\libc.a(lib_a-fstatr.o)
 .text._fstat_r
                0x000000008111a174       0x5c c:/intelfpga/18.1/nios2eds/bin/gnu/h-x86_64-mingw32/bin/../lib/gcc/nios2-elf/5.3.0/../../../../../H-x86_64-mingw32/nios2-elf/lib/mhw-mulx\libc.a(lib_a-fstatr.o)
                0x000000008111a174                _fstat_r
 .text          0x000000008111a1d0        0x0 c:/intelfpga/18.1/nios2eds/bin/gnu/h-x86_64-mingw32/bin/../lib/gcc/nios2-elf/5.3.0/../../../../../H-x86_64-mingw32/nios2-elf/lib/mhw-mulx\libc.a(lib_a-fwrite.o)
 .text._fwrite_r
                0x000000008111a1d0       0xcc c:/intelfpga/18.1/nios2eds/bin/gnu/h-x86_64-mingw32/bin/../lib/gcc/nios2-elf/5.3.0/../../../../../H-x86_64-mingw32/nios2-elf/lib/mhw-mulx\libc.a(lib_a-fwrite.o)
                0x000000008111a1d0                _fwrite_r
 .text.fwrite   0x000000008111a29c       0x34 c:/intelfpga/18.1/nios2eds/bin/gnu/h-x86_64-mingw32/bin/../lib/gcc/nios2-elf/5.3.0/../../../../../H-x86_64-mingw32/nios2-elf/lib/mhw-mulx\libc.a(lib_a-fwrite.o)
                0x000000008111a29c                fwrite
 .text          0x000000008111a2d0        0x0 c:/intelfpga/18.1/nios2eds/bin/gnu/h-x86_64-mingw32/bin/../lib/gcc/nios2-elf/5.3.0/../../../../../H-x86_64-mingw32/nios2-elf/lib/mhw-mulx\libc.a(lib_a-impure.o)
 .text          0x000000008111a2d0        0x0 c:/intelfpga/18.1/nios2eds/bin/gnu/h-x86_64-mingw32/bin/../lib/gcc/nios2-elf/5.3.0/../../../../../H-x86_64-mingw32/nios2-elf/lib/mhw-mulx\libc.a(lib_a-int_errno.o)
 .text          0x000000008111a2d0        0x0 c:/intelfpga/18.1/nios2eds/bin/gnu/h-x86_64-mingw32/bin/../lib/gcc/nios2-elf/5.3.0/../../../../../H-x86_64-mingw32/nios2-elf/lib/mhw-mulx\libc.a(lib_a-makebuf.o)
 .text.__smakebuf_r
                0x000000008111a2d0      0x1bc c:/intelfpga/18.1/nios2eds/bin/gnu/h-x86_64-mingw32/bin/../lib/gcc/nios2-elf/5.3.0/../../../../../H-x86_64-mingw32/nios2-elf/lib/mhw-mulx\libc.a(lib_a-makebuf.o)
                0x000000008111a2d0                __smakebuf_r
 .text          0x000000008111a48c        0x0 c:/intelfpga/18.1/nios2eds/bin/gnu/h-x86_64-mingw32/bin/../lib/gcc/nios2-elf/5.3.0/../../../../../H-x86_64-mingw32/nios2-elf/lib/mhw-mulx\libc.a(lib_a-mallocr.o)
 .text._malloc_r
                0x000000008111a48c      0x80c c:/intelfpga/18.1/nios2eds/bin/gnu/h-x86_64-mingw32/bin/../lib/gcc/nios2-elf/5.3.0/../../../../../H-x86_64-mingw32/nios2-elf/lib/mhw-mulx\libc.a(lib_a-mallocr.o)
                0x000000008111a48c                _malloc_r
 .text          0x000000008111ac98        0x0 c:/intelfpga/18.1/nios2eds/bin/gnu/h-x86_64-mingw32/bin/../lib/gcc/nios2-elf/5.3.0/../../../../../H-x86_64-mingw32/nios2-elf/lib/mhw-mulx\libc.a(lib_a-memcpy.o)
 .text.memcpy   0x000000008111ac98      0x148 c:/intelfpga/18.1/nios2eds/bin/gnu/h-x86_64-mingw32/bin/../lib/gcc/nios2-elf/5.3.0/../../../../../H-x86_64-mingw32/nios2-elf/lib/mhw-mulx\libc.a(lib_a-memcpy.o)
                0x000000008111ac98                memcpy
 .text          0x000000008111ade0        0x0 c:/intelfpga/18.1/nios2eds/bin/gnu/h-x86_64-mingw32/bin/../lib/gcc/nios2-elf/5.3.0/../../../../../H-x86_64-mingw32/nios2-elf/lib/mhw-mulx\libc.a(lib_a-memset.o)
 .text.memset   0x000000008111ade0      0x128 c:/intelfpga/18.1/nios2eds/bin/gnu/h-x86_64-mingw32/bin/../lib/gcc/nios2-elf/5.3.0/../../../../../H-x86_64-mingw32/nios2-elf/lib/mhw-mulx\libc.a(lib_a-memset.o)
                0x000000008111ade0                memset
 .text          0x000000008111af08        0x0 c:/intelfpga/18.1/nios2eds/bin/gnu/h-x86_64-mingw32/bin/../lib/gcc/nios2-elf/5.3.0/../../../../../H-x86_64-mingw32/nios2-elf/lib/mhw-mulx\libc.a(lib_a-openr.o)
 .text._open_r  0x000000008111af08       0x60 c:/intelfpga/18.1/nios2eds/bin/gnu/h-x86_64-mingw32/bin/../lib/gcc/nios2-elf/5.3.0/../../../../../H-x86_64-mingw32/nios2-elf/lib/mhw-mulx\libc.a(lib_a-openr.o)
                0x000000008111af08                _open_r
 .text          0x000000008111af68        0x0 c:/intelfpga/18.1/nios2eds/bin/gnu/h-x86_64-mingw32/bin/../lib/gcc/nios2-elf/5.3.0/../../../../../H-x86_64-mingw32/nios2-elf/lib/mhw-mulx\libc.a(lib_a-printf.o)
 .text._printf_r
                0x000000008111af68       0x30 c:/intelfpga/18.1/nios2eds/bin/gnu/h-x86_64-mingw32/bin/../lib/gcc/nios2-elf/5.3.0/../../../../../H-x86_64-mingw32/nios2-elf/lib/mhw-mulx\libc.a(lib_a-printf.o)
                0x000000008111af68                _printf_r
 .text.printf   0x000000008111af98       0x3c c:/intelfpga/18.1/nios2eds/bin/gnu/h-x86_64-mingw32/bin/../lib/gcc/nios2-elf/5.3.0/../../../../../H-x86_64-mingw32/nios2-elf/lib/mhw-mulx\libc.a(lib_a-printf.o)
                0x000000008111af98                printf
 .text          0x000000008111afd4        0x0 c:/intelfpga/18.1/nios2eds/bin/gnu/h-x86_64-mingw32/bin/../lib/gcc/nios2-elf/5.3.0/../../../../../H-x86_64-mingw32/nios2-elf/lib/mhw-mulx\libc.a(lib_a-putc.o)
 .text._putc_r  0x000000008111afd4       0xa0 c:/intelfpga/18.1/nios2eds/bin/gnu/h-x86_64-mingw32/bin/../lib/gcc/nios2-elf/5.3.0/../../../../../H-x86_64-mingw32/nios2-elf/lib/mhw-mulx\libc.a(lib_a-putc.o)
                0x000000008111afd4                _putc_r
 .text.putc     0x000000008111b074       0xc8 c:/intelfpga/18.1/nios2eds/bin/gnu/h-x86_64-mingw32/bin/../lib/gcc/nios2-elf/5.3.0/../../../../../H-x86_64-mingw32/nios2-elf/lib/mhw-mulx\libc.a(lib_a-putc.o)
                0x000000008111b074                putc
 .text          0x000000008111b13c        0x0 c:/intelfpga/18.1/nios2eds/bin/gnu/h-x86_64-mingw32/bin/../lib/gcc/nios2-elf/5.3.0/../../../../../H-x86_64-mingw32/nios2-elf/lib/mhw-mulx\libc.a(lib_a-putchar.o)
 .text._putchar_r
                0x000000008111b13c        0x8 c:/intelfpga/18.1/nios2eds/bin/gnu/h-x86_64-mingw32/bin/../lib/gcc/nios2-elf/5.3.0/../../../../../H-x86_64-mingw32/nios2-elf/lib/mhw-mulx\libc.a(lib_a-putchar.o)
                0x000000008111b13c                _putchar_r
 .text.putchar  0x000000008111b144       0x18 c:/intelfpga/18.1/nios2eds/bin/gnu/h-x86_64-mingw32/bin/../lib/gcc/nios2-elf/5.3.0/../../../../../H-x86_64-mingw32/nios2-elf/lib/mhw-mulx\libc.a(lib_a-putchar.o)
                0x000000008111b144                putchar
 .text          0x000000008111b15c        0x0 c:/intelfpga/18.1/nios2eds/bin/gnu/h-x86_64-mingw32/bin/../lib/gcc/nios2-elf/5.3.0/../../../../../H-x86_64-mingw32/nios2-elf/lib/mhw-mulx\libc.a(lib_a-puts.o)
 .text._puts_r  0x000000008111b15c       0xc0 c:/intelfpga/18.1/nios2eds/bin/gnu/h-x86_64-mingw32/bin/../lib/gcc/nios2-elf/5.3.0/../../../../../H-x86_64-mingw32/nios2-elf/lib/mhw-mulx\libc.a(lib_a-puts.o)
                0x000000008111b15c                _puts_r
 .text.puts     0x000000008111b21c       0x14 c:/intelfpga/18.1/nios2eds/bin/gnu/h-x86_64-mingw32/bin/../lib/gcc/nios2-elf/5.3.0/../../../../../H-x86_64-mingw32/nios2-elf/lib/mhw-mulx\libc.a(lib_a-puts.o)
                0x000000008111b21c                puts
 .text          0x000000008111b230        0x0 c:/intelfpga/18.1/nios2eds/bin/gnu/h-x86_64-mingw32/bin/../lib/gcc/nios2-elf/5.3.0/../../../../../H-x86_64-mingw32/nios2-elf/lib/mhw-mulx\libc.a(lib_a-refill.o)
 .text.lflush   0x000000008111b230       0x1c c:/intelfpga/18.1/nios2eds/bin/gnu/h-x86_64-mingw32/bin/../lib/gcc/nios2-elf/5.3.0/../../../../../H-x86_64-mingw32/nios2-elf/lib/mhw-mulx\libc.a(lib_a-refill.o)
 .text.__srefill_r
                0x000000008111b24c      0x1d4 c:/intelfpga/18.1/nios2eds/bin/gnu/h-x86_64-mingw32/bin/../lib/gcc/nios2-elf/5.3.0/../../../../../H-x86_64-mingw32/nios2-elf/lib/mhw-mulx\libc.a(lib_a-refill.o)
                0x000000008111b24c                __srefill_r
 .text          0x000000008111b420        0x0 c:/intelfpga/18.1/nios2eds/bin/gnu/h-x86_64-mingw32/bin/../lib/gcc/nios2-elf/5.3.0/../../../../../H-x86_64-mingw32/nios2-elf/lib/mhw-mulx\libc.a(lib_a-sbrkr.o)
 .text._sbrk_r  0x000000008111b420       0x54 c:/intelfpga/18.1/nios2eds/bin/gnu/h-x86_64-mingw32/bin/../lib/gcc/nios2-elf/5.3.0/../../../../../H-x86_64-mingw32/nios2-elf/lib/mhw-mulx\libc.a(lib_a-sbrkr.o)
                0x000000008111b420                _sbrk_r
 .text          0x000000008111b474        0x0 c:/intelfpga/18.1/nios2eds/bin/gnu/h-x86_64-mingw32/bin/../lib/gcc/nios2-elf/5.3.0/../../../../../H-x86_64-mingw32/nios2-elf/lib/mhw-mulx\libc.a(lib_a-sprintf.o)
 .text._sprintf_r
                0x000000008111b474       0x58 c:/intelfpga/18.1/nios2eds/bin/gnu/h-x86_64-mingw32/bin/../lib/gcc/nios2-elf/5.3.0/../../../../../H-x86_64-mingw32/nios2-elf/lib/mhw-mulx\libc.a(lib_a-sprintf.o)
                0x000000008111b474                _sprintf_r
 .text.sprintf  0x000000008111b4cc       0x6c c:/intelfpga/18.1/nios2eds/bin/gnu/h-x86_64-mingw32/bin/../lib/gcc/nios2-elf/5.3.0/../../../../../H-x86_64-mingw32/nios2-elf/lib/mhw-mulx\libc.a(lib_a-sprintf.o)
                0x000000008111b4cc                sprintf
 .text          0x000000008111b538        0x0 c:/intelfpga/18.1/nios2eds/bin/gnu/h-x86_64-mingw32/bin/../lib/gcc/nios2-elf/5.3.0/../../../../../H-x86_64-mingw32/nios2-elf/lib/mhw-mulx\libc.a(lib_a-stdio.o)
 .text.__sread  0x000000008111b538       0x54 c:/intelfpga/18.1/nios2eds/bin/gnu/h-x86_64-mingw32/bin/../lib/gcc/nios2-elf/5.3.0/../../../../../H-x86_64-mingw32/nios2-elf/lib/mhw-mulx\libc.a(lib_a-stdio.o)
                0x000000008111b538                __sread
 .text.__seofread
                0x000000008111b58c        0x8 c:/intelfpga/18.1/nios2eds/bin/gnu/h-x86_64-mingw32/bin/../lib/gcc/nios2-elf/5.3.0/../../../../../H-x86_64-mingw32/nios2-elf/lib/mhw-mulx\libc.a(lib_a-stdio.o)
                0x000000008111b58c                __seofread
 .text.__swrite
                0x000000008111b594       0x7c c:/intelfpga/18.1/nios2eds/bin/gnu/h-x86_64-mingw32/bin/../lib/gcc/nios2-elf/5.3.0/../../../../../H-x86_64-mingw32/nios2-elf/lib/mhw-mulx\libc.a(lib_a-stdio.o)
                0x000000008111b594                __swrite
 .text.__sseek  0x000000008111b610       0x5c c:/intelfpga/18.1/nios2eds/bin/gnu/h-x86_64-mingw32/bin/../lib/gcc/nios2-elf/5.3.0/../../../../../H-x86_64-mingw32/nios2-elf/lib/mhw-mulx\libc.a(lib_a-stdio.o)
                0x000000008111b610                __sseek
 .text.__sclose
                0x000000008111b66c        0x8 c:/intelfpga/18.1/nios2eds/bin/gnu/h-x86_64-mingw32/bin/../lib/gcc/nios2-elf/5.3.0/../../../../../H-x86_64-mingw32/nios2-elf/lib/mhw-mulx\libc.a(lib_a-stdio.o)
                0x000000008111b66c                __sclose
 .text          0x000000008111b674        0x0 c:/intelfpga/18.1/nios2eds/bin/gnu/h-x86_64-mingw32/bin/../lib/gcc/nios2-elf/5.3.0/../../../../../H-x86_64-mingw32/nios2-elf/lib/mhw-mulx\libc.a(lib_a-strlen.o)
 .text.strlen   0x000000008111b674       0x98 c:/intelfpga/18.1/nios2eds/bin/gnu/h-x86_64-mingw32/bin/../lib/gcc/nios2-elf/5.3.0/../../../../../H-x86_64-mingw32/nios2-elf/lib/mhw-mulx\libc.a(lib_a-strlen.o)
                0x000000008111b674                strlen
 .text          0x000000008111b70c        0x0 c:/intelfpga/18.1/nios2eds/bin/gnu/h-x86_64-mingw32/bin/../lib/gcc/nios2-elf/5.3.0/../../../../../H-x86_64-mingw32/nios2-elf/lib/mhw-mulx\libc.a(lib_a-svfprintf.o)
 .text.___svfprintf_internal_r
                0x000000008111b70c     0x21d8 c:/intelfpga/18.1/nios2eds/bin/gnu/h-x86_64-mingw32/bin/../lib/gcc/nios2-elf/5.3.0/../../../../../H-x86_64-mingw32/nios2-elf/lib/mhw-mulx\libc.a(lib_a-svfprintf.o)
                0x000000008111b70c                ___svfprintf_internal_r
 .text          0x000000008111d8e4        0x0 c:/intelfpga/18.1/nios2eds/bin/gnu/h-x86_64-mingw32/bin/../lib/gcc/nios2-elf/5.3.0/../../../../../H-x86_64-mingw32/nios2-elf/lib/mhw-mulx\libc.a(lib_a-vfprintf.o)
 .text.___vfprintf_internal_r
                0x000000008111d8e4     0x21f8 c:/intelfpga/18.1/nios2eds/bin/gnu/h-x86_64-mingw32/bin/../lib/gcc/nios2-elf/5.3.0/../../../../../H-x86_64-mingw32/nios2-elf/lib/mhw-mulx\libc.a(lib_a-vfprintf.o)
                0x000000008111d8e4                ___vfprintf_internal_r
 .text.__vfprintf_internal
                0x000000008111fadc       0x1c c:/intelfpga/18.1/nios2eds/bin/gnu/h-x86_64-mingw32/bin/../lib/gcc/nios2-elf/5.3.0/../../../../../H-x86_64-mingw32/nios2-elf/lib/mhw-mulx\libc.a(lib_a-vfprintf.o)
                0x000000008111fadc                __vfprintf_internal
 .text.__sbprintf
                0x000000008111faf8       0xbc c:/intelfpga/18.1/nios2eds/bin/gnu/h-x86_64-mingw32/bin/../lib/gcc/nios2-elf/5.3.0/../../../../../H-x86_64-mingw32/nios2-elf/lib/mhw-mulx\libc.a(lib_a-vfprintf.o)
 .text          0x000000008111fbb4        0x0 c:/intelfpga/18.1/nios2eds/bin/gnu/h-x86_64-mingw32/bin/../lib/gcc/nios2-elf/5.3.0/../../../../../H-x86_64-mingw32/nios2-elf/lib/mhw-mulx\libc.a(lib_a-wbuf.o)
 .text.__swbuf_r
                0x000000008111fbb4      0x140 c:/intelfpga/18.1/nios2eds/bin/gnu/h-x86_64-mingw32/bin/../lib/gcc/nios2-elf/5.3.0/../../../../../H-x86_64-mingw32/nios2-elf/lib/mhw-mulx\libc.a(lib_a-wbuf.o)
                0x000000008111fbb4                __swbuf_r
 .text.__swbuf  0x000000008111fcf4       0x18 c:/intelfpga/18.1/nios2eds/bin/gnu/h-x86_64-mingw32/bin/../lib/gcc/nios2-elf/5.3.0/../../../../../H-x86_64-mingw32/nios2-elf/lib/mhw-mulx\libc.a(lib_a-wbuf.o)
                0x000000008111fcf4                __swbuf
 .text          0x000000008111fd0c        0x0 c:/intelfpga/18.1/nios2eds/bin/gnu/h-x86_64-mingw32/bin/../lib/gcc/nios2-elf/5.3.0/../../../../../H-x86_64-mingw32/nios2-elf/lib/mhw-mulx\libc.a(lib_a-writer.o)
 .text._write_r
                0x000000008111fd0c       0x60 c:/intelfpga/18.1/nios2eds/bin/gnu/h-x86_64-mingw32/bin/../lib/gcc/nios2-elf/5.3.0/../../../../../H-x86_64-mingw32/nios2-elf/lib/mhw-mulx\libc.a(lib_a-writer.o)
                0x000000008111fd0c                _write_r
 .text          0x000000008111fd6c        0x0 c:/intelfpga/18.1/nios2eds/bin/gnu/h-x86_64-mingw32/bin/../lib/gcc/nios2-elf/5.3.0/../../../../../H-x86_64-mingw32/nios2-elf/lib/mhw-mulx\libc.a(lib_a-wsetup.o)
 .text.__swsetup_r
                0x000000008111fd6c      0x154 c:/intelfpga/18.1/nios2eds/bin/gnu/h-x86_64-mingw32/bin/../lib/gcc/nios2-elf/5.3.0/../../../../../H-x86_64-mingw32/nios2-elf/lib/mhw-mulx\libc.a(lib_a-wsetup.o)
                0x000000008111fd6c                __swsetup_r
 .text          0x000000008111fec0        0x0 c:/intelfpga/18.1/nios2eds/bin/gnu/h-x86_64-mingw32/bin/../lib/gcc/nios2-elf/5.3.0/../../../../../H-x86_64-mingw32/nios2-elf/lib/mhw-mulx\libc.a(closer.o)
 .text._close_r
                0x000000008111fec0       0x54 c:/intelfpga/18.1/nios2eds/bin/gnu/h-x86_64-mingw32/bin/../lib/gcc/nios2-elf/5.3.0/../../../../../H-x86_64-mingw32/nios2-elf/lib/mhw-mulx\libc.a(closer.o)
                0x000000008111fec0                _close_r
 .text          0x000000008111ff14        0x0 c:/intelfpga/18.1/nios2eds/bin/gnu/h-x86_64-mingw32/bin/../lib/gcc/nios2-elf/5.3.0/../../../../../H-x86_64-mingw32/nios2-elf/lib/mhw-mulx\libc.a(lib_a-dtoa.o)
 .text.quorem   0x000000008111ff14      0x200 c:/intelfpga/18.1/nios2eds/bin/gnu/h-x86_64-mingw32/bin/../lib/gcc/nios2-elf/5.3.0/../../../../../H-x86_64-mingw32/nios2-elf/lib/mhw-mulx\libc.a(lib_a-dtoa.o)
 .text._dtoa_r  0x0000000081120114     0x1688 c:/intelfpga/18.1/nios2eds/bin/gnu/h-x86_64-mingw32/bin/../lib/gcc/nios2-elf/5.3.0/../../../../../H-x86_64-mingw32/nios2-elf/lib/mhw-mulx\libc.a(lib_a-dtoa.o)
                0x0000000081120114                _dtoa_r
 .text          0x000000008112179c        0x0 c:/intelfpga/18.1/nios2eds/bin/gnu/h-x86_64-mingw32/bin/../lib/gcc/nios2-elf/5.3.0/../../../../../H-x86_64-mingw32/nios2-elf/lib/mhw-mulx\libc.a(lib_a-fflush.o)
 .text.__sflush_r
                0x000000008112179c      0x21c c:/intelfpga/18.1/nios2eds/bin/gnu/h-x86_64-mingw32/bin/../lib/gcc/nios2-elf/5.3.0/../../../../../H-x86_64-mingw32/nios2-elf/lib/mhw-mulx\libc.a(lib_a-fflush.o)
                0x000000008112179c                __sflush_r
 .text._fflush_r
                0x00000000811219b8       0x5c c:/intelfpga/18.1/nios2eds/bin/gnu/h-x86_64-mingw32/bin/../lib/gcc/nios2-elf/5.3.0/../../../../../H-x86_64-mingw32/nios2-elf/lib/mhw-mulx\libc.a(lib_a-fflush.o)
                0x00000000811219b8                _fflush_r
 .text.fflush   0x0000000081121a14       0x30 c:/intelfpga/18.1/nios2eds/bin/gnu/h-x86_64-mingw32/bin/../lib/gcc/nios2-elf/5.3.0/../../../../../H-x86_64-mingw32/nios2-elf/lib/mhw-mulx\libc.a(lib_a-fflush.o)
                0x0000000081121a14                fflush
 .text          0x0000000081121a44        0x0 c:/intelfpga/18.1/nios2eds/bin/gnu/h-x86_64-mingw32/bin/../lib/gcc/nios2-elf/5.3.0/../../../../../H-x86_64-mingw32/nios2-elf/lib/mhw-mulx\libc.a(lib_a-findfp.o)
 .text.__fp_unlock
                0x0000000081121a44        0x8 c:/intelfpga/18.1/nios2eds/bin/gnu/h-x86_64-mingw32/bin/../lib/gcc/nios2-elf/5.3.0/../../../../../H-x86_64-mingw32/nios2-elf/lib/mhw-mulx\libc.a(lib_a-findfp.o)
 .text._cleanup_r
                0x0000000081121a4c        0xc c:/intelfpga/18.1/nios2eds/bin/gnu/h-x86_64-mingw32/bin/../lib/gcc/nios2-elf/5.3.0/../../../../../H-x86_64-mingw32/nios2-elf/lib/mhw-mulx\libc.a(lib_a-findfp.o)
                0x0000000081121a4c                _cleanup_r
 .text.__sinit.part.1
                0x0000000081121a58      0x19c c:/intelfpga/18.1/nios2eds/bin/gnu/h-x86_64-mingw32/bin/../lib/gcc/nios2-elf/5.3.0/../../../../../H-x86_64-mingw32/nios2-elf/lib/mhw-mulx\libc.a(lib_a-findfp.o)
 .text.__fp_lock
                0x0000000081121bf4        0x8 c:/intelfpga/18.1/nios2eds/bin/gnu/h-x86_64-mingw32/bin/../lib/gcc/nios2-elf/5.3.0/../../../../../H-x86_64-mingw32/nios2-elf/lib/mhw-mulx\libc.a(lib_a-findfp.o)
 .text.__sfmoreglue
                0x0000000081121bfc       0x68 c:/intelfpga/18.1/nios2eds/bin/gnu/h-x86_64-mingw32/bin/../lib/gcc/nios2-elf/5.3.0/../../../../../H-x86_64-mingw32/nios2-elf/lib/mhw-mulx\libc.a(lib_a-findfp.o)
                0x0000000081121bfc                __sfmoreglue
 .text.__sfp    0x0000000081121c64      0x118 c:/intelfpga/18.1/nios2eds/bin/gnu/h-x86_64-mingw32/bin/../lib/gcc/nios2-elf/5.3.0/../../../../../H-x86_64-mingw32/nios2-elf/lib/mhw-mulx\libc.a(lib_a-findfp.o)
                0x0000000081121c64                __sfp
 .text._cleanup
                0x0000000081121d7c       0x18 c:/intelfpga/18.1/nios2eds/bin/gnu/h-x86_64-mingw32/bin/../lib/gcc/nios2-elf/5.3.0/../../../../../H-x86_64-mingw32/nios2-elf/lib/mhw-mulx\libc.a(lib_a-findfp.o)
                0x0000000081121d7c                _cleanup
 .text.__sinit  0x0000000081121d94       0x10 c:/intelfpga/18.1/nios2eds/bin/gnu/h-x86_64-mingw32/bin/../lib/gcc/nios2-elf/5.3.0/../../../../../H-x86_64-mingw32/nios2-elf/lib/mhw-mulx\libc.a(lib_a-findfp.o)
                0x0000000081121d94                __sinit
 .text.__sfp_lock_acquire
                0x0000000081121da4        0x4 c:/intelfpga/18.1/nios2eds/bin/gnu/h-x86_64-mingw32/bin/../lib/gcc/nios2-elf/5.3.0/../../../../../H-x86_64-mingw32/nios2-elf/lib/mhw-mulx\libc.a(lib_a-findfp.o)
                0x0000000081121da4                __sfp_lock_acquire
 .text.__sfp_lock_release
                0x0000000081121da8        0x4 c:/intelfpga/18.1/nios2eds/bin/gnu/h-x86_64-mingw32/bin/../lib/gcc/nios2-elf/5.3.0/../../../../../H-x86_64-mingw32/nios2-elf/lib/mhw-mulx\libc.a(lib_a-findfp.o)
                0x0000000081121da8                __sfp_lock_release
 .text.__sinit_lock_acquire
                0x0000000081121dac        0x4 c:/intelfpga/18.1/nios2eds/bin/gnu/h-x86_64-mingw32/bin/../lib/gcc/nios2-elf/5.3.0/../../../../../H-x86_64-mingw32/nios2-elf/lib/mhw-mulx\libc.a(lib_a-findfp.o)
                0x0000000081121dac                __sinit_lock_acquire
 .text.__sinit_lock_release
                0x0000000081121db0        0x4 c:/intelfpga/18.1/nios2eds/bin/gnu/h-x86_64-mingw32/bin/../lib/gcc/nios2-elf/5.3.0/../../../../../H-x86_64-mingw32/nios2-elf/lib/mhw-mulx\libc.a(lib_a-findfp.o)
                0x0000000081121db0                __sinit_lock_release
 .text.__fp_lock_all
                0x0000000081121db4       0x18 c:/intelfpga/18.1/nios2eds/bin/gnu/h-x86_64-mingw32/bin/../lib/gcc/nios2-elf/5.3.0/../../../../../H-x86_64-mingw32/nios2-elf/lib/mhw-mulx\libc.a(lib_a-findfp.o)
                0x0000000081121db4                __fp_lock_all
 .text.__fp_unlock_all
                0x0000000081121dcc       0x18 c:/intelfpga/18.1/nios2eds/bin/gnu/h-x86_64-mingw32/bin/../lib/gcc/nios2-elf/5.3.0/../../../../../H-x86_64-mingw32/nios2-elf/lib/mhw-mulx\libc.a(lib_a-findfp.o)
                0x0000000081121dcc                __fp_unlock_all
 .text          0x0000000081121de4        0x0 c:/intelfpga/18.1/nios2eds/bin/gnu/h-x86_64-mingw32/bin/../lib/gcc/nios2-elf/5.3.0/../../../../../H-x86_64-mingw32/nios2-elf/lib/mhw-mulx\libc.a(lib_a-flags.o)
 .text.__sflags
                0x0000000081121de4       0xac c:/intelfpga/18.1/nios2eds/bin/gnu/h-x86_64-mingw32/bin/../lib/gcc/nios2-elf/5.3.0/../../../../../H-x86_64-mingw32/nios2-elf/lib/mhw-mulx\libc.a(lib_a-flags.o)
                0x0000000081121de4                __sflags
 .text          0x0000000081121e90        0x0 c:/intelfpga/18.1/nios2eds/bin/gnu/h-x86_64-mingw32/bin/../lib/gcc/nios2-elf/5.3.0/../../../../../H-x86_64-mingw32/nios2-elf/lib/mhw-mulx\libc.a(lib_a-freer.o)
 .text._malloc_trim_r
                0x0000000081121e90      0x124 c:/intelfpga/18.1/nios2eds/bin/gnu/h-x86_64-mingw32/bin/../lib/gcc/nios2-elf/5.3.0/../../../../../H-x86_64-mingw32/nios2-elf/lib/mhw-mulx\libc.a(lib_a-freer.o)
                0x0000000081121e90                _malloc_trim_r
 .text._free_r  0x0000000081121fb4      0x310 c:/intelfpga/18.1/nios2eds/bin/gnu/h-x86_64-mingw32/bin/../lib/gcc/nios2-elf/5.3.0/../../../../../H-x86_64-mingw32/nios2-elf/lib/mhw-mulx\libc.a(lib_a-freer.o)
                0x0000000081121fb4                _free_r
 .text          0x00000000811222c4        0x0 c:/intelfpga/18.1/nios2eds/bin/gnu/h-x86_64-mingw32/bin/../lib/gcc/nios2-elf/5.3.0/../../../../../H-x86_64-mingw32/nios2-elf/lib/mhw-mulx\libc.a(lib_a-fvwrite.o)
 .text.__sfvwrite_r
                0x00000000811222c4      0x4bc c:/intelfpga/18.1/nios2eds/bin/gnu/h-x86_64-mingw32/bin/../lib/gcc/nios2-elf/5.3.0/../../../../../H-x86_64-mingw32/nios2-elf/lib/mhw-mulx\libc.a(lib_a-fvwrite.o)
                0x00000000811222c4                __sfvwrite_r
 .text          0x0000000081122780        0x0 c:/intelfpga/18.1/nios2eds/bin/gnu/h-x86_64-mingw32/bin/../lib/gcc/nios2-elf/5.3.0/../../../../../H-x86_64-mingw32/nios2-elf/lib/mhw-mulx\libc.a(lib_a-fwalk.o)
 .text._fwalk   0x0000000081122780       0xc4 c:/intelfpga/18.1/nios2eds/bin/gnu/h-x86_64-mingw32/bin/../lib/gcc/nios2-elf/5.3.0/../../../../../H-x86_64-mingw32/nios2-elf/lib/mhw-mulx\libc.a(lib_a-fwalk.o)
                0x0000000081122780                _fwalk
 .text._fwalk_reent
                0x0000000081122844       0xc4 c:/intelfpga/18.1/nios2eds/bin/gnu/h-x86_64-mingw32/bin/../lib/gcc/nios2-elf/5.3.0/../../../../../H-x86_64-mingw32/nios2-elf/lib/mhw-mulx\libc.a(lib_a-fwalk.o)
                0x0000000081122844                _fwalk_reent
 .text          0x0000000081122908        0x0 c:/intelfpga/18.1/nios2eds/bin/gnu/h-x86_64-mingw32/bin/../lib/gcc/nios2-elf/5.3.0/../../../../../H-x86_64-mingw32/nios2-elf/lib/mhw-mulx\libc.a(lib_a-isattyr.o)
 .text._isatty_r
                0x0000000081122908       0x54 c:/intelfpga/18.1/nios2eds/bin/gnu/h-x86_64-mingw32/bin/../lib/gcc/nios2-elf/5.3.0/../../../../../H-x86_64-mingw32/nios2-elf/lib/mhw-mulx\libc.a(lib_a-isattyr.o)
                0x0000000081122908                _isatty_r
 .text          0x000000008112295c        0x0 c:/intelfpga/18.1/nios2eds/bin/gnu/h-x86_64-mingw32/bin/../lib/gcc/nios2-elf/5.3.0/../../../../../H-x86_64-mingw32/nios2-elf/lib/mhw-mulx\libc.a(lib_a-locale.o)
 .text._setlocale_r
                0x000000008112295c       0x7c c:/intelfpga/18.1/nios2eds/bin/gnu/h-x86_64-mingw32/bin/../lib/gcc/nios2-elf/5.3.0/../../../../../H-x86_64-mingw32/nios2-elf/lib/mhw-mulx\libc.a(lib_a-locale.o)
                0x000000008112295c                _setlocale_r
 .text.__locale_charset
                0x00000000811229d8        0xc c:/intelfpga/18.1/nios2eds/bin/gnu/h-x86_64-mingw32/bin/../lib/gcc/nios2-elf/5.3.0/../../../../../H-x86_64-mingw32/nios2-elf/lib/mhw-mulx\libc.a(lib_a-locale.o)
                0x00000000811229d8                __locale_charset
 .text.__locale_mb_cur_max
                0x00000000811229e4       0x10 c:/intelfpga/18.1/nios2eds/bin/gnu/h-x86_64-mingw32/bin/../lib/gcc/nios2-elf/5.3.0/../../../../../H-x86_64-mingw32/nios2-elf/lib/mhw-mulx\libc.a(lib_a-locale.o)
                0x00000000811229e4                __locale_mb_cur_max
 .text.__locale_msgcharset
                0x00000000811229f4        0xc c:/intelfpga/18.1/nios2eds/bin/gnu/h-x86_64-mingw32/bin/../lib/gcc/nios2-elf/5.3.0/../../../../../H-x86_64-mingw32/nios2-elf/lib/mhw-mulx\libc.a(lib_a-locale.o)
                0x00000000811229f4                __locale_msgcharset
 .text.__locale_cjk_lang
                0x0000000081122a00        0x8 c:/intelfpga/18.1/nios2eds/bin/gnu/h-x86_64-mingw32/bin/../lib/gcc/nios2-elf/5.3.0/../../../../../H-x86_64-mingw32/nios2-elf/lib/mhw-mulx\libc.a(lib_a-locale.o)
                0x0000000081122a00                __locale_cjk_lang
 .text._localeconv_r
                0x0000000081122a08        0xc c:/intelfpga/18.1/nios2eds/bin/gnu/h-x86_64-mingw32/bin/../lib/gcc/nios2-elf/5.3.0/../../../../../H-x86_64-mingw32/nios2-elf/lib/mhw-mulx\libc.a(lib_a-locale.o)
                0x0000000081122a08                _localeconv_r
 .text.setlocale
                0x0000000081122a14       0x18 c:/intelfpga/18.1/nios2eds/bin/gnu/h-x86_64-mingw32/bin/../lib/gcc/nios2-elf/5.3.0/../../../../../H-x86_64-mingw32/nios2-elf/lib/mhw-mulx\libc.a(lib_a-locale.o)
                0x0000000081122a14                setlocale
 .text.localeconv
                0x0000000081122a2c        0xc c:/intelfpga/18.1/nios2eds/bin/gnu/h-x86_64-mingw32/bin/../lib/gcc/nios2-elf/5.3.0/../../../../../H-x86_64-mingw32/nios2-elf/lib/mhw-mulx\libc.a(lib_a-locale.o)
                0x0000000081122a2c                localeconv
 .text          0x0000000081122a38        0x0 c:/intelfpga/18.1/nios2eds/bin/gnu/h-x86_64-mingw32/bin/../lib/gcc/nios2-elf/5.3.0/../../../../../H-x86_64-mingw32/nios2-elf/lib/mhw-mulx\libc.a(lib_a-lseekr.o)
 .text._lseek_r
                0x0000000081122a38       0x60 c:/intelfpga/18.1/nios2eds/bin/gnu/h-x86_64-mingw32/bin/../lib/gcc/nios2-elf/5.3.0/../../../../../H-x86_64-mingw32/nios2-elf/lib/mhw-mulx\libc.a(lib_a-lseekr.o)
                0x0000000081122a38                _lseek_r
 .text          0x0000000081122a98        0x0 c:/intelfpga/18.1/nios2eds/bin/gnu/h-x86_64-mingw32/bin/../lib/gcc/nios2-elf/5.3.0/../../../../../H-x86_64-mingw32/nios2-elf/lib/mhw-mulx\libc.a(lib_a-memchr.o)
 .text.memchr   0x0000000081122a98       0xe4 c:/intelfpga/18.1/nios2eds/bin/gnu/h-x86_64-mingw32/bin/../lib/gcc/nios2-elf/5.3.0/../../../../../H-x86_64-mingw32/nios2-elf/lib/mhw-mulx\libc.a(lib_a-memchr.o)
                0x0000000081122a98                memchr
 .text          0x0000000081122b7c        0x0 c:/intelfpga/18.1/nios2eds/bin/gnu/h-x86_64-mingw32/bin/../lib/gcc/nios2-elf/5.3.0/../../../../../H-x86_64-mingw32/nios2-elf/lib/mhw-mulx\libc.a(lib_a-memmove.o)
 .text.memmove  0x0000000081122b7c      0x15c c:/intelfpga/18.1/nios2eds/bin/gnu/h-x86_64-mingw32/bin/../lib/gcc/nios2-elf/5.3.0/../../../../../H-x86_64-mingw32/nios2-elf/lib/mhw-mulx\libc.a(lib_a-memmove.o)
                0x0000000081122b7c                memmove
 .text          0x0000000081122cd8        0x0 c:/intelfpga/18.1/nios2eds/bin/gnu/h-x86_64-mingw32/bin/../lib/gcc/nios2-elf/5.3.0/../../../../../H-x86_64-mingw32/nios2-elf/lib/mhw-mulx\libc.a(lib_a-mprec.o)
 .text._Balloc  0x0000000081122cd8       0xa8 c:/intelfpga/18.1/nios2eds/bin/gnu/h-x86_64-mingw32/bin/../lib/gcc/nios2-elf/5.3.0/../../../../../H-x86_64-mingw32/nios2-elf/lib/mhw-mulx\libc.a(lib_a-mprec.o)
                0x0000000081122cd8                _Balloc
 .text._Bfree   0x0000000081122d80       0x28 c:/intelfpga/18.1/nios2eds/bin/gnu/h-x86_64-mingw32/bin/../lib/gcc/nios2-elf/5.3.0/../../../../../H-x86_64-mingw32/nios2-elf/lib/mhw-mulx\libc.a(lib_a-mprec.o)
                0x0000000081122d80                _Bfree
 .text.__multadd
                0x0000000081122da8      0x120 c:/intelfpga/18.1/nios2eds/bin/gnu/h-x86_64-mingw32/bin/../lib/gcc/nios2-elf/5.3.0/../../../../../H-x86_64-mingw32/nios2-elf/lib/mhw-mulx\libc.a(lib_a-mprec.o)
                0x0000000081122da8                __multadd
 .text.__s2b    0x0000000081122ec8      0x104 c:/intelfpga/18.1/nios2eds/bin/gnu/h-x86_64-mingw32/bin/../lib/gcc/nios2-elf/5.3.0/../../../../../H-x86_64-mingw32/nios2-elf/lib/mhw-mulx\libc.a(lib_a-mprec.o)
                0x0000000081122ec8                __s2b
 .text.__hi0bits
                0x0000000081122fcc       0x68 c:/intelfpga/18.1/nios2eds/bin/gnu/h-x86_64-mingw32/bin/../lib/gcc/nios2-elf/5.3.0/../../../../../H-x86_64-mingw32/nios2-elf/lib/mhw-mulx\libc.a(lib_a-mprec.o)
                0x0000000081122fcc                __hi0bits
 .text.__lo0bits
                0x0000000081123034       0xb0 c:/intelfpga/18.1/nios2eds/bin/gnu/h-x86_64-mingw32/bin/../lib/gcc/nios2-elf/5.3.0/../../../../../H-x86_64-mingw32/nios2-elf/lib/mhw-mulx\libc.a(lib_a-mprec.o)
                0x0000000081123034                __lo0bits
 .text.__i2b    0x00000000811230e4       0x3c c:/intelfpga/18.1/nios2eds/bin/gnu/h-x86_64-mingw32/bin/../lib/gcc/nios2-elf/5.3.0/../../../../../H-x86_64-mingw32/nios2-elf/lib/mhw-mulx\libc.a(lib_a-mprec.o)
                0x00000000811230e4                __i2b
 .text.__multiply
                0x0000000081123120      0x1f8 c:/intelfpga/18.1/nios2eds/bin/gnu/h-x86_64-mingw32/bin/../lib/gcc/nios2-elf/5.3.0/../../../../../H-x86_64-mingw32/nios2-elf/lib/mhw-mulx\libc.a(lib_a-mprec.o)
                0x0000000081123120                __multiply
 .text.__pow5mult
                0x0000000081123318      0x140 c:/intelfpga/18.1/nios2eds/bin/gnu/h-x86_64-mingw32/bin/../lib/gcc/nios2-elf/5.3.0/../../../../../H-x86_64-mingw32/nios2-elf/lib/mhw-mulx\libc.a(lib_a-mprec.o)
                0x0000000081123318                __pow5mult
 .text.__lshift
                0x0000000081123458      0x148 c:/intelfpga/18.1/nios2eds/bin/gnu/h-x86_64-mingw32/bin/../lib/gcc/nios2-elf/5.3.0/../../../../../H-x86_64-mingw32/nios2-elf/lib/mhw-mulx\libc.a(lib_a-mprec.o)
                0x0000000081123458                __lshift
 .text.__mcmp   0x00000000811235a0       0x60 c:/intelfpga/18.1/nios2eds/bin/gnu/h-x86_64-mingw32/bin/../lib/gcc/nios2-elf/5.3.0/../../../../../H-x86_64-mingw32/nios2-elf/lib/mhw-mulx\libc.a(lib_a-mprec.o)
                0x00000000811235a0                __mcmp
 .text.__mdiff  0x0000000081123600      0x1fc c:/intelfpga/18.1/nios2eds/bin/gnu/h-x86_64-mingw32/bin/../lib/gcc/nios2-elf/5.3.0/../../../../../H-x86_64-mingw32/nios2-elf/lib/mhw-mulx\libc.a(lib_a-mprec.o)
                0x0000000081123600                __mdiff
 .text.__ulp    0x00000000811237fc       0x64 c:/intelfpga/18.1/nios2eds/bin/gnu/h-x86_64-mingw32/bin/../lib/gcc/nios2-elf/5.3.0/../../../../../H-x86_64-mingw32/nios2-elf/lib/mhw-mulx\libc.a(lib_a-mprec.o)
                0x00000000811237fc                __ulp
 .text.__b2d    0x0000000081123860      0x10c c:/intelfpga/18.1/nios2eds/bin/gnu/h-x86_64-mingw32/bin/../lib/gcc/nios2-elf/5.3.0/../../../../../H-x86_64-mingw32/nios2-elf/lib/mhw-mulx\libc.a(lib_a-mprec.o)
                0x0000000081123860                __b2d
 .text.__d2b    0x000000008112396c      0x14c c:/intelfpga/18.1/nios2eds/bin/gnu/h-x86_64-mingw32/bin/../lib/gcc/nios2-elf/5.3.0/../../../../../H-x86_64-mingw32/nios2-elf/lib/mhw-mulx\libc.a(lib_a-mprec.o)
                0x000000008112396c                __d2b
 .text.__ratio  0x0000000081123ab8       0xa4 c:/intelfpga/18.1/nios2eds/bin/gnu/h-x86_64-mingw32/bin/../lib/gcc/nios2-elf/5.3.0/../../../../../H-x86_64-mingw32/nios2-elf/lib/mhw-mulx\libc.a(lib_a-mprec.o)
                0x0000000081123ab8                __ratio
 .text._mprec_log10
                0x0000000081123b5c       0x74 c:/intelfpga/18.1/nios2eds/bin/gnu/h-x86_64-mingw32/bin/../lib/gcc/nios2-elf/5.3.0/../../../../../H-x86_64-mingw32/nios2-elf/lib/mhw-mulx\libc.a(lib_a-mprec.o)
                0x0000000081123b5c                _mprec_log10
 .text.__copybits
                0x0000000081123bd0       0x78 c:/intelfpga/18.1/nios2eds/bin/gnu/h-x86_64-mingw32/bin/../lib/gcc/nios2-elf/5.3.0/../../../../../H-x86_64-mingw32/nios2-elf/lib/mhw-mulx\libc.a(lib_a-mprec.o)
                0x0000000081123bd0                __copybits
 .text.__any_on
                0x0000000081123c48       0x8c c:/intelfpga/18.1/nios2eds/bin/gnu/h-x86_64-mingw32/bin/../lib/gcc/nios2-elf/5.3.0/../../../../../H-x86_64-mingw32/nios2-elf/lib/mhw-mulx\libc.a(lib_a-mprec.o)
                0x0000000081123c48                __any_on
 .text          0x0000000081123cd4        0x0 c:/intelfpga/18.1/nios2eds/bin/gnu/h-x86_64-mingw32/bin/../lib/gcc/nios2-elf/5.3.0/../../../../../H-x86_64-mingw32/nios2-elf/lib/mhw-mulx\libc.a(lib_a-readr.o)
 .text._read_r  0x0000000081123cd4       0x60 c:/intelfpga/18.1/nios2eds/bin/gnu/h-x86_64-mingw32/bin/../lib/gcc/nios2-elf/5.3.0/../../../../../H-x86_64-mingw32/nios2-elf/lib/mhw-mulx\libc.a(lib_a-readr.o)
                0x0000000081123cd4                _read_r
 .text          0x0000000081123d34        0x0 c:/intelfpga/18.1/nios2eds/bin/gnu/h-x86_64-mingw32/bin/../lib/gcc/nios2-elf/5.3.0/../../../../../H-x86_64-mingw32/nios2-elf/lib/mhw-mulx\libc.a(lib_a-reallocr.o)
 .text._realloc_r
                0x0000000081123d34      0x564 c:/intelfpga/18.1/nios2eds/bin/gnu/h-x86_64-mingw32/bin/../lib/gcc/nios2-elf/5.3.0/../../../../../H-x86_64-mingw32/nios2-elf/lib/mhw-mulx\libc.a(lib_a-reallocr.o)
                0x0000000081123d34                _realloc_r
 .text          0x0000000081124298        0x0 c:/intelfpga/18.1/nios2eds/bin/gnu/h-x86_64-mingw32/bin/../lib/gcc/nios2-elf/5.3.0/../../../../../H-x86_64-mingw32/nios2-elf/lib/mhw-mulx\libc.a(lib_a-s_fpclassify.o)
 .text.__fpclassifyd
                0x0000000081124298       0x74 c:/intelfpga/18.1/nios2eds/bin/gnu/h-x86_64-mingw32/bin/../lib/gcc/nios2-elf/5.3.0/../../../../../H-x86_64-mingw32/nios2-elf/lib/mhw-mulx\libc.a(lib_a-s_fpclassify.o)
                0x0000000081124298                __fpclassifyd
 .text          0x000000008112430c        0x0 c:/intelfpga/18.1/nios2eds/bin/gnu/h-x86_64-mingw32/bin/../lib/gcc/nios2-elf/5.3.0/../../../../../H-x86_64-mingw32/nios2-elf/lib/mhw-mulx\libc.a(lib_a-strcmp.o)
 .text.strcmp   0x000000008112430c       0xdc c:/intelfpga/18.1/nios2eds/bin/gnu/h-x86_64-mingw32/bin/../lib/gcc/nios2-elf/5.3.0/../../../../../H-x86_64-mingw32/nios2-elf/lib/mhw-mulx\libc.a(lib_a-strcmp.o)
                0x000000008112430c                strcmp
 .text          0x00000000811243e8        0x0 c:/intelfpga/18.1/nios2eds/bin/gnu/h-x86_64-mingw32/bin/../lib/gcc/nios2-elf/5.3.0/../../../../../H-x86_64-mingw32/nios2-elf/lib/mhw-mulx\libc.a(lib_a-svfiprintf.o)
 .text.__ssprint_r
                0x00000000811243e8      0x1d0 c:/intelfpga/18.1/nios2eds/bin/gnu/h-x86_64-mingw32/bin/../lib/gcc/nios2-elf/5.3.0/../../../../../H-x86_64-mingw32/nios2-elf/lib/mhw-mulx\libc.a(lib_a-svfiprintf.o)
                0x00000000811243e8                __ssprint_r
 .text.___svfiprintf_internal_r
                0x00000000811245b8     0x123c c:/intelfpga/18.1/nios2eds/bin/gnu/h-x86_64-mingw32/bin/../lib/gcc/nios2-elf/5.3.0/../../../../../H-x86_64-mingw32/nios2-elf/lib/mhw-mulx\libc.a(lib_a-svfiprintf.o)
                0x00000000811245b8                ___svfiprintf_internal_r
 .text          0x00000000811257f4        0x0 c:/intelfpga/18.1/nios2eds/bin/gnu/h-x86_64-mingw32/bin/../lib/gcc/nios2-elf/5.3.0/../../../../../H-x86_64-mingw32/nios2-elf/lib/mhw-mulx\libc.a(lib_a-vfiprintf.o)
 .text.__sprint_r.part.0
                0x00000000811257f4       0xfc c:/intelfpga/18.1/nios2eds/bin/gnu/h-x86_64-mingw32/bin/../lib/gcc/nios2-elf/5.3.0/../../../../../H-x86_64-mingw32/nios2-elf/lib/mhw-mulx\libc.a(lib_a-vfiprintf.o)
 .text.__sprint_r
                0x00000000811258f0       0x18 c:/intelfpga/18.1/nios2eds/bin/gnu/h-x86_64-mingw32/bin/../lib/gcc/nios2-elf/5.3.0/../../../../../H-x86_64-mingw32/nios2-elf/lib/mhw-mulx\libc.a(lib_a-vfiprintf.o)
                0x00000000811258f0                __sprint_r
 .text.___vfiprintf_internal_r
                0x0000000081125908     0x145c c:/intelfpga/18.1/nios2eds/bin/gnu/h-x86_64-mingw32/bin/../lib/gcc/nios2-elf/5.3.0/../../../../../H-x86_64-mingw32/nios2-elf/lib/mhw-mulx\libc.a(lib_a-vfiprintf.o)
                0x0000000081125908                ___vfiprintf_internal_r
 .text.__vfiprintf_internal
                0x0000000081126d64       0x1c c:/intelfpga/18.1/nios2eds/bin/gnu/h-x86_64-mingw32/bin/../lib/gcc/nios2-elf/5.3.0/../../../../../H-x86_64-mingw32/nios2-elf/lib/mhw-mulx\libc.a(lib_a-vfiprintf.o)
                0x0000000081126d64                __vfiprintf_internal
 .text.__sbprintf
                0x0000000081126d80       0xbc c:/intelfpga/18.1/nios2eds/bin/gnu/h-x86_64-mingw32/bin/../lib/gcc/nios2-elf/5.3.0/../../../../../H-x86_64-mingw32/nios2-elf/lib/mhw-mulx\libc.a(lib_a-vfiprintf.o)
 .text          0x0000000081126e3c        0x0 c:/intelfpga/18.1/nios2eds/bin/gnu/h-x86_64-mingw32/bin/../lib/gcc/nios2-elf/5.3.0/../../../../../H-x86_64-mingw32/nios2-elf/lib/mhw-mulx\libc.a(lib_a-callocr.o)
 .text._calloc_r
                0x0000000081126e3c       0xc4 c:/intelfpga/18.1/nios2eds/bin/gnu/h-x86_64-mingw32/bin/../lib/gcc/nios2-elf/5.3.0/../../../../../H-x86_64-mingw32/nios2-elf/lib/mhw-mulx\libc.a(lib_a-callocr.o)
                0x0000000081126e3c                _calloc_r
 .text          0x0000000081126f00        0x0 c:/intelfpga/18.1/nios2eds/bin/gnu/h-x86_64-mingw32/bin/../lib/gcc/nios2-elf/5.3.0/../../../../../H-x86_64-mingw32/nios2-elf/lib/mhw-mulx\libc.a(lib_a-fclose.o)
 .text._fclose_r
                0x0000000081126f00       0xf0 c:/intelfpga/18.1/nios2eds/bin/gnu/h-x86_64-mingw32/bin/../lib/gcc/nios2-elf/5.3.0/../../../../../H-x86_64-mingw32/nios2-elf/lib/mhw-mulx\libc.a(lib_a-fclose.o)
                0x0000000081126f00                _fclose_r
 .text.fclose   0x0000000081126ff0       0x14 c:/intelfpga/18.1/nios2eds/bin/gnu/h-x86_64-mingw32/bin/../lib/gcc/nios2-elf/5.3.0/../../../../../H-x86_64-mingw32/nios2-elf/lib/mhw-mulx\libc.a(lib_a-fclose.o)
                0x0000000081126ff0                fclose
 .text          0x0000000081127004        0x0 c:/intelfpga/18.1/nios2eds/bin/gnu/h-x86_64-mingw32/bin/../lib/gcc/nios2-elf/5.3.0/../../../../../H-x86_64-mingw32/nios2-elf/lib/mhw-mulx\libc.a(lib_a-fputwc.o)
 .text.__fputwc
                0x0000000081127004      0x164 c:/intelfpga/18.1/nios2eds/bin/gnu/h-x86_64-mingw32/bin/../lib/gcc/nios2-elf/5.3.0/../../../../../H-x86_64-mingw32/nios2-elf/lib/mhw-mulx\libc.a(lib_a-fputwc.o)
                0x0000000081127004                __fputwc
 .text._fputwc_r
                0x0000000081127168       0x24 c:/intelfpga/18.1/nios2eds/bin/gnu/h-x86_64-mingw32/bin/../lib/gcc/nios2-elf/5.3.0/../../../../../H-x86_64-mingw32/nios2-elf/lib/mhw-mulx\libc.a(lib_a-fputwc.o)
                0x0000000081127168                _fputwc_r
 .text.fputwc   0x000000008112718c       0x80 c:/intelfpga/18.1/nios2eds/bin/gnu/h-x86_64-mingw32/bin/../lib/gcc/nios2-elf/5.3.0/../../../../../H-x86_64-mingw32/nios2-elf/lib/mhw-mulx\libc.a(lib_a-fputwc.o)
                0x000000008112718c                fputwc
 .text          0x000000008112720c        0x0 c:/intelfpga/18.1/nios2eds/bin/gnu/h-x86_64-mingw32/bin/../lib/gcc/nios2-elf/5.3.0/../../../../../H-x86_64-mingw32/nios2-elf/lib/mhw-mulx\libc.a(lib_a-wcrtomb.o)
 .text._wcrtomb_r
                0x000000008112720c       0x9c c:/intelfpga/18.1/nios2eds/bin/gnu/h-x86_64-mingw32/bin/../lib/gcc/nios2-elf/5.3.0/../../../../../H-x86_64-mingw32/nios2-elf/lib/mhw-mulx\libc.a(lib_a-wcrtomb.o)
                0x000000008112720c                _wcrtomb_r
 .text.wcrtomb  0x00000000811272a8       0xc0 c:/intelfpga/18.1/nios2eds/bin/gnu/h-x86_64-mingw32/bin/../lib/gcc/nios2-elf/5.3.0/../../../../../H-x86_64-mingw32/nios2-elf/lib/mhw-mulx\libc.a(lib_a-wcrtomb.o)
                0x00000000811272a8                wcrtomb
 .text          0x0000000081127368        0x0 c:/intelfpga/18.1/nios2eds/bin/gnu/h-x86_64-mingw32/bin/../lib/gcc/nios2-elf/5.3.0/../../../../../H-x86_64-mingw32/nios2-elf/lib/mhw-mulx\libc.a(lib_a-wctomb_r.o)
 .text.__ascii_wctomb
                0x0000000081127368       0x30 c:/intelfpga/18.1/nios2eds/bin/gnu/h-x86_64-mingw32/bin/../lib/gcc/nios2-elf/5.3.0/../../../../../H-x86_64-mingw32/nios2-elf/lib/mhw-mulx\libc.a(lib_a-wctomb_r.o)
                0x0000000081127368                __ascii_wctomb
 .text._wctomb_r
                0x0000000081127398       0x5c c:/intelfpga/18.1/nios2eds/bin/gnu/h-x86_64-mingw32/bin/../lib/gcc/nios2-elf/5.3.0/../../../../../H-x86_64-mingw32/nios2-elf/lib/mhw-mulx\libc.a(lib_a-wctomb_r.o)
                0x0000000081127398                _wctomb_r
 .text          0x00000000811273f4      0x578 c:/intelfpga/18.1/nios2eds/bin/gnu/h-x86_64-mingw32/bin/../lib/gcc/nios2-elf/5.3.0/mhw-mulx\libgcc.a(_udivdi3.o)
                0x00000000811273f4                __udivdi3
 .text          0x000000008112796c      0x538 c:/intelfpga/18.1/nios2eds/bin/gnu/h-x86_64-mingw32/bin/../lib/gcc/nios2-elf/5.3.0/mhw-mulx\libgcc.a(_umoddi3.o)
                0x000000008112796c                __umoddi3
 .text          0x0000000081127ea4       0x88 c:/intelfpga/18.1/nios2eds/bin/gnu/h-x86_64-mingw32/bin/../lib/gcc/nios2-elf/5.3.0/mhw-mulx\libgcc.a(eqdf2.o)
                0x0000000081127ea4                __nedf2
                0x0000000081127ea4                __eqdf2
 .text          0x0000000081127f2c       0xf4 c:/intelfpga/18.1/nios2eds/bin/gnu/h-x86_64-mingw32/bin/../lib/gcc/nios2-elf/5.3.0/mhw-mulx\libgcc.a(ledf2.o)
                0x0000000081127f2c                __ledf2
                0x0000000081127f2c                __ltdf2
 .text          0x0000000081128020      0x128 ../DLR_Hw_Testbench_bsp/\libhal_bsp.a(alt_busy_sleep.o)
                0x0000000081128020                alt_busy_sleep
 .text          0x0000000081128148      0x10c ../DLR_Hw_Testbench_bsp/\libhal_bsp.a(alt_close.o)
                0x0000000081128184                close
 .text          0x0000000081128254       0x20 ../DLR_Hw_Testbench_bsp/\libhal_bsp.a(alt_dcache_flush_all.o)
                0x0000000081128254                alt_dcache_flush_all
 .text          0x0000000081128274       0x2c ../DLR_Hw_Testbench_bsp/\libhal_bsp.a(alt_dev.o)
 .text          0x00000000811282a0        0x0 ../DLR_Hw_Testbench_bsp/\libhal_bsp.a(alt_errno.o)
 .text          0x00000000811282a0       0xec ../DLR_Hw_Testbench_bsp/\libhal_bsp.a(alt_fstat.o)
                0x00000000811282dc                fstat
 .text          0x000000008112838c      0x180 ../DLR_Hw_Testbench_bsp/\libhal_bsp.a(alt_irq_register.o)
                0x000000008112838c                alt_irq_register
 .text          0x000000008112850c        0x0 ../DLR_Hw_Testbench_bsp/\libhal_bsp.a(alt_irq_vars.o)
 .text          0x000000008112850c       0xe0 ../DLR_Hw_Testbench_bsp/\libhal_bsp.a(alt_isatty.o)
                0x0000000081128548                isatty
 .text          0x00000000811285ec      0x110 ../DLR_Hw_Testbench_bsp/\libhal_bsp.a(alt_lseek.o)
                0x0000000081128628                lseek
 .text          0x00000000811286fc       0x7c ../DLR_Hw_Testbench_bsp/\libhal_bsp.a(alt_main.o)
                0x00000000811286fc                alt_main
 .text          0x0000000081128778       0x48 ../DLR_Hw_Testbench_bsp/\libhal_bsp.a(alt_malloc_lock.o)
                0x0000000081128778                __malloc_lock
                0x000000008112879c                __malloc_unlock
 .text          0x00000000811287c0      0x254 ../DLR_Hw_Testbench_bsp/\libhal_bsp.a(alt_open.o)
                0x00000000811288c0                open
 .text          0x0000000081128a14      0x138 ../DLR_Hw_Testbench_bsp/\libhal_bsp.a(alt_read.o)
                0x0000000081128a50                read
 .text          0x0000000081128b4c       0x64 ../DLR_Hw_Testbench_bsp/\libhal_bsp.a(alt_release_fd.o)
                0x0000000081128b4c                alt_release_fd
 .text          0x0000000081128bb0       0xb0 ../DLR_Hw_Testbench_bsp/\libhal_bsp.a(alt_sbrk.o)
                0x0000000081128bb0                sbrk
 .text          0x0000000081128c60      0x1a4 ../DLR_Hw_Testbench_bsp/\libhal_bsp.a(alt_tick.o)
                0x0000000081128c60                alt_alarm_stop
                0x0000000081128cfc                alt_tick
 .text          0x0000000081128e04       0x30 ../DLR_Hw_Testbench_bsp/\libhal_bsp.a(alt_usleep.o)
                0x0000000081128e04                usleep
 .text          0x0000000081128e34      0x134 ../DLR_Hw_Testbench_bsp/\libhal_bsp.a(alt_write.o)
                0x0000000081128e70                write
 .text          0x0000000081128f68       0xfc ../DLR_Hw_Testbench_bsp/\libhal_bsp.a(alt_sys_init.o)
                0x0000000081128f9c                alt_irq_init
                0x0000000081128fd4                alt_sys_init
 .text          0x0000000081129064      0x164 ../DLR_Hw_Testbench_bsp/\libhal_bsp.a(altera_avalon_jtag_uart_fd.o)
                0x0000000081129064                altera_avalon_jtag_uart_read_fd
                0x00000000811290c4                altera_avalon_jtag_uart_write_fd
                0x0000000081129124                altera_avalon_jtag_uart_close_fd
                0x0000000081129174                altera_avalon_jtag_uart_ioctl_fd
 .text          0x00000000811291c8      0x3d4 ../DLR_Hw_Testbench_bsp/\libhal_bsp.a(altera_avalon_jtag_uart_init.o)
                0x00000000811291c8                altera_avalon_jtag_uart_init
                0x0000000081129534                altera_avalon_jtag_uart_close
 .text          0x000000008112959c       0xf0 ../DLR_Hw_Testbench_bsp/\libhal_bsp.a(altera_avalon_jtag_uart_ioctl.o)
                0x000000008112959c                altera_avalon_jtag_uart_ioctl
 .text          0x000000008112968c      0x21c ../DLR_Hw_Testbench_bsp/\libhal_bsp.a(altera_avalon_jtag_uart_read.o)
                0x000000008112968c                altera_avalon_jtag_uart_read
 .text          0x00000000811298a8      0x224 ../DLR_Hw_Testbench_bsp/\libhal_bsp.a(altera_avalon_jtag_uart_write.o)
                0x00000000811298a8                altera_avalon_jtag_uart_write
 .text          0x0000000081129acc       0xf4 ../DLR_Hw_Testbench_bsp/\libhal_bsp.a(altera_avalon_timer_sc.o)
                0x0000000081129b44                alt_avalon_timer_sc_init
 .text          0x0000000081129bc0      0x110 ../DLR_Hw_Testbench_bsp/\libhal_bsp.a(altera_avalon_uart_fd.o)
                0x0000000081129bc0                altera_avalon_uart_read_fd
                0x0000000081129c20                altera_avalon_uart_write_fd
                0x0000000081129c80                altera_avalon_uart_close_fd
 .text          0x0000000081129cd0      0x3c8 ../DLR_Hw_Testbench_bsp/\libhal_bsp.a(altera_avalon_uart_init.o)
                0x0000000081129cd0                altera_avalon_uart_init
                0x000000008112a044                altera_avalon_uart_close
 .text          0x000000008112a098      0x218 ../DLR_Hw_Testbench_bsp/\libhal_bsp.a(altera_avalon_uart_read.o)
                0x000000008112a0d4                altera_avalon_uart_read
 .text          0x000000008112a2b0      0x1e8 ../DLR_Hw_Testbench_bsp/\libhal_bsp.a(altera_avalon_uart_write.o)
                0x000000008112a2ec                altera_avalon_uart_write
 .text          0x000000008112a498      0x12c ../DLR_Hw_Testbench_bsp/\libhal_bsp.a(alt_alarm_start.o)
                0x000000008112a498                alt_alarm_start
 .text          0x000000008112a5c4       0xe0 ../DLR_Hw_Testbench_bsp/\libhal_bsp.a(alt_dev_llist_insert.o)
                0x000000008112a600                alt_dev_llist_insert
 .text          0x000000008112a6a4       0x60 ../DLR_Hw_Testbench_bsp/\libhal_bsp.a(alt_do_ctors.o)
                0x000000008112a6a4                _do_ctors
 .text          0x000000008112a704       0x60 ../DLR_Hw_Testbench_bsp/\libhal_bsp.a(alt_do_dtors.o)
                0x000000008112a704                _do_dtors
 .text          0x000000008112a764       0x90 ../DLR_Hw_Testbench_bsp/\libhal_bsp.a(alt_find_dev.o)
                0x000000008112a764                alt_find_dev
 .text          0x000000008112a7f4      0x108 ../DLR_Hw_Testbench_bsp/\libhal_bsp.a(alt_find_file.o)
                0x000000008112a7f4                alt_find_file
 .text          0x000000008112a8fc       0xa4 ../DLR_Hw_Testbench_bsp/\libhal_bsp.a(alt_get_fd.o)
                0x000000008112a8fc                alt_get_fd
 .text          0x000000008112a9a0      0x1b0 ../DLR_Hw_Testbench_bsp/\libhal_bsp.a(alt_iic.o)
                0x000000008112a9a0                alt_ic_isr_register
                0x000000008112a9f0                alt_ic_irq_enable
                0x000000008112aa78                alt_ic_irq_disable
                0x000000008112ab04                alt_ic_irq_enabled
 .text          0x000000008112ab50       0xf0 ../DLR_Hw_Testbench_bsp/\libhal_bsp.a(alt_iic_isr_register.o)
                0x000000008112ab50                alt_iic_isr_register
 .text          0x000000008112ac40      0x140 ../DLR_Hw_Testbench_bsp/\libhal_bsp.a(alt_io_redirect.o)
                0x000000008112ad04                alt_io_redirect
 .text          0x000000008112ad80        0x0 ../DLR_Hw_Testbench_bsp/\libhal_bsp.a(alt_irq_entry.o)
 .text          0x000000008112ad80        0x0 ../DLR_Hw_Testbench_bsp/\libhal_bsp.a(alt_irq_handler.o)
 .text          0x000000008112ad80       0x24 ../DLR_Hw_Testbench_bsp/\libhal_bsp.a(altera_nios2_gen2_irq.o)
                0x000000008112ad80                altera_nios2_gen2_irq_init
 .text          0x000000008112ada4        0x0 ../DLR_Hw_Testbench_bsp/\libhal_bsp.a(alt_exception_entry.o)
 .text          0x000000008112ada4       0x9c ../DLR_Hw_Testbench_bsp/\libhal_bsp.a(alt_instruction_exception_entry.o)
                0x000000008112ada4                alt_exception_cause_generated_bad_addr
 .text          0x000000008112ae40        0x0 c:/intelfpga/18.1/nios2eds/bin/gnu/h-x86_64-mingw32/bin/../lib/gcc/nios2-elf/5.3.0/../../../../../H-x86_64-mingw32/nios2-elf/lib/mhw-mulx\libc.a(lib_a-atexit.o)
 .text.atexit   0x000000008112ae40       0x14 c:/intelfpga/18.1/nios2eds/bin/gnu/h-x86_64-mingw32/bin/../lib/gcc/nios2-elf/5.3.0/../../../../../H-x86_64-mingw32/nios2-elf/lib/mhw-mulx\libc.a(lib_a-atexit.o)
                0x000000008112ae40                atexit
 .text          0x000000008112ae54        0x0 c:/intelfpga/18.1/nios2eds/bin/gnu/h-x86_64-mingw32/bin/../lib/gcc/nios2-elf/5.3.0/../../../../../H-x86_64-mingw32/nios2-elf/lib/mhw-mulx\libc.a(lib_a-exit.o)
 .text.exit     0x000000008112ae54       0x38 c:/intelfpga/18.1/nios2eds/bin/gnu/h-x86_64-mingw32/bin/../lib/gcc/nios2-elf/5.3.0/../../../../../H-x86_64-mingw32/nios2-elf/lib/mhw-mulx\libc.a(lib_a-exit.o)
                0x000000008112ae54                exit
 .text          0x000000008112ae8c        0x0 c:/intelfpga/18.1/nios2eds/bin/gnu/h-x86_64-mingw32/bin/../lib/gcc/nios2-elf/5.3.0/../../../../../H-x86_64-mingw32/nios2-elf/lib/mhw-mulx\libc.a(lib_a-memcmp.o)
 .text.memcmp   0x000000008112ae8c       0x7c c:/intelfpga/18.1/nios2eds/bin/gnu/h-x86_64-mingw32/bin/../lib/gcc/nios2-elf/5.3.0/../../../../../H-x86_64-mingw32/nios2-elf/lib/mhw-mulx\libc.a(lib_a-memcmp.o)
                0x000000008112ae8c                memcmp
 .text          0x000000008112af08        0x0 c:/intelfpga/18.1/nios2eds/bin/gnu/h-x86_64-mingw32/bin/../lib/gcc/nios2-elf/5.3.0/../../../../../H-x86_64-mingw32/nios2-elf/lib/mhw-mulx\libc.a(lib_a-__atexit.o)
 .text.__register_exitproc
                0x000000008112af08      0x118 c:/intelfpga/18.1/nios2eds/bin/gnu/h-x86_64-mingw32/bin/../lib/gcc/nios2-elf/5.3.0/../../../../../H-x86_64-mingw32/nios2-elf/lib/mhw-mulx\libc.a(lib_a-__atexit.o)
                0x000000008112af08                __register_exitproc
 .text          0x000000008112b020        0x0 c:/intelfpga/18.1/nios2eds/bin/gnu/h-x86_64-mingw32/bin/../lib/gcc/nios2-elf/5.3.0/../../../../../H-x86_64-mingw32/nios2-elf/lib/mhw-mulx\libc.a(lib_a-__call_atexit.o)
 .text.__call_exitprocs
                0x000000008112b020      0x180 c:/intelfpga/18.1/nios2eds/bin/gnu/h-x86_64-mingw32/bin/../lib/gcc/nios2-elf/5.3.0/../../../../../H-x86_64-mingw32/nios2-elf/lib/mhw-mulx\libc.a(lib_a-__call_atexit.o)
                0x000000008112b020                __call_exitprocs
 .text          0x000000008112b1a0       0x34 ../DLR_Hw_Testbench_bsp/\libhal_bsp.a(alt_exit.o)
                0x000000008112b1a0                _exit
 *(.gnu.warning.*)
 *(.fini)
                [!provide]                        PROVIDE (__etext, ABSOLUTE (.))
                [!provide]                        PROVIDE (_etext, ABSOLUTE (.))
                [!provide]                        PROVIDE (etext, ABSOLUTE (.))
 *(.eh_frame_hdr)
                0x000000008112b1d4                . = ALIGN (0x4)
                [!provide]                        PROVIDE (__preinit_array_start, ABSOLUTE (.))
 *(.preinit_array)
                [!provide]                        PROVIDE (__preinit_array_end, ABSOLUTE (.))
                [!provide]                        PROVIDE (__init_array_start, ABSOLUTE (.))
 *(.init_array)
                [!provide]                        PROVIDE (__init_array_end, ABSOLUTE (.))
                [!provide]                        PROVIDE (__fini_array_start, ABSOLUTE (.))
 *(.fini_array)
                [!provide]                        PROVIDE (__fini_array_end, ABSOLUTE (.))
 *(.eh_frame)
 *(.gcc_except_table .gcc_except_table.*)
 *(.dynamic)
                0x000000008112b1d4                PROVIDE (__CTOR_LIST__, ABSOLUTE (.))
 *(.ctors)
 *(SORT(.ctors.*))
                0x000000008112b1d4                PROVIDE (__CTOR_END__, ABSOLUTE (.))
                0x000000008112b1d4                PROVIDE (__DTOR_LIST__, ABSOLUTE (.))
 *(.dtors)
 *(SORT(.dtors.*))
                0x000000008112b1d4                PROVIDE (__DTOR_END__, ABSOLUTE (.))
 *(.jcr)
                0x000000008112b1d4                . = ALIGN (0x4)

.rodata         0x000000008112b1d4     0xa254
                [!provide]                        PROVIDE (__ram_rodata_start, ABSOLUTE (.))
                0x000000008112b1d4                . = ALIGN (0x4)
 *(.rodata .rodata.* .gnu.linkonce.r.*)
 .rodata        0x000000008112b1d4      0xad9 obj/default/api_driver/ddr2/ddr2.o
 *fill*         0x000000008112bcad        0x3 
 .rodata        0x000000008112bcb0      0x443 obj/default/api_driver/sense/sense.o
 *fill*         0x000000008112c0f3        0x1 
 .rodata        0x000000008112c0f4       0xc8 obj/default/driver/comm/fee_buffers/fee_buffers.o
 .rodata        0x000000008112c1bc       0x7d obj/default/driver/comm/rmap/rmap.o
 *fill*         0x000000008112c239        0x3 
 .rodata        0x000000008112c23c       0x3b obj/default/driver/rtcc_spi/rtcc_spi.o
 *fill*         0x000000008112c277        0x1 
 .rodata        0x000000008112c278      0x1dd obj/default/driver/sync/sync.o
 *fill*         0x000000008112c455        0x3 
 .rodata        0x000000008112c458      0x1cf obj/default/hello_world.o
 *fill*         0x000000008112c627        0x1 
 .rodata        0x000000008112c628     0x8610 obj/default/utils/initialization_simucam.o
 .rodata        0x0000000081134c38      0x403 obj/default/utils/test_module_simucam.o
 *fill*         0x000000008113503b        0x1 
 .rodata        0x000000008113503c       0x70 obj/default/utils/util.o
 .rodata        0x00000000811350ac      0x100 c:/intelfpga/18.1/nios2eds/bin/gnu/h-x86_64-mingw32/bin/../lib/gcc/nios2-elf/5.3.0/mhw-mulx\libgcc.a(_clz.o)
                0x00000000811350ac                __clz_tab
 .rodata.str1.4
                0x00000000811351ac        0x2 c:/intelfpga/18.1/nios2eds/bin/gnu/h-x86_64-mingw32/bin/../lib/gcc/nios2-elf/5.3.0/../../../../../H-x86_64-mingw32/nios2-elf/lib/mhw-mulx\libc.a(lib_a-impure.o)
 *fill*         0x00000000811351ae        0x2 
 .rodata.str1.4
                0x00000000811351b0        0x2 c:/intelfpga/18.1/nios2eds/bin/gnu/h-x86_64-mingw32/bin/../lib/gcc/nios2-elf/5.3.0/../../../../../H-x86_64-mingw32/nios2-elf/lib/mhw-mulx\libc.a(lib_a-puts.o)
 *fill*         0x00000000811351b2        0x2 
 .rodata.str1.4
                0x00000000811351b4       0x42 c:/intelfpga/18.1/nios2eds/bin/gnu/h-x86_64-mingw32/bin/../lib/gcc/nios2-elf/5.3.0/../../../../../H-x86_64-mingw32/nios2-elf/lib/mhw-mulx\libc.a(lib_a-svfprintf.o)
 .rodata.zeroes.4389