Archive member included to satisfy reference by file (symbol)

c:/intelfpga/18.1/nios2eds/bin/gnu/h-x86_64-mingw32/bin/../lib/gcc/nios2-elf/5.3.0/../../../../../H-x86_64-mingw32/nios2-elf/lib/mhw-mulx\libm.a(lib_a-s_round.o)
                              obj/default/driver/comm/spw_controller/spw_controller.o (round)
c:/intelfpga/18.1/nios2eds/bin/gnu/h-x86_64-mingw32/bin/../lib/gcc/nios2-elf/5.3.0/mhw-mulx\libgcc.a(_fixunsdfsi.o)
                              obj/default/driver/comm/spw_controller/spw_controller.o (__fixunsdfsi)
c:/intelfpga/18.1/nios2eds/bin/gnu/h-x86_64-mingw32/bin/../lib/gcc/nios2-elf/5.3.0/mhw-mulx\libgcc.a(divsf3.o)
                              obj/default/api_driver/ddr2/ddr2.o (__divsf3)
c:/intelfpga/18.1/nios2eds/bin/gnu/h-x86_64-mingw32/bin/../lib/gcc/nios2-elf/5.3.0/mhw-mulx\libgcc.a(mulsf3.o)
                              obj/default/api_driver/sense/sense.o (__mulsf3)
c:/intelfpga/18.1/nios2eds/bin/gnu/h-x86_64-mingw32/bin/../lib/gcc/nios2-elf/5.3.0/mhw-mulx\libgcc.a(floatsisf.o)
                              obj/default/api_driver/ddr2/ddr2.o (__floatsisf)
c:/intelfpga/18.1/nios2eds/bin/gnu/h-x86_64-mingw32/bin/../lib/gcc/nios2-elf/5.3.0/mhw-mulx\libgcc.a(floatunsisf.o)
                              obj/default/api_driver/ddr2/ddr2.o (__floatunsisf)
c:/intelfpga/18.1/nios2eds/bin/gnu/h-x86_64-mingw32/bin/../lib/gcc/nios2-elf/5.3.0/mhw-mulx\libgcc.a(adddf3.o)
                              c:/intelfpga/18.1/nios2eds/bin/gnu/h-x86_64-mingw32/bin/../lib/gcc/nios2-elf/5.3.0/../../../../../H-x86_64-mingw32/nios2-elf/lib/mhw-mulx\libm.a(lib_a-s_round.o) (__adddf3)
c:/intelfpga/18.1/nios2eds/bin/gnu/h-x86_64-mingw32/bin/../lib/gcc/nios2-elf/5.3.0/mhw-mulx\libgcc.a(divdf3.o)
                              obj/default/driver/comm/spw_controller/spw_controller.o (__divdf3)
c:/intelfpga/18.1/nios2eds/bin/gnu/h-x86_64-mingw32/bin/../lib/gcc/nios2-elf/5.3.0/mhw-mulx\libgcc.a(gedf2.o)
                              c:/intelfpga/18.1/nios2eds/bin/gnu/h-x86_64-mingw32/bin/../lib/gcc/nios2-elf/5.3.0/mhw-mulx\libgcc.a(_fixunsdfsi.o) (__gedf2)
c:/intelfpga/18.1/nios2eds/bin/gnu/h-x86_64-mingw32/bin/../lib/gcc/nios2-elf/5.3.0/mhw-mulx\libgcc.a(muldf3.o)
                              obj/default/api_driver/sense/sense.o (__muldf3)
c:/intelfpga/18.1/nios2eds/bin/gnu/h-x86_64-mingw32/bin/../lib/gcc/nios2-elf/5.3.0/mhw-mulx\libgcc.a(subdf3.o)
                              c:/intelfpga/18.1/nios2eds/bin/gnu/h-x86_64-mingw32/bin/../lib/gcc/nios2-elf/5.3.0/mhw-mulx\libgcc.a(_fixunsdfsi.o) (__subdf3)
c:/intelfpga/18.1/nios2eds/bin/gnu/h-x86_64-mingw32/bin/../lib/gcc/nios2-elf/5.3.0/mhw-mulx\libgcc.a(fixdfsi.o)
                              c:/intelfpga/18.1/nios2eds/bin/gnu/h-x86_64-mingw32/bin/../lib/gcc/nios2-elf/5.3.0/mhw-mulx\libgcc.a(_fixunsdfsi.o) (__fixdfsi)
c:/intelfpga/18.1/nios2eds/bin/gnu/h-x86_64-mingw32/bin/../lib/gcc/nios2-elf/5.3.0/mhw-mulx\libgcc.a(floatsidf.o)
                              obj/default/driver/sync/sync.o (__floatsidf)
c:/intelfpga/18.1/nios2eds/bin/gnu/h-x86_64-mingw32/bin/../lib/gcc/nios2-elf/5.3.0/mhw-mulx\libgcc.a(floatunsidf.o)
                              obj/default/driver/sync/sync.o (__floatunsidf)
c:/intelfpga/18.1/nios2eds/bin/gnu/h-x86_64-mingw32/bin/../lib/gcc/nios2-elf/5.3.0/mhw-mulx\libgcc.a(extendsfdf2.o)
                              obj/default/api_driver/ddr2/ddr2.o (__extendsfdf2)
c:/intelfpga/18.1/nios2eds/bin/gnu/h-x86_64-mingw32/bin/../lib/gcc/nios2-elf/5.3.0/mhw-mulx\libgcc.a(truncdfsf2.o)
                              obj/default/api_driver/sense/sense.o (__truncdfsf2)
c:/intelfpga/18.1/nios2eds/bin/gnu/h-x86_64-mingw32/bin/../lib/gcc/nios2-elf/5.3.0/mhw-mulx\libgcc.a(_clzsi2.o)
                              c:/intelfpga/18.1/nios2eds/bin/gnu/h-x86_64-mingw32/bin/../lib/gcc/nios2-elf/5.3.0/mhw-mulx\libgcc.a(divsf3.o) (__clzsi2)
c:/intelfpga/18.1/nios2eds/bin/gnu/h-x86_64-mingw32/bin/../lib/gcc/nios2-elf/5.3.0/mhw-mulx\libgcc.a(lib2-divmod.o)
                              c:/intelfpga/18.1/nios2eds/bin/gnu/h-x86_64-mingw32/bin/../lib/gcc/nios2-elf/5.3.0/mhw-mulx\libgcc.a(divdf3.o) (__udivsi3)
c:/intelfpga/18.1/nios2eds/bin/gnu/h-x86_64-mingw32/bin/../lib/gcc/nios2-elf/5.3.0/mhw-mulx\libgcc.a(_clz.o)
                              c:/intelfpga/18.1/nios2eds/bin/gnu/h-x86_64-mingw32/bin/../lib/gcc/nios2-elf/5.3.0/mhw-mulx\libgcc.a(_clzsi2.o) (__clz_tab)
c:/intelfpga/18.1/nios2eds/bin/gnu/h-x86_64-mingw32/bin/../lib/gcc/nios2-elf/5.3.0/../../../../../H-x86_64-mingw32/nios2-elf/lib/mhw-mulx\libc.a(lib_a-fopen.o)
                              obj/default/hello_world.o (fopen)
c:/intelfpga/18.1/nios2eds/bin/gnu/h-x86_64-mingw32/bin/../lib/gcc/nios2-elf/5.3.0/../../../../../H-x86_64-mingw32/nios2-elf/lib/mhw-mulx\libc.a(lib_a-fprintf.o)
                              obj/default/driver/comm/fee_buffers/fee_buffers.o (fprintf)
[...]
Memory Configuration

Name             Origin             Length             Attributes
onchip_memory_BEFORE_EXCEPTION 0x0000000081100000 0x0000000000000020
onchip_memory    0x0000000081100020 0x00000000000affe0
ext_flash_BEFORE_RESET 0x0000000084000000 0x0000000002020000
reset            0x0000000086020000 0x0000000000000020
ext_flash        0x0000000086020020 0x0000000001fdffe0
*default*        0x0000000000000000 0xffffffffffffffff

Linker script and memory map

LOAD ../DLR_Hw_Testbench_bsp//obj/HAL/src/crt0.o
LOAD obj/default/api_driver/ddr2/ddr2.o
LOAD obj/default/api_driver/sense/sense.o
LOAD obj/default/api_driver/simucam_dma/simucam_dma.o
LOAD obj/default/driver/comm/comm_channel.o
LOAD obj/default/driver/comm/data_packet/data_packet.o
LOAD obj/default/driver/comm/fee_buffers/fee_buffers.o
LOAD obj/default/driver/comm/rmap/rmap.o
LOAD obj/default/driver/comm/spw_controller/spw_controller.o
LOAD obj/default/driver/comm/windowing/windowing.o
LOAD obj/default/driver/ctrl_io_lvds/ctrl_io_lvds.o
LOAD obj/default/driver/ftdi/ftdi.o
LOAD obj/default/driver/i2c/i2c.o
LOAD obj/default/driver/leds/leds.o
LOAD obj/default/driver/power_spi/power_spi.o
LOAD obj/default/driver/reset/reset.o
LOAD obj/default/driver/rtcc_spi/rtcc_spi.o
LOAD obj/default/driver/seven_seg/seven_seg.o
LOAD obj/default/driver/sync/sync.o
LOAD obj/default/hello_world.o
LOAD obj/default/utils/initialization_simucam.o
LOAD obj/default/utils/test_module_simucam.o
LOAD obj/default/utils/util.o
LOAD c:/intelfpga/18.1/nios2eds/bin/gnu/h-x86_64-mingw32/bin/../lib/gcc/nios2-elf/5.3.0/../../../../../H-x86_64-mingw32/nios2-elf/lib/mhw-mulx\libstdc++.a
LOAD c:/intelfpga/18.1/nios2eds/bin/gnu/h-x86_64-mingw32/bin/../lib/gcc/nios2-elf/5.3.0/../../../../../H-x86_64-mingw32/nios2-elf/lib/mhw-mulx\libm.a
LOAD c:/intelfpga/18.1/nios2eds/bin/gnu/h-x86_64-mingw32/bin/../lib/gcc/nios2-elf/5.3.0/mhw-mulx\libgcc.a
START GROUP
LOAD c:/intelfpga/18.1/nios2eds/bin/gnu/h-x86_64-mingw32/bin/../lib/gcc/nios2-elf/5.3.0/../../../../../H-x86_64-mingw32/nios2-elf/lib/mhw-mulx\libc.a
LOAD c:/intelfpga/18.1/nios2eds/bin/gnu/h-x86_64-mingw32/bin/../lib/gcc/nios2-elf/5.3.0/mhw-mulx\libgcc.a
LOAD ../DLR_Hw_Testbench_bsp/\libhal_bsp.a
LOAD c:/intelfpga/18.1/nios2eds/bin/gnu/h-x86_64-mingw32/bin/../lib/gcc/nios2-elf/5.3.0/../../../../../H-x86_64-mingw32/nios2-elf/lib/mhw-mulx\libm.a
END GROUP
LOAD c:/intelfpga/18.1/nios2eds/bin/gnu/h-x86_64-mingw32/bin/../lib/gcc/nios2-elf/5.3.0/mhw-mulx\libgcc.a
                0x0000000081100000                __alt_mem_onchip_memory = 0x81100000
                0x0000000084000000                __alt_mem_ext_flash = 0x84000000

.entry          0x0000000086020000        0x0
 *(.entry)
 .entry         0x0000000086020000        0x0 ../DLR_Hw_Testbench_bsp//obj/HAL/src/crt0.o
                0x0000000086020000                __reset

.exceptions     0x0000000081100020      0x224
                [!provide]                        PROVIDE (__ram_exceptions_start, ABSOLUTE (.))
                0x0000000081100020                . = ALIGN (0x20)
 *(.irq)
 *(.exceptions.entry.label)
 .exceptions.entry.label
                0x0000000081100020        0x0 ../DLR_Hw_Testbench_bsp/\libhal_bsp.a(alt_irq_entry.o)
                0x0000000081100020                alt_irq_entry
 .exceptions.entry.label
                0x0000000081100020        0x0 ../DLR_Hw_Testbench_bsp/\libhal_bsp.a(alt_exception_entry.o)
                0x0000000081100020                alt_exception
 *(.exceptions.entry.user)
 *(.exceptions.entry.ecc_fatal)
 *(.exceptions.entry)
 .exceptions.entry
                0x0000000081100020       0x54 ../DLR_Hw_Testbench_bsp/\libhal_bsp.a(alt_exception_entry.o)
 *(.exceptions.irqtest.user)
 *(.exceptions.irqtest)
 .exceptions.irqtest
                0x0000000081100074       0x10 ../DLR_Hw_Testbench_bsp/\libhal_bsp.a(alt_irq_entry.o)
 *(.exceptions.irqhandler.user)
 *(.exceptions.irqhandler)
 .exceptions.irqhandler
                0x0000000081100084        0x4 ../DLR_Hw_Testbench_bsp/\libhal_bsp.a(alt_irq_entry.o)
 *(.exceptions.irqreturn.user)
 *(.exceptions.irqreturn)
 .exceptions.irqreturn
                0x0000000081100088        0x4 ../DLR_Hw_Testbench_bsp/\libhal_bsp.a(alt_irq_entry.o)
 *(.exceptions.notirq.label)
 .exceptions.notirq.label
                0x000000008110008c        0x0 ../DLR_Hw_Testbench_bsp/\libhal_bsp.a(alt_irq_entry.o)
 *(.exceptions.notirq.user)
 *(.exceptions.notirq)
 .exceptions.notirq
                0x000000008110008c        0x8 ../DLR_Hw_Testbench_bsp/\libhal_bsp.a(alt_exception_entry.o)
 *(.exceptions.soft.user)
 *(.exceptions.soft)
 *(.exceptions.unknown.user)
 *(.exceptions.unknown)
 .exceptions.unknown
                0x0000000081100094       0x14 ../DLR_Hw_Testbench_bsp/\libhal_bsp.a(alt_exception_entry.o)
 *(.exceptions.exit.label)
 .exceptions.exit.label
                0x00000000811000a8        0x0 ../DLR_Hw_Testbench_bsp/\libhal_bsp.a(alt_irq_entry.o)
 .exceptions.exit.label
                0x00000000811000a8        0x0 ../DLR_Hw_Testbench_bsp/\libhal_bsp.a(alt_exception_entry.o)
 *(.exceptions.exit.user)
 *(.exceptions.exit)
 .exceptions.exit
                0x00000000811000a8       0x54 ../DLR_Hw_Testbench_bsp/\libhal_bsp.a(alt_exception_entry.o)
 *(.exceptions)
 .exceptions    0x00000000811000fc       0xd4 ../DLR_Hw_Testbench_bsp/\libhal_bsp.a(alt_irq_handler.o)
                0x00000000811000fc                alt_irq_handler
 .exceptions    0x00000000811001d0       0x74 ../DLR_Hw_Testbench_bsp/\libhal_bsp.a(alt_instruction_exception_entry.o)
                0x00000000811001d0                alt_instruction_exception_entry
                [!provide]                        PROVIDE (__ram_exceptions_end, ABSOLUTE (.))
                [!provide]                        PROVIDE (__flash_exceptions_start, LOADADDR (.exceptions))

.text           0x0000000081100244    0x28998
                [!provide]                        PROVIDE (stext, ABSOLUTE (.))
 *(.interp)
 *(.hash)
 *(.dynsym)
 *(.dynstr)
 *(.gnu.version)
 *(.gnu.version_d)
 *(.gnu.version_r)
 *(.rel.init)
 *(.rela.init)
 *(.rel.text .rel.text.* .rel.gnu.linkonce.t.*)
 *(.rela.text .rela.text.* .rela.gnu.linkonce.t.*)
 *(.rel.fini)
 *(.rela.fini)
 *(.rel.rodata .rel.rodata.* .rel.gnu.linkonce.r.*)
 *(.rela.rodata .rela.rodata.* .rela.gnu.linkonce.r.*)
 *(.rel.data .rel.data.* .rel.gnu.linkonce.d.*)
 *(.rela.data .rela.data.* .rela.gnu.linkonce.d.*)
 *(.rel.tdata .rel.tdata.* .rel.gnu.linkonce.td.*)
 *(.rela.tdata .rela.tdata.* .rela.gnu.linkonce.td.*)
 *(.rel.tbss .rel.tbss.* .rel.gnu.linkonce.tb.*)
 *(.rela.tbss .rela.tbss.* .rela.gnu.linkonce.tb.*)
 *(.rel.ctors)
 *(.rela.ctors)
 *(.rel.dtors)
 *(.rela.dtors)
 *(.rel.got)
 *(.rela.got)
 *(.rel.sdata .rel.sdata.* .rel.gnu.linkonce.s.*)
 *(.rela.sdata .rela.sdata.* .rela.gnu.linkonce.s.*)
 *(.rel.sbss .rel.sbss.* .rel.gnu.linkonce.sb.*)
 *(.rela.sbss .rela.sbss.* .rela.gnu.linkonce.sb.*)
 *(.rel.sdata2 .rel.sdata2.* .rel.gnu.linkonce.s2.*)
 *(.rela.sdata2 .rela.sdata2.* .rela.gnu.linkonce.s2.*)
 *(.rel.sbss2 .rel.sbss2.* .rel.gnu.linkonce.sb2.*)
 *(.rela.sbss2 .rela.sbss2.* .rela.gnu.linkonce.sb2.*)
 *(.rel.bss .rel.bss.* .rel.gnu.linkonce.b.*)
 *(.rela.bss .rela.bss.* .rela.gnu.linkonce.b.*)
 *(.rel.plt)
 *(.rela.plt)
 *(.rel.dyn)
 *(.init)
 *(.plt)
 *(.text .stub .text.* .gnu.linkonce.t.*)
 .text          0x0000000081100244       0x38 ../DLR_Hw_Testbench_bsp//obj/HAL/src/crt0.o
                0x0000000081100244                _start
 .text          0x000000008110027c     0x168c obj/default/api_driver/ddr2/ddr2.o
                0x000000008110027c                bDdr2EepromTest
                0x0000000081100528                bDdr2EepromDump
                0x0000000081100a54                bDdr2SwitchMemory
                0x0000000081100ae4                bDdr2MemoryWriteTest
                0x0000000081100f10                bDdr2MemoryReadTest
                0x00000000811012b0                bDdr2MemoryRandomWriteTest
                0x0000000081101598                bDdr2MemoryRandomReadTest
                0x0000000081101890                uliXorshift32
 .text          0x0000000081101908      0xa04 obj/default/api_driver/sense/sense.o
                0x0000000081101908                POWER_Read
                0x0000000081101b38                TEMP_Read
                0x0000000081101c28                sense_log_temp
                0x0000000081101c68                sense_log
 .text          0x000000008110230c      0x900 obj/default/api_driver/simucam_dma/simucam_dma.o
                0x000000008110230c                bSdmaInitComm1Dmas
                0x0000000081102334                bSdmaInitComm2Dmas
                0x000000008110235c                bSdmaInitComm3Dmas
                0x0000000081102384                bSdmaInitComm4Dmas
                0x00000000811023ac                bSdmaInitComm5Dmas
                0x00000000811023d4                bSdmaInitComm6Dmas
                0x00000000811023fc                bSdmaInitFtdiRxDma
                0x0000000081102424                bSdmaInitFtdiTxDma
                0x000000008110244c                bSdmaResetCommDma
                0x0000000081102598                bSdmaResetFtdiDma
                0x000000008110265c                bSdmaCommDmaTransfer
                0x0000000081102998                bSdmaFtdiDmaTransfer
 .text          0x0000000081102c0c      0x204 obj/default/driver/comm/comm_channel.o
                0x0000000081102c0c                bCommSetGlobalIrqEn
                0x0000000081102d04                bCommInitCh
 .text          0x0000000081102e10      0x890 obj/default/driver/comm/data_packet/data_packet.o
                0x0000000081102e10                bDpktSetPacketConfig
                0x0000000081102eac                bDpktGetPacketConfig
                0x0000000081102f48                bDpktSetPacketErrors
                0x0000000081102f9c                bDpktGetPacketErrors
                0x0000000081102ff0                bDpktGetPacketHeader
                0x000000008110304c                bDpktSetPixelDelay
                0x00000000811030b8                bDpktGetPixelDelay
                0x0000000081103124                bDpktSetPresetFrmCnt
                0x0000000081103180                bDpktGetPresetFrmCnt
                0x00000000811031dc                bDpktSetFrameCounterValue
                0x0000000081103254                bDpktSetErrorInjection
                0x00000000811032c8                bDpktGetErrorInjection
                0x000000008110333c                bDpktSetWindowingParams
                0x00000000811033ac                bDpktGetWindowingParams
                0x000000008110341c                bDpktInitCh
                0x0000000081103620                uliPxDelayCalcPeriodNs
                0x0000000081103668                uliPxDelayCalcPeriodMs
 .text          0x00000000811036a0     0x1280 obj/default/driver/comm/fee_buffers/fee_buffers.o
                0x00000000811036a0                vFeebCh1HandleIrq
                0x00000000811037a8                vFeebCh2HandleIrq
                0x00000000811038b4                vFeebCh3HandleIrq
                0x00000000811039c0                vFeebCh4HandleIrq
                0x0000000081103acc                vFeebInitIrq
                0x0000000081103cc8                bFeebSetIrqControl
                0x0000000081103d24                bFeebGetIrqControl
                0x0000000081103d80                bFeebGetIrqFlags
                0x0000000081103dec                bFeebGetBuffersStatus
                0x0000000081103e60                bFeebGetLeftBufferEmpty
                0x0000000081103ea8                bFeebGetRightBufferEmpty
                0x0000000081103ef0                bFeebGetCh1LeftBufferEmpty
                0x0000000081103f2c                bFeebGetCh1RightBufferEmpty
                0x0000000081103f68                bFeebGetCh2LeftBufferEmpty
                0x0000000081103fa4                bFeebGetCh2RightBufferEmpty
                0x0000000081103fe0                bFeebGetCh3LeftBufferEmpty
                0x000000008110401c                bFeebGetCh3RightBufferEmpty
                0x0000000081104058                bFeebGetCh4LeftBufferEmpty
                0x0000000081104094                bFeebGetCh4RightBufferEmpty
                0x00000000811040d0                bFeebGetCh1LeftFeeBusy
                0x000000008110410c                bFeebGetCh1RightFeeBusy
                0x0000000081104148                bFeebGetCh2LeftFeeBusy
                0x0000000081104184                bFeebGetCh2RightFeeBusy
                0x00000000811041c0                bFeebGetCh3LeftFeeBusy
                0x00000000811041fc                bFeebGetCh3RightFeeBusy
                0x0000000081104238                bFeebGetCh4LeftFeeBusy
                0x0000000081104274                bFeebGetCh4RightFeeBusy
                0x00000000811042b0                bFeebGetBufferDataControl
                0x000000008110434c                bFeebSetBufferDataControl
                0x00000000811043e8                bFeebGetBufferDataStatus
                0x0000000081104444                bFeebGetMachineControl
                0x00000000811044d0                bFeebSetMachineControl
                0x000000008110455c                bFeebClearMachineStatistics
                0x00000000811045ac                bFeebGetMachineStatistics
                0x0000000081104640                bFeebStartCh
                0x0000000081104690                bFeebStopCh
                0x00000000811046e0                bFeebClrCh
                0x0000000081104730                bFeebInitCh
 .text          0x0000000081104920     0x2824 obj/default/driver/comm/rmap/rmap.o
                0x0000000081104920                vRmapCh1HandleIrq
                0x00000000811049e4                vRmapCh2HandleIrq
                0x0000000081104aac                vRmapCh3HandleIrq
                0x0000000081104b74                vRmapCh4HandleIrq
                0x0000000081104c3c                vRmapCh5HandleIrq
                0x0000000081104ca4                vRmapCh6HandleIrq
                0x0000000081104d0c                vRmapCh7HandleIrq
                0x0000000081104d74                vRmapCh8HandleIrq
                0x0000000081104ddc                uliRmapCh1WriteCmdAddress
                0x0000000081104e0c                uliRmapCh2WriteCmdAddress
                0x0000000081104e3c                uliRmapCh3WriteCmdAddress
                0x0000000081104e6c                uliRmapCh4WriteCmdAddress
                0x0000000081104e9c                uliRmapCh5WriteCmdAddress
                0x0000000081104ecc                uliRmapCh6WriteCmdAddress
                0x0000000081104efc                uliRmapCh7WriteCmdAddress
                0x0000000081104f2c                uliRmapCh8WriteCmdAddress
                0x0000000081104f5c                vRmapCh1EnableCodec
                0x0000000081104f98                vRmapCh2EnableCodec
                0x0000000081104fd4                vRmapCh3EnableCodec
                0x0000000081105010                vRmapCh4EnableCodec
                0x000000008110504c                vRmapCh5EnableCodec
                0x0000000081105088                vRmapCh6EnableCodec
                0x00000000811050c4                vRmapCh7EnableCodec
                0x0000000081105100                vRmapCh8EnableCodec
                0x000000008110513c                vRmapInitIrq
                0x00000000811052d8                bRmapClrAebTimestamp
                0x00000000811053c0                bRmapIncAebTimestamp
                0x0000000081105520                vRmapSoftRstDebMemArea
                0x0000000081105934                bRmapSoftRstAebMemArea
                0x0000000081106744                bRmapSetIrqControl
                0x00000000811067a0                bRmapGetIrqControl
                0x00000000811067fc                bRmapGetIrqFlags
                0x0000000081106858                bRmapSetEchoingMode
                0x00000000811068b4                bRmapGetEchoingMode
                0x0000000081106910                bRmapSetCodecConfig
                0x000000008110696c                bRmapGetCodecConfig
                0x00000000811069c8                bRmapGetCodecStatus
                0x0000000081106a4c                bRmapGetCodecError
                0x0000000081106ad0                bRmapSetMemConfig
                0x0000000081106b2c                bRmapGetMemConfig
                0x0000000081106b88                bRmapGetMemStatus
                0x0000000081106bf4                bRmapSetRmapMemCfgArea
                0x0000000081106c20                bRmapGetRmapMemCfgArea
                0x0000000081106c4c                bRmapSetRmapMemHkArea
                0x0000000081106c78                bRmapGetRmapMemHkArea
                0x0000000081106ca4                bRmapInitCh
                0x00000000811070fc                uliRmapReadReg
 .text          0x0000000081107144      0x51c obj/default/driver/comm/spw_controller/spw_controller.o
                0x0000000081107144                bSpwcSetLink
                0x00000000811071b0                bSpwcGetLink
                0x000000008110721c                bSpwcGetLinkError
                0x0000000081107288                bSpwcGetLinkStatus
                0x00000000811072ec                bSpwcGetTimecode
                0x0000000081107340                bSpwcClearTimecode
                0x0000000081107390                bSpwcEnableTimecode
                0x00000000811073e4                bSpwcInitCh
                0x00000000811075ac                ucSpwcCalculateLinkDiv
 .text          0x0000000081107660      0x820 obj/default/driver/comm/windowing/windowing.o
                0x0000000081107660                bWindCopyMebWindowingParam
                0x0000000081107934                bWindCopyCcdXWindowingConfig
                0x0000000081107bd8                bWindClearWindowingArea
                0x0000000081107cc8                bWindSetWindowingAreaOffset
 .text          0x0000000081107e80      0x1fc obj/default/driver/ctrl_io_lvds/ctrl_io_lvds.o
                0x0000000081107e80                bEnableIsoDrivers
                0x0000000081107eb4                bDisableIsoDrivers
                0x0000000081107ee8                bEnableLvdsBoard
                0x0000000081107f1c                bDisableLvdsBoard
                0x0000000081107f50                bSetPreEmphasys
 .text          0x000000008110807c      0x734 obj/default/driver/ftdi/ftdi.o
                0x000000008110807c                vFtdiRxIrqHandler
                0x00000000811080dc                vFtdiTxIrqHandler
                0x000000008110813c                bFtdiRxIrqInit
                0x00000000811081b4                bFtdiTxIrqInit
                0x000000008110822c                bFtdiRequestHalfCcdImg
                0x0000000081108338                bFtdiTransmitLutWinArea
                0x0000000081108430                vFtdiResetHalfCcdImg
                0x0000000081108468                vFtdiResetLutWinArea
                0x00000000811084a0                ucFtdiGetRxErrorCode
                0x00000000811084dc                ucFtdiGetTxErrorCode
                0x0000000081108518                usiFtdiRxBufferUsedBytes
                0x0000000081108558                usiFtdiTxBufferUsedBytes
                0x0000000081108598                vFtdiStopModule
                0x00000000811085d0                vFtdiStartModule
                0x0000000081108608                vFtdiClearModule
                0x0000000081108640                vFtdiAbortOperation
                0x0000000081108684                vFtdiIrqGlobalEn
                0x00000000811086c0                vFtdiIrqRxHccdReceivedEn
                0x00000000811086fc                vFtdiIrqRxHccdCommErrEn
                0x0000000081108738                vFtdiIrqTxLutFinishedEn
                0x0000000081108774                vFtdiIrqTxLutCommErrEn
 .text          0x00000000811087b0      0x73c obj/default/driver/i2c/i2c.o
                0x00000000811087b0                I2C_TestAdress
                0x0000000081108830                I2C_Write
                0x0000000081108908                I2C_Read
                0x0000000081108a08                I2C_MultipleRead
                0x0000000081108b60                i2c_start
                0x0000000081108bec                i2c_stop
                0x0000000081108c64                i2c_write
                0x0000000081108d94                i2c_read
 .text          0x0000000081108eec       0xe8 obj/default/driver/leds/leds.o
                0x0000000081108eec                bSetBoardLeds
                0x0000000081108f64                bSetPainelLeds
 .text          0x0000000081108fd4      0x4e0 obj/default/driver/power_spi/power_spi.o
                0x0000000081108fd4                POWER_SPI_RW
 .text          0x00000000811094b4      0x238 obj/default/driver/reset/reset.o
                0x00000000811094b4                vRstcReleaseSimucamReset
                0x0000000081109520                vRstcHoldSimucamReset
                0x0000000081109584                vRstcReleaseDeviceReset
                0x00000000811095f0                vRstcHoldDeviceReset
 .text          0x00000000811096ec      0x364 obj/default/driver/rtcc_spi/rtcc_spi.o
                0x00000000811096ec                v_spi_start
                0x000000008110973c                v_spi_send_byte
                0x00000000811097f8                uc_spi_get_byte
                0x00000000811098a4                v_spi_end
                0x00000000811098f4                RTCC_SPI_R_MAC
 .text          0x0000000081109a50       0xfc obj/default/driver/seven_seg/seven_seg.o
                0x0000000081109a50                bSSDisplayConfig
                0x0000000081109b10                bSSDisplayUpdate
 .text          0x0000000081109b4c     0x1700 obj/default/driver/sync/sync.o
                0x0000000081109b4c                vSyncHandleIrq
                0x0000000081109bac                vSyncPreHandleIrq
                0x0000000081109bf4                vSyncClearCounter
                0x0000000081109c18                vSyncInitIrq
                0x0000000081109c98                vSyncPreInitIrq
                0x0000000081109d18                bSyncStatusExtnIrq
                0x0000000081109d50                ucSyncStatusState
                0x0000000081109d88                ucSyncStatusErrorCode
                0x0000000081109dc0                ucSyncStatusCycleNumber
                0x0000000081109df8                bSyncSetMbt
                0x0000000081109e34                bSyncSetBt
                0x0000000081109e70                bSyncSetPreBt
                0x0000000081109eac                bSyncSetPer
                0x0000000081109ee8                bSyncSetOst
                0x0000000081109f24                bSyncSetPolarity
                0x0000000081109f60                bSyncSetNCycles
                0x0000000081109fa0                uliSyncGetMbt
                0x0000000081109fd8                uliSyncGetBt
                0x000000008110a010                uliSyncGetPer
                0x000000008110a048                uliSyncGetOst
                0x000000008110a080                bSyncErrInj
                0x000000008110a0bc                bSyncCtrIntern
                0x000000008110a0f8                bSyncCtrStart
                0x000000008110a130                bSyncCtrReset
                0x000000008110a168                bSyncCtrOneShot
                0x000000008110a1a0                bSyncCtrErrInj
                0x000000008110a1d8                bSyncCtrSyncOutEnable
                0x000000008110a214                bSyncCtrCh1OutEnable
                0x000000008110a250                bSyncCtrCh2OutEnable
                0x000000008110a28c                bSyncCtrCh3OutEnable
                0x000000008110a2c8                bSyncCtrCh4OutEnable
                0x000000008110a304                bSyncCtrCh5OutEnable
                0x000000008110a340                bSyncCtrCh6OutEnable
                0x000000008110a37c                bSyncCtrCh7OutEnable
                0x000000008110a3b8                bSyncCtrCh8OutEnable
                0x000000008110a3f4                bSyncIrqEnableError
                0x000000008110a430                bSyncIrqEnableBlankPulse
                0x000000008110a46c                bSyncIrqEnableMasterPulse
                0x000000008110a4a8                bSyncIrqEnableNormalPulse
                0x000000008110a4e4                bSyncIrqEnableLastPulse
                0x000000008110a520                bSyncIrqFlagClrError
                0x000000008110a55c                bSyncIrqFlagClrBlankPulse
                0x000000008110a598                bSyncIrqFlagClrMasterPulse
                0x000000008110a5d4                bSyncIrqFlagClrNormalPulse
                0x000000008110a610                bSyncIrqFlagClrLastPulse
                0x000000008110a64c                bSyncIrqFlagError
                0x000000008110a684                bSyncIrqFlagBlankPulse
                0x000000008110a6bc                bSyncIrqFlagMasterPulse
                0x000000008110a6f4                bSyncIrqFlagNormalPulse
                0x000000008110a72c                bSyncIrqFlagLastPulse
                0x000000008110a764                bSyncPreIrqEnableBlankPulse
                0x000000008110a7a0                bSyncPreIrqEnableMasterPulse
                0x000000008110a7dc                bSyncPreIrqEnableNormalPulse
                0x000000008110a818                bSyncPreIrqEnableLastPulse
                0x000000008110a854                bSyncPreIrqFlagClrBlankPulse
                0x000000008110a890                bSyncPreIrqFlagClrMasterPulse
                0x000000008110a8cc                bSyncPreIrqFlagClrNormalPulse
                0x000000008110a908                bSyncPreIrqFlagClrLastPulse
                0x000000008110a944                bSyncPreIrqFlagBlankPulse
                0x000000008110a97c                bSyncPreIrqFlagMasterPulse
                0x000000008110a9b4                bSyncPreIrqFlagNormalPulse
                0x000000008110a9ec                bSyncPreIrqFlagLastPulse
                0x000000008110aa24                bSyncConfigNFeeSyncPeriod
                0x000000008110adc0                bSyncConfigFFeeSyncPeriod
                0x000000008110b158                uliPerCalcPeriodMs
                0x000000008110b1d4                usiRegCalcTimeMs
 .text          0x000000008110b24c      0x1d4 obj/default/hello_world.o
                0x000000008110b24c                main
 .text          0x000000008110b420     0x7fc8 obj/default/utils/initialization_simucam.o
                0x000000008110b420                bInitSimucamCoreHW
                0x000000008110b48c                vInitSimucamBasicHW
                0x000000008110b52c                vDumpDebAddr
                0x000000008110d148                vDumpAebAddr
 .text          0x00000000811133e8      0x7dc obj/default/utils/test_module_simucam.o
                0x00000000811133e8                bTestSimucamCriticalHW
                0x00000000811136b0                bDdr2MemoryFastTest
 .text          0x0000000081113bc4      0x424 obj/default/utils/util.o
                0x0000000081113bc4                _reg_write
                0x0000000081113c14                _reg_read
                0x0000000081113c64                _print_codec_status
                0x0000000081113e58                _split_codec_status
                0x0000000081113ec4                aatoh
                0x0000000081113f60                Verif_Error
                0x0000000081113fbc                toInt
 .text          0x0000000081113fe8        0x0 c:/intelfpga/18.1/nios2eds/bin/gnu/h-x86_64-mingw32/bin/../lib/gcc/nios2-elf/5.3.0/../../../../../H-x86_64-mingw32/nios2-elf/lib/mhw-mulx\libm.a(lib_a-s_round.o)
 .text.round    0x0000000081113fe8      0x100 c:/intelfpga/18.1/nios2eds/bin/gnu/h-x86_64-mingw32/bin/../lib/gcc/nios2-elf/5.3.0/../../../../../H-x86_64-mingw32/nios2-elf/lib/mhw-mulx\libm.a(lib_a-s_round.o)
                0x0000000081113fe8                round
 .text          0x00000000811140e8       0x74 c:/intelfpga/18.1/nios2eds/bin/gnu/h-x86_64-mingw32/bin/../lib/gcc/nios2-elf/5.3.0/mhw-mulx\libgcc.a(_fixunsdfsi.o)
                0x00000000811140e8                __fixunsdfsi
 .text          0x000000008111415c      0x440 c:/intelfpga/18.1/nios2eds/bin/gnu/h-x86_64-mingw32/bin/../lib/gcc/nios2-elf/5.3.0/mhw-mulx\libgcc.a(divsf3.o)
                0x000000008111415c                __divsf3
 .text          0x000000008111459c      0x3fc c:/intelfpga/18.1/nios2eds/bin/gnu/h-x86_64-mingw32/bin/../lib/gcc/nios2-elf/5.3.0/mhw-mulx\libgcc.a(mulsf3.o)
                0x000000008111459c                __mulsf3
 .text          0x0000000081114998      0x124 c:/intelfpga/18.1/nios2eds/bin/gnu/h-x86_64-mingw32/bin/../lib/gcc/nios2-elf/5.3.0/mhw-mulx\libgcc.a(floatsisf.o)
                0x0000000081114998                __floatsisf
 .text          0x0000000081114abc       0xf0 c:/intelfpga/18.1/nios2eds/bin/gnu/h-x86_64-mingw32/bin/../lib/gcc/nios2-elf/5.3.0/mhw-mulx\libgcc.a(floatunsisf.o)
                0x0000000081114abc                __floatunsisf
 .text          0x0000000081114bac      0x8ac c:/intelfpga/18.1/nios2eds/bin/gnu/h-x86_64-mingw32/bin/../lib/gcc/nios2-elf/5.3.0/mhw-mulx\libgcc.a(adddf3.o)
                0x0000000081114bac                __adddf3
 .text          0x0000000081115458      0x8e8 c:/intelfpga/18.1/nios2eds/bin/gnu/h-x86_64-mingw32/bin/../lib/gcc/nios2-elf/5.3.0/mhw-mulx\libgcc.a(divdf3.o)
                0x0000000081115458                __divdf3
 .text          0x0000000081115d40       0xdc c:/intelfpga/18.1/nios2eds/bin/gnu/h-x86_64-mingw32/bin/../lib/gcc/nios2-elf/5.3.0/mhw-mulx\libgcc.a(gedf2.o)
                0x0000000081115d40                __gedf2
                0x0000000081115d40                __gtdf2
 .text          0x0000000081115e1c      0x718 c:/intelfpga/18.1/nios2eds/bin/gnu/h-x86_64-mingw32/bin/../lib/gcc/nios2-elf/5.3.0/mhw-mulx\libgcc.a(muldf3.o)
                0x0000000081115e1c                __muldf3
 .text          0x0000000081116534      0x8fc c:/intelfpga/18.1/nios2eds/bin/gnu/h-x86_64-mingw32/bin/../lib/gcc/nios2-elf/5.3.0/mhw-mulx\libgcc.a(subdf3.o)
                0x0000000081116534                __subdf3
 .text          0x0000000081116e30       0x80 c:/intelfpga/18.1/nios2eds/bin/gnu/h-x86_64-mingw32/bin/../lib/gcc/nios2-elf/5.3.0/mhw-mulx\libgcc.a(fixdfsi.o)
                0x0000000081116e30                __fixdfsi
 .text          0x0000000081116eb0       0xdc c:/intelfpga/18.1/nios2eds/bin/gnu/h-x86_64-mingw32/bin/../lib/gcc/nios2-elf/5.3.0/mhw-mulx\libgcc.a(floatsidf.o)
                0x0000000081116eb0                __floatsidf
 .text          0x0000000081116f8c       0xa8 c:/intelfpga/18.1/nios2eds/bin/gnu/h-x86_64-mingw32/bin/../lib/gcc/nios2-elf/5.3.0/mhw-mulx\libgcc.a(floatunsidf.o)
                0x0000000081116f8c                __floatunsidf
 .text          0x0000000081117034      0x110 c:/intelfpga/18.1/nios2eds/bin/gnu/h-x86_64-mingw32/bin/../lib/gcc/nios2-elf/5.3.0/mhw-mulx\libgcc.a(extendsfdf2.o)
                0x0000000081117034                __extendsfdf2
 .text          0x0000000081117144      0x1a8 c:/intelfpga/18.1/nios2eds/bin/gnu/h-x86_64-mingw32/bin/../lib/gcc/nios2-elf/5.3.0/mhw-mulx\libgcc.a(truncdfsf2.o)
                0x0000000081117144                __truncdfsf2
 .text          0x00000000811172ec       0x64 c:/intelfpga/18.1/nios2eds/bin/gnu/h-x86_64-mingw32/bin/../lib/gcc/nios2-elf/5.3.0/mhw-mulx\libgcc.a(_clzsi2.o)
                0x00000000811172ec                __clzsi2
 .text          0x0000000081117350      0x1b4 c:/intelfpga/18.1/nios2eds/bin/gnu/h-x86_64-mingw32/bin/../lib/gcc/nios2-elf/5.3.0/mhw-mulx\libgcc.a(lib2-divmod.o)
                0x0000000081117350                __divsi3
                0x00000000811173d4                __modsi3
                0x0000000081117448                __udivsi3
                0x00000000811174ac                __umodsi3
 .text          0x0000000081117504        0x0 c:/intelfpga/18.1/nios2eds/bin/gnu/h-x86_64-mingw32/bin/../lib/gcc/nios2-elf/5.3.0/mhw-mulx\libgcc.a(_clz.o)
 .text          0x0000000081117504        0x0 c:/intelfpga/18.1/nios2eds/bin/gnu/h-x86_64-mingw32/bin/../lib/gcc/nios2-elf/5.3.0/../../../../../H-x86_64-mingw32/nios2-elf/lib/mhw-mulx\libc.a(lib_a-fopen.o)
 .text._fopen_r
                0x0000000081117504       0xf4 c:/intelfpga/18.1/nios2eds/bin/gnu/h-x86_64-mingw32/bin/../lib/gcc/nios2-elf/5.3.0/../../../../../H-x86_64-mingw32/nios2-elf/lib/mhw-mulx\libc.a(lib_a-fopen.o)
                0x0000000081117504                _fopen_r
 .text.fopen    0x00000000811175f8       0x18 c:/intelfpga/18.1/nios2eds/bin/gnu/h-x86_64-mingw32/bin/../lib/gcc/nios2-elf/5.3.0/../../../../../H-x86_64-mingw32/nios2-elf/lib/mhw-mulx\libc.a(lib_a-fopen.o)
                0x00000000811175f8                fopen
 .text          0x0000000081117610        0x0 c:/intelfpga/18.1/nios2eds/bin/gnu/h-x86_64-mingw32/bin/../lib/gcc/nios2-elf/5.3.0/../../../../../H-x86_64-mingw32/nios2-elf/lib/mhw-mulx\libc.a(lib_a-fprintf.o)
 .text._fprintf_r
                0x0000000081117610       0x28 c:/intelfpga/18.1/nios2eds/bin/gnu/h-x86_64-mingw32/bin/../lib/gcc/nios2-elf/5.3.0/../../../../../H-x86_64-mingw32/nios2-elf/lib/mhw-mulx\libc.a(lib_a-fprintf.o)
                0x0000000081117610                _fprintf_r
 .text.fprintf  0x0000000081117638       0x24 c:/intelfpga/18.1/nios2eds/bin/gnu/h-x86_64-mingw32/bin/../lib/gcc/nios2-elf/5.3.0/../../../../../H-x86_64-mingw32/nios2-elf/lib/mhw-mulx\libc.a(lib_a-fprintf.o)
                0x0000000081117638                fprintf
 .text          0x000000008111765c        0x0 c:/intelfpga/18.1/nios2eds/bin/gnu/h-x86_64-mingw32/bin/../lib/gcc/nios2-elf/5.3.0/../../../../../H-x86_64-mingw32/nios2-elf/lib/mhw-mulx\libc.a(lib_a-fputc.o)
 .text._fputc_r
                0x000000008111765c       0x44 c:/intelfpga/18.1/nios2eds/bin/gnu/h-x86_64-mingw32/bin/../lib/gcc/nios2-elf/5.3.0/../../../../../H-x86_64-mingw32/nios2-elf/lib/mhw-mulx\libc.a(lib_a-fputc.o)
                0x000000008111765c                _fputc_r
 .text.fputc    0x00000000811176a0       0x5c c:/intelfpga/18.1/nios2eds/bin/gnu/h-x86_64-mingw32/bin/../lib/gcc/nios2-elf/5.3.0/../../../../../H-x86_64-mingw32/nios2-elf/lib/mhw-mulx\libc.a(lib_a-fputc.o)
                0x00000000811176a0                fputc
 .text          0x00000000811176fc        0x0 c:/intelfpga/18.1/nios2eds/bin/gnu/h-x86_64-mingw32/bin/../lib/gcc/nios2-elf/5.3.0/../../../../../H-x86_64-mingw32/nios2-elf/lib/mhw-mulx\libc.a(lib_a-fseek.o)
 .text._fseek_r
                0x00000000811176fc        0x4 c:/intelfpga/18.1/nios2eds/bin/gnu/h-x86_64-mingw32/bin/../lib/gcc/nios2-elf/5.3.0/../../../../../H-x86_64-mingw32/nios2-elf/lib/mhw-mulx\libc.a(lib_a-fseek.o)
                0x00000000811176fc                _fseek_r
 .text.fseek    0x0000000081117700       0x1c c:/intelfpga/18.1/nios2eds/bin/gnu/h-x86_64-mingw32/bin/../lib/gcc/nios2-elf/5.3.0/../../../../../H-x86_64-mingw32/nios2-elf/lib/mhw-mulx\libc.a(lib_a-fseek.o)
                0x0000000081117700                fseek
 .text          0x000000008111771c        0x0 c:/intelfpga/18.1/nios2eds/bin/gnu/h-x86_64-mingw32/bin/../lib/gcc/nios2-elf/5.3.0/../../../../../H-x86_64-mingw32/nios2-elf/lib/mhw-mulx\libc.a(lib_a-fseeko.o)
 .text._fseeko_r
                0x000000008111771c      0x444 c:/intelfpga/18.1/nios2eds/bin/gnu/h-x86_64-mingw32/bin/../lib/gcc/nios2-elf/5.3.0/../../../../../H-x86_64-mingw32/nios2-elf/lib/mhw-mulx\libc.a(lib_a-fseeko.o)
                0x000000008111771c                _fseeko_r
 .text.fseeko   0x0000000081117b60       0x1c c:/intelfpga/18.1/nios2eds/bin/gnu/h-x86_64-mingw32/bin/../lib/gcc/nios2-elf/5.3.0/../../../../../H-x86_64-mingw32/nios2-elf/lib/mhw-mulx\libc.a(lib_a-fseeko.o)
                0x0000000081117b60                fseeko
 .text          0x0000000081117b7c        0x0 c:/intelfpga/18.1/nios2eds/bin/gnu/h-x86_64-mingw32/bin/../lib/gcc/nios2-elf/5.3.0/../../../../../H-x86_64-mingw32/nios2-elf/lib/mhw-mulx\libc.a(lib_a-fstatr.o)
 .text._fstat_r
                0x0000000081117b7c       0x5c c:/intelfpga/18.1/nios2eds/bin/gnu/h-x86_64-mingw32/bin/../lib/gcc/nios2-elf/5.3.0/../../../../../H-x86_64-mingw32/nios2-elf/lib/mhw-mulx\libc.a(lib_a-fstatr.o)
                0x0000000081117b7c                _fstat_r
 .text          0x0000000081117bd8        0x0 c:/intelfpga/18.1/nios2eds/bin/gnu/h-x86_64-mingw32/bin/../lib/gcc/nios2-elf/5.3.0/../../../../../H-x86_64-mingw32/nios2-elf/lib/mhw-mulx\libc.a(lib_a-fwrite.o)
 .text._fwrite_r
                0x0000000081117bd8       0xcc c:/intelfpga/18.1/nios2eds/bin/gnu/h-x86_64-mingw32/bin/../lib/gcc/nios2-elf/5.3.0/../../../../../H-x86_64-mingw32/nios2-elf/lib/mhw-mulx\libc.a(lib_a-fwrite.o)
                0x0000000081117bd8                _fwrite_r
 .text.fwrite   0x0000000081117ca4       0x34 c:/intelfpga/18.1/nios2eds/bin/gnu/h-x86_64-mingw32/bin/../lib/gcc/nios2-elf/5.3.0/../../../../../H-x86_64-mingw32/nios2-elf/lib/mhw-mulx\libc.a(lib_a-fwrite.o)
                0x0000000081117ca4                fwrite
 .text          0x0000000081117cd8        0x0 c:/intelfpga/18.1/nios2eds/bin/gnu/h-x86_64-mingw32/bin/../lib/gcc/nios2-elf/5.3.0/../../../../../H-x86_64-mingw32/nios2-elf/lib/mhw-mulx\libc.a(lib_a-impure.o)
 .text          0x0000000081117cd8        0x0 c:/intelfpga/18.1/nios2eds/bin/gnu/h-x86_64-mingw32/bin/../lib/gcc/nios2-elf/5.3.0/../../../../../H-x86_64-mingw32/nios2-elf/lib/mhw-mulx\libc.a(lib_a-int_errno.o)
 .text          0x0000000081117cd8        0x0 c:/intelfpga/18.1/nios2eds/bin/gnu/h-x86_64-mingw32/bin/../lib/gcc/nios2-elf/5.3.0/../../../../../H-x86_64-mingw32/nios2-elf/lib/mhw-mulx\libc.a(lib_a-makebuf.o)
 .text.__smakebuf_r
                0x0000000081117cd8      0x1bc c:/intelfpga/18.1/nios2eds/bin/gnu/h-x86_64-mingw32/bin/../lib/gcc/nios2-elf/5.3.0/../../../../../H-x86_64-mingw32/nios2-elf/lib/mhw-mulx\libc.a(lib_a-makebuf.o)
                0x0000000081117cd8                __smakebuf_r
 .text          0x0000000081117e94        0x0 c:/intelfpga/18.1/nios2eds/bin/gnu/h-x86_64-mingw32/bin/../lib/gcc/nios2-elf/5.3.0/../../../../../H-x86_64-mingw32/nios2-elf/lib/mhw-mulx\libc.a(lib_a-mallocr.o)
 .text._malloc_r
                0x0000000081117e94      0x80c c:/intelfpga/18.1/nios2eds/bin/gnu/h-x86_64-mingw32/bin/../lib/gcc/nios2-elf/5.3.0/../../../../../H-x86_64-mingw32/nios2-elf/lib/mhw-mulx\libc.a(lib_a-mallocr.o)
                0x0000000081117e94                _malloc_r
 .text          0x00000000811186a0        0x0 c:/intelfpga/18.1/nios2eds/bin/gnu/h-x86_64-mingw32/bin/../lib/gcc/nios2-elf/5.3.0/../../../../../H-x86_64-mingw32/nios2-elf/lib/mhw-mulx\libc.a(lib_a-memcpy.o)
 .text.memcpy   0x00000000811186a0      0x148 c:/intelfpga/18.1/nios2eds/bin/gnu/h-x86_64-mingw32/bin/../lib/gcc/nios2-elf/5.3.0/../../../../../H-x86_64-mingw32/nios2-elf/lib/mhw-mulx\libc.a(lib_a-memcpy.o)
                0x00000000811186a0                memcpy
 .text          0x00000000811187e8        0x0 c:/intelfpga/18.1/nios2eds/bin/gnu/h-x86_64-mingw32/bin/../lib/gcc/nios2-elf/5.3.0/../../../../../H-x86_64-mingw32/nios2-elf/lib/mhw-mulx\libc.a(lib_a-memset.o)
 .text.memset   0x00000000811187e8      0x128 c:/intelfpga/18.1/nios2eds/bin/gnu/h-x86_64-mingw32/bin/../lib/gcc/nios2-elf/5.3.0/../../../../../H-x86_64-mingw32/nios2-elf/lib/mhw-mulx\libc.a(lib_a-memset.o)
                0x00000000811187e8                memset
 .text          0x0000000081118910        0x0 c:/intelfpga/18.1/nios2eds/bin/gnu/h-x86_64-mingw32/bin/../lib/gcc/nios2-elf/5.3.0/../../../../../H-x86_64-mingw32/nios2-elf/lib/mhw-mulx\libc.a(lib_a-openr.o)
 .text._open_r  0x0000000081118910       0x60 c:/intelfpga/18.1/nios2eds/bin/gnu/h-x86_64-mingw32/bin/../lib/gcc/nios2-elf/5.3.0/../../../../../H-x86_64-mingw32/nios2-elf/lib/mhw-mulx\libc.a(lib_a-openr.o)
                0x0000000081118910                _open_r
 .text          0x0000000081118970        0x0 c:/intelfpga/18.1/nios2eds/bin/gnu/h-x86_64-mingw32/bin/../lib/gcc/nios2-elf/5.3.0/../../../../../H-x86_64-mingw32/nios2-elf/lib/mhw-mulx\libc.a(lib_a-printf.o)
 .text._printf_r
                0x0000000081118970       0x30 c:/intelfpga/18.1/nios2eds/bin/gnu/h-x86_64-mingw32/bin/../lib/gcc/nios2-elf/5.3.0/../../../../../H-x86_64-mingw32/nios2-elf/lib/mhw-mulx\libc.a(lib_a-printf.o)
                0x0000000081118970                _printf_r
 .text.printf   0x00000000811189a0       0x3c c:/intelfpga/18.1/nios2eds/bin/gnu/h-x86_64-mingw32/bin/../lib/gcc/nios2-elf/5.3.0/../../../../../H-x86_64-mingw32/nios2-elf/lib/mhw-mulx\libc.a(lib_a-printf.o)
                0x00000000811189a0                printf
 .text          0x00000000811189dc        0x0 c:/intelfpga/18.1/nios2eds/bin/gnu/h-x86_64-mingw32/bin/../lib/gcc/nios2-elf/5.3.0/../../../../../H-x86_64-mingw32/nios2-elf/lib/mhw-mulx\libc.a(lib_a-putc.o)
 .text._putc_r  0x00000000811189dc       0xa0 c:/intelfpga/18.1/nios2eds/bin/gnu/h-x86_64-mingw32/bin/../lib/gcc/nios2-elf/5.3.0/../../../../../H-x86_64-mingw32/nios2-elf/lib/mhw-mulx\libc.a(lib_a-putc.o)
                0x00000000811189dc                _putc_r
 .text.putc     0x0000000081118a7c       0xc8 c:/intelfpga/18.1/nios2eds/bin/gnu/h-x86_64-mingw32/bin/../lib/gcc/nios2-elf/5.3.0/../../../../../H-x86_64-mingw32/nios2-elf/lib/mhw-mulx\libc.a(lib_a-putc.o)
                0x0000000081118a7c                putc
 .text          0x0000000081118b44        0x0 c:/intelfpga/18.1/nios2eds/bin/gnu/h-x86_64-mingw32/bin/../lib/gcc/nios2-elf/5.3.0/../../../../../H-x86_64-mingw32/nios2-elf/lib/mhw-mulx\libc.a(lib_a-putchar.o)
 .text._putchar_r
                0x0000000081118b44        0x8 c:/intelfpga/18.1/nios2eds/bin/gnu/h-x86_64-mingw32/bin/../lib/gcc/nios2-elf/5.3.0/../../../../../H-x86_64-mingw32/nios2-elf/lib/mhw-mulx\libc.a(lib_a-putchar.o)
                0x0000000081118b44                _putchar_r
 .text.putchar  0x0000000081118b4c       0x18 c:/intelfpga/18.1/nios2eds/bin/gnu/h-x86_64-mingw32/bin/../lib/gcc/nios2-elf/5.3.0/../../../../../H-x86_64-mingw32/nios2-elf/lib/mhw-mulx\libc.a(lib_a-putchar.o)
                0x0000000081118b4c                putchar
 .text          0x0000000081118b64        0x0 c:/intelfpga/18.1/nios2eds/bin/gnu/h-x86_64-mingw32/bin/../lib/gcc/nios2-elf/5.3.0/../../../../../H-x86_64-mingw32/nios2-elf/lib/mhw-mulx\libc.a(lib_a-puts.o)
 .text._puts_r  0x0000000081118b64       0xc0 c:/intelfpga/18.1/nios2eds/bin/gnu/h-x86_64-mingw32/bin/../lib/gcc/nios2-elf/5.3.0/../../../../../H-x86_64-mingw32/nios2-elf/lib/mhw-mulx\libc.a(lib_a-puts.o)
                0x0000000081118b64                _puts_r
 .text.puts     0x0000000081118c24       0x14 c:/intelfpga/18.1/nios2eds/bin/gnu/h-x86_64-mingw32/bin/../lib/gcc/nios2-elf/5.3.0/../../../../../H-x86_64-mingw32/nios2-elf/lib/mhw-mulx\libc.a(lib_a-puts.o)
                0x0000000081118c24                puts
 .text          0x0000000081118c38        0x0 c:/intelfpga/18.1/nios2eds/bin/gnu/h-x86_64-mingw32/bin/../lib/gcc/nios2-elf/5.3.0/../../../../../H-x86_64-mingw32/nios2-elf/lib/mhw-mulx\libc.a(lib_a-refill.o)
 .text.lflush   0x0000000081118c38       0x1c c:/intelfpga/18.1/nios2eds/bin/gnu/h-x86_64-mingw32/bin/../lib/gcc/nios2-elf/5.3.0/../../../../../H-x86_64-mingw32/nios2-elf/lib/mhw-mulx\libc.a(lib_a-refill.o)
 .text.__srefill_r
                0x0000000081118c54      0x1d4 c:/intelfpga/18.1/nios2eds/bin/gnu/h-x86_64-mingw32/bin/../lib/gcc/nios2-elf/5.3.0/../../../../../H-x86_64-mingw32/nios2-elf/lib/mhw-mulx\libc.a(lib_a-refill.o)
                0x0000000081118c54                __srefill_r
 .text          0x0000000081118e28        0x0 c:/intelfpga/18.1/nios2eds/bin/gnu/h-x86_64-mingw32/bin/../lib/gcc/nios2-elf/5.3.0/../../../../../H-x86_64-mingw32/nios2-elf/lib/mhw-mulx\libc.a(lib_a-sbrkr.o)
 .text._sbrk_r  0x0000000081118e28       0x54 c:/intelfpga/18.1/nios2eds/bin/gnu/h-x86_64-mingw32/bin/../lib/gcc/nios2-elf/5.3.0/../../../../../H-x86_64-mingw32/nios2-elf/lib/mhw-mulx\libc.a(lib_a-sbrkr.o)
                0x0000000081118e28                _sbrk_r
 .text          0x0000000081118e7c        0x0 c:/intelfpga/18.1/nios2eds/bin/gnu/h-x86_64-mingw32/bin/../lib/gcc/nios2-elf/5.3.0/../../../../../H-x86_64-mingw32/nios2-elf/lib/mhw-mulx\libc.a(lib_a-sprintf.o)
 .text._sprintf_r
                0x0000000081118e7c       0x58 c:/intelfpga/18.1/nios2eds/bin/gnu/h-x86_64-mingw32/bin/../lib/gcc/nios2-elf/5.3.0/../../../../../H-x86_64-mingw32/nios2-elf/lib/mhw-mulx\libc.a(lib_a-sprintf.o)
                0x0000000081118e7c                _sprintf_r
 .text.sprintf  0x0000000081118ed4       0x6c c:/intelfpga/18.1/nios2eds/bin/gnu/h-x86_64-mingw32/bin/../lib/gcc/nios2-elf/5.3.0/../../../../../H-x86_64-mingw32/nios2-elf/lib/mhw-mulx\libc.a(lib_a-sprintf.o)
                0x0000000081118ed4                sprintf
 .text          0x0000000081118f40        0x0 c:/intelfpga/18.1/nios2eds/bin/gnu/h-x86_64-mingw32/bin/../lib/gcc/nios2-elf/5.3.0/../../../../../H-x86_64-mingw32/nios2-elf/lib/mhw-mulx\libc.a(lib_a-stdio.o)
 .text.__sread  0x0000000081118f40       0x54 c:/intelfpga/18.1/nios2eds/bin/gnu/h-x86_64-mingw32/bin/../lib/gcc/nios2-elf/5.3.0/../../../../../H-x86_64-mingw32/nios2-elf/lib/mhw-mulx\libc.a(lib_a-stdio.o)
                0x0000000081118f40                __sread
 .text.__seofread
                0x0000000081118f94        0x8 c:/intelfpga/18.1/nios2eds/bin/gnu/h-x86_64-mingw32/bin/../lib/gcc/nios2-elf/5.3.0/../../../../../H-x86_64-mingw32/nios2-elf/lib/mhw-mulx\libc.a(lib_a-stdio.o)
                0x0000000081118f94                __seofread
 .text.__swrite
                0x0000000081118f9c       0x7c c:/intelfpga/18.1/nios2eds/bin/gnu/h-x86_64-mingw32/bin/../lib/gcc/nios2-elf/5.3.0/../../../../../H-x86_64-mingw32/nios2-elf/lib/mhw-mulx\libc.a(lib_a-stdio.o)
                0x0000000081118f9c                __swrite
 .text.__sseek  0x0000000081119018       0x5c c:/intelfpga/18.1/nios2eds/bin/gnu/h-x86_64-mingw32/bin/../lib/gcc/nios2-elf/5.3.0/../../../../../H-x86_64-mingw32/nios2-elf/lib/mhw-mulx\libc.a(lib_a-stdio.o)
                0x0000000081119018                __sseek
 .text.__sclose
                0x0000000081119074        0x8 c:/intelfpga/18.1/nios2eds/bin/gnu/h-x86_64-mingw32/bin/../lib/gcc/nios2-elf/5.3.0/../../../../../H-x86_64-mingw32/nios2-elf/lib/mhw-mulx\libc.a(lib_a-stdio.o)
                0x0000000081119074                __sclose
 .text          0x000000008111907c        0x0 c:/intelfpga/18.1/nios2eds/bin/gnu/h-x86_64-mingw32/bin/../lib/gcc/nios2-elf/5.3.0/../../../../../H-x86_64-mingw32/nios2-elf/lib/mhw-mulx\libc.a(lib_a-strlen.o)
 .text.strlen   0x000000008111907c       0x98 c:/intelfpga/18.1/nios2eds/bin/gnu/h-x86_64-mingw32/bin/../lib/gcc/nios2-elf/5.3.0/../../../../../H-x86_64-mingw32/nios2-elf/lib/mhw-mulx\libc.a(lib_a-strlen.o)
                0x000000008111907c                strlen
 .text          0x0000000081119114        0x0 c:/intelfpga/18.1/nios2eds/bin/gnu/h-x86_64-mingw32/bin/../lib/gcc/nios2-elf/5.3.0/../../../../../H-x86_64-mingw32/nios2-elf/lib/mhw-mulx\libc.a(lib_a-svfprintf.o)
 .text.___svfprintf_internal_r
                0x0000000081119114     0x21d8 c:/intelfpga/18.1/nios2eds/bin/gnu/h-x86_64-mingw32/bin/../lib/gcc/nios2-elf/5.3.0/../../../../../H-x86_64-mingw32/nios2-elf/lib/mhw-mulx\libc.a(lib_a-svfprintf.o)
                0x0000000081119114                ___svfprintf_internal_r
 .text          0x000000008111b2ec        0x0 c:/intelfpga/18.1/nios2eds/bin/gnu/h-x86_64-mingw32/bin/../lib/gcc/nios2-elf/5.3.0/../../../../../H-x86_64-mingw32/nios2-elf/lib/mhw-mulx\libc.a(lib_a-vfprintf.o)
 .text.___vfprintf_internal_r
                0x000000008111b2ec     0x21f8 c:/intelfpga/18.1/nios2eds/bin/gnu/h-x86_64-mingw32/bin/../lib/gcc/nios2-elf/5.3.0/../../../../../H-x86_64-mingw32/nios2-elf/lib/mhw-mulx\libc.a(lib_a-vfprintf.o)
                0x000000008111b2ec                ___vfprintf_internal_r
 .text.__vfprintf_internal
                0x000000008111d4e4       0x1c c:/intelfpga/18.1/nios2eds/bin/gnu/h-x86_64-mingw32/bin/../lib/gcc/nios2-elf/5.3.0/../../../../../H-x86_64-mingw32/nios2-elf/lib/mhw-mulx\libc.a(lib_a-vfprintf.o)
                0x000000008111d4e4                __vfprintf_internal
 .text.__sbprintf
                0x000000008111d500       0xbc c:/intelfpga/18.1/nios2eds/bin/gnu/h-x86_64-mingw32/bin/../lib/gcc/nios2-elf/5.3.0/../../../../../H-x86_64-mingw32/nios2-elf/lib/mhw-mulx\libc.a(lib_a-vfprintf.o)
 .text          0x000000008111d5bc        0x0 c:/intelfpga/18.1/nios2eds/bin/gnu/h-x86_64-mingw32/bin/../lib/gcc/nios2-elf/5.3.0/../../../../../H-x86_64-mingw32/nios2-elf/lib/mhw-mulx\libc.a(lib_a-wbuf.o)
 .text.__swbuf_r
                0x000000008111d5bc      0x140 c:/intelfpga/18.1/nios2eds/bin/gnu/h-x86_64-mingw32/bin/../lib/gcc/nios2-elf/5.3.0/../../../../../H-x86_64-mingw32/nios2-elf/lib/mhw-mulx\libc.a(lib_a-wbuf.o)
                0x000000008111d5bc                __swbuf_r
 .text.__swbuf  0x000000008111d6fc       0x18 c:/intelfpga/18.1/nios2eds/bin/gnu/h-x86_64-mingw32/bin/../lib/gcc/nios2-elf/5.3.0/../../../../../H-x86_64-mingw32/nios2-elf/lib/mhw-mulx\libc.a(lib_a-wbuf.o)
                0x000000008111d6fc                __swbuf
 .text          0x000000008111d714        0x0 c:/intelfpga/18.1/nios2eds/bin/gnu/h-x86_64-mingw32/bin/../lib/gcc/nios2-elf/5.3.0/../../../../../H-x86_64-mingw32/nios2-elf/lib/mhw-mulx\libc.a(lib_a-writer.o)
 .text._write_r
                0x000000008111d714       0x60 c:/intelfpga/18.1/nios2eds/bin/gnu/h-x86_64-mingw32/bin/../lib/gcc/nios2-elf/5.3.0/../../../../../H-x86_64-mingw32/nios2-elf/lib/mhw-mulx\libc.a(lib_a-writer.o)
                0x000000008111d714                _write_r
 .text          0x000000008111d774        0x0 c:/intelfpga/18.1/nios2eds/bin/gnu/h-x86_64-mingw32/bin/../lib/gcc/nios2-elf/5.3.0/../../../../../H-x86_64-mingw32/nios2-elf/lib/mhw-mulx\libc.a(lib_a-wsetup.o)
 .text.__swsetup_r
                0x000000008111d774      0x154 c:/intelfpga/18.1/nios2eds/bin/gnu/h-x86_64-mingw32/bin/../lib/gcc/nios2-elf/5.3.0/../../../../../H-x86_64-mingw32/nios2-elf/lib/mhw-mulx\libc.a(lib_a-wsetup.o)
                0x000000008111d774                __swsetup_r
 .text          0x000000008111d8c8        0x0 c:/intelfpga/18.1/nios2eds/bin/gnu/h-x86_64-mingw32/bin/../lib/gcc/nios2-elf/5.3.0/../../../../../H-x86_64-mingw32/nios2-elf/lib/mhw-mulx\libc.a(closer.o)
 .text._close_r
                0x000000008111d8c8       0x54 c:/intelfpga/18.1/nios2eds/bin/gnu/h-x86_64-mingw32/bin/../lib/gcc/nios2-elf/5.3.0/../../../../../H-x86_64-mingw32/nios2-elf/lib/mhw-mulx\libc.a(closer.o)
                0x000000008111d8c8                _close_r
 .text          0x000000008111d91c        0x0 c:/intelfpga/18.1/nios2eds/bin/gnu/h-x86_64-mingw32/bin/../lib/gcc/nios2-elf/5.3.0/../../../../../H-x86_64-mingw32/nios2-elf/lib/mhw-mulx\libc.a(lib_a-dtoa.o)
 .text.quorem   0x000000008111d91c      0x200 c:/intelfpga/18.1/nios2eds/bin/gnu/h-x86_64-mingw32/bin/../lib/gcc/nios2-elf/5.3.0/../../../../../H-x86_64-mingw32/nios2-elf/lib/mhw-mulx\libc.a(lib_a-dtoa.o)
 .text._dtoa_r  0x000000008111db1c     0x1688 c:/intelfpga/18.1/nios2eds/bin/gnu/h-x86_64-mingw32/bin/../lib/gcc/nios2-elf/5.3.0/../../../../../H-x86_64-mingw32/nios2-elf/lib/mhw-mulx\libc.a(lib_a-dtoa.o)
                0x000000008111db1c                _dtoa_r
 .text          0x000000008111f1a4        0x0 c:/intelfpga/18.1/nios2eds/bin/gnu/h-x86_64-mingw32/bin/../lib/gcc/nios2-elf/5.3.0/../../../../../H-x86_64-mingw32/nios2-elf/lib/mhw-mulx\libc.a(lib_a-fflush.o)
 .text.__sflush_r
                0x000000008111f1a4      0x21c c:/intelfpga/18.1/nios2eds/bin/gnu/h-x86_64-mingw32/bin/../lib/gcc/nios2-elf/5.3.0/../../../../../H-x86_64-mingw32/nios2-elf/lib/mhw-mulx\libc.a(lib_a-fflush.o)
                0x000000008111f1a4                __sflush_r
 .text._fflush_r
                0x000000008111f3c0       0x5c c:/intelfpga/18.1/nios2eds/bin/gnu/h-x86_64-mingw32/bin/../lib/gcc/nios2-elf/5.3.0/../../../../../H-x86_64-mingw32/nios2-elf/lib/mhw-mulx\libc.a(lib_a-fflush.o)
                0x000000008111f3c0                _fflush_r
 .text.fflush   0x000000008111f41c       0x30 c:/intelfpga/18.1/nios2eds/bin/gnu/h-x86_64-mingw32/bin/../lib/gcc/nios2-elf/5.3.0/../../../../../H-x86_64-mingw32/nios2-elf/lib/mhw-mulx\libc.a(lib_a-fflush.o)
                0x000000008111f41c                fflush
 .text          0x000000008111f44c        0x0 c:/intelfpga/18.1/nios2eds/bin/gnu/h-x86_64-mingw32/bin/../lib/gcc/nios2-elf/5.3.0/../../../../../H-x86_64-mingw32/nios2-elf/lib/mhw-mulx\libc.a(lib_a-findfp.o)
 .text.__fp_unlock
                0x000000008111f44c        0x8 c:/intelfpga/18.1/nios2eds/bin/gnu/h-x86_64-mingw32/bin/../lib/gcc/nios2-elf/5.3.0/../../../../../H-x86_64-mingw32/nios2-elf/lib/mhw-mulx\libc.a(lib_a-findfp.o)
 .text._cleanup_r
                0x000000008111f454        0xc c:/intelfpga/18.1/nios2eds/bin/gnu/h-x86_64-mingw32/bin/../lib/gcc/nios2-elf/5.3.0/../../../../../H-x86_64-mingw32/nios2-elf/lib/mhw-mulx\libc.a(lib_a-findfp.o)
                0x000000008111f454                _cleanup_r
 .text.__sinit.part.1
                0x000000008111f460      0x19c c:/intelfpga/18.1/nios2eds/bin/gnu/h-x86_64-mingw32/bin/../lib/gcc/nios2-elf/5.3.0/../../../../../H-x86_64-mingw32/nios2-elf/lib/mhw-mulx\libc.a(lib_a-findfp.o)
 .text.__fp_lock
                0x000000008111f5fc        0x8 c:/intelfpga/18.1/nios2eds/bin/gnu/h-x86_64-mingw32/bin/../lib/gcc/nios2-elf/5.3.0/../../../../../H-x86_64-mingw32/nios2-elf/lib/mhw-mulx\libc.a(lib_a-findfp.o)
 .text.__sfmoreglue
                0x000000008111f604       0x68 c:/intelfpga/18.1/nios2eds/bin/gnu/h-x86_64-mingw32/bin/../lib/gcc/nios2-elf/5.3.0/../../../../../H-x86_64-mingw32/nios2-elf/lib/mhw-mulx\libc.a(lib_a-findfp.o)
                0x000000008111f604                __sfmoreglue
 .text.__sfp    0x000000008111f66c      0x118 c:/intelfpga/18.1/nios2eds/bin/gnu/h-x86_64-mingw32/bin/../lib/gcc/nios2-elf/5.3.0/../../../../../H-x86_64-mingw32/nios2-elf/lib/mhw-mulx\libc.a(lib_a-findfp.o)
                0x000000008111f66c                __sfp
 .text._cleanup
                0x000000008111f784       0x18 c:/intelfpga/18.1/nios2eds/bin/gnu/h-x86_64-mingw32/bin/../lib/gcc/nios2-elf/5.3.0/../../../../../H-x86_64-mingw32/nios2-elf/lib/mhw-mulx\libc.a(lib_a-findfp.o)
                0x000000008111f784                _cleanup
 .text.__sinit  0x000000008111f79c       0x10 c:/intelfpga/18.1/nios2eds/bin/gnu/h-x86_64-mingw32/bin/../lib/gcc/nios2-elf/5.3.0/../../../../../H-x86_64-mingw32/nios2-elf/lib/mhw-mulx\libc.a(lib_a-findfp.o)
                0x000000008111f79c                __sinit
 .text.__sfp_lock_acquire
                0x000000008111f7ac        0x4 c:/intelfpga/18.1/nios2eds/bin/gnu/h-x86_64-mingw32/bin/../lib/gcc/nios2-elf/5.3.0/../../../../../H-x86_64-mingw32/nios2-elf/lib/mhw-mulx\libc.a(lib_a-findfp.o)
                0x000000008111f7ac                __sfp_lock_acquire
 .text.__sfp_lock_release
                0x000000008111f7b0        0x4 c:/intelfpga/18.1/nios2eds/bin/gnu/h-x86_64-mingw32/bin/../lib/gcc/nios2-elf/5.3.0/../../../../../H-x86_64-mingw32/nios2-elf/lib/mhw-mulx\libc.a(lib_a-findfp.o)
                0x000000008111f7b0                __sfp_lock_release
 .text.__sinit_lock_acquire
                0x000000008111f7b4        0x4 c:/intelfpga/18.1/nios2eds/bin/gnu/h-x86_64-mingw32/bin/../lib/gcc/nios2-elf/5.3.0/../../../../../H-x86_64-mingw32/nios2-elf/lib/mhw-mulx\libc.a(lib_a-findfp.o)
                0x000000008111f7b4                __sinit_lock_acquire
 .text.__sinit_lock_release
                0x000000008111f7b8        0x4 c:/intelfpga/18.1/nios2eds/bin/gnu/h-x86_64-mingw32/bin/../lib/gcc/nios2-elf/5.3.0/../../../../../H-x86_64-mingw32/nios2-elf/lib/mhw-mulx\libc.a(lib_a-findfp.o)
                0x000000008111f7b8                __sinit_lock_release
 .text.__fp_lock_all
                0x000000008111f7bc       0x18 c:/intelfpga/18.1/nios2eds/bin/gnu/h-x86_64-mingw32/bin/../lib/gcc/nios2-elf/5.3.0/../../../../../H-x86_64-mingw32/nios2-elf/lib/mhw-mulx\libc.a(lib_a-findfp.o)
                0x000000008111f7bc                __fp_lock_all
 .text.__fp_unlock_all
                0x000000008111f7d4       0x18 c:/intelfpga/18.1/nios2eds/bin/gnu/h-x86_64-mingw32/bin/../lib/gcc/nios2-elf/5.3.0/../../../../../H-x86_64-mingw32/nios2-elf/lib/mhw-mulx\libc.a(lib_a-findfp.o)
                0x000000008111f7d4                __fp_unlock_all
 .text          0x000000008111f7ec        0x0 c:/intelfpga/18.1/nios2eds/bin/gnu/h-x86_64-mingw32/bin/../lib/gcc/nios2-elf/5.3.0/../../../../../H-x86_64-mingw32/nios2-elf/lib/mhw-mulx\libc.a(lib_a-flags.o)
 .text.__sflags
                0x000000008111f7ec       0xac c:/intelfpga/18.1/nios2eds/bin/gnu/h-x86_64-mingw32/bin/../lib/gcc/nios2-elf/5.3.0/../../../../../H-x86_64-mingw32/nios2-elf/lib/mhw-mulx\libc.a(lib_a-flags.o)
                0x000000008111f7ec                __sflags
 .text          0x000000008111f898        0x0 c:/intelfpga/18.1/nios2eds/bin/gnu/h-x86_64-mingw32/bin/../lib/gcc/nios2-elf/5.3.0/../../../../../H-x86_64-mingw32/nios2-elf/lib/mhw-mulx\libc.a(lib_a-freer.o)
 .text._malloc_trim_r
                0x000000008111f898      0x124 c:/intelfpga/18.1/nios2eds/bin/gnu/h-x86_64-mingw32/bin/../lib/gcc/nios2-elf/5.3.0/../../../../../H-x86_64-mingw32/nios2-elf/lib/mhw-mulx\libc.a(lib_a-freer.o)
                0x000000008111f898                _malloc_trim_r
 .text._free_r  0x000000008111f9bc      0x310 c:/intelfpga/18.1/nios2eds/bin/gnu/h-x86_64-mingw32/bin/../lib/gcc/nios2-elf/5.3.0/../../../../../H-x86_64-mingw32/nios2-elf/lib/mhw-mulx\libc.a(lib_a-freer.o)
                0x000000008111f9bc                _free_r
 .text          0x000000008111fccc        0x0 c:/intelfpga/18.1/nios2eds/bin/gnu/h-x86_64-mingw32/bin/../lib/gcc/nios2-elf/5.3.0/../../../../../H-x86_64-mingw32/nios2-elf/lib/mhw-mulx\libc.a(lib_a-fvwrite.o)
 .text.__sfvwrite_r
                0x000000008111fccc      0x4bc c:/intelfpga/18.1/nios2eds/bin/gnu/h-x86_64-mingw32/bin/../lib/gcc/nios2-elf/5.3.0/../../../../../H-x86_64-mingw32/nios2-elf/lib/mhw-mulx\libc.a(lib_a-fvwrite.o)
                0x000000008111fccc                __sfvwrite_r
 .text          0x0000000081120188        0x0 c:/intelfpga/18.1/nios2eds/bin/gnu/h-x86_64-mingw32/bin/../lib/gcc/nios2-elf/5.3.0/../../../../../H-x86_64-mingw32/nios2-elf/lib/mhw-mulx\libc.a(lib_a-fwalk.o)
 .text._fwalk   0x0000000081120188       0xc4 c:/intelfpga/18.1/nios2eds/bin/gnu/h-x86_64-mingw32/bin/../lib/gcc/nios2-elf/5.3.0/../../../../../H-x86_64-mingw32/nios2-elf/lib/mhw-mulx\libc.a(lib_a-fwalk.o)
                0x0000000081120188                _fwalk
 .text._fwalk_reent
                0x000000008112024c       0xc4 c:/intelfpga/18.1/nios2eds/bin/gnu/h-x86_64-mingw32/bin/../lib/gcc/nios2-elf/5.3.0/../../../../../H-x86_64-mingw32/nios2-elf/lib/mhw-mulx\libc.a(lib_a-fwalk.o)
                0x000000008112024c                _fwalk_reent
 .text          0x0000000081120310        0x0 c:/intelfpga/18.1/nios2eds/bin/gnu/h-x86_64-mingw32/bin/../lib/gcc/nios2-elf/5.3.0/../../../../../H-x86_64-mingw32/nios2-elf/lib/mhw-mulx\libc.a(lib_a-isattyr.o)
 .text._isatty_r
                0x0000000081120310       0x54 c:/intelfpga/18.1/nios2eds/bin/gnu/h-x86_64-mingw32/bin/../lib/gcc/nios2-elf/5.3.0/../../../../../H-x86_64-mingw32/nios2-elf/lib/mhw-mulx\libc.a(lib_a-isattyr.o)
                0x0000000081120310                _isatty_r
 .text          0x0000000081120364        0x0 c:/intelfpga/18.1/nios2eds/bin/gnu/h-x86_64-mingw32/bin/../lib/gcc/nios2-elf/5.3.0/../../../../../H-x86_64-mingw32/nios2-elf/lib/mhw-mulx\libc.a(lib_a-locale.o)
 .text._setlocale_r
                0x0000000081120364       0x7c c:/intelfpga/18.1/nios2eds/bin/gnu/h-x86_64-mingw32/bin/../lib/gcc/nios2-elf/5.3.0/../../../../../H-x86_64-mingw32/nios2-elf/lib/mhw-mulx\libc.a(lib_a-locale.o)
                0x0000000081120364                _setlocale_r
 .text.__locale_charset
                0x00000000811203e0        0xc c:/intelfpga/18.1/nios2eds/bin/gnu/h-x86_64-mingw32/bin/../lib/gcc/nios2-elf/5.3.0/../../../../../H-x86_64-mingw32/nios2-elf/lib/mhw-mulx\libc.a(lib_a-locale.o)
                0x00000000811203e0                __locale_charset
 .text.__locale_mb_cur_max
                0x00000000811203ec       0x10 c:/intelfpga/18.1/nios2eds/bin/gnu/h-x86_64-mingw32/bin/../lib/gcc/nios2-elf/5.3.0/../../../../../H-x86_64-mingw32/nios2-elf/lib/mhw-mulx\libc.a(lib_a-locale.o)
                0x00000000811203ec                __locale_mb_cur_max
 .text.__locale_msgcharset
                0x00000000811203fc        0xc c:/intelfpga/18.1/nios2eds/bin/gnu/h-x86_64-mingw32/bin/../lib/gcc/nios2-elf/5.3.0/../../../../../H-x86_64-mingw32/nios2-elf/lib/mhw-mulx\libc.a(lib_a-locale.o)
                0x00000000811203fc                __locale_msgcharset
 .text.__locale_cjk_lang
                0x0000000081120408        0x8 c:/intelfpga/18.1/nios2eds/bin/gnu/h-x86_64-mingw32/bin/../lib/gcc/nios2-elf/5.3.0/../../../../../H-x86_64-mingw32/nios2-elf/lib/mhw-mulx\libc.a(lib_a-locale.o)
                0x0000000081120408                __locale_cjk_lang
 .text._localeconv_r
                0x0000000081120410        0xc c:/intelfpga/18.1/nios2eds/bin/gnu/h-x86_64-mingw32/bin/../lib/gcc/nios2-elf/5.3.0/../../../../../H-x86_64-mingw32/nios2-elf/lib/mhw-mulx\libc.a(lib_a-locale.o)
                0x0000000081120410                _localeconv_r
 .text.setlocale
                0x000000008112041c       0x18 c:/intelfpga/18.1/nios2eds/bin/gnu/h-x86_64-mingw32/bin/../lib/gcc/nios2-elf/5.3.0/../../../../../H-x86_64-mingw32/nios2-elf/lib/mhw-mulx\libc.a(lib_a-locale.o)
                0x000000008112041c                setlocale
 .text.localeconv
                0x0000000081120434        0xc c:/intelfpga/18.1/nios2eds/bin/gnu/h-x86_64-mingw32/bin/../lib/gcc/nios2-elf/5.3.0/../../../../../H-x86_64-mingw32/nios2-elf/lib/mhw-mulx\libc.a(lib_a-locale.o)
                0x0000000081120434                localeconv
 .text          0x0000000081120440        0x0 c:/intelfpga/18.1/nios2eds/bin/gnu/h-x86_64-mingw32/bin/../lib/gcc/nios2-elf/5.3.0/../../../../../H-x86_64-mingw32/nios2-elf/lib/mhw-mulx\libc.a(lib_a-lseekr.o)
 .text._lseek_r
                0x0000000081120440       0x60 c:/intelfpga/18.1/nios2eds/bin/gnu/h-x86_64-mingw32/bin/../lib/gcc/nios2-elf/5.3.0/../../../../../H-x86_64-mingw32/nios2-elf/lib/mhw-mulx\libc.a(lib_a-lseekr.o)
                0x0000000081120440                _lseek_r
 .text          0x00000000811204a0        0x0 c:/intelfpga/18.1/nios2eds/bin/gnu/h-x86_64-mingw32/bin/../lib/gcc/nios2-elf/5.3.0/../../../../../H-x86_64-mingw32/nios2-elf/lib/mhw-mulx\libc.a(lib_a-memchr.o)
 .text.memchr   0x00000000811204a0       0xe4 c:/intelfpga/18.1/nios2eds/bin/gnu/h-x86_64-mingw32/bin/../lib/gcc/nios2-elf/5.3.0/../../../../../H-x86_64-mingw32/nios2-elf/lib/mhw-mulx\libc.a(lib_a-memchr.o)
                0x00000000811204a0                memchr
 .text          0x0000000081120584        0x0 c:/intelfpga/18.1/nios2eds/bin/gnu/h-x86_64-mingw32/bin/../lib/gcc/nios2-elf/5.3.0/../../../../../H-x86_64-mingw32/nios2-elf/lib/mhw-mulx\libc.a(lib_a-memmove.o)
 .text.memmove  0x0000000081120584      0x15c c:/intelfpga/18.1/nios2eds/bin/gnu/h-x86_64-mingw32/bin/../lib/gcc/nios2-elf/5.3.0/../../../../../H-x86_64-mingw32/nios2-elf/lib/mhw-mulx\libc.a(lib_a-memmove.o)
                0x0000000081120584                memmove
 .text          0x00000000811206e0        0x0 c:/intelfpga/18.1/nios2eds/bin/gnu/h-x86_64-mingw32/bin/../lib/gcc/nios2-elf/5.3.0/../../../../../H-x86_64-mingw32/nios2-elf/lib/mhw-mulx\libc.a(lib_a-mprec.o)
 .text._Balloc  0x00000000811206e0       0xa8 c:/intelfpga/18.1/nios2eds/bin/gnu/h-x86_64-mingw32/bin/../lib/gcc/nios2-elf/5.3.0/../../../../../H-x86_64-mingw32/nios2-elf/lib/mhw-mulx\libc.a(lib_a-mprec.o)
                0x00000000811206e0                _Balloc
 .text._Bfree   0x0000000081120788       0x28 c:/intelfpga/18.1/nios2eds/bin/gnu/h-x86_64-mingw32/bin/../lib/gcc/nios2-elf/5.3.0/../../../../../H-x86_64-mingw32/nios2-elf/lib/mhw-mulx\libc.a(lib_a-mprec.o)
                0x0000000081120788                _Bfree
 .text.__multadd
                0x00000000811207b0      0x120 c:/intelfpga/18.1/nios2eds/bin/gnu/h-x86_64-mingw32/bin/../lib/gcc/nios2-elf/5.3.0/../../../../../H-x86_64-mingw32/nios2-elf/lib/mhw-mulx\libc.a(lib_a-mprec.o)
                0x00000000811207b0                __multadd
 .text.__s2b    0x00000000811208d0      0x104 c:/intelfpga/18.1/nios2eds/bin/gnu/h-x86_64-mingw32/bin/../lib/gcc/nios2-elf/5.3.0/../../../../../H-x86_64-mingw32/nios2-elf/lib/mhw-mulx\libc.a(lib_a-mprec.o)
                0x00000000811208d0                __s2b
 .text.__hi0bits
                0x00000000811209d4       0x68 c:/intelfpga/18.1/nios2eds/bin/gnu/h-x86_64-mingw32/bin/../lib/gcc/nios2-elf/5.3.0/../../../../../H-x86_64-mingw32/nios2-elf/lib/mhw-mulx\libc.a(lib_a-mprec.o)
                0x00000000811209d4                __hi0bits
 .text.__lo0bits
                0x0000000081120a3c       0xb0 c:/intelfpga/18.1/nios2eds/bin/gnu/h-x86_64-mingw32/bin/../lib/gcc/nios2-elf/5.3.0/../../../../../H-x86_64-mingw32/nios2-elf/lib/mhw-mulx\libc.a(lib_a-mprec.o)
                0x0000000081120a3c                __lo0bits
 .text.__i2b    0x0000000081120aec       0x3c c:/intelfpga/18.1/nios2eds/bin/gnu/h-x86_64-mingw32/bin/../lib/gcc/nios2-elf/5.3.0/../../../../../H-x86_64-mingw32/nios2-elf/lib/mhw-mulx\libc.a(lib_a-mprec.o)
                0x0000000081120aec                __i2b
 .text.__multiply
                0x0000000081120b28      0x1f8 c:/intelfpga/18.1/nios2eds/bin/gnu/h-x86_64-mingw32/bin/../lib/gcc/nios2-elf/5.3.0/../../../../../H-x86_64-mingw32/nios2-elf/lib/mhw-mulx\libc.a(lib_a-mprec.o)
                0x0000000081120b28                __multiply
 .text.__pow5mult
                0x0000000081120d20      0x140 c:/intelfpga/18.1/nios2eds/bin/gnu/h-x86_64-mingw32/bin/../lib/gcc/nios2-elf/5.3.0/../../../../../H-x86_64-mingw32/nios2-elf/lib/mhw-mulx\libc.a(lib_a-mprec.o)
                0x0000000081120d20                __pow5mult
 .text.__lshift
                0x0000000081120e60      0x148 c:/intelfpga/18.1/nios2eds/bin/gnu/h-x86_64-mingw32/bin/../lib/gcc/nios2-elf/5.3.0/../../../../../H-x86_64-mingw32/nios2-elf/lib/mhw-mulx\libc.a(lib_a-mprec.o)
                0x0000000081120e60                __lshift
 .text.__mcmp   0x0000000081120fa8       0x60 c:/intelfpga/18.1/nios2eds/bin/gnu/h-x86_64-mingw32/bin/../lib/gcc/nios2-elf/5.3.0/../../../../../H-x86_64-mingw32/nios2-elf/lib/mhw-mulx\libc.a(lib_a-mprec.o)
                0x0000000081120fa8                __mcmp
 .text.__mdiff  0x0000000081121008      0x1fc c:/intelfpga/18.1/nios2eds/bin/gnu/h-x86_64-mingw32/bin/../lib/gcc/nios2-elf/5.3.0/../../../../../H-x86_64-mingw32/nios2-elf/lib/mhw-mulx\libc.a(lib_a-mprec.o)
                0x0000000081121008                __mdiff
 .text.__ulp    0x0000000081121204       0x64 c:/intelfpga/18.1/nios2eds/bin/gnu/h-x86_64-mingw32/bin/../lib/gcc/nios2-elf/5.3.0/../../../../../H-x86_64-mingw32/nios2-elf/lib/mhw-mulx\libc.a(lib_a-mprec.o)
                0x0000000081121204                __ulp
 .text.__b2d    0x0000000081121268      0x10c c:/intelfpga/18.1/nios2eds/bin/gnu/h-x86_64-mingw32/bin/../lib/gcc/nios2-elf/5.3.0/../../../../../H-x86_64-mingw32/nios2-elf/lib/mhw-mulx\libc.a(lib_a-mprec.o)
                0x0000000081121268                __b2d
 .text.__d2b    0x0000000081121374      0x14c c:/intelfpga/18.1/nios2eds/bin/gnu/h-x86_64-mingw32/bin/../lib/gcc/nios2-elf/5.3.0/../../../../../H-x86_64-mingw32/nios2-elf/lib/mhw-mulx\libc.a(lib_a-mprec.o)
                0x0000000081121374                __d2b
 .text.__ratio  0x00000000811214c0       0xa4 c:/intelfpga/18.1/nios2eds/bin/gnu/h-x86_64-mingw32/bin/../lib/gcc/nios2-elf/5.3.0/../../../../../H-x86_64-mingw32/nios2-elf/lib/mhw-mulx\libc.a(lib_a-mprec.o)
                0x00000000811214c0                __ratio
 .text._mprec_log10
                0x0000000081121564       0x74 c:/intelfpga/18.1/nios2eds/bin/gnu/h-x86_64-mingw32/bin/../lib/gcc/nios2-elf/5.3.0/../../../../../H-x86_64-mingw32/nios2-elf/lib/mhw-mulx\libc.a(lib_a-mprec.o)
                0x0000000081121564                _mprec_log10
 .text.__copybits
                0x00000000811215d8       0x78 c:/intelfpga/18.1/nios2eds/bin/gnu/h-x86_64-mingw32/bin/../lib/gcc/nios2-elf/5.3.0/../../../../../H-x86_64-mingw32/nios2-elf/lib/mhw-mulx\libc.a(lib_a-mprec.o)
                0x00000000811215d8                __copybits
 .text.__any_on
                0x0000000081121650       0x8c c:/intelfpga/18.1/nios2eds/bin/gnu/h-x86_64-mingw32/bin/../lib/gcc/nios2-elf/5.3.0/../../../../../H-x86_64-mingw32/nios2-elf/lib/mhw-mulx\libc.a(lib_a-mprec.o)
                0x0000000081121650                __any_on
 .text          0x00000000811216dc        0x0 c:/intelfpga/18.1/nios2eds/bin/gnu/h-x86_64-mingw32/bin/../lib/gcc/nios2-elf/5.3.0/../../../../../H-x86_64-mingw32/nios2-elf/lib/mhw-mulx\libc.a(lib_a-readr.o)
 .text._read_r  0x00000000811216dc       0x60 c:/intelfpga/18.1/nios2eds/bin/gnu/h-x86_64-mingw32/bin/../lib/gcc/nios2-elf/5.3.0/../../../../../H-x86_64-mingw32/nios2-elf/lib/mhw-mulx\libc.a(lib_a-readr.o)
                0x00000000811216dc                _read_r
 .text          0x000000008112173c        0x0 c:/intelfpga/18.1/nios2eds/bin/gnu/h-x86_64-mingw32/bin/../lib/gcc/nios2-elf/5.3.0/../../../../../H-x86_64-mingw32/nios2-elf/lib/mhw-mulx\libc.a(lib_a-reallocr.o)
 .text._realloc_r
                0x000000008112173c      0x564 c:/intelfpga/18.1/nios2eds/bin/gnu/h-x86_64-mingw32/bin/../lib/gcc/nios2-elf/5.3.0/../../../../../H-x86_64-mingw32/nios2-elf/lib/mhw-mulx\libc.a(lib_a-reallocr.o)
                0x000000008112173c                _realloc_r
 .text          0x0000000081121ca0        0x0 c:/intelfpga/18.1/nios2eds/bin/gnu/h-x86_64-mingw32/bin/../lib/gcc/nios2-elf/5.3.0/../../../../../H-x86_64-mingw32/nios2-elf/lib/mhw-mulx\libc.a(lib_a-s_fpclassify.o)
 .text.__fpclassifyd
                0x0000000081121ca0       0x74 c:/intelfpga/18.1/nios2eds/bin/gnu/h-x86_64-mingw32/bin/../lib/gcc/nios2-elf/5.3.0/../../../../../H-x86_64-mingw32/nios2-elf/lib/mhw-mulx\libc.a(lib_a-s_fpclassify.o)
                0x0000000081121ca0                __fpclassifyd
 .text          0x0000000081121d14        0x0 c:/intelfpga/18.1/nios2eds/bin/gnu/h-x86_64-mingw32/bin/../lib/gcc/nios2-elf/5.3.0/../../../../../H-x86_64-mingw32/nios2-elf/lib/mhw-mulx\libc.a(lib_a-strcmp.o)
 .text.strcmp   0x0000000081121d14       0xdc c:/intelfpga/18.1/nios2eds/bin/gnu/h-x86_64-mingw32/bin/../lib/gcc/nios2-elf/5.3.0/../../../../../H-x86_64-mingw32/nios2-elf/lib/mhw-mulx\libc.a(lib_a-strcmp.o)
                0x0000000081121d14                strcmp
 .text          0x0000000081121df0        0x0 c:/intelfpga/18.1/nios2eds/bin/gnu/h-x86_64-mingw32/bin/../lib/gcc/nios2-elf/5.3.0/../../../../../H-x86_64-mingw32/nios2-elf/lib/mhw-mulx\libc.a(lib_a-svfiprintf.o)
 .text.__ssprint_r
                0x0000000081121df0      0x1d0 c:/intelfpga/18.1/nios2eds/bin/gnu/h-x86_64-mingw32/bin/../lib/gcc/nios2-elf/5.3.0/../../../../../H-x86_64-mingw32/nios2-elf/lib/mhw-mulx\libc.a(lib_a-svfiprintf.o)
                0x0000000081121df0                __ssprint_r
 .text.___svfiprintf_internal_r
                0x0000000081121fc0     0x123c c:/intelfpga/18.1/nios2eds/bin/gnu/h-x86_64-mingw32/bin/../lib/gcc/nios2-elf/5.3.0/../../../../../H-x86_64-mingw32/nios2-elf/lib/mhw-mulx\libc.a(lib_a-svfiprintf.o)
                0x0000000081121fc0                ___svfiprintf_internal_r
 .text          0x00000000811231fc        0x0 c:/intelfpga/18.1/nios2eds/bin/gnu/h-x86_64-mingw32/bin/../lib/gcc/nios2-elf/5.3.0/../../../../../H-x86_64-mingw32/nios2-elf/lib/mhw-mulx\libc.a(lib_a-vfiprintf.o)
 .text.__sprint_r.part.0
                0x00000000811231fc       0xfc c:/intelfpga/18.1/nios2eds/bin/gnu/h-x86_64-mingw32/bin/../lib/gcc/nios2-elf/5.3.0/../../../../../H-x86_64-mingw32/nios2-elf/lib/mhw-mulx\libc.a(lib_a-vfiprintf.o)
 .text.__sprint_r
                0x00000000811232f8       0x18 c:/intelfpga/18.1/nios2eds/bin/gnu/h-x86_64-mingw32/bin/../lib/gcc/nios2-elf/5.3.0/../../../../../H-x86_64-mingw32/nios2-elf/lib/mhw-mulx\libc.a(lib_a-vfiprintf.o)
                0x00000000811232f8                __sprint_r
 .text.___vfiprintf_internal_r
                0x0000000081123310     0x145c c:/intelfpga/18.1/nios2eds/bin/gnu/h-x86_64-mingw32/bin/../lib/gcc/nios2-elf/5.3.0/../../../../../H-x86_64-mingw32/nios2-elf/lib/mhw-mulx\libc.a(lib_a-vfiprintf.o)
                0x0000000081123310                ___vfiprintf_internal_r
 .text.__vfiprintf_internal
                0x000000008112476c       0x1c c:/intelfpga/18.1/nios2eds/bin/gnu/h-x86_64-mingw32/bin/../lib/gcc/nios2-elf/5.3.0/../../../../../H-x86_64-mingw32/nios2-elf/lib/mhw-mulx\libc.a(lib_a-vfiprintf.o)
                0x000000008112476c                __vfiprintf_internal
 .text.__sbprintf
                0x0000000081124788       0xbc c:/intelfpga/18.1/nios2eds/bin/gnu/h-x86_64-mingw32/bin/../lib/gcc/nios2-elf/5.3.0/../../../../../H-x86_64-mingw32/nios2-elf/lib/mhw-mulx\libc.a(lib_a-vfiprintf.o)
 .text          0x0000000081124844        0x0 c:/intelfpga/18.1/nios2eds/bin/gnu/h-x86_64-mingw32/bin/../lib/gcc/nios2-elf/5.3.0/../../../../../H-x86_64-mingw32/nios2-elf/lib/mhw-mulx\libc.a(lib_a-callocr.o)
 .text._calloc_r
                0x0000000081124844       0xc4 c:/intelfpga/18.1/nios2eds/bin/gnu/h-x86_64-mingw32/bin/../lib/gcc/nios2-elf/5.3.0/../../../../../H-x86_64-mingw32/nios2-elf/lib/mhw-mulx\libc.a(lib_a-callocr.o)
                0x0000000081124844                _calloc_r
 .text          0x0000000081124908        0x0 c:/intelfpga/18.1/nios2eds/bin/gnu/h-x86_64-mingw32/bin/../lib/gcc/nios2-elf/5.3.0/../../../../../H-x86_64-mingw32/nios2-elf/lib/mhw-mulx\libc.a(lib_a-fclose.o)
 .text._fclose_r
                0x0000000081124908       0xf0 c:/intelfpga/18.1/nios2eds/bin/gnu/h-x86_64-mingw32/bin/../lib/gcc/nios2-elf/5.3.0/../../../../../H-x86_64-mingw32/nios2-elf/lib/mhw-mulx\libc.a(lib_a-fclose.o)
                0x0000000081124908                _fclose_r
 .text.fclose   0x00000000811249f8       0x14 c:/intelfpga/18.1/nios2eds/bin/gnu/h-x86_64-mingw32/bin/../lib/gcc/nios2-elf/5.3.0/../../../../../H-x86_64-mingw32/nios2-elf/lib/mhw-mulx\libc.a(lib_a-fclose.o)
                0x00000000811249f8                fclose
 .text          0x0000000081124a0c        0x0 c:/intelfpga/18.1/nios2eds/bin/gnu/h-x86_64-mingw32/bin/../lib/gcc/nios2-elf/5.3.0/../../../../../H-x86_64-mingw32/nios2-elf/lib/mhw-mulx\libc.a(lib_a-fputwc.o)
 .text.__fputwc
                0x0000000081124a0c      0x164 c:/intelfpga/18.1/nios2eds/bin/gnu/h-x86_64-mingw32/bin/../lib/gcc/nios2-elf/5.3.0/../../../../../H-x86_64-mingw32/nios2-elf/lib/mhw-mulx\libc.a(lib_a-fputwc.o)
                0x0000000081124a0c                __fputwc
 .text._fputwc_r
                0x0000000081124b70       0x24 c:/intelfpga/18.1/nios2eds/bin/gnu/h-x86_64-mingw32/bin/../lib/gcc/nios2-elf/5.3.0/../../../../../H-x86_64-mingw32/nios2-elf/lib/mhw-mulx\libc.a(lib_a-fputwc.o)
                0x0000000081124b70                _fputwc_r
 .text.fputwc   0x0000000081124b94       0x80 c:/intelfpga/18.1/nios2eds/bin/gnu/h-x86_64-mingw32/bin/../lib/gcc/nios2-elf/5.3.0/../../../../../H-x86_64-mingw32/nios2-elf/lib/mhw-mulx\libc.a(lib_a-fputwc.o)
                0x0000000081124b94                fputwc
 .text          0x0000000081124c14        0x0 c:/intelfpga/18.1/nios2eds/bin/gnu/h-x86_64-mingw32/bin/../lib/gcc/nios2-elf/5.3.0/../../../../../H-x86_64-mingw32/nios2-elf/lib/mhw-mulx\libc.a(lib_a-wcrtomb.o)
 .text._wcrtomb_r
                0x0000000081124c14       0x9c c:/intelfpga/18.1/nios2eds/bin/gnu/h-x86_64-mingw32/bin/../lib/gcc/nios2-elf/5.3.0/../../../../../H-x86_64-mingw32/nios2-elf/lib/mhw-mulx\libc.a(lib_a-wcrtomb.o)
                0x0000000081124c14                _wcrtomb_r
 .text.wcrtomb  0x0000000081124cb0       0xc0 c:/intelfpga/18.1/nios2eds/bin/gnu/h-x86_64-mingw32/bin/../lib/gcc/nios2-elf/5.3.0/../../../../../H-x86_64-mingw32/nios2-elf/lib/mhw-mulx\libc.a(lib_a-wcrtomb.o)
                0x0000000081124cb0                wcrtomb
 .text          0x0000000081124d70        0x0 c:/intelfpga/18.1/nios2eds/bin/gnu/h-x86_64-mingw32/bin/../lib/gcc/nios2-elf/5.3.0/../../../../../H-x86_64-mingw32/nios2-elf/lib/mhw-mulx\libc.a(lib_a-wctomb_r.o)
 .text.__ascii_wctomb
                0x0000000081124d70       0x30 c:/intelfpga/18.1/nios2eds/bin/gnu/h-x86_64-mingw32/bin/../lib/gcc/nios2-elf/5.3.0/../../../../../H-x86_64-mingw32/nios2-elf/lib/mhw-mulx\libc.a(lib_a-wctomb_r.o)
                0x0000000081124d70                __ascii_wctomb
 .text._wctomb_r
                0x0000000081124da0       0x5c c:/intelfpga/18.1/nios2eds/bin/gnu/h-x86_64-mingw32/bin/../lib/gcc/nios2-elf/5.3.0/../../../../../H-x86_64-mingw32/nios2-elf/lib/mhw-mulx\libc.a(lib_a-wctomb_r.o)
                0x0000000081124da0                _wctomb_r
 .text          0x0000000081124dfc      0x578 c:/intelfpga/18.1/nios2eds/bin/gnu/h-x86_64-mingw32/bin/../lib/gcc/nios2-elf/5.3.0/mhw-mulx\libgcc.a(_udivdi3.o)
                0x0000000081124dfc                __udivdi3
 .text          0x0000000081125374      0x538 c:/intelfpga/18.1/nios2eds/bin/gnu/h-x86_64-mingw32/bin/../lib/gcc/nios2-elf/5.3.0/mhw-mulx\libgcc.a(_umoddi3.o)
                0x0000000081125374                __umoddi3
 .text          0x00000000811258ac       0x88 c:/intelfpga/18.1/nios2eds/bin/gnu/h-x86_64-mingw32/bin/../lib/gcc/nios2-elf/5.3.0/mhw-mulx\libgcc.a(eqdf2.o)
                0x00000000811258ac                __nedf2
                0x00000000811258ac                __eqdf2
 .text          0x0000000081125934       0xf4 c:/intelfpga/18.1/nios2eds/bin/gnu/h-x86_64-mingw32/bin/../lib/gcc/nios2-elf/5.3.0/mhw-mulx\libgcc.a(ledf2.o)
                0x0000000081125934                __ledf2
                0x0000000081125934                __ltdf2
 .text          0x0000000081125a28      0x128 ../DLR_Hw_Testbench_bsp/\libhal_bsp.a(alt_busy_sleep.o)
                0x0000000081125a28                alt_busy_sleep
 .text          0x0000000081125b50      0x10c ../DLR_Hw_Testbench_bsp/\libhal_bsp.a(alt_close.o)
                0x0000000081125b8c                close
 .text          0x0000000081125c5c       0x20 ../DLR_Hw_Testbench_bsp/\libhal_bsp.a(alt_dcache_flush_all.o)
                0x0000000081125c5c                alt_dcache_flush_all
 .text          0x0000000081125c7c       0x2c ../DLR_Hw_Testbench_bsp/\libhal_bsp.a(alt_dev.o)
 .text          0x0000000081125ca8        0x0 ../DLR_Hw_Testbench_bsp/\libhal_bsp.a(alt_errno.o)
 .text          0x0000000081125ca8       0xec ../DLR_Hw_Testbench_bsp/\libhal_bsp.a(alt_fstat.o)
                0x0000000081125ce4                fstat
 .text          0x0000000081125d94      0x180 ../DLR_Hw_Testbench_bsp/\libhal_bsp.a(alt_irq_register.o)
                0x0000000081125d94                alt_irq_register
 .text          0x0000000081125f14        0x0 ../DLR_Hw_Testbench_bsp/\libhal_bsp.a(alt_irq_vars.o)
 .text          0x0000000081125f14       0xe0 ../DLR_Hw_Testbench_bsp/\libhal_bsp.a(alt_isatty.o)
                0x0000000081125f50                isatty
 .text          0x0000000081125ff4      0x110 ../DLR_Hw_Testbench_bsp/\libhal_bsp.a(alt_lseek.o)
                0x0000000081126030                lseek
 .text          0x0000000081126104       0x7c ../DLR_Hw_Testbench_bsp/\libhal_bsp.a(alt_main.o)
                0x0000000081126104                alt_main
 .text          0x0000000081126180       0x48 ../DLR_Hw_Testbench_bsp/\libhal_bsp.a(alt_malloc_lock.o)
                0x0000000081126180                __malloc_lock
                0x00000000811261a4                __malloc_unlock
 .text          0x00000000811261c8      0x254 ../DLR_Hw_Testbench_bsp/\libhal_bsp.a(alt_open.o)
                0x00000000811262c8                open
 .text          0x000000008112641c      0x138 ../DLR_Hw_Testbench_bsp/\libhal_bsp.a(alt_read.o)
                0x0000000081126458                read
 .text          0x0000000081126554       0x64 ../DLR_Hw_Testbench_bsp/\libhal_bsp.a(alt_release_fd.o)
                0x0000000081126554                alt_release_fd
 .text          0x00000000811265b8       0xb0 ../DLR_Hw_Testbench_bsp/\libhal_bsp.a(alt_sbrk.o)
                0x00000000811265b8                sbrk
 .text          0x0000000081126668      0x1a4 ../DLR_Hw_Testbench_bsp/\libhal_bsp.a(alt_tick.o)
                0x0000000081126668                alt_alarm_stop
                0x0000000081126704                alt_tick
 .text          0x000000008112680c       0x30 ../DLR_Hw_Testbench_bsp/\libhal_bsp.a(alt_usleep.o)
                0x000000008112680c                usleep
 .text          0x000000008112683c      0x134 ../DLR_Hw_Testbench_bsp/\libhal_bsp.a(alt_write.o)
                0x0000000081126878                write
 .text          0x0000000081126970       0xfc ../DLR_Hw_Testbench_bsp/\libhal_bsp.a(alt_sys_init.o)
                0x00000000811269a4                alt_irq_init
                0x00000000811269dc                alt_sys_init
 .text          0x0000000081126a6c      0x164 ../DLR_Hw_Testbench_bsp/\libhal_bsp.a(altera_avalon_jtag_uart_fd.o)
                0x0000000081126a6c                altera_avalon_jtag_uart_read_fd
                0x0000000081126acc                altera_avalon_jtag_uart_write_fd
                0x0000000081126b2c                altera_avalon_jtag_uart_close_fd
                0x0000000081126b7c                altera_avalon_jtag_uart_ioctl_fd
 .text          0x0000000081126bd0      0x3d4 ../DLR_Hw_Testbench_bsp/\libhal_bsp.a(altera_avalon_jtag_uart_init.o)
                0x0000000081126bd0                altera_avalon_jtag_uart_init
                0x0000000081126f3c                altera_avalon_jtag_uart_close
 .text          0x0000000081126fa4       0xf0 ../DLR_Hw_Testbench_bsp/\libhal_bsp.a(altera_avalon_jtag_uart_ioctl.o)
                0x0000000081126fa4                altera_avalon_jtag_uart_ioctl
 .text          0x0000000081127094      0x21c ../DLR_Hw_Testbench_bsp/\libhal_bsp.a(altera_avalon_jtag_uart_read.o)
                0x0000000081127094                altera_avalon_jtag_uart_read
 .text          0x00000000811272b0      0x224 ../DLR_Hw_Testbench_bsp/\libhal_bsp.a(altera_avalon_jtag_uart_write.o)
                0x00000000811272b0                altera_avalon_jtag_uart_write
 .text          0x00000000811274d4       0xf4 ../DLR_Hw_Testbench_bsp/\libhal_bsp.a(altera_avalon_timer_sc.o)
                0x000000008112754c                alt_avalon_timer_sc_init
 .text          0x00000000811275c8      0x110 ../DLR_Hw_Testbench_bsp/\libhal_bsp.a(altera_avalon_uart_fd.o)
                0x00000000811275c8                altera_avalon_uart_read_fd
                0x0000000081127628                altera_avalon_uart_write_fd
                0x0000000081127688                altera_avalon_uart_close_fd
 .text          0x00000000811276d8      0x3c8 ../DLR_Hw_Testbench_bsp/\libhal_bsp.a(altera_avalon_uart_init.o)
                0x00000000811276d8                altera_avalon_uart_init
                0x0000000081127a4c                altera_avalon_uart_close
 .text          0x0000000081127aa0      0x218 ../DLR_Hw_Testbench_bsp/\libhal_bsp.a(altera_avalon_uart_read.o)
                0x0000000081127adc                altera_avalon_uart_read
 .text          0x0000000081127cb8      0x1e8 ../DLR_Hw_Testbench_bsp/\libhal_bsp.a(altera_avalon_uart_write.o)
                0x0000000081127cf4                altera_avalon_uart_write
 .text          0x0000000081127ea0      0x12c ../DLR_Hw_Testbench_bsp/\libhal_bsp.a(alt_alarm_start.o)
                0x0000000081127ea0                alt_alarm_start
 .text          0x0000000081127fcc       0xe0 ../DLR_Hw_Testbench_bsp/\libhal_bsp.a(alt_dev_llist_insert.o)
                0x0000000081128008                alt_dev_llist_insert
 .text          0x00000000811280ac       0x60 ../DLR_Hw_Testbench_bsp/\libhal_bsp.a(alt_do_ctors.o)
                0x00000000811280ac                _do_ctors
 .text          0x000000008112810c       0x60 ../DLR_Hw_Testbench_bsp/\libhal_bsp.a(alt_do_dtors.o)
                0x000000008112810c                _do_dtors
 .text          0x000000008112816c       0x90 ../DLR_Hw_Testbench_bsp/\libhal_bsp.a(alt_find_dev.o)
                0x000000008112816c                alt_find_dev
 .text          0x00000000811281fc      0x108 ../DLR_Hw_Testbench_bsp/\libhal_bsp.a(alt_find_file.o)
                0x00000000811281fc                alt_find_file
 .text          0x0000000081128304       0xa4 ../DLR_Hw_Testbench_bsp/\libhal_bsp.a(alt_get_fd.o)
                0x0000000081128304                alt_get_fd
 .text          0x00000000811283a8      0x1b0 ../DLR_Hw_Testbench_bsp/\libhal_bsp.a(alt_iic.o)
                0x00000000811283a8                alt_ic_isr_register
                0x00000000811283f8                alt_ic_irq_enable
                0x0000000081128480                alt_ic_irq_disable
                0x000000008112850c                alt_ic_irq_enabled
 .text          0x0000000081128558       0xf0 ../DLR_Hw_Testbench_bsp/\libhal_bsp.a(alt_iic_isr_register.o)
                0x0000000081128558                alt_iic_isr_register
 .text          0x0000000081128648      0x140 ../DLR_Hw_Testbench_bsp/\libhal_bsp.a(alt_io_redirect.o)
                0x000000008112870c                alt_io_redirect
 .text          0x0000000081128788        0x0 ../DLR_Hw_Testbench_bsp/\libhal_bsp.a(alt_irq_entry.o)
 .text          0x0000000081128788        0x0 ../DLR_Hw_Testbench_bsp/\libhal_bsp.a(alt_irq_handler.o)
 .text          0x0000000081128788       0x24 ../DLR_Hw_Testbench_bsp/\libhal_bsp.a(altera_nios2_gen2_irq.o)
                0x0000000081128788                altera_nios2_gen2_irq_init
 .text          0x00000000811287ac        0x0 ../DLR_Hw_Testbench_bsp/\libhal_bsp.a(alt_exception_entry.o)
 .text          0x00000000811287ac       0x9c ../DLR_Hw_Testbench_bsp/\libhal_bsp.a(alt_instruction_exception_entry.o)
                0x00000000811287ac                alt_exception_cause_generated_bad_addr
 .text          0x0000000081128848        0x0 c:/intelfpga/18.1/nios2eds/bin/gnu/h-x86_64-mingw32/bin/../lib/gcc/nios2-elf/5.3.0/../../../../../H-x86_64-mingw32/nios2-elf/lib/mhw-mulx\libc.a(lib_a-atexit.o)
 .text.atexit   0x0000000081128848       0x14 c:/intelfpga/18.1/nios2eds/bin/gnu/h-x86_64-mingw32/bin/../lib/gcc/nios2-elf/5.3.0/../../../../../H-x86_64-mingw32/nios2-elf/lib/mhw-mulx\libc.a(lib_a-atexit.o)
                0x0000000081128848                atexit
 .text          0x000000008112885c        0x0 c:/intelfpga/18.1/nios2eds/bin/gnu/h-x86_64-mingw32/bin/../lib/gcc/nios2-elf/5.3.0/../../../../../H-x86_64-mingw32/nios2-elf/lib/mhw-mulx\libc.a(lib_a-exit.o)
 .text.exit     0x000000008112885c       0x38 c:/intelfpga/18.1/nios2eds/bin/gnu/h-x86_64-mingw32/bin/../lib/gcc/nios2-elf/5.3.0/../../../../../H-x86_64-mingw32/nios2-elf/lib/mhw-mulx\libc.a(lib_a-exit.o)
                0x000000008112885c                exit
 .text          0x0000000081128894        0x0 c:/intelfpga/18.1/nios2eds/bin/gnu/h-x86_64-mingw32/bin/../lib/gcc/nios2-elf/5.3.0/../../../../../H-x86_64-mingw32/nios2-elf/lib/mhw-mulx\libc.a(lib_a-memcmp.o)
 .text.memcmp   0x0000000081128894       0x7c c:/intelfpga/18.1/nios2eds/bin/gnu/h-x86_64-mingw32/bin/../lib/gcc/nios2-elf/5.3.0/../../../../../H-x86_64-mingw32/nios2-elf/lib/mhw-mulx\libc.a(lib_a-memcmp.o)
                0x0000000081128894                memcmp
 .text          0x0000000081128910        0x0 c:/intelfpga/18.1/nios2eds/bin/gnu/h-x86_64-mingw32/bin/../lib/gcc/nios2-elf/5.3.0/../../../../../H-x86_64-mingw32/nios2-elf/lib/mhw-mulx\libc.a(lib_a-__atexit.o)
 .text.__register_exitproc
                0x0000000081128910      0x118 c:/intelfpga/18.1/nios2eds/bin/gnu/h-x86_64-mingw32/bin/../lib/gcc/nios2-elf/5.3.0/../../../../../H-x86_64-mingw32/nios2-elf/lib/mhw-mulx\libc.a(lib_a-__atexit.o)
                0x0000000081128910                __register_exitproc
 .text          0x0000000081128a28        0x0 c:/intelfpga/18.1/nios2eds/bin/gnu/h-x86_64-mingw32/bin/../lib/gcc/nios2-elf/5.3.0/../../../../../H-x86_64-mingw32/nios2-elf/lib/mhw-mulx\libc.a(lib_a-__call_atexit.o)
 .text.__call_exitprocs
                0x0000000081128a28      0x180 c:/intelfpga/18.1/nios2eds/bin/gnu/h-x86_64-mingw32/bin/../lib/gcc/nios2-elf/5.3.0/../../../../../H-x86_64-mingw32/nios2-elf/lib/mhw-mulx\libc.a(lib_a-__call_atexit.o)
                0x0000000081128a28                __call_exitprocs
 .text          0x0000000081128ba8       0x34 ../DLR_Hw_Testbench_bsp/\libhal_bsp.a(alt_exit.o)
                0x0000000081128ba8                _exit
 *(.gnu.warning.*)
 *(.fini)
                [!provide]                        PROVIDE (__etext, ABSOLUTE (.))
                [!provide]                        PROVIDE (_etext, ABSOLUTE (.))
                [!provide]                        PROVIDE (etext, ABSOLUTE (.))
 *(.eh_frame_hdr)
                0x0000000081128bdc                . = ALIGN (0x4)
                [!provide]                        PROVIDE (__preinit_array_start, ABSOLUTE (.))
 *(.preinit_array)
                [!provide]                        PROVIDE (__preinit_array_end, ABSOLUTE (.))
                [!provide]                        PROVIDE (__init_array_start, ABSOLUTE (.))
 *(.init_array)
                [!provide]                        PROVIDE (__init_array_end, ABSOLUTE (.))
                [!provide]                        PROVIDE (__fini_array_start, ABSOLUTE (.))
 *(.fini_array)
                [!provide]                        PROVIDE (__fini_array_end, ABSOLUTE (.))
 *(.eh_frame)
 *(.gcc_except_table .gcc_except_table.*)
 *(.dynamic)
                0x0000000081128bdc                PROVIDE (__CTOR_LIST__, ABSOLUTE (.))
 *(.ctors)
 *(SORT(.ctors.*))
                0x0000000081128bdc                PROVIDE (__CTOR_END__, ABSOLUTE (.))
                0x0000000081128bdc                PROVIDE (__DTOR_LIST__, ABSOLUTE (.))
 *(.dtors)
 *(SORT(.dtors.*))
                0x0000000081128bdc                PROVIDE (__DTOR_END__, ABSOLUTE (.))
 *(.jcr)
                0x0000000081128bdc                . = ALIGN (0x4)

.rodata         0x0000000081128bdc     0xa200
                [!provide]                        PROVIDE (__ram_rodata_start, ABSOLUTE (.))
                0x0000000081128bdc                . = ALIGN (0x4)
 *(.rodata .rodata.* .gnu.linkonce.r.*)
 .rodata        0x0000000081128bdc      0xad9 obj/default/api_driver/ddr2/ddr2.o
 *fill*         0x00000000811296b5        0x3 
 .rodata        0x00000000811296b8      0x443 obj/default/api_driver/sense/sense.o
 *fill*         0x0000000081129afb        0x1 
 .rodata        0x0000000081129afc       0xc8 obj/default/driver/comm/fee_buffers/fee_buffers.o
 .rodata        0x0000000081129bc4       0x7d obj/default/driver/comm/rmap/rmap.o
 *fill*         0x0000000081129c41        0x3 
 .rodata        0x0000000081129c44       0x3b obj/default/driver/rtcc_spi/rtcc_spi.o
 *fill*         0x0000000081129c7f        0x1 
 .rodata        0x0000000081129c80      0x1dd obj/default/driver/sync/sync.o
 *fill*         0x0000000081129e5d        0x3 
 .rodata        0x0000000081129e60      0x17c obj/default/hello_world.o
 .rodata        0x0000000081129fdc     0x8610 obj/default/utils/initialization_simucam.o
 .rodata        0x00000000811325ec      0x403 obj/default/utils/test_module_simucam.o
 *fill*         0x00000000811329ef        0x1 
 .rodata        0x00000000811329f0       0x70 obj/default/utils/util.o
 .rodata        0x0000000081132a60      0x100 c:/intelfpga/18.1/nios2eds/bin/gnu/h-x86_64-mingw32/bin/../lib/gcc/nios2-elf/5.3.0/mhw-mulx\libgcc.a(_clz.o)
                0x0000000081132a60                __clz_tab
 .rodata.str1.4
                0x0000000081132b60        0x2 c:/intelfpga/18.1/nios2eds/bin/gnu/h-x86_64-mingw32/bin/../lib/gcc/nios2-elf/5.3.0/../../../../../H-x86_64-mingw32/nios2-elf/lib/mhw-mulx\libc.a(lib_a-impure.o)
 *fill*         0x0000000081132b62        0x2 
 .rodata.str1.4
                0x0000000081132b64        0x2 c:/intelfpga/18.1/nios2eds/bin/gnu/h-x86_64-mingw32/bin/../lib/gcc/nios2-elf/5.3.0/../../../../../H-x86_64-mingw32/nios2-elf/lib/mhw-mulx\libc.a(lib_a-puts.o)
 *fill*         0x0000000081132b66        0x2 
 .rodata.str1.4
                0x0000000081132b68       0x42 c:/intelfpga/18.1/nios2eds/bin/gnu/h-x86_64-mingw32/bin/../lib/gcc/nios2-elf/5.3.0/../../../../../H-x86_64-mingw32/nios2-elf/lib/mhw-mulx\libc.a(lib_a-svfprintf.o)
 .rodata.zeroes.4389
                0x0000000081132baa       0x10 c:/intelfpga/18.1/nios2eds/bin/gnu/h-x86_64-mingw32/bin/../lib/gcc/nios2-elf/5.3.0/../../../../../H-x86_64-mingw32/nios2-elf/lib/mhw-mulx\libc.a(lib_a-svfprintf.o)
 .rodata.blanks.4388
                0x0000000081132bba       0x10 c:/intelfpga/18.1/nios2eds/bin/gnu/h-x86_64-mingw32/bin/../lib/gcc/nios2-elf/5.3.0/../../../../../H-x86_64-mingw32/nios2-elf/lib/mhw-mulx\libc.a(lib_a-svfprintf.o)
 .rodata.str1.4