Archive member included to satisfy reference by file (symbol)

c:/intelfpga/18.1/nios2eds/bin/gnu/h-x86_64-mingw32/bin/../lib/gcc/nios2-elf/5.3.0/../../../../../H-x86_64-mingw32/nios2-elf/lib/mhw-mulx\libm.a(lib_a-s_round.o)
                              obj/default/driver/comm/spw_controller/spw_controller.o (round)
c:/intelfpga/18.1/nios2eds/bin/gnu/h-x86_64-mingw32/bin/../lib/gcc/nios2-elf/5.3.0/mhw-mulx\libgcc.a(_fixunssfsi.o)
                              obj/default/rtos/parser_comm_task.o (__fixunssfsi)
c:/intelfpga/18.1/nios2eds/bin/gnu/h-x86_64-mingw32/bin/../lib/gcc/nios2-elf/5.3.0/mhw-mulx\libgcc.a(_fixunsdfsi.o)
                              obj/default/driver/comm/spw_controller/spw_controller.o (__fixunsdfsi)
c:/intelfpga/18.1/nios2eds/bin/gnu/h-x86_64-mingw32/bin/../lib/gcc/nios2-elf/5.3.0/mhw-mulx\libgcc.a(divsf3.o)
                              obj/default/api_driver/ddr2/ddr2.o (__divsf3)
c:/intelfpga/18.1/nios2eds/bin/gnu/h-x86_64-mingw32/bin/../lib/gcc/nios2-elf/5.3.0/mhw-mulx\libgcc.a(gesf2.o)
                              c:/intelfpga/18.1/nios2eds/bin/gnu/h-x86_64-mingw32/bin/../lib/gcc/nios2-elf/5.3.0/mhw-mulx\libgcc.a(_fixunssfsi.o) (__gesf2)
c:/intelfpga/18.1/nios2eds/bin/gnu/h-x86_64-mingw32/bin/../lib/gcc/nios2-elf/5.3.0/mhw-mulx\libgcc.a(mulsf3.o)
                              obj/default/api_driver/sense/sense.o (__mulsf3)
c:/intelfpga/18.1/nios2eds/bin/gnu/h-x86_64-mingw32/bin/../lib/gcc/nios2-elf/5.3.0/mhw-mulx\libgcc.a(subsf3.o)
                              c:/intelfpga/18.1/nios2eds/bin/gnu/h-x86_64-mingw32/bin/../lib/gcc/nios2-elf/5.3.0/mhw-mulx\libgcc.a(_fixunssfsi.o) (__subsf3)
c:/intelfpga/18.1/nios2eds/bin/gnu/h-x86_64-mingw32/bin/../lib/gcc/nios2-elf/5.3.0/mhw-mulx\libgcc.a(fixsfsi.o)
                              c:/intelfpga/18.1/nios2eds/bin/gnu/h-x86_64-mingw32/bin/../lib/gcc/nios2-elf/5.3.0/mhw-mulx\libgcc.a(_fixunssfsi.o) (__fixsfsi)
c:/intelfpga/18.1/nios2eds/bin/gnu/h-x86_64-mingw32/bin/../lib/gcc/nios2-elf/5.3.0/mhw-mulx\libgcc.a(floatsisf.o)
                              obj/default/api_driver/ddr2/ddr2.o (__floatsisf)
c:/intelfpga/18.1/nios2eds/bin/gnu/h-x86_64-mingw32/bin/../lib/gcc/nios2-elf/5.3.0/mhw-mulx\libgcc.a(floatunsisf.o)
                              obj/default/api_driver/ddr2/ddr2.o (__floatunsisf)
c:/intelfpga/18.1/nios2eds/bin/gnu/h-x86_64-mingw32/bin/../lib/gcc/nios2-elf/5.3.0/mhw-mulx\libgcc.a(adddf3.o)
                              c:/intelfpga/18.1/nios2eds/bin/gnu/h-x86_64-mingw32/bin/../lib/gcc/nios2-elf/5.3.0/../../../../../H-x86_64-mingw32/nios2-elf/lib/mhw-mulx\libm.a(lib_a-s_round.o) (__adddf3)
c:/intelfpga/18.1/nios2eds/bin/gnu/h-x86_64-mingw32/bin/../lib/gcc/nios2-elf/5.3.0/mhw-mulx\libgcc.a(divdf3.o)
                              obj/default/driver/comm/spw_controller/spw_controller.o (__divdf3)
c:/intelfpga/18.1/nios2eds/bin/gnu/h-x86_64-mingw32/bin/../lib/gcc/nios2-elf/5.3.0/mhw-mulx\libgcc.a(gedf2.o)
                              c:/intelfpga/18.1/nios2eds/bin/gnu/h-x86_64-mingw32/bin/../lib/gcc/nios2-elf/5.3.0/mhw-mulx\libgcc.a(_fixunsdfsi.o) (__gedf2)
c:/intelfpga/18.1/nios2eds/bin/gnu/h-x86_64-mingw32/bin/../lib/gcc/nios2-elf/5.3.0/mhw-mulx\libgcc.a(muldf3.o)
                              obj/default/api_driver/sense/sense.o (__muldf3)
c:/intelfpga/18.1/nios2eds/bin/gnu/h-x86_64-mingw32/bin/../lib/gcc/nios2-elf/5.3.0/mhw-mulx\libgcc.a(subdf3.o)
                              c:/intelfpga/18.1/nios2eds/bin/gnu/h-x86_64-mingw32/bin/../lib/gcc/nios2-elf/5.3.0/mhw-mulx\libgcc.a(_fixunsdfsi.o) (__subdf3)
c:/intelfpga/18.1/nios2eds/bin/gnu/h-x86_64-mingw32/bin/../lib/gcc/nios2-elf/5.3.0/mhw-mulx\libgcc.a(fixdfsi.o)
                              c:/intelfpga/18.1/nios2eds/bin/gnu/h-x86_64-mingw32/bin/../lib/gcc/nios2-elf/5.3.0/mhw-mulx\libgcc.a(_fixunsdfsi.o) (__fixdfsi)
c:/intelfpga/18.1/nios2eds/bin/gnu/h-x86_64-mingw32/bin/../lib/gcc/nios2-elf/5.3.0/mhw-mulx\libgcc.a(floatsidf.o)
                              obj/default/driver/sync/sync.o (__floatsidf)
c:/intelfpga/18.1/nios2eds/bin/gnu/h-x86_64-mingw32/bin/../lib/gcc/nios2-elf/5.3.0/mhw-mulx\libgcc.a(floatunsidf.o)
                              obj/default/driver/sync/sync.o (__floatunsidf)
c:/intelfpga/18.1/nios2eds/bin/gnu/h-x86_64-mingw32/bin/../lib/gcc/nios2-elf/5.3.0/mhw-mulx\libgcc.a(extendsfdf2.o)
                              obj/default/api_driver/ddr2/ddr2.o (__extendsfdf2)
c:/intelfpga/18.1/nios2eds/bin/gnu/h-x86_64-mingw32/bin/../lib/gcc/nios2-elf/5.3.0/mhw-mulx\libgcc.a(truncdfsf2.o)
                              obj/default/api_driver/sense/sense.o (__truncdfsf2)
c:/intelfpga/18.1/nios2eds/bin/gnu/h-x86_64-mingw32/bin/../lib/gcc/nios2-elf/5.3.0/mhw-mulx\libgcc.a(_clzsi2.o)
                              c:/intelfpga/18.1/nios2eds/bin/gnu/h-x86_64-mingw32/bin/../lib/gcc/nios2-elf/5.3.0/mhw-mulx\libgcc.a(divsf3.o) (__clzsi2)
[...]
Memory Configuration

Name             Origin             Length             Attributes
onchip_memory_BEFORE_EXCEPTION 0x0000000081100000 0x0000000000000020
onchip_memory    0x0000000081100020 0x00000000000affe0
ext_flash_BEFORE_RESET 0x0000000084000000 0x0000000002020000
reset            0x0000000086020000 0x0000000000000020
ext_flash        0x0000000086020020 0x0000000001fdffe0
*default*        0x0000000000000000 0xffffffffffffffff

Linker script and memory map

LOAD ../Simucam_R0_UART_bsp//obj/HAL/src/crt0.o
LOAD obj/default/api_driver/ddr2/ddr2.o
LOAD obj/default/api_driver/sense/sense.o
LOAD obj/default/api_driver/simucam_dma/simucam_dma.o
LOAD obj/default/driver/comm/comm_channel.o
LOAD obj/default/driver/comm/data_packet/data_packet.o
LOAD obj/default/driver/comm/fee_buffers/fee_buffers.o
LOAD obj/default/driver/comm/rmap/rmap.o
LOAD obj/default/driver/comm/spw_controller/spw_controller.o
LOAD obj/default/driver/comm/windowing/windowing.o
LOAD obj/default/driver/ctrl_io_lvds/ctrl_io_lvds.o
LOAD obj/default/driver/ftdi/ftdi.o
LOAD obj/default/driver/i2c/i2c.o
LOAD obj/default/driver/leds/leds.o
LOAD obj/default/driver/memory_filler/memory_filler.o
LOAD obj/default/driver/power_spi/power_spi.o
LOAD obj/default/driver/reset/reset.o
LOAD obj/default/driver/rtcc_spi/rtcc_spi.o
LOAD obj/default/driver/seven_seg/seven_seg.o
LOAD obj/default/driver/sync/sync.o
LOAD obj/default/rtos/data_control_taskV2.o
LOAD obj/default/rtos/fee_taskV3.o
LOAD obj/default/rtos/in_ack_handler_task.o
LOAD obj/default/rtos/initialization_task.o
LOAD obj/default/rtos/lut_handler_task.o
LOAD obj/default/rtos/out_ack_handler_task.o
LOAD obj/default/rtos/parser_comm_task.o
LOAD obj/default/rtos/receiver_uart_task.o
LOAD obj/default/rtos/sender_com_task.o
LOAD obj/default/rtos/sim_meb_task.o
LOAD obj/default/rtos/stack_monitor_task.o
LOAD obj/default/rtos/sync_reset_task.o
LOAD obj/default/rtos/test_task.o
LOAD obj/default/rtos/timeout_checker_ack_task.o
LOAD obj/default/simucam_main.o
LOAD obj/default/utils/aeb.o
LOAD obj/default/utils/ccd.o
LOAD obj/default/utils/communication_utils.o
LOAD obj/default/utils/configs_bind_channel_FEEinst.o
LOAD obj/default/utils/configs_simucam.o
LOAD obj/default/utils/crc8.o
LOAD obj/default/utils/data_controller.o
LOAD obj/default/utils/deb.o
LOAD obj/default/utils/defaults.o
LOAD obj/default/utils/error_handler_simucam.o
LOAD obj/default/utils/events_handler.o
LOAD obj/default/utils/fee_controller.o
LOAD obj/default/utils/ffee.o
LOAD obj/default/utils/initialization_simucam.o
LOAD obj/default/utils/log_manager_simucam.o
LOAD obj/default/utils/lut_handler.o
LOAD obj/default/utils/meb.o
LOAD obj/default/utils/pattern.o
LOAD obj/default/utils/sdcard_file_manager.o
LOAD obj/default/utils/sync_handler.o
LOAD obj/default/utils/test_module_simucam.o
LOAD obj/default/utils/util.o
LOAD c:/intelfpga/18.1/nios2eds/bin/gnu/h-x86_64-mingw32/bin/../lib/gcc/nios2-elf/5.3.0/../../../../../H-x86_64-mingw32/nios2-elf/lib/mhw-mulx\libstdc++.a
LOAD c:/intelfpga/18.1/nios2eds/bin/gnu/h-x86_64-mingw32/bin/../lib/gcc/nios2-elf/5.3.0/../../../../../H-x86_64-mingw32/nios2-elf/lib/mhw-mulx\libm.a
LOAD c:/intelfpga/18.1/nios2eds/bin/gnu/h-x86_64-mingw32/bin/../lib/gcc/nios2-elf/5.3.0/mhw-mulx\libgcc.a
START GROUP
LOAD c:/intelfpga/18.1/nios2eds/bin/gnu/h-x86_64-mingw32/bin/../lib/gcc/nios2-elf/5.3.0/../../../../../H-x86_64-mingw32/nios2-elf/lib/mhw-mulx\libc.a
LOAD c:/intelfpga/18.1/nios2eds/bin/gnu/h-x86_64-mingw32/bin/../lib/gcc/nios2-elf/5.3.0/mhw-mulx\libgcc.a
LOAD ../Simucam_R0_UART_bsp/\libucosii_bsp.a
LOAD c:/intelfpga/18.1/nios2eds/bin/gnu/h-x86_64-mingw32/bin/../lib/gcc/nios2-elf/5.3.0/../../../../../H-x86_64-mingw32/nios2-elf/lib/mhw-mulx\libm.a
END GROUP
LOAD c:/intelfpga/18.1/nios2eds/bin/gnu/h-x86_64-mingw32/bin/../lib/gcc/nios2-elf/5.3.0/mhw-mulx\libgcc.a
                0x0000000081100000                __alt_mem_onchip_memory = 0x81100000
                0x0000000084000000                __alt_mem_ext_flash = 0x84000000

.entry          0x0000000086020000        0x0
 *(.entry)
 .entry         0x0000000086020000        0x0 ../Simucam_R0_UART_bsp//obj/HAL/src/crt0.o
                0x0000000086020000                __reset

.exceptions     0x0000000081100020      0x224
                [!provide]                        PROVIDE (__ram_exceptions_start, ABSOLUTE (.))
                0x0000000081100020                . = ALIGN (0x20)
 *(.irq)
 *(.exceptions.entry.label)
 .exceptions.entry.label
                0x0000000081100020        0x0 ../Simucam_R0_UART_bsp/\libucosii_bsp.a(alt_irq_entry.o)
                0x0000000081100020                alt_irq_entry
 .exceptions.entry.label
                0x0000000081100020        0x0 ../Simucam_R0_UART_bsp/\libucosii_bsp.a(alt_exception_entry.o)
                0x0000000081100020                alt_exception
 *(.exceptions.entry.user)
 *(.exceptions.entry.ecc_fatal)
 *(.exceptions.entry)
 .exceptions.entry
                0x0000000081100020       0x54 ../Simucam_R0_UART_bsp/\libucosii_bsp.a(alt_exception_entry.o)
 *(.exceptions.irqtest.user)
 *(.exceptions.irqtest)
 .exceptions.irqtest
                0x0000000081100074       0x10 ../Simucam_R0_UART_bsp/\libucosii_bsp.a(alt_irq_entry.o)
 *(.exceptions.irqhandler.user)
 *(.exceptions.irqhandler)
 .exceptions.irqhandler
                0x0000000081100084        0x4 ../Simucam_R0_UART_bsp/\libucosii_bsp.a(alt_irq_entry.o)
 *(.exceptions.irqreturn.user)
 *(.exceptions.irqreturn)
 .exceptions.irqreturn
                0x0000000081100088        0x4 ../Simucam_R0_UART_bsp/\libucosii_bsp.a(alt_irq_entry.o)
 *(.exceptions.notirq.label)
 .exceptions.notirq.label
                0x000000008110008c        0x0 ../Simucam_R0_UART_bsp/\libucosii_bsp.a(alt_irq_entry.o)
 *(.exceptions.notirq.user)
 *(.exceptions.notirq)
 .exceptions.notirq
                0x000000008110008c        0x8 ../Simucam_R0_UART_bsp/\libucosii_bsp.a(alt_exception_entry.o)
 *(.exceptions.soft.user)
 *(.exceptions.soft)
 *(.exceptions.unknown.user)
 *(.exceptions.unknown)
 .exceptions.unknown
                0x0000000081100094       0x14 ../Simucam_R0_UART_bsp/\libucosii_bsp.a(alt_exception_entry.o)
 *(.exceptions.exit.label)
 .exceptions.exit.label
                0x00000000811000a8        0x0 ../Simucam_R0_UART_bsp/\libucosii_bsp.a(alt_irq_entry.o)
 .exceptions.exit.label
                0x00000000811000a8        0x0 ../Simucam_R0_UART_bsp/\libucosii_bsp.a(alt_exception_entry.o)
 *(.exceptions.exit.user)
 *(.exceptions.exit)
 .exceptions.exit
                0x00000000811000a8       0x54 ../Simucam_R0_UART_bsp/\libucosii_bsp.a(alt_exception_entry.o)
 *(.exceptions)
 .exceptions    0x00000000811000fc       0xd4 ../Simucam_R0_UART_bsp/\libucosii_bsp.a(alt_irq_handler.o)
                0x00000000811000fc                alt_irq_handler
 .exceptions    0x00000000811001d0       0x74 ../Simucam_R0_UART_bsp/\libucosii_bsp.a(alt_instruction_exception_entry.o)
                0x00000000811001d0                alt_instruction_exception_entry
                [!provide]                        PROVIDE (__ram_exceptions_end, ABSOLUTE (.))
                [!provide]                        PROVIDE (__flash_exceptions_start, LOADADDR (.exceptions))

.text           0x0000000081100244    0x627b0
                [!provide]                        PROVIDE (stext, ABSOLUTE (.))
 *(.interp)
 *(.hash)
 *(.dynsym)
 *(.dynstr)
 *(.gnu.version)
 *(.gnu.version_d)
 *(.gnu.version_r)
 *(.rel.init)
 *(.rela.init)
 *(.rel.text .rel.text.* .rel.gnu.linkonce.t.*)
 *(.rela.text .rela.text.* .rela.gnu.linkonce.t.*)
 *(.rel.fini)
 *(.rela.fini)
 *(.rel.rodata .rel.rodata.* .rel.gnu.linkonce.r.*)
 *(.rela.rodata .rela.rodata.* .rela.gnu.linkonce.r.*)
 *(.rel.data .rel.data.* .rel.gnu.linkonce.d.*)
 *(.rela.data .rela.data.* .rela.gnu.linkonce.d.*)
 *(.rel.tdata .rel.tdata.* .rel.gnu.linkonce.td.*)
 *(.rela.tdata .rela.tdata.* .rela.gnu.linkonce.td.*)
 *(.rel.tbss .rel.tbss.* .rel.gnu.linkonce.tb.*)
 *(.rela.tbss .rela.tbss.* .rela.gnu.linkonce.tb.*)
 *(.rel.ctors)
 *(.rela.ctors)
 *(.rel.dtors)
 *(.rela.dtors)
 *(.rel.got)
 *(.rela.got)
 *(.rel.sdata .rel.sdata.* .rel.gnu.linkonce.s.*)
 *(.rela.sdata .rela.sdata.* .rela.gnu.linkonce.s.*)
 *(.rel.sbss .rel.sbss.* .rel.gnu.linkonce.sb.*)
 *(.rela.sbss .rela.sbss.* .rela.gnu.linkonce.sb.*)
 *(.rel.sdata2 .rel.sdata2.* .rel.gnu.linkonce.s2.*)
 *(.rela.sdata2 .rela.sdata2.* .rela.gnu.linkonce.s2.*)
 *(.rel.sbss2 .rel.sbss2.* .rel.gnu.linkonce.sb2.*)
 *(.rela.sbss2 .rela.sbss2.* .rela.gnu.linkonce.sb2.*)
 *(.rel.bss .rel.bss.* .rel.gnu.linkonce.b.*)
 *(.rela.bss .rela.bss.* .rela.gnu.linkonce.b.*)
 *(.rel.plt)
 *(.rela.plt)
 *(.rel.dyn)
 *(.init)
 *(.plt)
 *(.text .stub .text.* .gnu.linkonce.t.*)
 .text          0x0000000081100244       0x38 ../Simucam_R0_UART_bsp//obj/HAL/src/crt0.o
                0x0000000081100244                _start
 .text          0x000000008110027c     0x269c obj/default/api_driver/ddr2/ddr2.o
                0x000000008110027c                bDdr2EepromTest
                0x0000000081100790                bDdr2EepromDump
                0x0000000081101444                bDdr2SwitchMemory
                0x0000000081101504                bDdr2MemoryWriteTest
                0x0000000081101a84                bDdr2MemoryReadTest
                0x0000000081101f94                bDdr2MemoryRandomWriteTest
                0x0000000081102404                bDdr2MemoryRandomReadTest
                0x00000000811028a0                uliXorshift32
 .text          0x0000000081102918      0xb68 obj/default/api_driver/sense/sense.o
                0x0000000081102918                POWER_Read
                0x0000000081102bcc                TEMP_Read
                0x0000000081102cbc                sense_log_temp
                0x0000000081102cfc                sense_log
 .text          0x0000000081103480      0x8b0 obj/default/api_driver/simucam_dma/simucam_dma.o
                0x0000000081103480                bSdmaInitComm1Dmas
                0x00000000811034a8                bSdmaInitComm2Dmas
                0x00000000811034d0                bSdmaInitComm3Dmas
                0x00000000811034f8                bSdmaInitComm4Dmas
                0x0000000081103520                bSdmaInitFtdiRxDma
                0x0000000081103548                bSdmaInitFtdiTxDma
                0x0000000081103570                bSdmaResetCommDma
                0x00000000811036bc                bSdmaResetFtdiDma
                0x0000000081103780                bSdmaCommDmaTransfer
                0x0000000081103abc                bSdmaFtdiDmaTransfer
 .text          0x0000000081103d30      0x204 obj/default/driver/comm/comm_channel.o
                0x0000000081103d30                bCommSetGlobalIrqEn
                0x0000000081103e28                bCommInitCh
 .text          0x0000000081103f34     0x1f40 obj/default/driver/comm/data_packet/data_packet.o
                0x0000000081103f34                bDpktSetPacketConfig
                0x0000000081103fa4                bDpktGetPacketConfig
                0x0000000081104014                bDpktSetDataPacketDebCfg
                0x0000000081104088                bDpktGetDataPacketDebCfg
                0x00000000811040fc                bDpktUpdateDpktDebCfg
                0x0000000081104278                bDpktSetDataPacketAebCfg
                0x0000000081104314                bDpktGetDataPacketAebCfg
                0x00000000811043b0                bDpktUpdateDpktAebCfg
                0x0000000081104760                bDpktSetPacketErrors
                0x00000000811047b4                bDpktGetPacketErrors
                0x0000000081104808                bDpktGetPacketHeader
                0x0000000081104874                bDpktSetPixelDelay
                0x00000000811048e0                bDpktGetPixelDelay
                0x000000008110494c                bDpktSetSpacewireErrInj
                0x00000000811049c0                bDpktGetSpacewireErrInj
                0x0000000081104a24                bDpktSetSpwCodecErrInj
                0x0000000081104aac                bDpktGetSpwCodecErrInj
                0x0000000081104b20                bDpktSetRmapErrInj
                0x0000000081104b94                bDpktGetRmapErrInj
                0x0000000081104bf8                bDpktSetTransmissionErrInj
                0x0000000081104cac                bDpktGetTransmissionErrInj
                0x0000000081104d30                bDpktSetLeftContentErrInj
                0x0000000081104da0                bDpktGetLeftContentErrInj
                0x0000000081104e10                bDpktSetRightContentErrInj
                0x0000000081104e80                bDpktGetRightContentErrInj
                0x0000000081104ef0                bDpktContentErrInjClearEntries
                0x0000000081104fd0                bDpktContentErrInjOpenList
                0x00000000811050b0                ucDpktContentErrInjAddEntry
                0x0000000081105220                bDpktContentErrInjCloseList
                0x00000000811052dc                bDpktContentErrInjStartInj
                0x00000000811053bc                bDpktContentErrInjStopInj
                0x0000000081105478                bDpktSetHeaderErrInj
                0x0000000081105534                bDpktGetHeaderErrInj
                0x00000000811055f0                bDpktHeaderErrInjClearEntries
                0x0000000081105684                bDpktHeaderErrInjOpenList
                0x0000000081105718                ucDpktHeaderErrInjAddEntry
                0x00000000811057d4                bDpktHeaderErrInjCloseList
                0x0000000081105840                bDpktHeaderErrInjStartInj
                0x00000000811058d4                bDpktHeaderErrInjStopInj
                0x0000000081105940                bDpktSetPresetFrmCnt
                0x000000008110599c                bDpktGetPresetFrmCnt
                0x00000000811059f8                bDpktSetFrameCounterValue
                0x0000000081105a70                bDpktSetWindowingParams
                0x0000000081105ae0                bDpktGetWindowingParams
                0x0000000081105b50                bDpktInitCh
                0x0000000081105df4                uliPxDelayCalcPeriodNs
                0x0000000081105e3c                uliPxDelayCalcPeriodMs
 .text          0x0000000081105e74     0x14cc obj/default/driver/comm/fee_buffers/fee_buffers.o
                0x0000000081105e74                vFeebCh1HandleIrq
                0x0000000081105fe0                vFeebCh2HandleIrq
                0x0000000081106154                vFeebCh3HandleIrq
                0x00000000811062c8                vFeebCh4HandleIrq
                0x000000008110643c                vFeebInitIrq
                0x00000000811065d8                bFeebSetIrqControl
                0x0000000081106634                bFeebGetIrqControl
                0x0000000081106690                bFeebGetIrqFlags
                0x00000000811066ec                bFeebGetBuffersStatus
                0x0000000081106768                bFeebGetLeftBufferEmpty
                0x00000000811067b0                bFeebGetRightBufferEmpty
                0x00000000811067f8                bFeebGetCh1LeftBufferEmpty
                0x0000000081106834                bFeebGetCh1RightBufferEmpty
                0x0000000081106870                bFeebGetCh2LeftBufferEmpty
                0x00000000811068ac                bFeebGetCh2RightBufferEmpty
                0x00000000811068e8                bFeebGetCh3LeftBufferEmpty
                0x0000000081106924                bFeebGetCh3RightBufferEmpty
                0x0000000081106960                bFeebGetCh4LeftBufferEmpty
                0x000000008110699c                bFeebGetCh4RightBufferEmpty
                0x00000000811069d8                bFeebGetCh1LeftFeeBusy
                0x0000000081106a14                bFeebGetCh1RightFeeBusy
                0x0000000081106a50                bFeebGetCh2LeftFeeBusy
                0x0000000081106a8c                bFeebGetCh2RightFeeBusy
                0x0000000081106ac8                bFeebGetCh3LeftFeeBusy
                0x0000000081106b04                bFeebGetCh3RightFeeBusy
                0x0000000081106b40                bFeebGetCh4LeftFeeBusy
                0x0000000081106b7c                bFeebGetCh4RightFeeBusy
                0x0000000081106bb8                bFeebGetBufferDataControl
                0x0000000081106c54                bFeebSetBufferDataControl
                0x0000000081106cf0                bFeebGetBufferDataStatus
                0x0000000081106d4c                bFeebGetMachineControl
                0x0000000081106de8                bFeebSetMachineControl
                0x0000000081106e84                bFeebClearMachineStatistics
                0x0000000081106ed4                bFeebGetMachineStatistics
                0x0000000081106f68                bFeebStartCh
                0x0000000081106fb8                bFeebStopCh
                0x0000000081107008                bFeebClrCh
                0x0000000081107058                bFeebSetPxStorageSize
                0x0000000081107150                bFeebInitCh
 .text          0x0000000081107340     0x295c obj/default/driver/comm/rmap/rmap.o
                0x0000000081107340                vRmapCh1HandleIrq
                0x0000000081107528                vRmapCh2HandleIrq
                0x0000000081107718                vRmapCh3HandleIrq
                0x0000000081107908                vRmapCh4HandleIrq
                0x0000000081107af8                vRmapCh5HandleIrq
                0x0000000081107cc8                vRmapCh6HandleIrq
                0x0000000081107e98                vRmapCh7HandleIrq
                0x0000000081108068                vRmapCh8HandleIrq
                0x0000000081108238                uliRmapCh1WriteCmdAddress
                0x0000000081108268                uliRmapCh2WriteCmdAddress
                0x0000000081108298                uliRmapCh3WriteCmdAddress
                0x00000000811082c8                uliRmapCh4WriteCmdAddress
                0x00000000811082f8                uliRmapCh5WriteCmdAddress
                0x0000000081108328                uliRmapCh6WriteCmdAddress
                0x0000000081108358                uliRmapCh7WriteCmdAddress
                0x0000000081108388                uliRmapCh8WriteCmdAddress
                0x00000000811083b8                vRmapCh1EnableCodec
                0x00000000811083f4                vRmapCh2EnableCodec
                0x0000000081108430                vRmapCh3EnableCodec
                0x000000008110846c                vRmapCh4EnableCodec
                0x00000000811084a8                vRmapCh5EnableCodec
                0x00000000811084e4                vRmapCh6EnableCodec
                0x0000000081108520                vRmapCh7EnableCodec
                0x000000008110855c                vRmapCh8EnableCodec
                0x0000000081108598                bRmapChEnableCodec
                0x0000000081108684                vRmapInitIrq
                0x0000000081108820                bRmapClrAebTimestamp
                0x0000000081108908                bRmapIncAebTimestamp
                0x0000000081108a68                vRmapSoftRstDebMemArea
                0x0000000081108dec                bRmapSoftRstAebMemArea
                0x000000008110928c                bRmapSetIrqControl
                0x00000000811092e8                bRmapGetIrqControl
                0x0000000081109344                bRmapGetIrqFlags
                0x00000000811093a0                bRmapSetEchoingMode
                0x00000000811093fc                bRmapGetEchoingMode
                0x0000000081109458                bRmapSetCodecConfig
                0x00000000811094bc                bRmapGetCodecConfig
                0x0000000081109520                bRmapGetCodecStatus
                0x00000000811095a4                bRmapGetCodecError
                0x0000000081109628                bRmapSetMemConfig
                0x0000000081109684                bRmapGetMemConfig
                0x00000000811096e0                bRmapGetMemStatus
                0x000000008110974c                bRmapSetRmapMemCfgArea
                0x0000000081109778                bRmapGetRmapMemCfgArea
                0x00000000811097a4                bRmapSetRmapMemHkArea
                0x00000000811097d0                bRmapGetRmapMemHkArea
                0x00000000811097fc                bRmapInitCh
                0x0000000081109c54                uliRmapReadReg
 .text          0x0000000081109c9c      0x7c0 obj/default/driver/comm/spw_controller/spw_controller.o
                0x0000000081109c9c                bSpwcSetLinkConfig
                0x0000000081109d08                bSpwcGetLinkConfig
                0x0000000081109d74                bSpwcGetLinkStatus
                0x0000000081109dd8                bSpwcGetLinkError
                0x0000000081109e44                bSpwcSetTimecodeConfig
                0x0000000081109ec0                bSpwcGetTimecodeConfig
                0x0000000081109f3c                bSpwcGetTimecodeStatus
                0x0000000081109f98                bSpwcClearTimecode
                0x0000000081109fe8                bSpwcEnableTimecodeTrans
                0x000000008110a03c                bSpwcInitCh
                0x000000008110a218                bSpwdCh1DemuxSelect
                0x000000008110a25c                bSpwdCh2DemuxSelect
                0x000000008110a2a0                bSpwdCh3DemuxSelect
                0x000000008110a2e4                bSpwdCh4DemuxSelect
                0x000000008110a328                ucSpwcCalculateLinkDiv
                0x000000008110a3dc                uliTimecodeCalcDelayNs
                0x000000008110a424                uliTimecodeCalcDelayMs
 .text          0x000000008110a45c      0x9bc obj/default/driver/comm/windowing/windowing.o
                0x000000008110a45c                bWindCopyMebWindowingParam
                0x000000008110a89c                bWindCopyCcdXWindowingConfig
                0x000000008110ab70                bWindClearWindowingArea
                0x000000008110ac60                bWindSetWindowingAreaOffset
 .text          0x000000008110ae18      0x1fc obj/default/driver/ctrl_io_lvds/ctrl_io_lvds.o
                0x000000008110ae18                bEnableIsoDrivers
                0x000000008110ae4c                bDisableIsoDrivers
                0x000000008110ae80                bEnableLvdsBoard
                0x000000008110aeb4                bDisableLvdsBoard
                0x000000008110aee8                bSetPreEmphasys
 .text          0x000000008110b014     0x2294 obj/default/driver/ftdi/ftdi.o
                0x000000008110b014                vFtdiRxIrqHandler
                0x000000008110b144                vFtdiTxIrqHandler
                0x000000008110b25c                bFtdiRxIrqInit
                0x000000008110b2e0                bFtdiTxIrqInit
                0x000000008110b358                bFtdiRequestHalfCcdImg
                0x000000008110b464                bFtdiTransmitLutWinArea
                0x000000008110b55c                vFtdiResetHalfCcdImg
                0x000000008110b594                vFtdiResetLutWinArea
                0x000000008110b5cc                ucFtdiGetRxErrorCode
                0x000000008110b608                ucFtdiGetTxErrorCode
                0x000000008110b644                usiFtdiRxBufferUsedBytes
                0x000000008110b680                usiFtdiTxBufferUsedBytes
                0x000000008110b6bc                vFtdiStopModule
                0x000000008110b6f4                vFtdiStartModule
                0x000000008110b72c                vFtdiClearModule
                0x000000008110b764                vFtdiAbortOperation
                0x000000008110b7a8                vFtdiIrqGlobalEn
                0x000000008110b7e4                vFtdiIrqRxHccdReceivedEn
                0x000000008110b820                vFtdiIrqRxHccdCommErrEn
                0x000000008110b85c                vFtdiIrqRxPatchRcptErrEn
                0x000000008110b898                vFtdiIrqTxLutFinishedEn
                0x000000008110b8d4                vFtdiIrqTxLutCommErrEn
                0x000000008110b910                vFtdiEnableImagettes
                0x000000008110b960                vFtdiAbortImagettes
                0x000000008110b998                bFtdiSetImagettesParams
                0x000000008110d050                bFtdiSwapImagettesMem
                0x000000008110d108                bDumpImagettesfromMem
 .text          0x000000008110d2a8      0x73c obj/default/driver/i2c/i2c.o
                0x000000008110d2a8                I2C_TestAdress
                0x000000008110d328                I2C_Write
                0x000000008110d400                I2C_Read
                0x000000008110d500                I2C_MultipleRead
                0x000000008110d658                i2c_start
                0x000000008110d6e4                i2c_stop
                0x000000008110d75c                i2c_write
                0x000000008110d88c                i2c_read
 .text          0x000000008110d9e4       0xe8 obj/default/driver/leds/leds.o
                0x000000008110d9e4                bSetBoardLeds
                0x000000008110da5c                bSetPainelLeds
 .text          0x000000008110dacc      0x360 obj/default/driver/memory_filler/memory_filler.o
                0x000000008110dacc                bMfilGetWrBusy
                0x000000008110dafc                bMfilGetWrTimeoutErr
                0x000000008110db2c                bMfilSetWrData
                0x000000008110dbe8                bMfilResetDma
                0x000000008110dc58                bMfilDmaTransfer
 .text          0x000000008110de2c      0x4e0 obj/default/driver/power_spi/power_spi.o
                0x000000008110de2c                POWER_SPI_RW
 .text          0x000000008110e30c      0x238 obj/default/driver/reset/reset.o
                0x000000008110e30c                vRstcReleaseSimucamReset
                0x000000008110e378                vRstcHoldSimucamReset
                0x000000008110e3dc                vRstcReleaseDeviceReset
                0x000000008110e448                vRstcHoldDeviceReset
 .text          0x000000008110e544      0x37c obj/default/driver/rtcc_spi/rtcc_spi.o
                0x000000008110e544                v_spi_start
                0x000000008110e594                v_spi_send_byte
                0x000000008110e650                uc_spi_get_byte
                0x000000008110e6fc                v_spi_end
                0x000000008110e74c                RTCC_SPI_R_MAC
 .text          0x000000008110e8c0       0xfc obj/default/driver/seven_seg/seven_seg.o
                0x000000008110e8c0                bSSDisplayConfig
                0x000000008110e980                bSSDisplayUpdate
 .text          0x000000008110e9bc     0x1b84 obj/default/driver/sync/sync.o
                0x000000008110e9bc                vSyncHandleIrq
                0x000000008110ebac                vSyncPreHandleIrq
                0x000000008110ecb8                vSyncClearCounter
                0x000000008110ece8                vSyncInitIrq
                0x000000008110ed68                vSyncPreInitIrq
                0x000000008110ede8                bSyncStatusExtnIrq
                0x000000008110ee20                ucSyncStatusState
                0x000000008110ee58                ucSyncStatusErrorCode
                0x000000008110ee90                ucSyncStatusCycleNumber
                0x000000008110eec8                bSyncSetMbt
                0x000000008110ef04                bSyncSetBt
                0x000000008110ef40                bSyncSetPreBt
                0x000000008110ef7c                bSyncSetPer
                0x000000008110efb8                bSyncSetOst
                0x000000008110eff4                bSyncSetPolarity
                0x000000008110f030                bSyncSetNCycles
                0x000000008110f070                uliSyncGetMbt
                0x000000008110f0a8                uliSyncGetBt
                0x000000008110f0e0                uliSyncGetPer
                0x000000008110f118                uliSyncGetOst
                0x000000008110f150                bSyncErrInj
                0x000000008110f18c                bSyncCtrIntern
                0x000000008110f1c8                bSyncCtrStart
                0x000000008110f200                bSyncCtrReset
                0x000000008110f238                bSyncCtrOneShot
                0x000000008110f270                bSyncCtrErrInj
                0x000000008110f2a8                bSyncCtrHoldBlankPulse
                0x000000008110f2e4                bSyncCtrHoldReleasePulse
                0x000000008110f320                bSyncCtrSyncOutEnable
                0x000000008110f35c                bSyncCtrCh1OutEnable
                0x000000008110f398                bSyncCtrCh2OutEnable
                0x000000008110f3d4                bSyncCtrCh3OutEnable
                0x000000008110f410                bSyncCtrCh4OutEnable
                0x000000008110f44c                bSyncCtrCh5OutEnable
                0x000000008110f488                bSyncCtrCh6OutEnable
                0x000000008110f4c4                bSyncCtrCh7OutEnable
                0x000000008110f500                bSyncCtrCh8OutEnable
                0x000000008110f53c                bSyncIrqEnableError
                0x000000008110f578                bSyncIrqEnableBlankPulse
                0x000000008110f5b4                bSyncIrqEnableMasterPulse
                0x000000008110f5f0                bSyncIrqEnableNormalPulse
                0x000000008110f62c                bSyncIrqEnableLastPulse
                0x000000008110f668                bSyncIrqFlagClrError
                0x000000008110f6a4                bSyncIrqFlagClrBlankPulse
                0x000000008110f6e0                bSyncIrqFlagClrMasterPulse
                0x000000008110f71c                bSyncIrqFlagClrNormalPulse
                0x000000008110f758                bSyncIrqFlagClrLastPulse
                0x000000008110f794                bSyncIrqFlagError
                0x000000008110f7cc                bSyncIrqFlagBlankPulse
                0x000000008110f804                bSyncIrqFlagMasterPulse
                0x000000008110f83c                bSyncIrqFlagNormalPulse
                0x000000008110f874                bSyncIrqFlagLastPulse
                0x000000008110f8ac                bSyncPreIrqEnableBlankPulse
                0x000000008110f8e8                bSyncPreIrqEnableMasterPulse
                0x000000008110f924                bSyncPreIrqEnableNormalPulse
                0x000000008110f960                bSyncPreIrqEnableLastPulse
                0x000000008110f99c                bSyncPreIrqFlagClrBlankPulse
                0x000000008110f9d8                bSyncPreIrqFlagClrMasterPulse
                0x000000008110fa14                bSyncPreIrqFlagClrNormalPulse
                0x000000008110fa50                bSyncPreIrqFlagClrLastPulse
                0x000000008110fa8c                bSyncPreIrqFlagBlankPulse
                0x000000008110fac4                bSyncPreIrqFlagMasterPulse
                0x000000008110fafc                bSyncPreIrqFlagNormalPulse
                0x000000008110fb34                bSyncPreIrqFlagLastPulse
                0x000000008110fb6c                bSyncTestConnection
                0x000000008110fca8                bSyncConfigNFeeSyncPeriod
                0x000000008111007c                bSyncConfigFFeeSyncPeriod
                0x000000008111044c                uliPerCalcPeriodMs
                0x00000000811104c8                usiRegCalcTimeMs
 .text          0x0000000081110540     0x1510 obj/default/rtos/data_control_taskV2.o
                0x0000000081110540                vDataControlTaskV2
                0x0000000081111190                vPerformActionDTCFillingMem
                0x0000000081111504                vPerformActionDTCRun
                0x0000000081111688                vPerformActionDTCConfig
                0x00000000811117c4                bSendMSGtoSimMebTaskDTC
                0x0000000081111858                vRxBuffer0FullIRQHandler
                0x00000000811118bc                vRxBuffer1FullIRQHandler
                0x0000000081111920                vRxLastBufferFullIRQHandler
                0x0000000081111984                vRxEmptyBufferFullIRQHandler
                0x00000000811119e8                vRxCommErrorIRQHandler
 .text          0x0000000081111a50     0xe8e0 obj/default/rtos/fee_taskV3.o
                0x0000000081111a50                vFeeTaskV3
                0x0000000081114e90                vQCmdFEEinConfig
                0x00000000811151a8                vQCmdFEEinOn
                0x0000000081115894                vQCmdWaitFinishingTransmission
                0x0000000081115e80                vQCmdFEEinReadoutSync
                0x00000000811163e8                vQCmdFEEinWaitingSync
                0x000000008111680c                vQCmdFEEinStandBy
                0x0000000081116f2c                vQCmdFEEinWaitingMemUpdate
                0x0000000081117578                vQCmdWaitBeforeSyncSignal
                0x0000000081117bf4                vInitialConfig_RMAPCodecConfig
                0x0000000081117d50                vInitialConfig_DpktPacket
                0x0000000081117f44                vSendMessageNUCModeFeeChange
                0x00000000811180d0                vWaitUntilBufferEmpty
                0x0000000081118270                uliReturnMaskR
                0x0000000081118348                uliReturnMaskG
                0x0000000081118420                bSendMSGtoMebTask
                0x00000000811184b4                bSendRequestNFeeCtrl
                0x0000000081118550                bDisableRmapIRQ
                0x00000000811185a4                bEnableRmapIRQ
                0x0000000081118600                bDisableSPWChannel
                0x0000000081118658                bEnableSPWChannel
                0x00000000811186bc                vConfigTinMode
                0x0000000081119154                bEnableDbBuffer
                0x00000000811191c4                bDisAndClrDbBuffer
                0x0000000081119228                vQCmdFeeRMAPinModeOn
                0x000000008111a154                vQCmdFeeRMAPBeforeSync
                0x000000008111b220                vQCmdFeeRMAPinWaitingMemUpdate
                0x000000008111c358                vQCmdFeeRMAPinStandBy
                0x000000008111d2d8                vQCmdFeeRMAPWaitingSync
                0x000000008111e134                vQCmdFeeRMAPReadoutSync
                0x000000008111f1f8                vQCmdFeeRMAPinReadoutTrans
 .text          0x0000000081120330      0x8f0 obj/default/rtos/in_ack_handler_task.o
                0x0000000081120330                vInAckHandlerTaskV2
                0x0000000081120714                bCheckInAck512
                0x0000000081120854                bCheckInAck128
                0x0000000081120998                bCheckInAck64
                0x0000000081120adc                bCheckInAck32
 .text          0x0000000081120c20      0x8e0 obj/default/rtos/initialization_task.o
                0x0000000081120c20                vInitialTask
 .text          0x0000000081121500      0x7d4 obj/default/rtos/lut_handler_task.o
                0x0000000081121500                vLutHandlerTask
                0x0000000081121a68                vQCmdLUTCmd
                0x0000000081121ba0                vQCmdLUTWaitIRQFinish
 .text          0x0000000081121cd4      0x31c obj/default/rtos/out_ack_handler_task.o
                0x0000000081121cd4                vOutAckHandlerTask
 .text          0x0000000081121ff0     0x2690 obj/default/rtos/parser_comm_task.o
                0x0000000081121ff0                vParserCommTask
                0x0000000081124414                getPreParsedPacket
                0x0000000081124524                bSendMessagePUStoMebTask
 .text          0x0000000081124680      0xa44 obj/default/rtos/receiver_uart_task.o
                0x0000000081124680                vReceiverUartTask
                0x00000000811248fc                setPreParsedFreePos
                0x0000000081124a30                setPreAckSenderFreePos
                0x0000000081124ba4                setPreAckReceiverFreePos
                0x0000000081124d50                bPreParserV2
 .text          0x00000000811250c4      0x4b8 obj/default/rtos/sender_com_task.o
                0x00000000811250c4                vSenderComTask
                0x0000000081125458                getBufferSendPUSorChar
 .text          0x000000008112557c     0x347c obj/default/rtos/sim_meb_task.o
                0x000000008112557c                vSimMebTask
                0x0000000081125a84                vPerformActionMebInRunning
                0x0000000081125c68                vPerformActionMebInConfig
                0x0000000081125dcc                vDebugSyncTimeCode
                0x0000000081125df0                vPusMebTask
                0x0000000081125fd0                vPusMebInTaskConfigMode
                0x000000008112608c                vPusType250conf
                0x00000000811267ec                vPusType251conf
                0x0000000081126850                vPusType252conf
                0x0000000081126db8                vPusMebInTaskRunningMode
                0x0000000081126e88                vPusType250run
                0x0000000081127544                vPusType251run
                0x00000000811279f4                vPusType252run
                0x0000000081128270                vMebInit
                0x00000000811282cc                vSwapMemmory
                0x0000000081128368                vEnterConfigRoutine
                0x00000000811287b0                vSendMessageNUCModeMEBChange
                0x000000008112892c                vSendHKUpdate
                0x0000000081128954                vManageSyncGenerator
 .text          0x00000000811289f8      0x7d4 obj/default/rtos/stack_monitor_task.o
                0x00000000811289f8                vStackMonitor
 .text          0x00000000811291cc      0x358 obj/default/rtos/sync_reset_task.o
                0x00000000811291cc                vSyncResetTask
 .text          0x0000000081129524        0x0 obj/default/rtos/test_task.o
 .text          0x0000000081129524      0xca8 obj/default/rtos/timeout_checker_ack_task.o
                0x0000000081129524                vTimeoutCheckerTaskv2
                0x00000000811295a0                vCheck
                0x0000000081129788                vCheckRetransmission512
                0x0000000081129a04                vCheckRetransmission128
                0x0000000081129c88                vCheckRetransmission64
                0x0000000081129f0c                vCheckRetransmission32
 .text          0x000000008112a1cc     0x12bc obj/default/simucam_main.o
                0x000000008112a1cc                bResourcesInitRTOS
                0x000000008112a668                vVariablesInitialization
                0x000000008112ac78                main
                0x000000008112b0cc                vFillMemmoryPattern
                0x000000008112b430                bInitFTDI
 .text          0x000000008112b488        0x0 obj/default/utils/aeb.o
 .text          0x000000008112b488      0x1e4 obj/default/utils/ccd.o
                0x000000008112b488                vCCDLoadDefaultValues
                0x000000008112b5e4                vCCDChangeValues
 .text          0x000000008112b66c     0x1ed4 obj/default/utils/communication_utils.o
                0x000000008112b66c                bSendUART512v2
                0x000000008112b980                bSendUART128v2
                0x000000008112bc9c                bSendUART64v2
                0x000000008112bfb8                bSendUART32v2
                0x000000008112c2d4                vSendEthConf
                0x000000008112c588                vSendTurnOff
                0x000000008112c6a8                vSendBufferChar128
                0x000000008112c7c4                vSendReset
                0x000000008112c8e4                vSendLog
                0x000000008112ca08                vLogSendErrorChars
                0x000000008112caa0                vSendLogError
                0x000000008112cbc8                vSendEventLog
                0x000000008112cd2c                vSendFEEStatus
                0x000000008112ce6c                usiGetIdCMD
                0x000000008112ceb4                siPosStr
                0x000000008112cefc                vTimeoutCheck
                0x000000008112cf44                vSendPusTM64
                0x000000008112d110                vSendPusTM128
                0x000000008112d2dc                vSendPusTM512
                0x000000008112d4ac                vTMPusTestConnection
 .text          0x000000008112d540      0xd28 obj/default/utils/configs_bind_channel_FEEinst.o
                0x000000008112d540                bLoadDefaultChannelsConf
                0x000000008112de48                vLoadHardcodedChannelsConf
                0x000000008112df54                vShowChannelsConfig
                0x000000008112e228                ucCheckAndApllySPWChannel
 .text          0x000000008112e268     0x2368 obj/default/utils/configs_simucam.o
                0x000000008112e268                bLoadDefaultEthConf
                0x000000008112eb30                bLoadDefaultDebugConf
                0x000000008112fcf4                vLoadHardcodedEthConf
                0x000000008112fe34                vLoadHardcodedDebugConf
                0x000000008112ffb4                vShowEthConfig
                0x00000000811301fc                vShowDebugConfig
 .text          0x00000000811305d0       0xf0 obj/default/utils/crc8.o
                0x00000000811305d0                ucCrc8
                0x000000008113066c                ucCrc8wInit
 .text          0x00000000811306c0      0x164 obj/default/utils/data_controller.o
                0x00000000811306c0                vDataControllerInit
 .text          0x0000000081130824        0x0 obj/default/utils/deb.o
 .text          0x0000000081130824     0x1668 obj/default/utils/defaults.o
                0x0000000081130824                vClearMebDefault
                0x00000000811309b8                bClearFeeDefault
                0x0000000081130acc                vClearNucDefault
                0x0000000081130c0c                bSetMebDefaultValues
                0x0000000081130f24                bSetFeeDefaultValues
                0x0000000081131b70                bSetNucDefaultValues
                0x0000000081131db4                bSetDefaultValues
 .text          0x0000000081131e8c     0x2f54 obj/default/utils/error_handler_simucam.o
                0x0000000081131e8c                printErrorTask
                0x0000000081131ef4                vCriticalErrorLedPanel
                0x0000000081131f2c                vFailSendSemaphoreFromDTC
                0x0000000081131f88                vFailInitRTOSResources
                0x0000000081131fe4                vCriticalFailUpdateMemoreDTController
                0x0000000081132040                vCommunicationErrorUSB3DTController
                0x000000008113209c                vFailSendRequestDTController
                0x00000000811320f8                vFailFTDIDMASchedule
                0x0000000081132154                vFailCreateMutexSResources
                0x00000000811321c4                vFailCreateMutexDMA
                0x0000000081132220                vFailReadETHConf
                0x000000008113227c                vFailCreateSemaphoreResources
                0x00000000811322d8                vFailTestCriticasParts
                0x0000000081132338                vFailSDCard
                0x0000000081132398                vFailSendxSemCommInit
                0x0000000081132410                vFailSendPreParsedSemaphore
                0x000000008113246c                vFailSendPreAckReceiverSemaphore
                0x00000000811324c8                vFailSendPreAckSenderSemaphore
                0x0000000081132524                vFailGetCountSemaphoreSenderTask
                0x000000008113259c                vFailGetMutexSenderTask
                0x0000000081132614                vFailGetCountSemaphoreReceiverTask
                0x000000008113268c                vFailGetMutexReceiverTask
                0x0000000081132704                vFailGetMutexTxUARTSenderTask
                0x000000008113277c                vFailGetMacRTC
                0x00000000811327d8                vFailInitialization
                0x0000000081132838                vFailReceiverCreate
                0x0000000081132894                vFailSenderCreate
                0x00000000811328f0                vFailDeleteInitialization
                0x000000008113294c                vFailSetCountSemaphorexBuffer32
                0x00000000811329c4                vFailSetCountSemaphorexBuffer64
                0x0000000081132a3c                vFailSetCountSemaphorexBuffer512
                0x0000000081132ab4                vFailSetCountSemaphorexBuffer128
                0x0000000081132b2c                vFailGetCountSemaphorexBuffer512
                0x0000000081132ba4                vFailGetCountSemaphorexBuffer128
                0x0000000081132c1c                vFailGetCountSemaphorexBuffer64
                0x0000000081132c94                vFailGetCountSemaphorexBuffer32
                0x0000000081132d0c                vFailFoundBufferRetransmission
                0x0000000081132d84                vFailGetCountSemaphoreSenderBuffer
                0x0000000081132dfc                vFailGetCountSemaphorePreParsedBuffer
                0x0000000081132e74                vFailGetxMutexPreParsedParserRxTask
                0x0000000081132eec                vFailGetxMutexSenderBuffer128
                0x0000000081132f64                vNoContentInPreParsedBuffer
                0x0000000081132fdc                vNoContentInSenderBuffer
                0x0000000081133054                vCouldNotSendEthConfUART
                0x00000000811330cc                vFailSendNack
                0x0000000081133144                vFailSetPreAckSenderBuffer
                0x00000000811331bc                vFailSetPreParsedBuffer
                0x0000000081133234                vFailSetPreAckReceiverBuffer
                0x00000000811332ac                vFailParserCommTaskCreate
                0x0000000081133308                vFailInAckHandlerTaskCreate
                0x0000000081133364                vFailOutAckHandlerTaskCreate
                0x00000000811333c0                vFailCreateTimerRetransmisison
                0x000000008113341c                vCouldNotCheckBufferTimeOutFunction
                0x0000000081133478                vFailTimeoutCheckerTaskCreate
                0x00000000811334d4                vFailGetBlockingSemTimeoutTask
                0x000000008113354c                vFailPostBlockingSemTimeoutTask
                0x00000000811335c4                vFailCouldNotRetransmitTimeoutTask
                0x000000008113363c                vCouldNotRetransmitB32TimeoutTask
                0x00000000811336b4                vCouldNotRetransmitB64TimeoutTask
                0x000000008113372c                vCouldNotRetransmitB128TimeoutTask
                0x00000000811337a4                vFailStartTimerRetransmission
                0x000000008113381c                vCouldNotSendTurnOff
                0x0000000081133894                vCouldNotSendGenericMessageInternalCMD
                0x00000000811338f0                vCouldNotSendReset
                0x0000000081133968                vCouldNotSendLog
                0x00000000811339e0                vCouldNotSendTMPusCommand
                0x0000000081133a78                vWarnCouldNotgetMutexRetrans128
                0x0000000081133af0                vFailCreateScheduleQueue
                0x0000000081133b68                vFailCreateNFEEQueue
                0x0000000081133be8                vFailCreateMebQueue
                0x0000000081133c60                vFailCreateLUTQueue
                0x0000000081133cd8                vFailCreateNFEESyncQueue
                0x0000000081133d58                vCoudlNotCreateNFee0Task
                0x0000000081133dd0                vCoudlNotCreateNFee1Task
                0x0000000081133e48                vCoudlNotCreateNFee2Task
                0x0000000081133ec0                vCoudlNotCreateNFee3Task
                0x0000000081133f38                vCoudlNotCreateNFee4Task
                0x0000000081133fb0                vCoudlNotCreateNFee5Task
                0x0000000081134028                vCoudlNotCreateNFeeControllerTask
                0x00000000811340a0                vCoudlNotCreateDataControllerTask
                0x0000000081134118                vCoudlNotCreateMebTask
                0x0000000081134190                vFailCreateMutexSPUSQueueMeb
                0x0000000081134200                vFailSendPUStoMebTask
                0x000000008113425c                vCouldNotGetCmdQueueMeb
                0x00000000811342d4                vCouldNotGetMutexMebPus
                0x0000000081134330                vCouldNotCreateQueueMaskNfeeCtrl
                0x00000000811343a8                vCouldNotCreateQueueMaskDataCtrl
                0x0000000081134420                vCouldNotGetQueueMaskNfeeCtrl
                0x0000000081134498                vCouldNotGetQueueMaskDataCtrl
                0x0000000081134510                vFailSendMsgAccessDMA
                0x0000000081134574                vFailRequestDMA
                0x00000000811345d8                vFailFromFEE
                0x0000000081134634                vFailSendMSGMebTask
                0x0000000081134690                vFailSendBufferFullIRQtoDTC
                0x00000000811346ec                vFailSendBufferLastIRQtoLUT
                0x0000000081134748                vFailFtdiErrorIRQtoLUT
                0x00000000811347a4                vFailSendBufferLastIRQtoDTC
                0x0000000081134800                vFailFtdiErrorIRQtoDTC
                0x000000008113485c                vFailSendBufferEmptyIRQtoDTC
                0x00000000811348b8                vFailRequestDMAFromIRQ
                0x000000008113491c                vFailSendRMAPFromIRQ
                0x0000000081134980                vFailSendMsgSync
                0x00000000811349e4                vFailSendMsgSyncRMAPTRIGGER
                0x0000000081134a48                vFailSendMsgMasterSyncDTC
                0x0000000081134aa4                vFailSendMsgMasterSyncLut
                0x0000000081134b00                vFailSendMsgMasterSyncMeb
                0x0000000081134b5c                vFailSendMsgFeeCTRL
                0x0000000081134bb8                vFailSendMsgDataCTRL
                0x0000000081134c14                vFailFlushQueue
                0x0000000081134c70                vFailFlushQueueData
                0x0000000081134ccc                vFailFlushMEBQueue
                0x0000000081134d28                vFailFlushNFEEQueue
                0x0000000081134d84                vFailSyncResetCreate
 .text          0x0000000081134de0       0x60 obj/default/utils/events_handler.o
                0x0000000081134de0                vEvtChangeMebMode
                0x0000000081134e00                vEvtChangeFeeControllerMode
                0x0000000081134e20                vEvtChangeDataControllerMode
 .text          0x0000000081134e40      0x1dc obj/default/utils/fee_controller.o
                0x0000000081134e40                vFFeeControlInit
                0x0000000081134f3c                vSetTimeCode
                0x0000000081134f74                vResetTimeCode
                0x0000000081134fa0                vLoadDefaultIdNFEEMaster
                0x0000000081134fc4                vChangeIdNFEEMaster
                0x0000000081134ff0                vChangeDefaultIdNFEEMaster
 .text          0x000000008113501c      0x98c obj/default/utils/ffee.o
                0x000000008113501c                vFFeeStructureInit
                0x000000008113550c                vUpdateMemMapFEE
                0x0000000081135888                bMemNewLimits
                0x0000000081135900                vResetMemCCDFEE
 .text          0x00000000811359a8     0x2754 obj/default/utils/initialization_simucam.o
                0x00000000811359a8                bInitSimucamCoreHW
                0x0000000081135a14                vInitSimucamBasicHW
                0x0000000081135adc                vDumpDebAddr
                0x0000000081136cbc                vDumpAebAddr
 .text          0x00000000811380fc       0xb8 obj/default/utils/log_manager_simucam.o
                0x00000000811380fc                bLogWriteSDCard
                0x0000000081138124                vLogWriteNUC
 .text          0x00000000811381b4       0xd4 obj/default/utils/lut_handler.o
                0x00000000811381b4                vLutInit
 .text          0x0000000081138288      0x790 obj/default/utils/meb.o
                0x0000000081138288                vSimucamStructureInit
                0x000000008113837c                vLoadDefaultEPValue
                0x00000000811383ac                vChangeEPValue
                0x00000000811383e0                vChangeDefaultEPValue
                0x0000000081138408                vLoadDefaultRTValue
                0x000000008113843c                vChangeRTValue
                0x0000000081138470                vChangeDefaultRTValue
                0x0000000081138498                vLoadDefaultSyncSource
                0x00000000811384c4                vChangeSyncSource
                0x00000000811384f8                vChangeDefaultSyncSource
                0x0000000081138520                vLoadDefaultSyncRepeat
                0x0000000081138554                vChangeSyncRepeat
                0x00000000811385b8                vLoadDefaultAutoResetSync
                0x00000000811385e8                vChangeAutoResetSync
                0x000000008113861c                vChangeDefaultAutoResetSync
                0x0000000081138644                vSyncReset
                0x0000000081138750                vSendCmdQToNFeeCTRL
                0x00000000811387d0                vSendCmdQToNFeeCTRL_PRIO
                0x0000000081138874                vSendCmdQToNFeeCTRL_GEN
                0x0000000081138918                vSendCmdQToDataCTRL
                0x0000000081138998                vSendCmdQToDataCTRL_PRIO
 .text          0x0000000081138a18      0x208 obj/default/utils/pattern.o
                0x0000000081138a18                pattern_createPattern
 .text          0x0000000081138c20      0x1e4 obj/default/utils/sdcard_file_manager.o
                0x0000000081138c20                bSDcardIsPresent
                0x0000000081138c48                bSDcardFAT16Check
                0x0000000081138c70                bInitializeSDCard
                0x0000000081138d60                siOpenFile
                0x0000000081138d94                siCloseFile
                0x0000000081138dcc                cGetNextChar
 .text          0x0000000081138e04      0x2f0 obj/default/utils/sync_handler.o
                0x0000000081138e04                bInitSync
                0x0000000081138f98                bStartSync
                0x0000000081138fcc                bStopSync
                0x0000000081138ff4                bClearSync
                0x00000000811390c8                bClearCounterSync
 .text          0x00000000811390f4      0x990 obj/default/utils/test_module_simucam.o
                0x00000000811390f4                bTestSimucamCriticalHW
                0x0000000081139330                bTestSimucamBasicHW
                0x00000000811393c8                bDdr2MemoryFastTest
                0x00000000811398dc                bDdr2MemoryZeroFill
 .text          0x0000000081139a84      0x454 obj/default/utils/util.o
                0x0000000081139a84                _reg_write
                0x0000000081139ad4                _reg_read
                0x0000000081139b24                _print_codec_status
                0x0000000081139d30                _split_codec_status
                0x0000000081139d9c                aatoh
                0x0000000081139e38                Verif_Error
                0x0000000081139eac                toInt
 .text          0x0000000081139ed8        0x0 c:/intelfpga/18.1/nios2eds/bin/gnu/h-x86_64-mingw32/bin/../lib/gcc/nios2-elf/5.3.0/../../../../../H-x86_64-mingw32/nios2-elf/lib/mhw-mulx\libm.a(lib_a-s_round.o)
 .text.round    0x0000000081139ed8      0x100 c:/intelfpga/18.1/nios2eds/bin/gnu/h-x86_64-mingw32/bin/../lib/gcc/nios2-elf/5.3.0/../../../../../H-x86_64-mingw32/nios2-elf/lib/mhw-mulx\libm.a(lib_a-s_round.o)
                0x0000000081139ed8                round
 .text          0x0000000081139fd8       0x60 c:/intelfpga/18.1/nios2eds/bin/gnu/h-x86_64-mingw32/bin/../lib/gcc/nios2-elf/5.3.0/mhw-mulx\libgcc.a(_fixunssfsi.o)
                0x0000000081139fd8                __fixunssfsi
 .text          0x000000008113a038       0x74 c:/intelfpga/18.1/nios2eds/bin/gnu/h-x86_64-mingw32/bin/../lib/gcc/nios2-elf/5.3.0/mhw-mulx\libgcc.a(_fixunsdfsi.o)
                0x000000008113a038                __fixunsdfsi
 .text          0x000000008113a0ac      0x440 c:/intelfpga/18.1/nios2eds/bin/gnu/h-x86_64-mingw32/bin/../lib/gcc/nios2-elf/5.3.0/mhw-mulx\libgcc.a(divsf3.o)
                0x000000008113a0ac                __divsf3
 .text          0x000000008113a4ec       0xbc c:/intelfpga/18.1/nios2eds/bin/gnu/h-x86_64-mingw32/bin/../lib/gcc/nios2-elf/5.3.0/mhw-mulx\libgcc.a(gesf2.o)
                0x000000008113a4ec                __gesf2
                0x000000008113a4ec                __gtsf2
 .text          0x000000008113a5a8      0x3fc c:/intelfpga/18.1/nios2eds/bin/gnu/h-x86_64-mingw32/bin/../lib/gcc/nios2-elf/5.3.0/mhw-mulx\libgcc.a(mulsf3.o)
                0x000000008113a5a8                __mulsf3
 .text          0x000000008113a9a4      0x4e4 c:/intelfpga/18.1/nios2eds/bin/gnu/h-x86_64-mingw32/bin/../lib/gcc/nios2-elf/5.3.0/mhw-mulx\libgcc.a(subsf3.o)
                0x000000008113a9a4                __subsf3
 .text          0x000000008113ae88       0x70 c:/intelfpga/18.1/nios2eds/bin/gnu/h-x86_64-mingw32/bin/../lib/gcc/nios2-elf/5.3.0/mhw-mulx\libgcc.a(fixsfsi.o)
                0x000000008113ae88                __fixsfsi
 .text          0x000000008113aef8      0x124 c:/intelfpga/18.1/nios2eds/bin/gnu/h-x86_64-mingw32/bin/../lib/gcc/nios2-elf/5.3.0/mhw-mulx\libgcc.a(floatsisf.o)
                0x000000008113aef8                __floatsisf
 .text          0x000000008113b01c       0xf0 c:/intelfpga/18.1/nios2eds/bin/gnu/h-x86_64-mingw32/bin/../lib/gcc/nios2-elf/5.3.0/mhw-mulx\libgcc.a(floatunsisf.o)
                0x000000008113b01c                __floatunsisf
 .text          0x000000008113b10c      0x8ac c:/intelfpga/18.1/nios2eds/bin/gnu/h-x86_64-mingw32/bin/../lib/gcc/nios2-elf/5.3.0/mhw-mulx\libgcc.a(adddf3.o)
                0x000000008113b10c                __adddf3
 .text          0x000000008113b9b8      0x8e8 c:/intelfpga/18.1/nios2eds/bin/gnu/h-x86_64-mingw32/bin/../lib/gcc/nios2-elf/5.3.0/mhw-mulx\libgcc.a(divdf3.o)
                0x000000008113b9b8                __divdf3
 .text          0x000000008113c2a0       0xdc c:/intelfpga/18.1/nios2eds/bin/gnu/h-x86_64-mingw32/bin/../lib/gcc/nios2-elf/5.3.0/mhw-mulx\libgcc.a(gedf2.o)
                0x000000008113c2a0                __gedf2
                0x000000008113c2a0                __gtdf2
 .text          0x000000008113c37c      0x718 c:/intelfpga/18.1/nios2eds/bin/gnu/h-x86_64-mingw32/bin/../lib/gcc/nios2-elf/5.3.0/mhw-mulx\libgcc.a(muldf3.o)
                0x000000008113c37c                __muldf3
 .text          0x000000008113ca94      0x8fc c:/intelfpga/18.1/nios2eds/bin/gnu/h-x86_64-mingw32/bin/../lib/gcc/nios2-elf/5.3.0/mhw-mulx\libgcc.a(subdf3.o)
                0x000000008113ca94                __subdf3
 .text          0x000000008113d390       0x80 c:/intelfpga/18.1/nios2eds/bin/gnu/h-x86_64-mingw32/bin/../lib/gcc/nios2-elf/5.3.0/mhw-mulx\libgcc.a(fixdfsi.o)
                0x000000008113d390                __fixdfsi
 .text          0x000000008113d410       0xdc c:/intelfpga/18.1/nios2eds/bin/gnu/h-x86_64-mingw32/bin/../lib/gcc/nios2-elf/5.3.0/mhw-mulx\libgcc.a(floatsidf.o)
                0x000000008113d410                __floatsidf
 .text          0x000000008113d4ec       0xa8 c:/intelfpga/18.1/nios2eds/bin/gnu/h-x86_64-mingw32/bin/../lib/gcc/nios2-elf/5.3.0/mhw-mulx\libgcc.a(floatunsidf.o)
                0x000000008113d4ec                __floatunsidf
 .text          0x000000008113d594      0x110 c:/intelfpga/18.1/nios2eds/bin/gnu/h-x86_64-mingw32/bin/../lib/gcc/nios2-elf/5.3.0/mhw-mulx\libgcc.a(extendsfdf2.o)
                0x000000008113d594                __extendsfdf2
 .text          0x000000008113d6a4      0x1a8 c:/intelfpga/18.1/nios2eds/bin/gnu/h-x86_64-mingw32/bin/../lib/gcc/nios2-elf/5.3.0/mhw-mulx\libgcc.a(truncdfsf2.o)
                0x000000008113d6a4                __truncdfsf2
 .text          0x000000008113d84c       0x64 c:/intelfpga/18.1/nios2eds/bin/gnu/h-x86_64-mingw32/bin/../lib/gcc/nios2-elf/5.3.0/mhw-mulx\libgcc.a(_clzsi2.o)
                0x000000008113d84c                __clzsi2
 .text          0x000000008113d8b0      0x1b4 c:/intelfpga/18.1/nios2eds/bin/gnu/h-x86_64-mingw32/bin/../lib/gcc/nios2-elf/5.3.0/mhw-mulx\libgcc.a(lib2-divmod.o)
                0x000000008113d8b0                __divsi3
                0x000000008113d934                __modsi3
                0x000000008113d9a8                __udivsi3
                0x000000008113da0c                __umodsi3
 .text          0x000000008113da64        0x0 c:/intelfpga/18.1/nios2eds/bin/gnu/h-x86_64-mingw32/bin/../lib/gcc/nios2-elf/5.3.0/mhw-mulx\libgcc.a(_clz.o)
 .text          0x000000008113da64        0x0 c:/intelfpga/18.1/nios2eds/bin/gnu/h-x86_64-mingw32/bin/../lib/gcc/nios2-elf/5.3.0/../../../../../H-x86_64-mingw32/nios2-elf/lib/mhw-mulx\libc.a(lib_a-atoi.o)
 .text.atoi     0x000000008113da64        0xc c:/intelfpga/18.1/nios2eds/bin/gnu/h-x86_64-mingw32/bin/../lib/gcc/nios2-elf/5.3.0/../../../../../H-x86_64-mingw32/nios2-elf/lib/mhw-mulx\libc.a(lib_a-atoi.o)
                0x000000008113da64                atoi
 .text._atoi_r  0x000000008113da70        0xc c:/intelfpga/18.1/nios2eds/bin/gnu/h-x86_64-mingw32/bin/../lib/gcc/nios2-elf/5.3.0/../../../../../H-x86_64-mingw32/nios2-elf/lib/mhw-mulx\libc.a(lib_a-atoi.o)
                0x000000008113da70                _atoi_r
 .text          0x000000008113da7c        0x0 c:/intelfpga/18.1/nios2eds/bin/gnu/h-x86_64-mingw32/bin/../lib/gcc/nios2-elf/5.3.0/../../../../../H-x86_64-mingw32/nios2-elf/lib/mhw-mulx\libc.a(lib_a-atoll.o)
 .text.atoll    0x000000008113da7c        0xc c:/intelfpga/18.1/nios2eds/bin/gnu/h-x86_64-mingw32/bin/../lib/gcc/nios2-elf/5.3.0/../../../../../H-x86_64-mingw32/nios2-elf/lib/mhw-mulx\libc.a(lib_a-atoll.o)
                0x000000008113da7c                atoll
 .text._atoll_r
                0x000000008113da88        0xc c:/intelfpga/18.1/nios2eds/bin/gnu/h-x86_64-mingw32/bin/../lib/gcc/nios2-elf/5.3.0/../../../../../H-x86_64-mingw32/nios2-elf/lib/mhw-mulx\libc.a(lib_a-atoll.o)
                0x000000008113da88                _atoll_r
 .text          0x000000008113da94        0x0 c:/intelfpga/18.1/nios2eds/bin/gnu/h-x86_64-mingw32/bin/../lib/gcc/nios2-elf/5.3.0/../../../../../H-x86_64-mingw32/nios2-elf/lib/mhw-mulx\libc.a(lib_a-ctype_.o)
 .text          0x000000008113da94        0x0 c:/intelfpga/18.1/nios2eds/bin/gnu/h-x86_64-mingw32/bin/../lib/gcc/nios2-elf/5.3.0/../../../../../H-x86_64-mingw32/nios2-elf/lib/mhw-mulx\libc.a(lib_a-div.o)
 .text.div      0x000000008113da94       0x74 c:/intelfpga/18.1/nios2eds/bin/gnu/h-x86_64-mingw32/bin/../lib/gcc/nios2-elf/5.3.0/../../../../../H-x86_64-mingw32/nios2-elf/lib/mhw-mulx\libc.a(lib_a-div.o)
                0x000000008113da94                div
 .text          0x000000008113db08        0x0 c:/intelfpga/18.1/nios2eds/bin/gnu/h-x86_64-mingw32/bin/../lib/gcc/nios2-elf/5.3.0/../../../../../H-x86_64-mingw32/nios2-elf/lib/mhw-mulx\libc.a(lib_a-fopen.o)
 .text._fopen_r
                0x000000008113db08       0xf4 c:/intelfpga/18.1/nios2eds/bin/gnu/h-x86_64-mingw32/bin/../lib/gcc/nios2-elf/5.3.0/../../../../../H-x86_64-mingw32/nios2-elf/lib/mhw-mulx\libc.a(lib_a-fopen.o)
                0x000000008113db08                _fopen_r
 .text.fopen    0x000000008113dbfc       0x18 c:/intelfpga/18.1/nios2eds/bin/gnu/h-x86_64-mingw32/bin/../lib/gcc/nios2-elf/5.3.0/../../../../../H-x86_64-mingw32/nios2-elf/lib/mhw-mulx\libc.a(lib_a-fopen.o)
                0x000000008113dbfc                fopen
 .text          0x000000008113dc14        0x0 c:/intelfpga/18.1/nios2eds/bin/gnu/h-x86_64-mingw32/bin/../lib/gcc/nios2-elf/5.3.0/../../../../../H-x86_64-mingw32/nios2-elf/lib/mhw-mulx\libc.a(lib_a-fprintf.o)
 .text._fprintf_r
                0x000000008113dc14       0x28 c:/intelfpga/18.1/nios2eds/bin/gnu/h-x86_64-mingw32/bin/../lib/gcc/nios2-elf/5.3.0/../../../../../H-x86_64-mingw32/nios2-elf/lib/mhw-mulx\libc.a(lib_a-fprintf.o)
                0x000000008113dc14                _fprintf_r
 .text.fprintf  0x000000008113dc3c       0x24 c:/intelfpga/18.1/nios2eds/bin/gnu/h-x86_64-mingw32/bin/../lib/gcc/nios2-elf/5.3.0/../../../../../H-x86_64-mingw32/nios2-elf/lib/mhw-mulx\libc.a(lib_a-fprintf.o)
                0x000000008113dc3c                fprintf
 .text          0x000000008113dc60        0x0 c:/intelfpga/18.1/nios2eds/bin/gnu/h-x86_64-mingw32/bin/../lib/gcc/nios2-elf/5.3.0/../../../../../H-x86_64-mingw32/nios2-elf/lib/mhw-mulx\libc.a(lib_a-fputc.o)
 .text._fputc_r
                0x000000008113dc60       0x44 c:/intelfpga/18.1/nios2eds/bin/gnu/h-x86_64-mingw32/bin/../lib/gcc/nios2-elf/5.3.0/../../../../../H-x86_64-mingw32/nios2-elf/lib/mhw-mulx\libc.a(lib_a-fputc.o)
                0x000000008113dc60                _fputc_r
 .text.fputc    0x000000008113dca4       0x5c c:/intelfpga/18.1/nios2eds/bin/gnu/h-x86_64-mingw32/bin/../lib/gcc/nios2-elf/5.3.0/../../../../../H-x86_64-mingw32/nios2-elf/lib/mhw-mulx\libc.a(lib_a-fputc.o)
                0x000000008113dca4                fputc
 .text          0x000000008113dd00        0x0 c:/intelfpga/18.1/nios2eds/bin/gnu/h-x86_64-mingw32/bin/../lib/gcc/nios2-elf/5.3.0/../../../../../H-x86_64-mingw32/nios2-elf/lib/mhw-mulx\libc.a(lib_a-fseek.o)
 .text._fseek_r
                0x000000008113dd00        0x4 c:/intelfpga/18.1/nios2eds/bin/gnu/h-x86_64-mingw32/bin/../lib/gcc/nios2-elf/5.3.0/../../../../../H-x86_64-mingw32/nios2-elf/lib/mhw-mulx\libc.a(lib_a-fseek.o)
                0x000000008113dd00                _fseek_r
 .text.fseek    0x000000008113dd04       0x1c c:/intelfpga/18.1/nios2eds/bin/gnu/h-x86_64-mingw32/bin/../lib/gcc/nios2-elf/5.3.0/../../../../../H-x86_64-mingw32/nios2-elf/lib/mhw-mulx\libc.a(lib_a-fseek.o)
                0x000000008113dd04                fseek
 .text          0x000000008113dd20        0x0 c:/intelfpga/18.1/nios2eds/bin/gnu/h-x86_64-mingw32/bin/../lib/gcc/nios2-elf/5.3.0/../../../../../H-x86_64-mingw32/nios2-elf/lib/mhw-mulx\libc.a(lib_a-fseeko.o)
 .text._fseeko_r
                0x000000008113dd20      0x444 c:/intelfpga/18.1/nios2eds/bin/gnu/h-x86_64-mingw32/bin/../lib/gcc/nios2-elf/5.3.0/../../../../../H-x86_64-mingw32/nios2-elf/lib/mhw-mulx\libc.a(lib_a-fseeko.o)
                0x000000008113dd20                _fseeko_r
 .text.fseeko   0x000000008113e164       0x1c c:/intelfpga/18.1/nios2eds/bin/gnu/h-x86_64-mingw32/bin/../lib/gcc/nios2-elf/5.3.0/../../../../../H-x86_64-mingw32/nios2-elf/lib/mhw-mulx\libc.a(lib_a-fseeko.o)
                0x000000008113e164                fseeko
 .text          0x000000008113e180        0x0 c:/intelfpga/18.1/nios2eds/bin/gnu/h-x86_64-mingw32/bin/../lib/gcc/nios2-elf/5.3.0/../../../../../H-x86_64-mingw32/nios2-elf/lib/mhw-mulx\libc.a(lib_a-fstatr.o)
 .text._fstat_r
                0x000000008113e180       0x5c c:/intelfpga/18.1/nios2eds/bin/gnu/h-x86_64-mingw32/bin/../lib/gcc/nios2-elf/5.3.0/../../../../../H-x86_64-mingw32/nios2-elf/lib/mhw-mulx\libc.a(lib_a-fstatr.o)
                0x000000008113e180                _fstat_r
 .text          0x000000008113e1dc        0x0 c:/intelfpga/18.1/nios2eds/bin/gnu/h-x86_64-mingw32/bin/../lib/gcc/nios2-elf/5.3.0/../../../../../H-x86_64-mingw32/nios2-elf/lib/mhw-mulx\libc.a(lib_a-fwrite.o)
 .text._fwrite_r
                0x000000008113e1dc       0xcc c:/intelfpga/18.1/nios2eds/bin/gnu/h-x86_64-mingw32/bin/../lib/gcc/nios2-elf/5.3.0/../../../../../H-x86_64-mingw32/nios2-elf/lib/mhw-mulx\libc.a(lib_a-fwrite.o)
                0x000000008113e1dc                _fwrite_r
 .text.fwrite   0x000000008113e2a8       0x34 c:/intelfpga/18.1/nios2eds/bin/gnu/h-x86_64-mingw32/bin/../lib/gcc/nios2-elf/5.3.0/../../../../../H-x86_64-mingw32/nios2-elf/lib/mhw-mulx\libc.a(lib_a-fwrite.o)
                0x000000008113e2a8                fwrite
 .text          0x000000008113e2dc        0x0 c:/intelfpga/18.1/nios2eds/bin/gnu/h-x86_64-mingw32/bin/../lib/gcc/nios2-elf/5.3.0/../../../../../H-x86_64-mingw32/nios2-elf/lib/mhw-mulx\libc.a(lib_a-impure.o)
 .text          0x000000008113e2dc        0x0 c:/intelfpga/18.1/nios2eds/bin/gnu/h-x86_64-mingw32/bin/../lib/gcc/nios2-elf/5.3.0/../../../../../H-x86_64-mingw32/nios2-elf/lib/mhw-mulx\libc.a(lib_a-int_errno.o)
 .text          0x000000008113e2dc        0x0 c:/intelfpga/18.1/nios2eds/bin/gnu/h-x86_64-mingw32/bin/../lib/gcc/nios2-elf/5.3.0/../../../../../H-x86_64-mingw32/nios2-elf/lib/mhw-mulx\libc.a(lib_a-makebuf.o)
 .text.__smakebuf_r
                0x000000008113e2dc      0x1bc c:/intelfpga/18.1/nios2eds/bin/gnu/h-x86_64-mingw32/bin/../lib/gcc/nios2-elf/5.3.0/../../../../../H-x86_64-mingw32/nios2-elf/lib/mhw-mulx\libc.a(lib_a-makebuf.o)
                0x000000008113e2dc                __smakebuf_r
 .text          0x000000008113e498        0x0 c:/intelfpga/18.1/nios2eds/bin/gnu/h-x86_64-mingw32/bin/../lib/gcc/nios2-elf/5.3.0/../../../../../H-x86_64-mingw32/nios2-elf/lib/mhw-mulx\libc.a(lib_a-mallocr.o)
 .text._malloc_r
                0x000000008113e498      0x80c c:/intelfpga/18.1/nios2eds/bin/gnu/h-x86_64-mingw32/bin/../lib/gcc/nios2-elf/5.3.0/../../../../../H-x86_64-mingw32/nios2-elf/lib/mhw-mulx\libc.a(lib_a-mallocr.o)
                0x000000008113e498                _malloc_r
 .text          0x000000008113eca4        0x0 c:/intelfpga/18.1/nios2eds/bin/gnu/h-x86_64-mingw32/bin/../lib/gcc/nios2-elf/5.3.0/../../../../../H-x86_64-mingw32/nios2-elf/lib/mhw-mulx\libc.a(lib_a-memcpy.o)
 .text.memcpy   0x000000008113eca4      0x148 c:/intelfpga/18.1/nios2eds/bin/gnu/h-x86_64-mingw32/bin/../lib/gcc/nios2-elf/5.3.0/../../../../../H-x86_64-mingw32/nios2-elf/lib/mhw-mulx\libc.a(lib_a-memcpy.o)
                0x000000008113eca4                memcpy
 .text          0x000000008113edec        0x0 c:/intelfpga/18.1/nios2eds/bin/gnu/h-x86_64-mingw32/bin/../lib/gcc/nios2-elf/5.3.0/../../../../../H-x86_64-mingw32/nios2-elf/lib/mhw-mulx\libc.a(lib_a-memset.o)
 .text.memset   0x000000008113edec      0x128 c:/intelfpga/18.1/nios2eds/bin/gnu/h-x86_64-mingw32/bin/../lib/gcc/nios2-elf/5.3.0/../../../../../H-x86_64-mingw32/nios2-elf/lib/mhw-mulx\libc.a(lib_a-memset.o)
                0x000000008113edec                memset
 .text          0x000000008113ef14        0x0 c:/intelfpga/18.1/nios2eds/bin/gnu/h-x86_64-mingw32/bin/../lib/gcc/nios2-elf/5.3.0/../../../../../H-x86_64-mingw32/nios2-elf/lib/mhw-mulx\libc.a(lib_a-openr.o)
 .text._open_r  0x000000008113ef14       0x60 c:/intelfpga/18.1/nios2eds/bin/gnu/h-x86_64-mingw32/bin/../lib/gcc/nios2-elf/5.3.0/../../../../../H-x86_64-mingw32/nios2-elf/lib/mhw-mulx\libc.a(lib_a-openr.o)
                0x000000008113ef14                _open_r
 .text          0x000000008113ef74        0x0 c:/intelfpga/18.1/nios2eds/bin/gnu/h-x86_64-mingw32/bin/../lib/gcc/nios2-elf/5.3.0/../../../../../H-x86_64-mingw32/nios2-elf/lib/mhw-mulx\libc.a(lib_a-putc.o)
 .text._putc_r  0x000000008113ef74       0xa0 c:/intelfpga/18.1/nios2eds/bin/gnu/h-x86_64-mingw32/bin/../lib/gcc/nios2-elf/5.3.0/../../../../../H-x86_64-mingw32/nios2-elf/lib/mhw-mulx\libc.a(lib_a-putc.o)
                0x000000008113ef74                _putc_r
 .text.putc     0x000000008113f014       0xc8 c:/intelfpga/18.1/nios2eds/bin/gnu/h-x86_64-mingw32/bin/../lib/gcc/nios2-elf/5.3.0/../../../../../H-x86_64-mingw32/nios2-elf/lib/mhw-mulx\libc.a(lib_a-putc.o)
                0x000000008113f014                putc
 .text          0x000000008113f0dc        0x0 c:/intelfpga/18.1/nios2eds/bin/gnu/h-x86_64-mingw32/bin/../lib/gcc/nios2-elf/5.3.0/../../../../../H-x86_64-mingw32/nios2-elf/lib/mhw-mulx\libc.a(lib_a-puts.o)
 .text._puts_r  0x000000008113f0dc       0xc0 c:/intelfpga/18.1/nios2eds/bin/gnu/h-x86_64-mingw32/bin/../lib/gcc/nios2-elf/5.3.0/../../../../../H-x86_64-mingw32/nios2-elf/lib/mhw-mulx\libc.a(lib_a-puts.o)
                0x000000008113f0dc                _puts_r
 .text.puts     0x000000008113f19c       0x14 c:/intelfpga/18.1/nios2eds/bin/gnu/h-x86_64-mingw32/bin/../lib/gcc/nios2-elf/5.3.0/../../../../../H-x86_64-mingw32/nios2-elf/lib/mhw-mulx\libc.a(lib_a-puts.o)
                0x000000008113f19c                puts
 .text          0x000000008113f1b0        0x0 c:/intelfpga/18.1/nios2eds/bin/gnu/h-x86_64-mingw32/bin/../lib/gcc/nios2-elf/5.3.0/../../../../../H-x86_64-mingw32/nios2-elf/lib/mhw-mulx\libc.a(lib_a-refill.o)
 .text.lflush   0x000000008113f1b0       0x1c c:/intelfpga/18.1/nios2eds/bin/gnu/h-x86_64-mingw32/bin/../lib/gcc/nios2-elf/5.3.0/../../../../../H-x86_64-mingw32/nios2-elf/lib/mhw-mulx\libc.a(lib_a-refill.o)
 .text.__srefill_r
                0x000000008113f1cc      0x1d4 c:/intelfpga/18.1/nios2eds/bin/gnu/h-x86_64-mingw32/bin/../lib/gcc/nios2-elf/5.3.0/../../../../../H-x86_64-mingw32/nios2-elf/lib/mhw-mulx\libc.a(lib_a-refill.o)
                0x000000008113f1cc                __srefill_r
 .text          0x000000008113f3a0        0x0 c:/intelfpga/18.1/nios2eds/bin/gnu/h-x86_64-mingw32/bin/../lib/gcc/nios2-elf/5.3.0/../../../../../H-x86_64-mingw32/nios2-elf/lib/mhw-mulx\libc.a(lib_a-sbrkr.o)
 .text._sbrk_r  0x000000008113f3a0       0x54 c:/intelfpga/18.1/nios2eds/bin/gnu/h-x86_64-mingw32/bin/../lib/gcc/nios2-elf/5.3.0/../../../../../H-x86_64-mingw32/nios2-elf/lib/mhw-mulx\libc.a(lib_a-sbrkr.o)
                0x000000008113f3a0                _sbrk_r
 .text          0x000000008113f3f4        0x0 c:/intelfpga/18.1/nios2eds/bin/gnu/h-x86_64-mingw32/bin/../lib/gcc/nios2-elf/5.3.0/../../../../../H-x86_64-mingw32/nios2-elf/lib/mhw-mulx\libc.a(lib_a-scanf.o)
 .text.scanf    0x000000008113f3f4       0x3c c:/intelfpga/18.1/nios2eds/bin/gnu/h-x86_64-mingw32/bin/../lib/gcc/nios2-elf/5.3.0/../../../../../H-x86_64-mingw32/nios2-elf/lib/mhw-mulx\libc.a(lib_a-scanf.o)
                0x000000008113f3f4                scanf
 .text._scanf_r
                0x000000008113f430       0x30 c:/intelfpga/18.1/nios2eds/bin/gnu/h-x86_64-mingw32/bin/../lib/gcc/nios2-elf/5.3.0/../../../../../H-x86_64-mingw32/nios2-elf/lib/mhw-mulx\libc.a(lib_a-scanf.o)
                0x000000008113f430                _scanf_r
 .text          0x000000008113f460        0x0 c:/intelfpga/18.1/nios2eds/bin/gnu/h-x86_64-mingw32/bin/../lib/gcc/nios2-elf/5.3.0/../../../../../H-x86_64-mingw32/nios2-elf/lib/mhw-mulx\libc.a(lib_a-sprintf.o)
 .text._sprintf_r
                0x000000008113f460       0x58 c:/intelfpga/18.1/nios2eds/bin/gnu/h-x86_64-mingw32/bin/../lib/gcc/nios2-elf/5.3.0/../../../../../H-x86_64-mingw32/nios2-elf/lib/mhw-mulx\libc.a(lib_a-sprintf.o)
                0x000000008113f460                _sprintf_r
 .text.sprintf  0x000000008113f4b8       0x6c c:/intelfpga/18.1/nios2eds/bin/gnu/h-x86_64-mingw32/bin/../lib/gcc/nios2-elf/5.3.0/../../../../../H-x86_64-mingw32/nios2-elf/lib/mhw-mulx\libc.a(lib_a-sprintf.o)
                0x000000008113f4b8                sprintf
 .text          0x000000008113f524        0x0 c:/intelfpga/18.1/nios2eds/bin/gnu/h-x86_64-mingw32/bin/../lib/gcc/nios2-elf/5.3.0/../../../../../H-x86_64-mingw32/nios2-elf/lib/mhw-mulx\libc.a(lib_a-stdio.o)
 .text.__sread  0x000000008113f524       0x54 c:/intelfpga/18.1/nios2eds/bin/gnu/h-x86_64-mingw32/bin/../lib/gcc/nios2-elf/5.3.0/../../../../../H-x86_64-mingw32/nios2-elf/lib/mhw-mulx\libc.a(lib_a-stdio.o)
                0x000000008113f524                __sread
 .text.__seofread
                0x000000008113f578        0x8 c:/intelfpga/18.1/nios2eds/bin/gnu/h-x86_64-mingw32/bin/../lib/gcc/nios2-elf/5.3.0/../../../../../H-x86_64-mingw32/nios2-elf/lib/mhw-mulx\libc.a(lib_a-stdio.o)
                0x000000008113f578                __seofread
 .text.__swrite
                0x000000008113f580       0x7c c:/intelfpga/18.1/nios2eds/bin/gnu/h-x86_64-mingw32/bin/../lib/gcc/nios2-elf/5.3.0/../../../../../H-x86_64-mingw32/nios2-elf/lib/mhw-mulx\libc.a(lib_a-stdio.o)
                0x000000008113f580                __swrite
 .text.__sseek  0x000000008113f5fc       0x5c c:/intelfpga/18.1/nios2eds/bin/gnu/h-x86_64-mingw32/bin/../lib/gcc/nios2-elf/5.3.0/../../../../../H-x86_64-mingw32/nios2-elf/lib/mhw-mulx\libc.a(lib_a-stdio.o)
                0x000000008113f5fc                __sseek
 .text.__sclose
                0x000000008113f658        0x8 c:/intelfpga/18.1/nios2eds/bin/gnu/h-x86_64-mingw32/bin/../lib/gcc/nios2-elf/5.3.0/../../../../../H-x86_64-mingw32/nios2-elf/lib/mhw-mulx\libc.a(lib_a-stdio.o)
                0x000000008113f658                __sclose
 .text          0x000000008113f660        0x0 c:/intelfpga/18.1/nios2eds/bin/gnu/h-x86_64-mingw32/bin/../lib/gcc/nios2-elf/5.3.0/../../../../../H-x86_64-mingw32/nios2-elf/lib/mhw-mulx\libc.a(lib_a-strcspn.o)
 .text.strcspn  0x000000008113f660       0x4c c:/intelfpga/18.1/nios2eds/bin/gnu/h-x86_64-mingw32/bin/../lib/gcc/nios2-elf/5.3.0/../../../../../H-x86_64-mingw32/nios2-elf/lib/mhw-mulx\libc.a(lib_a-strcspn.o)
                0x000000008113f660                strcspn
 .text          0x000000008113f6ac        0x0 c:/intelfpga/18.1/nios2eds/bin/gnu/h-x86_64-mingw32/bin/../lib/gcc/nios2-elf/5.3.0/../../../../../H-x86_64-mingw32/nios2-elf/lib/mhw-mulx\libc.a(lib_a-strlen.o)
 .text.strlen   0x000000008113f6ac       0x98 c:/intelfpga/18.1/nios2eds/bin/gnu/h-x86_64-mingw32/bin/../lib/gcc/nios2-elf/5.3.0/../../../../../H-x86_64-mingw32/nios2-elf/lib/mhw-mulx\libc.a(lib_a-strlen.o)
                0x000000008113f6ac                strlen
 .text          0x000000008113f744        0x0 c:/intelfpga/18.1/nios2eds/bin/gnu/h-x86_64-mingw32/bin/../lib/gcc/nios2-elf/5.3.0/../../../../../H-x86_64-mingw32/nios2-elf/lib/mhw-mulx\libc.a(lib_a-strnlen.o)
 .text.strnlen  0x000000008113f744       0x44 c:/intelfpga/18.1/nios2eds/bin/gnu/h-x86_64-mingw32/bin/../lib/gcc/nios2-elf/5.3.0/../../../../../H-x86_64-mingw32/nios2-elf/lib/mhw-mulx\libc.a(lib_a-strnlen.o)
                0x000000008113f744                strnlen
 .text          0x000000008113f788        0x0 c:/intelfpga/18.1/nios2eds/bin/gnu/h-x86_64-mingw32/bin/../lib/gcc/nios2-elf/5.3.0/../../../../../H-x86_64-mingw32/nios2-elf/lib/mhw-mulx\libc.a(lib_a-strtol.o)
 .text._strtol_r
                0x000000008113f788      0x238 c:/intelfpga/18.1/nios2eds/bin/gnu/h-x86_64-mingw32/bin/../lib/gcc/nios2-elf/5.3.0/../../../../../H-x86_64-mingw32/nios2-elf/lib/mhw-mulx\libc.a(lib_a-strtol.o)
                0x000000008113f788                _strtol_r
 .text.strtol   0x000000008113f9c0       0x1c c:/intelfpga/18.1/nios2eds/bin/gnu/h-x86_64-mingw32/bin/../lib/gcc/nios2-elf/5.3.0/../../../../../H-x86_64-mingw32/nios2-elf/lib/mhw-mulx\libc.a(lib_a-strtol.o)
                0x000000008113f9c0                strtol
 .text          0x000000008113f9dc        0x0 c:/intelfpga/18.1/nios2eds/bin/gnu/h-x86_64-mingw32/bin/../lib/gcc/nios2-elf/5.3.0/../../../../../H-x86_64-mingw32/nios2-elf/lib/mhw-mulx\libc.a(lib_a-strtoll.o)
 .text.strtoll  0x000000008113f9dc       0x1c c:/intelfpga/18.1/nios2eds/bin/gnu/h-x86_64-mingw32/bin/../lib/gcc/nios2-elf/5.3.0/../../../../../H-x86_64-mingw32/nios2-elf/lib/mhw-mulx\libc.a(lib_a-strtoll.o)
                0x000000008113f9dc                strtoll
 .text          0x000000008113f9f8        0x0 c:/intelfpga/18.1/nios2eds/bin/gnu/h-x86_64-mingw32/bin/../lib/gcc/nios2-elf/5.3.0/../../../../../H-x86_64-mingw32/nios2-elf/lib/mhw-mulx\libc.a(lib_a-strtoll_r.o)
 .text._strtoll_r
                0x000000008113f9f8      0x2e0 c:/intelfpga/18.1/nios2eds/bin/gnu/h-x86_64-mingw32/bin/../lib/gcc/nios2-elf/5.3.0/../../../../../H-x86_64-mingw32/nios2-elf/lib/mhw-mulx\libc.a(lib_a-strtoll_r.o)
                0x000000008113f9f8                _strtoll_r
 .text          0x000000008113fcd8        0x0 c:/intelfpga/18.1/nios2eds/bin/gnu/h-x86_64-mingw32/bin/../lib/gcc/nios2-elf/5.3.0/../../../../../H-x86_64-mingw32/nios2-elf/lib/mhw-mulx\libc.a(lib_a-svfprintf.o)
 .text.___svfprintf_internal_r
                0x000000008113fcd8     0x21d8 c:/intelfpga/18.1/nios2eds/bin/gnu/h-x86_64-mingw32/bin/../lib/gcc/nios2-elf/5.3.0/../../../../../H-x86_64-mingw32/nios2-elf/lib/mhw-mulx\libc.a(lib_a-svfprintf.o)
                0x000000008113fcd8                ___svfprintf_internal_r
 .text          0x0000000081141eb0        0x0 c:/intelfpga/18.1/nios2eds/bin/gnu/h-x86_64-mingw32/bin/../lib/gcc/nios2-elf/5.3.0/../../../../../H-x86_64-mingw32/nios2-elf/lib/mhw-mulx\libc.a(lib_a-vfprintf.o)
 .text.___vfprintf_internal_r
                0x0000000081141eb0     0x21f8 c:/intelfpga/18.1/nios2eds/bin/gnu/h-x86_64-mingw32/bin/../lib/gcc/nios2-elf/5.3.0/../../../../../H-x86_64-mingw32/nios2-elf/lib/mhw-mulx\libc.a(lib_a-vfprintf.o)
                0x0000000081141eb0                ___vfprintf_internal_r
 .text.__vfprintf_internal
                0x00000000811440a8       0x1c c:/intelfpga/18.1/nios2eds/bin/gnu/h-x86_64-mingw32/bin/../lib/gcc/nios2-elf/5.3.0/../../../../../H-x86_64-mingw32/nios2-elf/lib/mhw-mulx\libc.a(lib_a-vfprintf.o)
                0x00000000811440a8                __vfprintf_internal
 .text.__sbprintf
                0x00000000811440c4       0xbc c:/intelfpga/18.1/nios2eds/bin/gnu/h-x86_64-mingw32/bin/../lib/gcc/nios2-elf/5.3.0/../../../../../H-x86_64-mingw32/nios2-elf/lib/mhw-mulx\libc.a(lib_a-vfprintf.o)
 .text          0x0000000081144180        0x0 c:/intelfpga/18.1/nios2eds/bin/gnu/h-x86_64-mingw32/bin/../lib/gcc/nios2-elf/5.3.0/../../../../../H-x86_64-mingw32/nios2-elf/lib/mhw-mulx\libc.a(lib_a-vfscanf.o)
 .text.__svfscanf_r
                0x0000000081144180     0x17bc c:/intelfpga/18.1/nios2eds/bin/gnu/h-x86_64-mingw32/bin/../lib/gcc/nios2-elf/5.3.0/../../../../../H-x86_64-mingw32/nios2-elf/lib/mhw-mulx\libc.a(lib_a-vfscanf.o)
                0x0000000081144180                __svfscanf_r
 .text.vfscanf  0x000000008114593c       0x68 c:/intelfpga/18.1/nios2eds/bin/gnu/h-x86_64-mingw32/bin/../lib/gcc/nios2-elf/5.3.0/../../../../../H-x86_64-mingw32/nios2-elf/lib/mhw-mulx\libc.a(lib_a-vfscanf.o)
                0x000000008114593c                vfscanf
 .text.__svfscanf
                0x00000000811459a4       0x1c c:/intelfpga/18.1/nios2eds/bin/gnu/h-x86_64-mingw32/bin/../lib/gcc/nios2-elf/5.3.0/../../../../../H-x86_64-mingw32/nios2-elf/lib/mhw-mulx\libc.a(lib_a-vfscanf.o)
                0x00000000811459a4                __svfscanf
 .text._vfscanf_r
                0x00000000811459c0       0x4c c:/intelfpga/18.1/nios2eds/bin/gnu/h-x86_64-mingw32/bin/../lib/gcc/nios2-elf/5.3.0/../../../../../H-x86_64-mingw32/nios2-elf/lib/mhw-mulx\libc.a(lib_a-vfscanf.o)
                0x00000000811459c0                _vfscanf_r
 .text          0x0000000081145a0c        0x0 c:/intelfpga/18.1/nios2eds/bin/gnu/h-x86_64-mingw32/bin/../lib/gcc/nios2-elf/5.3.0/../../../../../H-x86_64-mingw32/nios2-elf/lib/mhw-mulx\libc.a(lib_a-wbuf.o)
 .text.__swbuf_r
                0x0000000081145a0c      0x140 c:/intelfpga/18.1/nios2eds/bin/gnu/h-x86_64-mingw32/bin/../lib/gcc/nios2-elf/5.3.0/../../../../../H-x86_64-mingw32/nios2-elf/lib/mhw-mulx\libc.a(lib_a-wbuf.o)
                0x0000000081145a0c                __swbuf_r
 .text.__swbuf  0x0000000081145b4c       0x18 c:/intelfpga/18.1/nios2eds/bin/gnu/h-x86_64-mingw32/bin/../lib/gcc/nios2-elf/5.3.0/../../../../../H-x86_64-mingw32/nios2-elf/lib/mhw-mulx\libc.a(lib_a-wbuf.o)
                0x0000000081145b4c                __swbuf
 .text          0x0000000081145b64        0x0 c:/intelfpga/18.1/nios2eds/bin/gnu/h-x86_64-mingw32/bin/../lib/gcc/nios2-elf/5.3.0/../../../../../H-x86_64-mingw32/nios2-elf/lib/mhw-mulx\libc.a(lib_a-writer.o)
 .text._write_r
                0x0000000081145b64       0x60 c:/intelfpga/18.1/nios2eds/bin/gnu/h-x86_64-mingw32/bin/../lib/gcc/nios2-elf/5.3.0/../../../../../H-x86_64-mingw32/nios2-elf/lib/mhw-mulx\libc.a(lib_a-writer.o)
                0x0000000081145b64                _write_r
 .text          0x0000000081145bc4        0x0 c:/intelfpga/18.1/nios2eds/bin/gnu/h-x86_64-mingw32/bin/../lib/gcc/nios2-elf/5.3.0/../../../../../H-x86_64-mingw32/nios2-elf/lib/mhw-mulx\libc.a(lib_a-wsetup.o)
 .text.__swsetup_r
                0x0000000081145bc4      0x154 c:/intelfpga/18.1/nios2eds/bin/gnu/h-x86_64-mingw32/bin/../lib/gcc/nios2-elf/5.3.0/../../../../../H-x86_64-mingw32/nios2-elf/lib/mhw-mulx\libc.a(lib_a-wsetup.o)
                0x0000000081145bc4                __swsetup_r
 .text          0x0000000081145d18        0x0 c:/intelfpga/18.1/nios2eds/bin/gnu/h-x86_64-mingw32/bin/../lib/gcc/nios2-elf/5.3.0/../../../../../H-x86_64-mingw32/nios2-elf/lib/mhw-mulx\libc.a(closer.o)
 .text._close_r
                0x0000000081145d18       0x54 c:/intelfpga/18.1/nios2eds/bin/gnu/h-x86_64-mingw32/bin/../lib/gcc/nios2-elf/5.3.0/../../../../../H-x86_64-mingw32/nios2-elf/lib/mhw-mulx\libc.a(closer.o)
                0x0000000081145d18                _close_r
 .text          0x0000000081145d6c        0x0 c:/intelfpga/18.1/nios2eds/bin/gnu/h-x86_64-mingw32/bin/../lib/gcc/nios2-elf/5.3.0/../../../../../H-x86_64-mingw32/nios2-elf/lib/mhw-mulx\libc.a(lib_a-dtoa.o)
 .text.quorem   0x0000000081145d6c      0x200 c:/intelfpga/18.1/nios2eds/bin/gnu/h-x86_64-mingw32/bin/../lib/gcc/nios2-elf/5.3.0/../../../../../H-x86_64-mingw32/nios2-elf/lib/mhw-mulx\libc.a(lib_a-dtoa.o)
 .text._dtoa_r  0x0000000081145f6c     0x1688 c:/intelfpga/18.1/nios2eds/bin/gnu/h-x86_64-mingw32/bin/../lib/gcc/nios2-elf/5.3.0/../../../../../H-x86_64-mingw32/nios2-elf/lib/mhw-mulx\libc.a(lib_a-dtoa.o)
                0x0000000081145f6c                _dtoa_r
 .text          0x00000000811475f4        0x0 c:/intelfpga/18.1/nios2eds/bin/gnu/h-x86_64-mingw32/bin/../lib/gcc/nios2-elf/5.3.0/../../../../../H-x86_64-mingw32/nios2-elf/lib/mhw-mulx\libc.a(lib_a-fflush.o)
 .text.__sflush_r
                0x00000000811475f4      0x21c c:/intelfpga/18.1/nios2eds/bin/gnu/h-x86_64-mingw32/bin/../lib/gcc/nios2-elf/5.3.0/../../../../../H-x86_64-mingw32/nios2-elf/lib/mhw-mulx\libc.a(lib_a-fflush.o)
                0x00000000811475f4                __sflush_r
 .text._fflush_r
                0x0000000081147810       0x5c c:/intelfpga/18.1/nios2eds/bin/gnu/h-x86_64-mingw32/bin/../lib/gcc/nios2-elf/5.3.0/../../../../../H-x86_64-mingw32/nios2-elf/lib/mhw-mulx\libc.a(lib_a-fflush.o)
                0x0000000081147810                _fflush_r
 .text.fflush   0x000000008114786c       0x30 c:/intelfpga/18.1/nios2eds/bin/gnu/h-x86_64-mingw32/bin/../lib/gcc/nios2-elf/5.3.0/../../../../../H-x86_64-mingw32/nios2-elf/lib/mhw-mulx\libc.a(lib_a-fflush.o)
                0x000000008114786c                fflush
 .text          0x000000008114789c        0x0 c:/intelfpga/18.1/nios2eds/bin/gnu/h-x86_64-mingw32/bin/../lib/gcc/nios2-elf/5.3.0/../../../../../H-x86_64-mingw32/nios2-elf/lib/mhw-mulx\libc.a(lib_a-findfp.o)
 .text.__fp_unlock
                0x000000008114789c        0x8 c:/intelfpga/18.1/nios2eds/bin/gnu/h-x86_64-mingw32/bin/../lib/gcc/nios2-elf/5.3.0/../../../../../H-x86_64-mingw32/nios2-elf/lib/mhw-mulx\libc.a(lib_a-findfp.o)
 .text._cleanup_r
                0x00000000811478a4        0xc c:/intelfpga/18.1/nios2eds/bin/gnu/h-x86_64-mingw32/bin/../lib/gcc/nios2-elf/5.3.0/../../../../../H-x86_64-mingw32/nios2-elf/lib/mhw-mulx\libc.a(lib_a-findfp.o)
                0x00000000811478a4                _cleanup_r
 .text.__sinit.part.1
                0x00000000811478b0      0x19c c:/intelfpga/18.1/nios2eds/bin/gnu/h-x86_64-mingw32/bin/../lib/gcc/nios2-elf/5.3.0/../../../../../H-x86_64-mingw32/nios2-elf/lib/mhw-mulx\libc.a(lib_a-findfp.o)
 .text.__fp_lock
                0x0000000081147a4c        0x8 c:/intelfpga/18.1/nios2eds/bin/gnu/h-x86_64-mingw32/bin/../lib/gcc/nios2-elf/5.3.0/../../../../../H-x86_64-mingw32/nios2-elf/lib/mhw-mulx\libc.a(lib_a-findfp.o)
 .text.__sfmoreglue
                0x0000000081147a54       0x68 c:/intelfpga/18.1/nios2eds/bin/gnu/h-x86_64-mingw32/bin/../lib/gcc/nios2-elf/5.3.0/../../../../../H-x86_64-mingw32/nios2-elf/lib/mhw-mulx\libc.a(lib_a-findfp.o)
                0x0000000081147a54                __sfmoreglue
 .text.__sfp    0x0000000081147abc      0x118 c:/intelfpga/18.1/nios2eds/bin/gnu/h-x86_64-mingw32/bin/../lib/gcc/nios2-elf/5.3.0/../../../../../H-x86_64-mingw32/nios2-elf/lib/mhw-mulx\libc.a(lib_a-findfp.o)
                0x0000000081147abc                __sfp
 .text._cleanup
                0x0000000081147bd4       0x18 c:/intelfpga/18.1/nios2eds/bin/gnu/h-x86_64-mingw32/bin/../lib/gcc/nios2-elf/5.3.0/../../../../../H-x86_64-mingw32/nios2-elf/lib/mhw-mulx\libc.a(lib_a-findfp.o)
                0x0000000081147bd4                _cleanup
 .text.__sinit  0x0000000081147bec       0x10 c:/intelfpga/18.1/nios2eds/bin/gnu/h-x86_64-mingw32/bin/../lib/gcc/nios2-elf/5.3.0/../../../../../H-x86_64-mingw32/nios2-elf/lib/mhw-mulx\libc.a(lib_a-findfp.o)
                0x0000000081147bec                __sinit
 .text.__sfp_lock_acquire
                0x0000000081147bfc        0x4 c:/intelfpga/18.1/nios2eds/bin/gnu/h-x86_64-mingw32/bin/../lib/gcc/nios2-elf/5.3.0/../../../../../H-x86_64-mingw32/nios2-elf/lib/mhw-mulx\libc.a(lib_a-findfp.o)
                0x0000000081147bfc                __sfp_lock_acquire
 .text.__sfp_lock_release
                0x0000000081147c00        0x4 c:/intelfpga/18.1/nios2eds/bin/gnu/h-x86_64-mingw32/bin/../lib/gcc/nios2-elf/5.3.0/../../../../../H-x86_64-mingw32/nios2-elf/lib/mhw-mulx\libc.a(lib_a-findfp.o)
                0x0000000081147c00                __sfp_lock_release
 .text.__sinit_lock_acquire
                0x0000000081147c04        0x4 c:/intelfpga/18.1/nios2eds/bin/gnu/h-x86_64-mingw32/bin/../lib/gcc/nios2-elf/5.3.0/../../../../../H-x86_64-mingw32/nios2-elf/lib/mhw-mulx\libc.a(lib_a-findfp.o)
                0x0000000081147c04                __sinit_lock_acquire
 .text.__sinit_lock_release
                0x0000000081147c08        0x4 c:/intelfpga/18.1/nios2eds/bin/gnu/h-x86_64-mingw32/bin/../lib/gcc/nios2-elf/5.3.0/../../../../../H-x86_64-mingw32/nios2-elf/lib/mhw-mulx\libc.a(lib_a-findfp.o)
                0x0000000081147c08                __sinit_lock_release
 .text.__fp_lock_all
                0x0000000081147c0c       0x18 c:/intelfpga/18.1/nios2eds/bin/gnu/h-x86_64-mingw32/bin/../lib/gcc/nios2-elf/5.3.0/../../../../../H-x86_64-mingw32/nios2-elf/lib/mhw-mulx\libc.a(lib_a-findfp.o)
                0x0000000081147c0c                __fp_lock_all
 .text.__fp_unlock_all
                0x0000000081147c24       0x18 c:/intelfpga/18.1/nios2eds/bin/gnu/h-x86_64-mingw32/bin/../lib/gcc/nios2-elf/5.3.0/../../../../../H-x86_64-mingw32/nios2-elf/lib/mhw-mulx\libc.a(lib_a-findfp.o)
                0x0000000081147c24                __fp_unlock_all
 .text          0x0000000081147c3c        0x0 c:/intelfpga/18.1/nios2eds/bin/gnu/h-x86_64-mingw32/bin/../lib/gcc/nios2-elf/5.3.0/../../../../../H-x86_64-mingw32/nios2-elf/lib/mhw-mulx\libc.a(lib_a-flags.o)
 .text.__sflags
                0x0000000081147c3c       0xac c:/intelfpga/18.1/nios2eds/bin/gnu/h-x86_64-mingw32/bin/../lib/gcc/nios2-elf/5.3.0/../../../../../H-x86_64-mingw32/nios2-elf/lib/mhw-mulx\libc.a(lib_a-flags.o)
                0x0000000081147c3c                __sflags
 .text          0x0000000081147ce8        0x0 c:/intelfpga/18.1/nios2eds/bin/gnu/h-x86_64-mingw32/bin/../lib/gcc/nios2-elf/5.3.0/../../../../../H-x86_64-mingw32/nios2-elf/lib/mhw-mulx\libc.a(lib_a-fread.o)
 .text._fread_r
                0x0000000081147ce8      0x22c c:/intelfpga/18.1/nios2eds/bin/gnu/h-x86_64-mingw32/bin/../lib/gcc/nios2-elf/5.3.0/../../../../../H-x86_64-mingw32/nios2-elf/lib/mhw-mulx\libc.a(lib_a-fread.o)
                0x0000000081147ce8                _fread_r