Archive member included to satisfy reference by file (symbol)

c:/intelfpga/18.1/nios2eds/bin/gnu/h-x86_64-mingw32/bin/../lib/gcc/nios2-elf/5.3.0/../../../../../H-x86_64-mingw32/nios2-elf/lib/mhw-mulx\libm.a(lib_a-s_round.o)
                              obj/default/driver/comm/spw_controller/spw_controller.o (round)
c:/intelfpga/18.1/nios2eds/bin/gnu/h-x86_64-mingw32/bin/../lib/gcc/nios2-elf/5.3.0/mhw-mulx\libgcc.a(_fixunssfsi.o)
                              obj/default/rtos/parser_comm_task.o (__fixunssfsi)
c:/intelfpga/18.1/nios2eds/bin/gnu/h-x86_64-mingw32/bin/../lib/gcc/nios2-elf/5.3.0/mhw-mulx\libgcc.a(_fixunsdfsi.o)
                              obj/default/driver/comm/spw_controller/spw_controller.o (__fixunsdfsi)
c:/intelfpga/18.1/nios2eds/bin/gnu/h-x86_64-mingw32/bin/../lib/gcc/nios2-elf/5.3.0/mhw-mulx\libgcc.a(divsf3.o)
                              obj/default/api_driver/ddr2/ddr2.o (__divsf3)
c:/intelfpga/18.1/nios2eds/bin/gnu/h-x86_64-mingw32/bin/../lib/gcc/nios2-elf/5.3.0/mhw-mulx\libgcc.a(gesf2.o)
                              c:/intelfpga/18.1/nios2eds/bin/gnu/h-x86_64-mingw32/bin/../lib/gcc/nios2-elf/5.3.0/mhw-mulx\libgcc.a(_fixunssfsi.o) (__gesf2)
c:/intelfpga/18.1/nios2eds/bin/gnu/h-x86_64-mingw32/bin/../lib/gcc/nios2-elf/5.3.0/mhw-mulx\libgcc.a(mulsf3.o)
                              obj/default/api_driver/sense/sense.o (__mulsf3)
c:/intelfpga/18.1/nios2eds/bin/gnu/h-x86_64-mingw32/bin/../lib/gcc/nios2-elf/5.3.0/mhw-mulx\libgcc.a(subsf3.o)
                              c:/intelfpga/18.1/nios2eds/bin/gnu/h-x86_64-mingw32/bin/../lib/gcc/nios2-elf/5.3.0/mhw-mulx\libgcc.a(_fixunssfsi.o) (__subsf3)
c:/intelfpga/18.1/nios2eds/bin/gnu/h-x86_64-mingw32/bin/../lib/gcc/nios2-elf/5.3.0/mhw-mulx\libgcc.a(fixsfsi.o)
                              c:/intelfpga/18.1/nios2eds/bin/gnu/h-x86_64-mingw32/bin/../lib/gcc/nios2-elf/5.3.0/mhw-mulx\libgcc.a(_fixunssfsi.o) (__fixsfsi)
c:/intelfpga/18.1/nios2eds/bin/gnu/h-x86_64-mingw32/bin/../lib/gcc/nios2-elf/5.3.0/mhw-mulx\libgcc.a(floatsisf.o)
                              obj/default/api_driver/ddr2/ddr2.o (__floatsisf)
c:/intelfpga/18.1/nios2eds/bin/gnu/h-x86_64-mingw32/bin/../lib/gcc/nios2-elf/5.3.0/mhw-mulx\libgcc.a(floatunsisf.o)
                              obj/default/api_driver/ddr2/ddr2.o (__floatunsisf)
c:/intelfpga/18.1/nios2eds/bin/gnu/h-x86_64-mingw32/bin/../lib/gcc/nios2-elf/5.3.0/mhw-mulx\libgcc.a(adddf3.o)
                              c:/intelfpga/18.1/nios2eds/bin/gnu/h-x86_64-mingw32/bin/../lib/gcc/nios2-elf/5.3.0/../../../../../H-x86_64-mingw32/nios2-elf/lib/mhw-mulx\libm.a(lib_a-s_round.o) (__adddf3)
c:/intelfpga/18.1/nios2eds/bin/gnu/h-x86_64-mingw32/bin/../lib/gcc/nios2-elf/5.3.0/mhw-mulx\libgcc.a(divdf3.o)
                              obj/default/driver/comm/spw_controller/spw_controller.o (__divdf3)
c:/intelfpga/18.1/nios2eds/bin/gnu/h-x86_64-mingw32/bin/../lib/gcc/nios2-elf/5.3.0/mhw-mulx\libgcc.a(gedf2.o)
                              c:/intelfpga/18.1/nios2eds/bin/gnu/h-x86_64-mingw32/bin/../lib/gcc/nios2-elf/5.3.0/mhw-mulx\libgcc.a(_fixunsdfsi.o) (__gedf2)
c:/intelfpga/18.1/nios2eds/bin/gnu/h-x86_64-mingw32/bin/../lib/gcc/nios2-elf/5.3.0/mhw-mulx\libgcc.a(muldf3.o)
                              obj/default/api_driver/sense/sense.o (__muldf3)
c:/intelfpga/18.1/nios2eds/bin/gnu/h-x86_64-mingw32/bin/../lib/gcc/nios2-elf/5.3.0/mhw-mulx\libgcc.a(subdf3.o)
                              c:/intelfpga/18.1/nios2eds/bin/gnu/h-x86_64-mingw32/bin/../lib/gcc/nios2-elf/5.3.0/mhw-mulx\libgcc.a(_fixunsdfsi.o) (__subdf3)
c:/intelfpga/18.1/nios2eds/bin/gnu/h-x86_64-mingw32/bin/../lib/gcc/nios2-elf/5.3.0/mhw-mulx\libgcc.a(fixdfsi.o)
                              c:/intelfpga/18.1/nios2eds/bin/gnu/h-x86_64-mingw32/bin/../lib/gcc/nios2-elf/5.3.0/mhw-mulx\libgcc.a(_fixunsdfsi.o) (__fixdfsi)
c:/intelfpga/18.1/nios2eds/bin/gnu/h-x86_64-mingw32/bin/../lib/gcc/nios2-elf/5.3.0/mhw-mulx\libgcc.a(floatsidf.o)
                              obj/default/driver/sync/sync.o (__floatsidf)
c:/intelfpga/18.1/nios2eds/bin/gnu/h-x86_64-mingw32/bin/../lib/gcc/nios2-elf/5.3.0/mhw-mulx\libgcc.a(floatunsidf.o)
                              obj/default/driver/sync/sync.o (__floatunsidf)
c:/intelfpga/18.1/nios2eds/bin/gnu/h-x86_64-mingw32/bin/../lib/gcc/nios2-elf/5.3.0/mhw-mulx\libgcc.a(extendsfdf2.o)
                              obj/default/api_driver/ddr2/ddr2.o (__extendsfdf2)
c:/intelfpga/18.1/nios2eds/bin/gnu/h-x86_64-mingw32/bin/../lib/gcc/nios2-elf/5.3.0/mhw-mulx\libgcc.a(truncdfsf2.o)
                              obj/default/api_driver/sense/sense.o (__truncdfsf2)
c:/intelfpga/18.1/nios2eds/bin/gnu/h-x86_64-mingw32/bin/../lib/gcc/nios2-elf/5.3.0/mhw-mulx\libgcc.a(_clzsi2.o)
                              c:/intelfpga/18.1/nios2eds/bin/gnu/h-x86_64-mingw32/bin/../lib/gcc/nios2-elf/5.3.0/mhw-mulx\libgcc.a(divsf3.o) (__clzsi2)
[...]
Memory Configuration

Name             Origin             Length             Attributes
onchip_memory_BEFORE_EXCEPTION 0x0000000081100000 0x0000000000000020
onchip_memory    0x0000000081100020 0x00000000000affe0
ext_flash_BEFORE_RESET 0x0000000084000000 0x0000000002020000
reset            0x0000000086020000 0x0000000000000020
ext_flash        0x0000000086020020 0x0000000001fdffe0
*default*        0x0000000000000000 0xffffffffffffffff

Linker script and memory map

LOAD ../Simucam_R0_UART_bsp//obj/HAL/src/crt0.o
LOAD obj/default/api_driver/ddr2/ddr2.o
LOAD obj/default/api_driver/sense/sense.o
LOAD obj/default/api_driver/simucam_dma/simucam_dma.o
LOAD obj/default/driver/comm/comm_channel.o
LOAD obj/default/driver/comm/data_packet/data_packet.o
LOAD obj/default/driver/comm/fee_buffers/fee_buffers.o
LOAD obj/default/driver/comm/rmap/rmap.o
LOAD obj/default/driver/comm/spw_controller/spw_controller.o
LOAD obj/default/driver/comm/windowing/windowing.o
LOAD obj/default/driver/ctrl_io_lvds/ctrl_io_lvds.o
LOAD obj/default/driver/ftdi/ftdi.o
LOAD obj/default/driver/i2c/i2c.o
LOAD obj/default/driver/leds/leds.o
LOAD obj/default/driver/power_spi/power_spi.o
LOAD obj/default/driver/reset/reset.o
LOAD obj/default/driver/rtcc_spi/rtcc_spi.o
LOAD obj/default/driver/seven_seg/seven_seg.o
LOAD obj/default/driver/sync/sync.o
LOAD obj/default/rtos/data_control_taskV2.o
LOAD obj/default/rtos/fee_taskV3.o
LOAD obj/default/rtos/in_ack_handler_task.o
LOAD obj/default/rtos/initialization_task.o
LOAD obj/default/rtos/lut_handler_task.o
LOAD obj/default/rtos/out_ack_handler_task.o
LOAD obj/default/rtos/parser_comm_task.o
LOAD obj/default/rtos/receiver_uart_task.o
LOAD obj/default/rtos/sender_com_task.o
LOAD obj/default/rtos/sim_meb_task.o
LOAD obj/default/rtos/stack_monitor_task.o
LOAD obj/default/rtos/sync_reset_task.o
LOAD obj/default/rtos/test_task.o
LOAD obj/default/rtos/timeout_checker_ack_task.o
LOAD obj/default/simucam_main.o
LOAD obj/default/utils/aeb.o
LOAD obj/default/utils/ccd.o
LOAD obj/default/utils/communication_utils.o
LOAD obj/default/utils/configs_bind_channel_FEEinst.o
LOAD obj/default/utils/configs_simucam.o
LOAD obj/default/utils/crc8.o
LOAD obj/default/utils/data_controller.o
LOAD obj/default/utils/deb.o
LOAD obj/default/utils/error_handler_simucam.o
LOAD obj/default/utils/events_handler.o
LOAD obj/default/utils/fee_controller.o
LOAD obj/default/utils/ffee.o
LOAD obj/default/utils/initialization_simucam.o
LOAD obj/default/utils/log_manager_simucam.o
LOAD obj/default/utils/lut_handler.o
LOAD obj/default/utils/meb.o
LOAD obj/default/utils/pattern.o
LOAD obj/default/utils/sdcard_file_manager.o
LOAD obj/default/utils/sync_handler.o
LOAD obj/default/utils/test_module_simucam.o
LOAD obj/default/utils/util.o
LOAD c:/intelfpga/18.1/nios2eds/bin/gnu/h-x86_64-mingw32/bin/../lib/gcc/nios2-elf/5.3.0/../../../../../H-x86_64-mingw32/nios2-elf/lib/mhw-mulx\libstdc++.a
LOAD c:/intelfpga/18.1/nios2eds/bin/gnu/h-x86_64-mingw32/bin/../lib/gcc/nios2-elf/5.3.0/../../../../../H-x86_64-mingw32/nios2-elf/lib/mhw-mulx\libm.a
LOAD c:/intelfpga/18.1/nios2eds/bin/gnu/h-x86_64-mingw32/bin/../lib/gcc/nios2-elf/5.3.0/mhw-mulx\libgcc.a
START GROUP
LOAD c:/intelfpga/18.1/nios2eds/bin/gnu/h-x86_64-mingw32/bin/../lib/gcc/nios2-elf/5.3.0/../../../../../H-x86_64-mingw32/nios2-elf/lib/mhw-mulx\libc.a
LOAD c:/intelfpga/18.1/nios2eds/bin/gnu/h-x86_64-mingw32/bin/../lib/gcc/nios2-elf/5.3.0/mhw-mulx\libgcc.a
LOAD ../Simucam_R0_UART_bsp/\libucosii_bsp.a
LOAD c:/intelfpga/18.1/nios2eds/bin/gnu/h-x86_64-mingw32/bin/../lib/gcc/nios2-elf/5.3.0/../../../../../H-x86_64-mingw32/nios2-elf/lib/mhw-mulx\libm.a
END GROUP
LOAD c:/intelfpga/18.1/nios2eds/bin/gnu/h-x86_64-mingw32/bin/../lib/gcc/nios2-elf/5.3.0/mhw-mulx\libgcc.a
                0x0000000081100000                __alt_mem_onchip_memory = 0x81100000
                0x0000000084000000                __alt_mem_ext_flash = 0x84000000

.entry          0x0000000086020000        0x0
 *(.entry)
 .entry         0x0000000086020000        0x0 ../Simucam_R0_UART_bsp//obj/HAL/src/crt0.o
                0x0000000086020000                __reset

.exceptions     0x0000000081100020      0x224
                [!provide]                        PROVIDE (__ram_exceptions_start, ABSOLUTE (.))
                0x0000000081100020                . = ALIGN (0x20)
 *(.irq)
 *(.exceptions.entry.label)
 .exceptions.entry.label
                0x0000000081100020        0x0 ../Simucam_R0_UART_bsp/\libucosii_bsp.a(alt_irq_entry.o)
                0x0000000081100020                alt_irq_entry
 .exceptions.entry.label
                0x0000000081100020        0x0 ../Simucam_R0_UART_bsp/\libucosii_bsp.a(alt_exception_entry.o)
                0x0000000081100020                alt_exception
 *(.exceptions.entry.user)
 *(.exceptions.entry.ecc_fatal)
 *(.exceptions.entry)
 .exceptions.entry
                0x0000000081100020       0x54 ../Simucam_R0_UART_bsp/\libucosii_bsp.a(alt_exception_entry.o)
 *(.exceptions.irqtest.user)
 *(.exceptions.irqtest)
 .exceptions.irqtest
                0x0000000081100074       0x10 ../Simucam_R0_UART_bsp/\libucosii_bsp.a(alt_irq_entry.o)
 *(.exceptions.irqhandler.user)
 *(.exceptions.irqhandler)
 .exceptions.irqhandler
                0x0000000081100084        0x4 ../Simucam_R0_UART_bsp/\libucosii_bsp.a(alt_irq_entry.o)
 *(.exceptions.irqreturn.user)
 *(.exceptions.irqreturn)
 .exceptions.irqreturn
                0x0000000081100088        0x4 ../Simucam_R0_UART_bsp/\libucosii_bsp.a(alt_irq_entry.o)
 *(.exceptions.notirq.label)
 .exceptions.notirq.label
                0x000000008110008c        0x0 ../Simucam_R0_UART_bsp/\libucosii_bsp.a(alt_irq_entry.o)
 *(.exceptions.notirq.user)
 *(.exceptions.notirq)
 .exceptions.notirq
                0x000000008110008c        0x8 ../Simucam_R0_UART_bsp/\libucosii_bsp.a(alt_exception_entry.o)
 *(.exceptions.soft.user)
 *(.exceptions.soft)
 *(.exceptions.unknown.user)
 *(.exceptions.unknown)
 .exceptions.unknown
                0x0000000081100094       0x14 ../Simucam_R0_UART_bsp/\libucosii_bsp.a(alt_exception_entry.o)
 *(.exceptions.exit.label)
 .exceptions.exit.label
                0x00000000811000a8        0x0 ../Simucam_R0_UART_bsp/\libucosii_bsp.a(alt_irq_entry.o)
 .exceptions.exit.label
                0x00000000811000a8        0x0 ../Simucam_R0_UART_bsp/\libucosii_bsp.a(alt_exception_entry.o)
 *(.exceptions.exit.user)
 *(.exceptions.exit)
 .exceptions.exit
                0x00000000811000a8       0x54 ../Simucam_R0_UART_bsp/\libucosii_bsp.a(alt_exception_entry.o)
 *(.exceptions)
 .exceptions    0x00000000811000fc       0xd4 ../Simucam_R0_UART_bsp/\libucosii_bsp.a(alt_irq_handler.o)
                0x00000000811000fc                alt_irq_handler
 .exceptions    0x00000000811001d0       0x74 ../Simucam_R0_UART_bsp/\libucosii_bsp.a(alt_instruction_exception_entry.o)
                0x00000000811001d0                alt_instruction_exception_entry
                [!provide]                        PROVIDE (__ram_exceptions_end, ABSOLUTE (.))
                [!provide]                        PROVIDE (__flash_exceptions_start, LOADADDR (.exceptions))

.text           0x0000000081100244    0x56f40
                [!provide]                        PROVIDE (stext, ABSOLUTE (.))
 *(.interp)
 *(.hash)
 *(.dynsym)
 *(.dynstr)
 *(.gnu.version)
 *(.gnu.version_d)
 *(.gnu.version_r)
 *(.rel.init)
 *(.rela.init)
 *(.rel.text .rel.text.* .rel.gnu.linkonce.t.*)
 *(.rela.text .rela.text.* .rela.gnu.linkonce.t.*)
 *(.rel.fini)
 *(.rela.fini)
 *(.rel.rodata .rel.rodata.* .rel.gnu.linkonce.r.*)
 *(.rela.rodata .rela.rodata.* .rela.gnu.linkonce.r.*)
 *(.rel.data .rel.data.* .rel.gnu.linkonce.d.*)
 *(.rela.data .rela.data.* .rela.gnu.linkonce.d.*)
 *(.rel.tdata .rel.tdata.* .rel.gnu.linkonce.td.*)
 *(.rela.tdata .rela.tdata.* .rela.gnu.linkonce.td.*)
 *(.rel.tbss .rel.tbss.* .rel.gnu.linkonce.tb.*)
 *(.rela.tbss .rela.tbss.* .rela.gnu.linkonce.tb.*)
 *(.rel.ctors)
 *(.rela.ctors)
 *(.rel.dtors)
 *(.rela.dtors)
 *(.rel.got)
 *(.rela.got)
 *(.rel.sdata .rel.sdata.* .rel.gnu.linkonce.s.*)
 *(.rela.sdata .rela.sdata.* .rela.gnu.linkonce.s.*)
 *(.rel.sbss .rel.sbss.* .rel.gnu.linkonce.sb.*)
 *(.rela.sbss .rela.sbss.* .rela.gnu.linkonce.sb.*)
 *(.rel.sdata2 .rel.sdata2.* .rel.gnu.linkonce.s2.*)
 *(.rela.sdata2 .rela.sdata2.* .rela.gnu.linkonce.s2.*)
 *(.rel.sbss2 .rel.sbss2.* .rel.gnu.linkonce.sb2.*)
 *(.rela.sbss2 .rela.sbss2.* .rela.gnu.linkonce.sb2.*)
 *(.rel.bss .rel.bss.* .rel.gnu.linkonce.b.*)
 *(.rela.bss .rela.bss.* .rela.gnu.linkonce.b.*)
 *(.rel.plt)
 *(.rela.plt)
 *(.rel.dyn)
 *(.init)
 *(.plt)
 *(.text .stub .text.* .gnu.linkonce.t.*)
 .text          0x0000000081100244       0x38 ../Simucam_R0_UART_bsp//obj/HAL/src/crt0.o
                0x0000000081100244                _start
 .text          0x000000008110027c     0x269c obj/default/api_driver/ddr2/ddr2.o
                0x000000008110027c                bDdr2EepromTest
                0x0000000081100790                bDdr2EepromDump
                0x0000000081101444                bDdr2SwitchMemory
                0x0000000081101504                bDdr2MemoryWriteTest
                0x0000000081101a84                bDdr2MemoryReadTest
                0x0000000081101f94                bDdr2MemoryRandomWriteTest
                0x0000000081102404                bDdr2MemoryRandomReadTest
                0x00000000811028a0                uliXorshift32
 .text          0x0000000081102918      0xb68 obj/default/api_driver/sense/sense.o
                0x0000000081102918                POWER_Read
                0x0000000081102bcc                TEMP_Read
                0x0000000081102cbc                sense_log_temp
                0x0000000081102cfc                sense_log
 .text          0x0000000081103480      0x900 obj/default/api_driver/simucam_dma/simucam_dma.o
                0x0000000081103480                bSdmaInitComm1Dmas
                0x00000000811034a8                bSdmaInitComm2Dmas
                0x00000000811034d0                bSdmaInitComm3Dmas
                0x00000000811034f8                bSdmaInitComm4Dmas
                0x0000000081103520                bSdmaInitComm5Dmas
                0x0000000081103548                bSdmaInitComm6Dmas
                0x0000000081103570                bSdmaInitFtdiRxDma
                0x0000000081103598                bSdmaInitFtdiTxDma
                0x00000000811035c0                bSdmaResetCommDma
                0x000000008110370c                bSdmaResetFtdiDma
                0x00000000811037d0                bSdmaCommDmaTransfer
                0x0000000081103b0c                bSdmaFtdiDmaTransfer
 .text          0x0000000081103d80      0x204 obj/default/driver/comm/comm_channel.o
                0x0000000081103d80                bCommSetGlobalIrqEn
                0x0000000081103e78                bCommInitCh
 .text          0x0000000081103f84      0x98c obj/default/driver/comm/data_packet/data_packet.o
                0x0000000081103f84                bDpktSetPacketConfig
                0x0000000081104000                bDpktGetPacketConfig
                0x000000008110407c                bDpktSetPacketErrors
                0x00000000811040d0                bDpktGetPacketErrors
                0x0000000081104124                bDpktGetPacketHeader
                0x0000000081104180                bDpktSetPixelDelay
                0x00000000811041ec                bDpktGetPixelDelay
                0x0000000081104258                bDpktSetPresetFrmCnt
                0x00000000811042b4                bDpktGetPresetFrmCnt
                0x0000000081104310                bDpktSetFrameCounterValue
                0x0000000081104388                bDpktSetErrorInjection
                0x00000000811043fc                bDpktGetErrorInjection
                0x0000000081104470                bDpktSetWindowingParams
                0x00000000811044e0                bDpktGetWindowingParams
                0x0000000081104550                bDpktSetWindowListError
                0x00000000811045e4                bDpktGetWindowListError
                0x0000000081104678                bDpktInitCh
                0x0000000081104890                uliPxDelayCalcPeriodNs
                0x00000000811048d8                uliPxDelayCalcPeriodMs
 .text          0x0000000081104910     0x1514 obj/default/driver/comm/fee_buffers/fee_buffers.o
                0x0000000081104910                vFeebCh1HandleIrq
                0x0000000081104ac0                vFeebCh2HandleIrq
                0x0000000081104c70                vFeebCh3HandleIrq
                0x0000000081104e20                vFeebCh4HandleIrq
                0x0000000081104fd0                vFeebInitIrq
                0x00000000811051cc                bFeebSetIrqControl
                0x0000000081105228                bFeebGetIrqControl
                0x0000000081105284                bFeebGetIrqFlags
                0x00000000811052f0                bFeebGetBuffersStatus
                0x0000000081105364                bFeebGetLeftBufferEmpty
                0x00000000811053ac                bFeebGetRightBufferEmpty
                0x00000000811053f4                bFeebGetCh1LeftBufferEmpty
                0x0000000081105430                bFeebGetCh1RightBufferEmpty
                0x000000008110546c                bFeebGetCh2LeftBufferEmpty
                0x00000000811054a8                bFeebGetCh2RightBufferEmpty
                0x00000000811054e4                bFeebGetCh3LeftBufferEmpty
                0x0000000081105520                bFeebGetCh3RightBufferEmpty
                0x000000008110555c                bFeebGetCh4LeftBufferEmpty
                0x0000000081105598                bFeebGetCh4RightBufferEmpty
                0x00000000811055d4                bFeebGetCh1LeftFeeBusy
                0x0000000081105610                bFeebGetCh1RightFeeBusy
                0x000000008110564c                bFeebGetCh2LeftFeeBusy
                0x0000000081105688                bFeebGetCh2RightFeeBusy
                0x00000000811056c4                bFeebGetCh3LeftFeeBusy
                0x0000000081105700                bFeebGetCh3RightFeeBusy
                0x000000008110573c                bFeebGetCh4LeftFeeBusy
                0x0000000081105778                bFeebGetCh4RightFeeBusy
                0x00000000811057b4                bFeebGetBufferDataControl
                0x0000000081105850                bFeebSetBufferDataControl
                0x00000000811058ec                bFeebGetBufferDataStatus
                0x0000000081105948                bFeebGetMachineControl
                0x00000000811059d4                bFeebSetMachineControl
                0x0000000081105a60                bFeebClearMachineStatistics
                0x0000000081105ab0                bFeebGetMachineStatistics
                0x0000000081105b44                bFeebStartCh
                0x0000000081105b94                bFeebStopCh
                0x0000000081105be4                bFeebClrCh
                0x0000000081105c34                bFeebInitCh
 .text          0x0000000081105e24     0x16fc obj/default/driver/comm/rmap/rmap.o
                0x0000000081105e24                vRmapCh1HandleIrq
                0x0000000081105f78                vRmapCh2HandleIrq
                0x00000000811060cc                vRmapCh3HandleIrq
                0x0000000081106220                vRmapCh4HandleIrq
                0x0000000081106374                vRmapCh5HandleIrq
                0x00000000811064c8                vRmapCh6HandleIrq
                0x000000008110661c                vRmapCh7HandleIrq
                0x0000000081106770                vRmapCh8HandleIrq
                0x00000000811068c4                uliRmapCh1WriteCmdAddress
                0x00000000811068f4                uliRmapCh2WriteCmdAddress
                0x0000000081106924                uliRmapCh3WriteCmdAddress
                0x0000000081106954                uliRmapCh4WriteCmdAddress
                0x0000000081106984                vRmapInitIrq
                0x0000000081106b20                bRmapSetIrqControl
                0x0000000081106b7c                bRmapGetIrqControl
                0x0000000081106bd8                bRmapGetIrqFlags
                0x0000000081106c34                bRmapSetEchoingMode
                0x0000000081106c90                bRmapGetEchoingMode
                0x0000000081106cec                bRmapSetCodecConfig
                0x0000000081106d48                bRmapGetCodecConfig
                0x0000000081106da4                bRmapGetCodecStatus
                0x0000000081106e28                bRmapGetCodecError
                0x0000000081106eac                bRmapSetMemConfig
                0x0000000081106f08                bRmapGetMemConfig
                0x0000000081106f64                bRmapGetMemStatus
                0x0000000081106fd0                bRmapSetRmapMemCfgArea
                0x0000000081106ffc                bRmapGetRmapMemCfgArea
                0x0000000081107028                bRmapSetRmapMemHkArea
                0x0000000081107054                bRmapGetRmapMemHkArea
                0x0000000081107080                bRmapInitCh
                0x00000000811074d8                uliRmapReadReg
 .text          0x0000000081107520      0x51c obj/default/driver/comm/spw_controller/spw_controller.o
                0x0000000081107520                bSpwcSetLink
                0x000000008110758c                bSpwcGetLink
                0x00000000811075f8                bSpwcGetLinkError
                0x0000000081107664                bSpwcGetLinkStatus
                0x00000000811076c8                bSpwcGetTimecode
                0x000000008110771c                bSpwcClearTimecode
                0x000000008110776c                bSpwcEnableTimecode
                0x00000000811077c0                bSpwcInitCh
                0x0000000081107988                ucSpwcCalculateLinkDiv
 .text          0x0000000081107a3c      0x78c obj/default/driver/comm/windowing/windowing.o
                0x0000000081107a3c                bWindCopyMebWindowingParam
                0x0000000081107c7c                bWindCopyCcdXWindowingConfig
                0x0000000081107f20                bWindClearWindowingArea
                0x0000000081108010                bWindSetWindowingAreaOffset
 .text          0x00000000811081c8      0x1fc obj/default/driver/ctrl_io_lvds/ctrl_io_lvds.o
                0x00000000811081c8                bEnableIsoDrivers
                0x00000000811081fc                bDisableIsoDrivers
                0x0000000081108230                bEnableLvdsBoard
                0x0000000081108264                bDisableLvdsBoard
                0x0000000081108298                bSetPreEmphasys
 .text          0x00000000811083c4      0xa18 obj/default/driver/ftdi/ftdi.o
                0x00000000811083c4                vFtdiRxIrqHandler
                0x0000000081108634                vFtdiTxIrqHandler
                0x000000008110876c                bFtdiRxIrqInit
                0x00000000811087e4                bFtdiTxIrqInit
                0x000000008110885c                bFtdiRequestHalfCcdImg
                0x0000000081108968                bFtdiTransmitLutWinArea
                0x0000000081108a5c                vFtdiResetHalfCcdImg
                0x0000000081108a94                vFtdiResetLutWinArea
                0x0000000081108acc                ucFtdiGetRxErrorCode
                0x0000000081108b08                ucFtdiGetTxErrorCode
                0x0000000081108b44                usiFtdiRxBufferUsedBytes
                0x0000000081108b84                usiFtdiTxBufferUsedBytes
                0x0000000081108bc4                vFtdiStopModule
                0x0000000081108bfc                vFtdiStartModule
                0x0000000081108c34                vFtdiClearModule
                0x0000000081108c6c                vFtdiAbortOperation
                0x0000000081108cb0                vFtdiIrqGlobalEn
                0x0000000081108cec                vFtdiIrqRxHccdReceivedEn
                0x0000000081108d28                vFtdiIrqRxHccdCommErrEn
                0x0000000081108d64                vFtdiIrqTxLutFinishedEn
                0x0000000081108da0                vFtdiIrqTxLutCommErrEn
 .text          0x0000000081108ddc      0x73c obj/default/driver/i2c/i2c.o
                0x0000000081108ddc                I2C_TestAdress
                0x0000000081108e5c                I2C_Write
                0x0000000081108f34                I2C_Read
                0x0000000081109034                I2C_MultipleRead
                0x000000008110918c                i2c_start
                0x0000000081109218                i2c_stop
                0x0000000081109290                i2c_write
                0x00000000811093c0                i2c_read
 .text          0x0000000081109518       0xe8 obj/default/driver/leds/leds.o
                0x0000000081109518                bSetBoardLeds
                0x0000000081109590                bSetPainelLeds
 .text          0x0000000081109600      0x4e0 obj/default/driver/power_spi/power_spi.o
                0x0000000081109600                POWER_SPI_RW
 .text          0x0000000081109ae0      0x238 obj/default/driver/reset/reset.o
                0x0000000081109ae0                vRstcReleaseSimucamReset
                0x0000000081109b4c                vRstcHoldSimucamReset
                0x0000000081109bb0                vRstcReleaseDeviceReset
                0x0000000081109c1c                vRstcHoldDeviceReset
 .text          0x0000000081109d18      0x37c obj/default/driver/rtcc_spi/rtcc_spi.o
                0x0000000081109d18                v_spi_start
                0x0000000081109d68                v_spi_send_byte
                0x0000000081109e24                uc_spi_get_byte
                0x0000000081109ed0                v_spi_end
                0x0000000081109f20                RTCC_SPI_R_MAC
 .text          0x000000008110a094      0x10c obj/default/driver/seven_seg/seven_seg.o
                0x000000008110a094                bSSDisplayConfig
                0x000000008110a15c                bSSDisplayUpdate
 .text          0x000000008110a1a0     0x19c4 obj/default/driver/sync/sync.o
                0x000000008110a1a0                vSyncHandleIrq
                0x000000008110a390                vSyncPreHandleIrq
                0x000000008110a49c                vSyncClearCounter
                0x000000008110a4cc                vSyncInitIrq
                0x000000008110a54c                vSyncPreInitIrq
                0x000000008110a5cc                bSyncStatusExtnIrq
                0x000000008110a604                ucSyncStatusState
                0x000000008110a63c                ucSyncStatusErrorCode
                0x000000008110a674                ucSyncStatusCycleNumber
                0x000000008110a6ac                bSyncSetMbt
                0x000000008110a6e8                bSyncSetBt
                0x000000008110a724                bSyncSetPreBt
                0x000000008110a760                bSyncSetPer
                0x000000008110a79c                bSyncSetOst
                0x000000008110a7d8                bSyncSetPolarity
                0x000000008110a814                bSyncSetNCycles
                0x000000008110a854                uliSyncGetMbt
                0x000000008110a88c                uliSyncGetBt
                0x000000008110a8c4                uliSyncGetPer
                0x000000008110a8fc                uliSyncGetOst
                0x000000008110a934                bSyncErrInj
                0x000000008110a970                bSyncCtrIntern
                0x000000008110a9ac                bSyncCtrStart
                0x000000008110a9e4                bSyncCtrReset
                0x000000008110aa1c                bSyncCtrOneShot
                0x000000008110aa54                bSyncCtrErrInj
                0x000000008110aa8c                bSyncCtrSyncOutEnable
                0x000000008110aac8                bSyncCtrCh1OutEnable
                0x000000008110ab04                bSyncCtrCh2OutEnable
                0x000000008110ab40                bSyncCtrCh3OutEnable
                0x000000008110ab7c                bSyncCtrCh4OutEnable
                0x000000008110abb8                bSyncCtrCh5OutEnable
                0x000000008110abf4                bSyncCtrCh6OutEnable
                0x000000008110ac30                bSyncCtrCh7OutEnable
                0x000000008110ac6c                bSyncCtrCh8OutEnable
                0x000000008110aca8                bSyncIrqEnableError
                0x000000008110ace4                bSyncIrqEnableBlankPulse
                0x000000008110ad20                bSyncIrqEnableMasterPulse
                0x000000008110ad5c                bSyncIrqEnableNormalPulse
                0x000000008110ad98                bSyncIrqEnableLastPulse
                0x000000008110add4                bSyncIrqFlagClrError
                0x000000008110ae10                bSyncIrqFlagClrBlankPulse
                0x000000008110ae4c                bSyncIrqFlagClrMasterPulse
                0x000000008110ae88                bSyncIrqFlagClrNormalPulse
                0x000000008110aec4                bSyncIrqFlagClrLastPulse
                0x000000008110af00                bSyncIrqFlagError
                0x000000008110af38                bSyncIrqFlagBlankPulse
                0x000000008110af70                bSyncIrqFlagMasterPulse
                0x000000008110afa8                bSyncIrqFlagNormalPulse
                0x000000008110afe0                bSyncIrqFlagLastPulse
                0x000000008110b018                bSyncPreIrqEnableBlankPulse
                0x000000008110b054                bSyncPreIrqEnableMasterPulse
                0x000000008110b090                bSyncPreIrqEnableNormalPulse
                0x000000008110b0cc                bSyncPreIrqEnableLastPulse
                0x000000008110b108                bSyncPreIrqFlagClrBlankPulse
                0x000000008110b144                bSyncPreIrqFlagClrMasterPulse
                0x000000008110b180                bSyncPreIrqFlagClrNormalPulse
                0x000000008110b1bc                bSyncPreIrqFlagClrLastPulse
                0x000000008110b1f8                bSyncPreIrqFlagBlankPulse
                0x000000008110b230                bSyncPreIrqFlagMasterPulse
                0x000000008110b268                bSyncPreIrqFlagNormalPulse
                0x000000008110b2a0                bSyncPreIrqFlagLastPulse
                0x000000008110b2d8                bSyncConfigNFeeSyncPeriod
                0x000000008110b6a4                bSyncConfigFFeeSyncPeriod
                0x000000008110ba70                uliPerCalcPeriodMs
                0x000000008110baec                usiRegCalcTimeMs
 .text          0x000000008110bb64     0x13fc obj/default/rtos/data_control_taskV2.o
                0x000000008110bb64                vDataControlTaskV2
                0x000000008110c714                vPerformActionDTCFillingMem
                0x000000008110ca40                vPerformActionDTCRun
                0x000000008110cb98                vPerformActionDTCConfig
                0x000000008110ccd4                bSendMSGtoSimMebTaskDTC
                0x000000008110cd68                vRxBuffer0FullIRQHandler
                0x000000008110cdcc                vRxBuffer1FullIRQHandler
                0x000000008110ce30                vRxLastBufferFullIRQHandler
                0x000000008110ce94                vRxEmptyBufferFullIRQHandler
                0x000000008110cef8                vRxCommErrorIRQHandler
 .text          0x000000008110cf60     0xcb30 obj/default/rtos/fee_taskV3.o
                0x000000008110cf60                vFeeTaskV3
                0x000000008110fed4                vQCmdFEEinConfig
                0x0000000081110104                vQCmdFEEinOn
                0x000000008111067c                vQCmdWaitFinishingTransmission
                0x0000000081110bd4                vQCmdFEEinReadoutSync
                0x0000000081111058                vQCmdFEEinWaitingSync
                0x0000000081111398                vQCmdFEEinStandBy
                0x00000000811119c4                vQCmdFEEinWaitingMemUpdate
                0x0000000081111f2c                vQCmdWaitBeforeSyncSignal
                0x00000000811124c0                vInitialConfig_RMAPCodecConfig
                0x000000008111261c                vInitialConfig_DpktPacket
                0x00000000811127f4                vSendMessageNUCModeFeeChange
                0x0000000081112980                vWaitUntilBufferEmpty
                0x0000000081112b20                uliReturnMaskR
                0x0000000081112bf8                uliReturnMaskG
                0x0000000081112cd0                bSendMSGtoMebTask
                0x0000000081112d64                bSendRequestNFeeCtrl
                0x0000000081112e00                bDisableRmapIRQ
                0x0000000081112e54                bEnableRmapIRQ
                0x0000000081112eb0                bDisableSPWChannel
                0x0000000081112f08                bEnableSPWChannel
                0x0000000081112f6c                vConfigTinMode
                0x00000000811139fc                bEnableDbBuffer
                0x0000000081113a6c                bDisAndClrDbBuffer
                0x0000000081113ad0                vQCmdFeeRMAPinModeOn
                0x0000000081114720                vQCmdFeeRMAPBeforeSync
                0x0000000081115584                vQCmdFeeRMAPinWaitingMemUpdate
                0x0000000081116454                vQCmdFeeRMAPinStandBy
                0x0000000081117170                vQCmdFeeRMAPWaitingSync
                0x0000000081117d64                vQCmdFeeRMAPReadoutSync
                0x0000000081118bc0                vQCmdFeeRMAPinReadoutTrans
 .text          0x0000000081119a90      0x8f0 obj/default/rtos/in_ack_handler_task.o
                0x0000000081119a90                vInAckHandlerTaskV2
                0x0000000081119e74                bCheckInAck512
                0x0000000081119fb4                bCheckInAck128
                0x000000008111a0f8                bCheckInAck64
                0x000000008111a23c                bCheckInAck32
 .text          0x000000008111a380      0x7c8 obj/default/rtos/initialization_task.o
                0x000000008111a380                vInitialTask
 .text          0x000000008111ab48      0x7d4 obj/default/rtos/lut_handler_task.o
                0x000000008111ab48                vLutHandlerTask
                0x000000008111b0b0                vQCmdLUTCmd
                0x000000008111b1e8                vQCmdLUTWaitIRQFinish
 .text          0x000000008111b31c      0x31c obj/default/rtos/out_ack_handler_task.o
                0x000000008111b31c                vOutAckHandlerTask
 .text          0x000000008111b638     0x221c obj/default/rtos/parser_comm_task.o
                0x000000008111b638                vParserCommTask
                0x000000008111d5e8                getPreParsedPacket
                0x000000008111d6f8                bSendMessagePUStoMebTask
 .text          0x000000008111d854      0xa44 obj/default/rtos/receiver_uart_task.o
                0x000000008111d854                vReceiverUartTask
                0x000000008111dad0                setPreParsedFreePos
                0x000000008111dc04                setPreAckSenderFreePos
                0x000000008111dd78                setPreAckReceiverFreePos
                0x000000008111df24                bPreParserV2
 .text          0x000000008111e298      0x4b8 obj/default/rtos/sender_com_task.o
                0x000000008111e298                vSenderComTask
                0x000000008111e62c                getBufferSendPUSorChar
 .text          0x000000008111e750     0x3088 obj/default/rtos/sim_meb_task.o
                0x000000008111e750                vSimMebTask
                0x000000008111ebb4                vPerformActionMebInRunning
                0x000000008111ed90                vPerformActionMebInConfig
                0x000000008111eef4                vDebugSyncTimeCode
                0x000000008111ef18                vPusMebTask
                0x000000008111f0f8                vPusMebInTaskConfigMode
                0x000000008111f1b4                vPusType250conf
                0x000000008111f8b0                vPusType251conf
                0x000000008111f914                vPusType252conf
                0x000000008111fe78                vPusMebInTaskRunningMode
                0x000000008111ff48                vPusType250run
                0x00000000811204c0                vPusType251run
                0x0000000081120970                vPusType252run
                0x0000000081121118                vMebInit
                0x0000000081121174                vSwapMemmory
                0x0000000081121210                vEnterConfigRoutine
                0x0000000081121634                vSendMessageNUCModeMEBChange
                0x00000000811217b0                vSendHKUpdate
 .text          0x00000000811217d8      0x7d4 obj/default/rtos/stack_monitor_task.o
                0x00000000811217d8                vStackMonitor
 .text          0x0000000081121fac      0x354 obj/default/rtos/sync_reset_task.o
                0x0000000081121fac                vSyncResetTask
 .text          0x0000000081122300        0x0 obj/default/rtos/test_task.o
 .text          0x0000000081122300      0xca8 obj/default/rtos/timeout_checker_ack_task.o
                0x0000000081122300                vTimeoutCheckerTaskv2
                0x000000008112237c                vCheck
                0x0000000081122564                vCheckRetransmission512
                0x00000000811227e0                vCheckRetransmission128
                0x0000000081122a64                vCheckRetransmission64
                0x0000000081122ce8                vCheckRetransmission32
 .text          0x0000000081122fa8     0x16a4 obj/default/simucam_main.o
                0x0000000081122fa8                bResourcesInitRTOS
                0x000000008112346c                vVariablesInitialization
                0x0000000081123a7c                main
                0x0000000081124290                vFillMemmoryPattern
                0x00000000811245f4                bInitFTDI
 .text          0x000000008112464c        0x0 obj/default/utils/aeb.o
 .text          0x000000008112464c      0x1e4 obj/default/utils/ccd.o
                0x000000008112464c                vCCDLoadDefaultValues
                0x00000000811247a8                vCCDChangeValues
 .text          0x0000000081124830     0x1938 obj/default/utils/communication_utils.o
                0x0000000081124830                bSendUART512v2
                0x0000000081124b44                bSendUART128v2
                0x0000000081124e60                bSendUART64v2
                0x000000008112517c                bSendUART32v2
                0x0000000081125498                vSendEthConf
                0x0000000081125720                vSendTurnOff
                0x0000000081125830                vSendBufferChar128
                0x0000000081125920                vSendReset
                0x0000000081125a30                vSendLog
                0x0000000081125b28                usiGetIdCMD
                0x0000000081125b70                siPosStr
                0x0000000081125bb8                vTimeoutCheck
                0x0000000081125c00                vSendPusTM64
                0x0000000081125da0                vSendPusTM128
                0x0000000081125f40                vSendPusTM512
                0x00000000811260e4                vTMPusTestConnection
 .text          0x0000000081126168      0x93c obj/default/utils/configs_bind_channel_FEEinst.o
                0x0000000081126168                vCHConfs
                0x0000000081126a64                ucCheckAndApllySPWChannel
 .text          0x0000000081126aa4     0x23bc obj/default/utils/configs_simucam.o
                0x0000000081126aa4                vLoadDefaultETHConf
                0x000000008112751c                vLoadDebugConfs
                0x0000000081128810                vShowEthConfig
                0x0000000081128ab4                vShowDebugConfig
 .text          0x0000000081128e60       0xf0 obj/default/utils/crc8.o
                0x0000000081128e60                ucCrc8
                0x0000000081128efc                ucCrc8wInit
 .text          0x0000000081128f50      0x154 obj/default/utils/data_controller.o
                0x0000000081128f50                vDataControllerInit
 .text          0x00000000811290a4        0x0 obj/default/utils/deb.o
 .text          0x00000000811290a4     0x2f54 obj/default/utils/error_handler_simucam.o
                0x00000000811290a4                printErrorTask
                0x000000008112910c                vCriticalErrorLedPanel
                0x0000000081129144                vFailSendSemaphoreFromDTC
                0x00000000811291a0                vFailInitRTOSResources
                0x00000000811291fc                vCriticalFailUpdateMemoreDTController
                0x0000000081129258                vCommunicationErrorUSB3DTController
                0x00000000811292b4                vFailSendRequestDTController
                0x0000000081129310                vFailFTDIDMASchedule
                0x000000008112936c                vFailCreateMutexSResources
                0x00000000811293dc                vFailCreateMutexDMA
                0x0000000081129438                vFailReadETHConf
                0x0000000081129494                vFailCreateSemaphoreResources
                0x00000000811294f0                vFailTestCriticasParts
                0x0000000081129550                vFailSDCard
                0x00000000811295b0                vFailSendxSemCommInit
                0x0000000081129628                vFailSendPreParsedSemaphore
                0x0000000081129684                vFailSendPreAckReceiverSemaphore
                0x00000000811296e0                vFailSendPreAckSenderSemaphore
                0x000000008112973c                vFailGetCountSemaphoreSenderTask
                0x00000000811297b4                vFailGetMutexSenderTask
                0x000000008112982c                vFailGetCountSemaphoreReceiverTask
                0x00000000811298a4                vFailGetMutexReceiverTask
                0x000000008112991c                vFailGetMutexTxUARTSenderTask
                0x0000000081129994                vFailGetMacRTC
                0x00000000811299f0                vFailInitialization
                0x0000000081129a50                vFailReceiverCreate
                0x0000000081129aac                vFailSenderCreate
                0x0000000081129b08                vFailDeleteInitialization
                0x0000000081129b64                vFailSetCountSemaphorexBuffer32
                0x0000000081129bdc                vFailSetCountSemaphorexBuffer64
                0x0000000081129c54                vFailSetCountSemaphorexBuffer512
                0x0000000081129ccc                vFailSetCountSemaphorexBuffer128
                0x0000000081129d44                vFailGetCountSemaphorexBuffer512
                0x0000000081129dbc                vFailGetCountSemaphorexBuffer128
                0x0000000081129e34                vFailGetCountSemaphorexBuffer64
                0x0000000081129eac                vFailGetCountSemaphorexBuffer32
                0x0000000081129f24                vFailFoundBufferRetransmission
                0x0000000081129f9c                vFailGetCountSemaphoreSenderBuffer
                0x000000008112a014                vFailGetCountSemaphorePreParsedBuffer
                0x000000008112a08c                vFailGetxMutexPreParsedParserRxTask
                0x000000008112a104                vFailGetxMutexSenderBuffer128
                0x000000008112a17c                vNoContentInPreParsedBuffer
                0x000000008112a1f4                vNoContentInSenderBuffer
                0x000000008112a26c                vCouldNotSendEthConfUART
                0x000000008112a2e4                vFailSendNack
                0x000000008112a35c                vFailSetPreAckSenderBuffer
                0x000000008112a3d4                vFailSetPreParsedBuffer
                0x000000008112a44c                vFailSetPreAckReceiverBuffer
                0x000000008112a4c4                vFailParserCommTaskCreate
                0x000000008112a520                vFailInAckHandlerTaskCreate
                0x000000008112a57c                vFailOutAckHandlerTaskCreate
                0x000000008112a5d8                vFailCreateTimerRetransmisison
                0x000000008112a634                vCouldNotCheckBufferTimeOutFunction
                0x000000008112a690                vFailTimeoutCheckerTaskCreate
                0x000000008112a6ec                vFailGetBlockingSemTimeoutTask
                0x000000008112a764                vFailPostBlockingSemTimeoutTask
                0x000000008112a7dc                vFailCouldNotRetransmitTimeoutTask
                0x000000008112a854                vCouldNotRetransmitB32TimeoutTask
                0x000000008112a8cc                vCouldNotRetransmitB64TimeoutTask
                0x000000008112a944                vCouldNotRetransmitB128TimeoutTask
                0x000000008112a9bc                vFailStartTimerRetransmission
                0x000000008112aa34                vCouldNotSendTurnOff
                0x000000008112aaac                vCouldNotSendGenericMessageInternalCMD
                0x000000008112ab08                vCouldNotSendReset
                0x000000008112ab80                vCouldNotSendLog
                0x000000008112abf8                vCouldNotSendTMPusCommand
                0x000000008112ac90                vWarnCouldNotgetMutexRetrans128
                0x000000008112ad08                vFailCreateScheduleQueue
                0x000000008112ad80                vFailCreateNFEEQueue
                0x000000008112ae00                vFailCreateMebQueue
                0x000000008112ae78                vFailCreateLUTQueue
                0x000000008112aef0                vFailCreateNFEESyncQueue
                0x000000008112af70                vCoudlNotCreateNFee0Task
                0x000000008112afe8                vCoudlNotCreateNFee1Task
                0x000000008112b060                vCoudlNotCreateNFee2Task
                0x000000008112b0d8                vCoudlNotCreateNFee3Task
                0x000000008112b150                vCoudlNotCreateNFee4Task
                0x000000008112b1c8                vCoudlNotCreateNFee5Task
                0x000000008112b240                vCoudlNotCreateNFeeControllerTask
                0x000000008112b2b8                vCoudlNotCreateDataControllerTask
                0x000000008112b330                vCoudlNotCreateMebTask
                0x000000008112b3a8                vFailCreateMutexSPUSQueueMeb
                0x000000008112b418                vFailSendPUStoMebTask
                0x000000008112b474                vCouldNotGetCmdQueueMeb
                0x000000008112b4ec                vCouldNotGetMutexMebPus
                0x000000008112b548                vCouldNotCreateQueueMaskNfeeCtrl
                0x000000008112b5c0                vCouldNotCreateQueueMaskDataCtrl
                0x000000008112b638                vCouldNotGetQueueMaskNfeeCtrl
                0x000000008112b6b0                vCouldNotGetQueueMaskDataCtrl
                0x000000008112b728                vFailSendMsgAccessDMA
                0x000000008112b78c                vFailRequestDMA
                0x000000008112b7f0                vFailFromFEE
                0x000000008112b84c                vFailSendMSGMebTask
                0x000000008112b8a8                vFailSendBufferFullIRQtoDTC
                0x000000008112b904                vFailSendBufferLastIRQtoLUT
                0x000000008112b960                vFailFtdiErrorIRQtoLUT
                0x000000008112b9bc                vFailSendBufferLastIRQtoDTC
                0x000000008112ba18                vFailFtdiErrorIRQtoDTC
                0x000000008112ba74                vFailSendBufferEmptyIRQtoDTC
                0x000000008112bad0                vFailRequestDMAFromIRQ
                0x000000008112bb34                vFailSendRMAPFromIRQ
                0x000000008112bb98                vFailSendMsgSync
                0x000000008112bbfc                vFailSendMsgSyncRMAPTRIGGER
                0x000000008112bc60                vFailSendMsgMasterSyncDTC
                0x000000008112bcbc                vFailSendMsgMasterSyncLut
                0x000000008112bd18                vFailSendMsgMasterSyncMeb
                0x000000008112bd74                vFailSendMsgFeeCTRL
                0x000000008112bdd0                vFailSendMsgDataCTRL
                0x000000008112be2c                vFailFlushQueue
                0x000000008112be88                vFailFlushQueueData
                0x000000008112bee4                vFailFlushMEBQueue
                0x000000008112bf40                vFailFlushNFEEQueue
                0x000000008112bf9c                vFailSyncResetCreate
 .text          0x000000008112bff8       0x60 obj/default/utils/events_handler.o
                0x000000008112bff8                vEvtChangeMebMode
                0x000000008112c018                vEvtChangeFeeControllerMode
                0x000000008112c038                vEvtChangeDataControllerMode
 .text          0x000000008112c058      0x1dc obj/default/utils/fee_controller.o
                0x000000008112c058                vFFeeControlInit
                0x000000008112c154                vSetTimeCode
                0x000000008112c18c                vResetTimeCode
                0x000000008112c1b8                vLoadDefaultIdNFEEMaster
                0x000000008112c1dc                vChangeIdNFEEMaster
                0x000000008112c208                vChangeDefaultIdNFEEMaster
 .text          0x000000008112c234      0x97c obj/default/utils/ffee.o
                0x000000008112c234                vFFeeStructureInit
                0x000000008112c714                vUpdateMemMapFEE
                0x000000008112ca90                bMemNewLimits
                0x000000008112cb08                vResetMemCCDFEE
 .text          0x000000008112cbb0      0x11c obj/default/utils/initialization_simucam.o
                0x000000008112cbb0                bInitSimucamCoreHW
                0x000000008112cc1c                vInitSimucamBasicHW
 .text          0x000000008112cccc       0xb8 obj/default/utils/log_manager_simucam.o
                0x000000008112cccc                bLogWriteSDCard
                0x000000008112ccf4                vLogWriteNUC
 .text          0x000000008112cd84       0xd4 obj/default/utils/lut_handler.o
                0x000000008112cd84                vLutInit
 .text          0x000000008112ce58      0x6f0 obj/default/utils/meb.o
                0x000000008112ce58                vSimucamStructureInit
                0x000000008112cf44                vLoadDefaultEPValue
                0x000000008112cf74                vChangeEPValue
                0x000000008112cfa8                vChangeDefaultEPValue
                0x000000008112cfd0                vLoadDefaultRTValue
                0x000000008112d004                vChangeRTValue
                0x000000008112d038                vChangeDefaultRTValue
                0x000000008112d060                vLoadDefaultSyncSource
                0x000000008112d08c                vChangeSyncSource
                0x000000008112d0c0                vChangeDefaultSyncSource
                0x000000008112d0e8                vLoadDefaultAutoResetSync
                0x000000008112d118                vChangeAutoResetSync
                0x000000008112d14c                vChangeDefaultAutoResetSync
                0x000000008112d174                vSyncReset
                0x000000008112d280                vSendCmdQToNFeeCTRL
                0x000000008112d300                vSendCmdQToNFeeCTRL_PRIO
                0x000000008112d3a4                vSendCmdQToNFeeCTRL_GEN
                0x000000008112d448                vSendCmdQToDataCTRL
                0x000000008112d4c8                vSendCmdQToDataCTRL_PRIO
 .text          0x000000008112d548      0x208 obj/default/utils/pattern.o
                0x000000008112d548                pattern_createPattern
 .text          0x000000008112d750      0x1e4 obj/default/utils/sdcard_file_manager.o
                0x000000008112d750                bSDcardIsPresent
                0x000000008112d778                bSDcardFAT16Check
                0x000000008112d7a0                bInitializeSDCard
                0x000000008112d890                siOpenFile
                0x000000008112d8c4                siCloseFile
                0x000000008112d8fc                cGetNextChar
 .text          0x000000008112d934      0x214 obj/default/utils/sync_handler.o
                0x000000008112d934                bInitSync
                0x000000008112dac0                bStartSync
                0x000000008112daf4                bStopSync
                0x000000008112db1c                bClearCounterSync
 .text          0x000000008112db48      0x6cc obj/default/utils/test_module_simucam.o
                0x000000008112db48                bTestSimucamCriticalHW
                0x000000008112dd00                bDdr2MemoryFastTest
 .text          0x000000008112e214      0x454 obj/default/utils/util.o
                0x000000008112e214                _reg_write
                0x000000008112e264                _reg_read
                0x000000008112e2b4                _print_codec_status
                0x000000008112e4c0                _split_codec_status
                0x000000008112e52c                aatoh
                0x000000008112e5c8                Verif_Error
                0x000000008112e63c                toInt
 .text          0x000000008112e668        0x0 c:/intelfpga/18.1/nios2eds/bin/gnu/h-x86_64-mingw32/bin/../lib/gcc/nios2-elf/5.3.0/../../../../../H-x86_64-mingw32/nios2-elf/lib/mhw-mulx\libm.a(lib_a-s_round.o)
 .text.round    0x000000008112e668      0x100 c:/intelfpga/18.1/nios2eds/bin/gnu/h-x86_64-mingw32/bin/../lib/gcc/nios2-elf/5.3.0/../../../../../H-x86_64-mingw32/nios2-elf/lib/mhw-mulx\libm.a(lib_a-s_round.o)
                0x000000008112e668                round
 .text          0x000000008112e768       0x60 c:/intelfpga/18.1/nios2eds/bin/gnu/h-x86_64-mingw32/bin/../lib/gcc/nios2-elf/5.3.0/mhw-mulx\libgcc.a(_fixunssfsi.o)
                0x000000008112e768                __fixunssfsi
 .text          0x000000008112e7c8       0x74 c:/intelfpga/18.1/nios2eds/bin/gnu/h-x86_64-mingw32/bin/../lib/gcc/nios2-elf/5.3.0/mhw-mulx\libgcc.a(_fixunsdfsi.o)
                0x000000008112e7c8                __fixunsdfsi
 .text          0x000000008112e83c      0x440 c:/intelfpga/18.1/nios2eds/bin/gnu/h-x86_64-mingw32/bin/../lib/gcc/nios2-elf/5.3.0/mhw-mulx\libgcc.a(divsf3.o)
                0x000000008112e83c                __divsf3
 .text          0x000000008112ec7c       0xbc c:/intelfpga/18.1/nios2eds/bin/gnu/h-x86_64-mingw32/bin/../lib/gcc/nios2-elf/5.3.0/mhw-mulx\libgcc.a(gesf2.o)
                0x000000008112ec7c                __gesf2
                0x000000008112ec7c                __gtsf2
 .text          0x000000008112ed38      0x3fc c:/intelfpga/18.1/nios2eds/bin/gnu/h-x86_64-mingw32/bin/../lib/gcc/nios2-elf/5.3.0/mhw-mulx\libgcc.a(mulsf3.o)
                0x000000008112ed38                __mulsf3
 .text          0x000000008112f134      0x4e4 c:/intelfpga/18.1/nios2eds/bin/gnu/h-x86_64-mingw32/bin/../lib/gcc/nios2-elf/5.3.0/mhw-mulx\libgcc.a(subsf3.o)
                0x000000008112f134                __subsf3
 .text          0x000000008112f618       0x70 c:/intelfpga/18.1/nios2eds/bin/gnu/h-x86_64-mingw32/bin/../lib/gcc/nios2-elf/5.3.0/mhw-mulx\libgcc.a(fixsfsi.o)
                0x000000008112f618                __fixsfsi
 .text          0x000000008112f688      0x124 c:/intelfpga/18.1/nios2eds/bin/gnu/h-x86_64-mingw32/bin/../lib/gcc/nios2-elf/5.3.0/mhw-mulx\libgcc.a(floatsisf.o)
                0x000000008112f688                __floatsisf
 .text          0x000000008112f7ac       0xf0 c:/intelfpga/18.1/nios2eds/bin/gnu/h-x86_64-mingw32/bin/../lib/gcc/nios2-elf/5.3.0/mhw-mulx\libgcc.a(floatunsisf.o)
                0x000000008112f7ac                __floatunsisf
 .text          0x000000008112f89c      0x8ac c:/intelfpga/18.1/nios2eds/bin/gnu/h-x86_64-mingw32/bin/../lib/gcc/nios2-elf/5.3.0/mhw-mulx\libgcc.a(adddf3.o)
                0x000000008112f89c                __adddf3
 .text          0x0000000081130148      0x8e8 c:/intelfpga/18.1/nios2eds/bin/gnu/h-x86_64-mingw32/bin/../lib/gcc/nios2-elf/5.3.0/mhw-mulx\libgcc.a(divdf3.o)
                0x0000000081130148                __divdf3
 .text          0x0000000081130a30       0xdc c:/intelfpga/18.1/nios2eds/bin/gnu/h-x86_64-mingw32/bin/../lib/gcc/nios2-elf/5.3.0/mhw-mulx\libgcc.a(gedf2.o)
                0x0000000081130a30                __gedf2
                0x0000000081130a30                __gtdf2
 .text          0x0000000081130b0c      0x718 c:/intelfpga/18.1/nios2eds/bin/gnu/h-x86_64-mingw32/bin/../lib/gcc/nios2-elf/5.3.0/mhw-mulx\libgcc.a(muldf3.o)
                0x0000000081130b0c                __muldf3
 .text          0x0000000081131224      0x8fc c:/intelfpga/18.1/nios2eds/bin/gnu/h-x86_64-mingw32/bin/../lib/gcc/nios2-elf/5.3.0/mhw-mulx\libgcc.a(subdf3.o)
                0x0000000081131224                __subdf3
 .text          0x0000000081131b20       0x80 c:/intelfpga/18.1/nios2eds/bin/gnu/h-x86_64-mingw32/bin/../lib/gcc/nios2-elf/5.3.0/mhw-mulx\libgcc.a(fixdfsi.o)
                0x0000000081131b20                __fixdfsi
 .text          0x0000000081131ba0       0xdc c:/intelfpga/18.1/nios2eds/bin/gnu/h-x86_64-mingw32/bin/../lib/gcc/nios2-elf/5.3.0/mhw-mulx\libgcc.a(floatsidf.o)
                0x0000000081131ba0                __floatsidf
 .text          0x0000000081131c7c       0xa8 c:/intelfpga/18.1/nios2eds/bin/gnu/h-x86_64-mingw32/bin/../lib/gcc/nios2-elf/5.3.0/mhw-mulx\libgcc.a(floatunsidf.o)
                0x0000000081131c7c                __floatunsidf
 .text          0x0000000081131d24      0x110 c:/intelfpga/18.1/nios2eds/bin/gnu/h-x86_64-mingw32/bin/../lib/gcc/nios2-elf/5.3.0/mhw-mulx\libgcc.a(extendsfdf2.o)
                0x0000000081131d24                __extendsfdf2
 .text          0x0000000081131e34      0x1a8 c:/intelfpga/18.1/nios2eds/bin/gnu/h-x86_64-mingw32/bin/../lib/gcc/nios2-elf/5.3.0/mhw-mulx\libgcc.a(truncdfsf2.o)
                0x0000000081131e34                __truncdfsf2
 .text          0x0000000081131fdc       0x64 c:/intelfpga/18.1/nios2eds/bin/gnu/h-x86_64-mingw32/bin/../lib/gcc/nios2-elf/5.3.0/mhw-mulx\libgcc.a(_clzsi2.o)
                0x0000000081131fdc                __clzsi2
 .text          0x0000000081132040      0x1b4 c:/intelfpga/18.1/nios2eds/bin/gnu/h-x86_64-mingw32/bin/../lib/gcc/nios2-elf/5.3.0/mhw-mulx\libgcc.a(lib2-divmod.o)
                0x0000000081132040                __divsi3
                0x00000000811320c4                __modsi3
                0x0000000081132138                __udivsi3
                0x000000008113219c                __umodsi3
 .text          0x00000000811321f4        0x0 c:/intelfpga/18.1/nios2eds/bin/gnu/h-x86_64-mingw32/bin/../lib/gcc/nios2-elf/5.3.0/mhw-mulx\libgcc.a(_clz.o)
 .text          0x00000000811321f4        0x0 c:/intelfpga/18.1/nios2eds/bin/gnu/h-x86_64-mingw32/bin/../lib/gcc/nios2-elf/5.3.0/../../../../../H-x86_64-mingw32/nios2-elf/lib/mhw-mulx\libc.a(lib_a-atoi.o)
 .text.atoi     0x00000000811321f4        0xc c:/intelfpga/18.1/nios2eds/bin/gnu/h-x86_64-mingw32/bin/../lib/gcc/nios2-elf/5.3.0/../../../../../H-x86_64-mingw32/nios2-elf/lib/mhw-mulx\libc.a(lib_a-atoi.o)
                0x00000000811321f4                atoi
 .text._atoi_r  0x0000000081132200        0xc c:/intelfpga/18.1/nios2eds/bin/gnu/h-x86_64-mingw32/bin/../lib/gcc/nios2-elf/5.3.0/../../../../../H-x86_64-mingw32/nios2-elf/lib/mhw-mulx\libc.a(lib_a-atoi.o)
                0x0000000081132200                _atoi_r
 .text          0x000000008113220c        0x0 c:/intelfpga/18.1/nios2eds/bin/gnu/h-x86_64-mingw32/bin/../lib/gcc/nios2-elf/5.3.0/../../../../../H-x86_64-mingw32/nios2-elf/lib/mhw-mulx\libc.a(lib_a-atoll.o)
 .text.atoll    0x000000008113220c        0xc c:/intelfpga/18.1/nios2eds/bin/gnu/h-x86_64-mingw32/bin/../lib/gcc/nios2-elf/5.3.0/../../../../../H-x86_64-mingw32/nios2-elf/lib/mhw-mulx\libc.a(lib_a-atoll.o)
                0x000000008113220c                atoll
 .text._atoll_r
                0x0000000081132218        0xc c:/intelfpga/18.1/nios2eds/bin/gnu/h-x86_64-mingw32/bin/../lib/gcc/nios2-elf/5.3.0/../../../../../H-x86_64-mingw32/nios2-elf/lib/mhw-mulx\libc.a(lib_a-atoll.o)
                0x0000000081132218                _atoll_r
 .text          0x0000000081132224        0x0 c:/intelfpga/18.1/nios2eds/bin/gnu/h-x86_64-mingw32/bin/../lib/gcc/nios2-elf/5.3.0/../../../../../H-x86_64-mingw32/nios2-elf/lib/mhw-mulx\libc.a(lib_a-ctype_.o)
 .text          0x0000000081132224        0x0 c:/intelfpga/18.1/nios2eds/bin/gnu/h-x86_64-mingw32/bin/../lib/gcc/nios2-elf/5.3.0/../../../../../H-x86_64-mingw32/nios2-elf/lib/mhw-mulx\libc.a(lib_a-div.o)
 .text.div      0x0000000081132224       0x74 c:/intelfpga/18.1/nios2eds/bin/gnu/h-x86_64-mingw32/bin/../lib/gcc/nios2-elf/5.3.0/../../../../../H-x86_64-mingw32/nios2-elf/lib/mhw-mulx\libc.a(lib_a-div.o)
                0x0000000081132224                div
 .text          0x0000000081132298        0x0 c:/intelfpga/18.1/nios2eds/bin/gnu/h-x86_64-mingw32/bin/../lib/gcc/nios2-elf/5.3.0/../../../../../H-x86_64-mingw32/nios2-elf/lib/mhw-mulx\libc.a(lib_a-fopen.o)
 .text._fopen_r
                0x0000000081132298       0xf4 c:/intelfpga/18.1/nios2eds/bin/gnu/h-x86_64-mingw32/bin/../lib/gcc/nios2-elf/5.3.0/../../../../../H-x86_64-mingw32/nios2-elf/lib/mhw-mulx\libc.a(lib_a-fopen.o)
                0x0000000081132298                _fopen_r
 .text.fopen    0x000000008113238c       0x18 c:/intelfpga/18.1/nios2eds/bin/gnu/h-x86_64-mingw32/bin/../lib/gcc/nios2-elf/5.3.0/../../../../../H-x86_64-mingw32/nios2-elf/lib/mhw-mulx\libc.a(lib_a-fopen.o)
                0x000000008113238c                fopen
 .text          0x00000000811323a4        0x0 c:/intelfpga/18.1/nios2eds/bin/gnu/h-x86_64-mingw32/bin/../lib/gcc/nios2-elf/5.3.0/../../../../../H-x86_64-mingw32/nios2-elf/lib/mhw-mulx\libc.a(lib_a-fprintf.o)
 .text._fprintf_r
                0x00000000811323a4       0x28 c:/intelfpga/18.1/nios2eds/bin/gnu/h-x86_64-mingw32/bin/../lib/gcc/nios2-elf/5.3.0/../../../../../H-x86_64-mingw32/nios2-elf/lib/mhw-mulx\libc.a(lib_a-fprintf.o)
                0x00000000811323a4                _fprintf_r
 .text.fprintf  0x00000000811323cc       0x24 c:/intelfpga/18.1/nios2eds/bin/gnu/h-x86_64-mingw32/bin/../lib/gcc/nios2-elf/5.3.0/../../../../../H-x86_64-mingw32/nios2-elf/lib/mhw-mulx\libc.a(lib_a-fprintf.o)
                0x00000000811323cc                fprintf
 .text          0x00000000811323f0        0x0 c:/intelfpga/18.1/nios2eds/bin/gnu/h-x86_64-mingw32/bin/../lib/gcc/nios2-elf/5.3.0/../../../../../H-x86_64-mingw32/nios2-elf/lib/mhw-mulx\libc.a(lib_a-fputc.o)
 .text._fputc_r
                0x00000000811323f0       0x44 c:/intelfpga/18.1/nios2eds/bin/gnu/h-x86_64-mingw32/bin/../lib/gcc/nios2-elf/5.3.0/../../../../../H-x86_64-mingw32/nios2-elf/lib/mhw-mulx\libc.a(lib_a-fputc.o)
                0x00000000811323f0                _fputc_r
 .text.fputc    0x0000000081132434       0x5c c:/intelfpga/18.1/nios2eds/bin/gnu/h-x86_64-mingw32/bin/../lib/gcc/nios2-elf/5.3.0/../../../../../H-x86_64-mingw32/nios2-elf/lib/mhw-mulx\libc.a(lib_a-fputc.o)
                0x0000000081132434                fputc
 .text          0x0000000081132490        0x0 c:/intelfpga/18.1/nios2eds/bin/gnu/h-x86_64-mingw32/bin/../lib/gcc/nios2-elf/5.3.0/../../../../../H-x86_64-mingw32/nios2-elf/lib/mhw-mulx\libc.a(lib_a-fseek.o)
 .text._fseek_r
                0x0000000081132490        0x4 c:/intelfpga/18.1/nios2eds/bin/gnu/h-x86_64-mingw32/bin/../lib/gcc/nios2-elf/5.3.0/../../../../../H-x86_64-mingw32/nios2-elf/lib/mhw-mulx\libc.a(lib_a-fseek.o)
                0x0000000081132490                _fseek_r
 .text.fseek    0x0000000081132494       0x1c c:/intelfpga/18.1/nios2eds/bin/gnu/h-x86_64-mingw32/bin/../lib/gcc/nios2-elf/5.3.0/../../../../../H-x86_64-mingw32/nios2-elf/lib/mhw-mulx\libc.a(lib_a-fseek.o)
                0x0000000081132494                fseek
 .text          0x00000000811324b0        0x0 c:/intelfpga/18.1/nios2eds/bin/gnu/h-x86_64-mingw32/bin/../lib/gcc/nios2-elf/5.3.0/../../../../../H-x86_64-mingw32/nios2-elf/lib/mhw-mulx\libc.a(lib_a-fseeko.o)
 .text._fseeko_r
                0x00000000811324b0      0x444 c:/intelfpga/18.1/nios2eds/bin/gnu/h-x86_64-mingw32/bin/../lib/gcc/nios2-elf/5.3.0/../../../../../H-x86_64-mingw32/nios2-elf/lib/mhw-mulx\libc.a(lib_a-fseeko.o)
                0x00000000811324b0                _fseeko_r
 .text.fseeko   0x00000000811328f4       0x1c c:/intelfpga/18.1/nios2eds/bin/gnu/h-x86_64-mingw32/bin/../lib/gcc/nios2-elf/5.3.0/../../../../../H-x86_64-mingw32/nios2-elf/lib/mhw-mulx\libc.a(lib_a-fseeko.o)
                0x00000000811328f4                fseeko
 .text          0x0000000081132910        0x0 c:/intelfpga/18.1/nios2eds/bin/gnu/h-x86_64-mingw32/bin/../lib/gcc/nios2-elf/5.3.0/../../../../../H-x86_64-mingw32/nios2-elf/lib/mhw-mulx\libc.a(lib_a-fstatr.o)
 .text._fstat_r
                0x0000000081132910       0x5c c:/intelfpga/18.1/nios2eds/bin/gnu/h-x86_64-mingw32/bin/../lib/gcc/nios2-elf/5.3.0/../../../../../H-x86_64-mingw32/nios2-elf/lib/mhw-mulx\libc.a(lib_a-fstatr.o)
                0x0000000081132910                _fstat_r
 .text          0x000000008113296c        0x0 c:/intelfpga/18.1/nios2eds/bin/gnu/h-x86_64-mingw32/bin/../lib/gcc/nios2-elf/5.3.0/../../../../../H-x86_64-mingw32/nios2-elf/lib/mhw-mulx\libc.a(lib_a-fwrite.o)
 .text._fwrite_r
                0x000000008113296c       0xcc c:/intelfpga/18.1/nios2eds/bin/gnu/h-x86_64-mingw32/bin/../lib/gcc/nios2-elf/5.3.0/../../../../../H-x86_64-mingw32/nios2-elf/lib/mhw-mulx\libc.a(lib_a-fwrite.o)
                0x000000008113296c                _fwrite_r
 .text.fwrite   0x0000000081132a38       0x34 c:/intelfpga/18.1/nios2eds/bin/gnu/h-x86_64-mingw32/bin/../lib/gcc/nios2-elf/5.3.0/../../../../../H-x86_64-mingw32/nios2-elf/lib/mhw-mulx\libc.a(lib_a-fwrite.o)
                0x0000000081132a38                fwrite
 .text          0x0000000081132a6c        0x0 c:/intelfpga/18.1/nios2eds/bin/gnu/h-x86_64-mingw32/bin/../lib/gcc/nios2-elf/5.3.0/../../../../../H-x86_64-mingw32/nios2-elf/lib/mhw-mulx\libc.a(lib_a-impure.o)
 .text          0x0000000081132a6c        0x0 c:/intelfpga/18.1/nios2eds/bin/gnu/h-x86_64-mingw32/bin/../lib/gcc/nios2-elf/5.3.0/../../../../../H-x86_64-mingw32/nios2-elf/lib/mhw-mulx\libc.a(lib_a-int_errno.o)
 .text          0x0000000081132a6c        0x0 c:/intelfpga/18.1/nios2eds/bin/gnu/h-x86_64-mingw32/bin/../lib/gcc/nios2-elf/5.3.0/../../../../../H-x86_64-mingw32/nios2-elf/lib/mhw-mulx\libc.a(lib_a-makebuf.o)
 .text.__smakebuf_r
                0x0000000081132a6c      0x1bc c:/intelfpga/18.1/nios2eds/bin/gnu/h-x86_64-mingw32/bin/../lib/gcc/nios2-elf/5.3.0/../../../../../H-x86_64-mingw32/nios2-elf/lib/mhw-mulx\libc.a(lib_a-makebuf.o)
                0x0000000081132a6c                __smakebuf_r
 .text          0x0000000081132c28        0x0 c:/intelfpga/18.1/nios2eds/bin/gnu/h-x86_64-mingw32/bin/../lib/gcc/nios2-elf/5.3.0/../../../../../H-x86_64-mingw32/nios2-elf/lib/mhw-mulx\libc.a(lib_a-mallocr.o)
 .text._malloc_r
                0x0000000081132c28      0x80c c:/intelfpga/18.1/nios2eds/bin/gnu/h-x86_64-mingw32/bin/../lib/gcc/nios2-elf/5.3.0/../../../../../H-x86_64-mingw32/nios2-elf/lib/mhw-mulx\libc.a(lib_a-mallocr.o)
                0x0000000081132c28                _malloc_r
 .text          0x0000000081133434        0x0 c:/intelfpga/18.1/nios2eds/bin/gnu/h-x86_64-mingw32/bin/../lib/gcc/nios2-elf/5.3.0/../../../../../H-x86_64-mingw32/nios2-elf/lib/mhw-mulx\libc.a(lib_a-memcpy.o)
 .text.memcpy   0x0000000081133434      0x148 c:/intelfpga/18.1/nios2eds/bin/gnu/h-x86_64-mingw32/bin/../lib/gcc/nios2-elf/5.3.0/../../../../../H-x86_64-mingw32/nios2-elf/lib/mhw-mulx\libc.a(lib_a-memcpy.o)
                0x0000000081133434                memcpy
 .text          0x000000008113357c        0x0 c:/intelfpga/18.1/nios2eds/bin/gnu/h-x86_64-mingw32/bin/../lib/gcc/nios2-elf/5.3.0/../../../../../H-x86_64-mingw32/nios2-elf/lib/mhw-mulx\libc.a(lib_a-memset.o)
 .text.memset   0x000000008113357c      0x128 c:/intelfpga/18.1/nios2eds/bin/gnu/h-x86_64-mingw32/bin/../lib/gcc/nios2-elf/5.3.0/../../../../../H-x86_64-mingw32/nios2-elf/lib/mhw-mulx\libc.a(lib_a-memset.o)
                0x000000008113357c                memset
 .text          0x00000000811336a4        0x0 c:/intelfpga/18.1/nios2eds/bin/gnu/h-x86_64-mingw32/bin/../lib/gcc/nios2-elf/5.3.0/../../../../../H-x86_64-mingw32/nios2-elf/lib/mhw-mulx\libc.a(lib_a-openr.o)
 .text._open_r  0x00000000811336a4       0x60 c:/intelfpga/18.1/nios2eds/bin/gnu/h-x86_64-mingw32/bin/../lib/gcc/nios2-elf/5.3.0/../../../../../H-x86_64-mingw32/nios2-elf/lib/mhw-mulx\libc.a(lib_a-openr.o)
                0x00000000811336a4                _open_r
 .text          0x0000000081133704        0x0 c:/intelfpga/18.1/nios2eds/bin/gnu/h-x86_64-mingw32/bin/../lib/gcc/nios2-elf/5.3.0/../../../../../H-x86_64-mingw32/nios2-elf/lib/mhw-mulx\libc.a(lib_a-putc.o)
 .text._putc_r  0x0000000081133704       0xa0 c:/intelfpga/18.1/nios2eds/bin/gnu/h-x86_64-mingw32/bin/../lib/gcc/nios2-elf/5.3.0/../../../../../H-x86_64-mingw32/nios2-elf/lib/mhw-mulx\libc.a(lib_a-putc.o)
                0x0000000081133704                _putc_r
 .text.putc     0x00000000811337a4       0xc8 c:/intelfpga/18.1/nios2eds/bin/gnu/h-x86_64-mingw32/bin/../lib/gcc/nios2-elf/5.3.0/../../../../../H-x86_64-mingw32/nios2-elf/lib/mhw-mulx\libc.a(lib_a-putc.o)
                0x00000000811337a4                putc
 .text          0x000000008113386c        0x0 c:/intelfpga/18.1/nios2eds/bin/gnu/h-x86_64-mingw32/bin/../lib/gcc/nios2-elf/5.3.0/../../../../../H-x86_64-mingw32/nios2-elf/lib/mhw-mulx\libc.a(lib_a-puts.o)
 .text._puts_r  0x000000008113386c       0xc0 c:/intelfpga/18.1/nios2eds/bin/gnu/h-x86_64-mingw32/bin/../lib/gcc/nios2-elf/5.3.0/../../../../../H-x86_64-mingw32/nios2-elf/lib/mhw-mulx\libc.a(lib_a-puts.o)
                0x000000008113386c                _puts_r
 .text.puts     0x000000008113392c       0x14 c:/intelfpga/18.1/nios2eds/bin/gnu/h-x86_64-mingw32/bin/../lib/gcc/nios2-elf/5.3.0/../../../../../H-x86_64-mingw32/nios2-elf/lib/mhw-mulx\libc.a(lib_a-puts.o)
                0x000000008113392c                puts
 .text          0x0000000081133940        0x0 c:/intelfpga/18.1/nios2eds/bin/gnu/h-x86_64-mingw32/bin/../lib/gcc/nios2-elf/5.3.0/../../../../../H-x86_64-mingw32/nios2-elf/lib/mhw-mulx\libc.a(lib_a-refill.o)
 .text.lflush   0x0000000081133940       0x1c c:/intelfpga/18.1/nios2eds/bin/gnu/h-x86_64-mingw32/bin/../lib/gcc/nios2-elf/5.3.0/../../../../../H-x86_64-mingw32/nios2-elf/lib/mhw-mulx\libc.a(lib_a-refill.o)
 .text.__srefill_r
                0x000000008113395c      0x1d4 c:/intelfpga/18.1/nios2eds/bin/gnu/h-x86_64-mingw32/bin/../lib/gcc/nios2-elf/5.3.0/../../../../../H-x86_64-mingw32/nios2-elf/lib/mhw-mulx\libc.a(lib_a-refill.o)
                0x000000008113395c                __srefill_r
 .text          0x0000000081133b30        0x0 c:/intelfpga/18.1/nios2eds/bin/gnu/h-x86_64-mingw32/bin/../lib/gcc/nios2-elf/5.3.0/../../../../../H-x86_64-mingw32/nios2-elf/lib/mhw-mulx\libc.a(lib_a-sbrkr.o)
 .text._sbrk_r  0x0000000081133b30       0x54 c:/intelfpga/18.1/nios2eds/bin/gnu/h-x86_64-mingw32/bin/../lib/gcc/nios2-elf/5.3.0/../../../../../H-x86_64-mingw32/nios2-elf/lib/mhw-mulx\libc.a(lib_a-sbrkr.o)
                0x0000000081133b30                _sbrk_r
 .text          0x0000000081133b84        0x0 c:/intelfpga/18.1/nios2eds/bin/gnu/h-x86_64-mingw32/bin/../lib/gcc/nios2-elf/5.3.0/../../../../../H-x86_64-mingw32/nios2-elf/lib/mhw-mulx\libc.a(lib_a-scanf.o)
 .text.scanf    0x0000000081133b84       0x3c c:/intelfpga/18.1/nios2eds/bin/gnu/h-x86_64-mingw32/bin/../lib/gcc/nios2-elf/5.3.0/../../../../../H-x86_64-mingw32/nios2-elf/lib/mhw-mulx\libc.a(lib_a-scanf.o)
                0x0000000081133b84                scanf
 .text._scanf_r
                0x0000000081133bc0       0x30 c:/intelfpga/18.1/nios2eds/bin/gnu/h-x86_64-mingw32/bin/../lib/gcc/nios2-elf/5.3.0/../../../../../H-x86_64-mingw32/nios2-elf/lib/mhw-mulx\libc.a(lib_a-scanf.o)
                0x0000000081133bc0                _scanf_r
 .text          0x0000000081133bf0        0x0 c:/intelfpga/18.1/nios2eds/bin/gnu/h-x86_64-mingw32/bin/../lib/gcc/nios2-elf/5.3.0/../../../../../H-x86_64-mingw32/nios2-elf/lib/mhw-mulx\libc.a(lib_a-sprintf.o)
 .text._sprintf_r
                0x0000000081133bf0       0x58 c:/intelfpga/18.1/nios2eds/bin/gnu/h-x86_64-mingw32/bin/../lib/gcc/nios2-elf/5.3.0/../../../../../H-x86_64-mingw32/nios2-elf/lib/mhw-mulx\libc.a(lib_a-sprintf.o)
                0x0000000081133bf0                _sprintf_r
 .text.sprintf  0x0000000081133c48       0x6c c:/intelfpga/18.1/nios2eds/bin/gnu/h-x86_64-mingw32/bin/../lib/gcc/nios2-elf/5.3.0/../../../../../H-x86_64-mingw32/nios2-elf/lib/mhw-mulx\libc.a(lib_a-sprintf.o)
                0x0000000081133c48                sprintf
 .text          0x0000000081133cb4        0x0 c:/intelfpga/18.1/nios2eds/bin/gnu/h-x86_64-mingw32/bin/../lib/gcc/nios2-elf/5.3.0/../../../../../H-x86_64-mingw32/nios2-elf/lib/mhw-mulx\libc.a(lib_a-stdio.o)
 .text.__sread  0x0000000081133cb4       0x54 c:/intelfpga/18.1/nios2eds/bin/gnu/h-x86_64-mingw32/bin/../lib/gcc/nios2-elf/5.3.0/../../../../../H-x86_64-mingw32/nios2-elf/lib/mhw-mulx\libc.a(lib_a-stdio.o)
                0x0000000081133cb4                __sread
 .text.__seofread
                0x0000000081133d08        0x8 c:/intelfpga/18.1/nios2eds/bin/gnu/h-x86_64-mingw32/bin/../lib/gcc/nios2-elf/5.3.0/../../../../../H-x86_64-mingw32/nios2-elf/lib/mhw-mulx\libc.a(lib_a-stdio.o)
                0x0000000081133d08                __seofread
 .text.__swrite
                0x0000000081133d10       0x7c c:/intelfpga/18.1/nios2eds/bin/gnu/h-x86_64-mingw32/bin/../lib/gcc/nios2-elf/5.3.0/../../../../../H-x86_64-mingw32/nios2-elf/lib/mhw-mulx\libc.a(lib_a-stdio.o)
                0x0000000081133d10                __swrite
 .text.__sseek  0x0000000081133d8c       0x5c c:/intelfpga/18.1/nios2eds/bin/gnu/h-x86_64-mingw32/bin/../lib/gcc/nios2-elf/5.3.0/../../../../../H-x86_64-mingw32/nios2-elf/lib/mhw-mulx\libc.a(lib_a-stdio.o)
                0x0000000081133d8c                __sseek
 .text.__sclose
                0x0000000081133de8        0x8 c:/intelfpga/18.1/nios2eds/bin/gnu/h-x86_64-mingw32/bin/../lib/gcc/nios2-elf/5.3.0/../../../../../H-x86_64-mingw32/nios2-elf/lib/mhw-mulx\libc.a(lib_a-stdio.o)
                0x0000000081133de8                __sclose
 .text          0x0000000081133df0        0x0 c:/intelfpga/18.1/nios2eds/bin/gnu/h-x86_64-mingw32/bin/../lib/gcc/nios2-elf/5.3.0/../../../../../H-x86_64-mingw32/nios2-elf/lib/mhw-mulx\libc.a(lib_a-strcspn.o)
 .text.strcspn  0x0000000081133df0       0x4c c:/intelfpga/18.1/nios2eds/bin/gnu/h-x86_64-mingw32/bin/../lib/gcc/nios2-elf/5.3.0/../../../../../H-x86_64-mingw32/nios2-elf/lib/mhw-mulx\libc.a(lib_a-strcspn.o)
                0x0000000081133df0                strcspn
 .text          0x0000000081133e3c        0x0 c:/intelfpga/18.1/nios2eds/bin/gnu/h-x86_64-mingw32/bin/../lib/gcc/nios2-elf/5.3.0/../../../../../H-x86_64-mingw32/nios2-elf/lib/mhw-mulx\libc.a(lib_a-strlen.o)
 .text.strlen   0x0000000081133e3c       0x98 c:/intelfpga/18.1/nios2eds/bin/gnu/h-x86_64-mingw32/bin/../lib/gcc/nios2-elf/5.3.0/../../../../../H-x86_64-mingw32/nios2-elf/lib/mhw-mulx\libc.a(lib_a-strlen.o)
                0x0000000081133e3c                strlen
 .text          0x0000000081133ed4        0x0 c:/intelfpga/18.1/nios2eds/bin/gnu/h-x86_64-mingw32/bin/../lib/gcc/nios2-elf/5.3.0/../../../../../H-x86_64-mingw32/nios2-elf/lib/mhw-mulx\libc.a(lib_a-strnlen.o)
 .text.strnlen  0x0000000081133ed4       0x44 c:/intelfpga/18.1/nios2eds/bin/gnu/h-x86_64-mingw32/bin/../lib/gcc/nios2-elf/5.3.0/../../../../../H-x86_64-mingw32/nios2-elf/lib/mhw-mulx\libc.a(lib_a-strnlen.o)
                0x0000000081133ed4                strnlen
 .text          0x0000000081133f18        0x0 c:/intelfpga/18.1/nios2eds/bin/gnu/h-x86_64-mingw32/bin/../lib/gcc/nios2-elf/5.3.0/../../../../../H-x86_64-mingw32/nios2-elf/lib/mhw-mulx\libc.a(lib_a-strtol.o)
 .text._strtol_r
                0x0000000081133f18      0x238 c:/intelfpga/18.1/nios2eds/bin/gnu/h-x86_64-mingw32/bin/../lib/gcc/nios2-elf/5.3.0/../../../../../H-x86_64-mingw32/nios2-elf/lib/mhw-mulx\libc.a(lib_a-strtol.o)
                0x0000000081133f18                _strtol_r
 .text.strtol   0x0000000081134150       0x1c c:/intelfpga/18.1/nios2eds/bin/gnu/h-x86_64-mingw32/bin/../lib/gcc/nios2-elf/5.3.0/../../../../../H-x86_64-mingw32/nios2-elf/lib/mhw-mulx\libc.a(lib_a-strtol.o)
                0x0000000081134150                strtol
 .text          0x000000008113416c        0x0 c:/intelfpga/18.1/nios2eds/bin/gnu/h-x86_64-mingw32/bin/../lib/gcc/nios2-elf/5.3.0/../../../../../H-x86_64-mingw32/nios2-elf/lib/mhw-mulx\libc.a(lib_a-strtoll.o)
 .text.strtoll  0x000000008113416c       0x1c c:/intelfpga/18.1/nios2eds/bin/gnu/h-x86_64-mingw32/bin/../lib/gcc/nios2-elf/5.3.0/../../../../../H-x86_64-mingw32/nios2-elf/lib/mhw-mulx\libc.a(lib_a-strtoll.o)
                0x000000008113416c                strtoll
 .text          0x0000000081134188        0x0 c:/intelfpga/18.1/nios2eds/bin/gnu/h-x86_64-mingw32/bin/../lib/gcc/nios2-elf/5.3.0/../../../../../H-x86_64-mingw32/nios2-elf/lib/mhw-mulx\libc.a(lib_a-strtoll_r.o)
 .text._strtoll_r
                0x0000000081134188      0x2e0 c:/intelfpga/18.1/nios2eds/bin/gnu/h-x86_64-mingw32/bin/../lib/gcc/nios2-elf/5.3.0/../../../../../H-x86_64-mingw32/nios2-elf/lib/mhw-mulx\libc.a(lib_a-strtoll_r.o)
                0x0000000081134188                _strtoll_r
 .text          0x0000000081134468        0x0 c:/intelfpga/18.1/nios2eds/bin/gnu/h-x86_64-mingw32/bin/../lib/gcc/nios2-elf/5.3.0/../../../../../H-x86_64-mingw32/nios2-elf/lib/mhw-mulx\libc.a(lib_a-svfprintf.o)
 .text.___svfprintf_internal_r
                0x0000000081134468     0x21d8 c:/intelfpga/18.1/nios2eds/bin/gnu/h-x86_64-mingw32/bin/../lib/gcc/nios2-elf/5.3.0/../../../../../H-x86_64-mingw32/nios2-elf/lib/mhw-mulx\libc.a(lib_a-svfprintf.o)
                0x0000000081134468                ___svfprintf_internal_r
 .text          0x0000000081136640        0x0 c:/intelfpga/18.1/nios2eds/bin/gnu/h-x86_64-mingw32/bin/../lib/gcc/nios2-elf/5.3.0/../../../../../H-x86_64-mingw32/nios2-elf/lib/mhw-mulx\libc.a(lib_a-vfprintf.o)
 .text.___vfprintf_internal_r
                0x0000000081136640     0x21f8 c:/intelfpga/18.1/nios2eds/bin/gnu/h-x86_64-mingw32/bin/../lib/gcc/nios2-elf/5.3.0/../../../../../H-x86_64-mingw32/nios2-elf/lib/mhw-mulx\libc.a(lib_a-vfprintf.o)
                0x0000000081136640                ___vfprintf_internal_r
 .text.__vfprintf_internal
                0x0000000081138838       0x1c c:/intelfpga/18.1/nios2eds/bin/gnu/h-x86_64-mingw32/bin/../lib/gcc/nios2-elf/5.3.0/../../../../../H-x86_64-mingw32/nios2-elf/lib/mhw-mulx\libc.a(lib_a-vfprintf.o)
                0x0000000081138838                __vfprintf_internal
 .text.__sbprintf
                0x0000000081138854       0xbc c:/intelfpga/18.1/nios2eds/bin/gnu/h-x86_64-mingw32/bin/../lib/gcc/nios2-elf/5.3.0/../../../../../H-x86_64-mingw32/nios2-elf/lib/mhw-mulx\libc.a(lib_a-vfprintf.o)
 .text          0x0000000081138910        0x0 c:/intelfpga/18.1/nios2eds/bin/gnu/h-x86_64-mingw32/bin/../lib/gcc/nios2-elf/5.3.0/../../../../../H-x86_64-mingw32/nios2-elf/lib/mhw-mulx\libc.a(lib_a-vfscanf.o)
 .text.__svfscanf_r
                0x0000000081138910     0x17bc c:/intelfpga/18.1/nios2eds/bin/gnu/h-x86_64-mingw32/bin/../lib/gcc/nios2-elf/5.3.0/../../../../../H-x86_64-mingw32/nios2-elf/lib/mhw-mulx\libc.a(lib_a-vfscanf.o)
                0x0000000081138910                __svfscanf_r
 .text.vfscanf  0x000000008113a0cc       0x68 c:/intelfpga/18.1/nios2eds/bin/gnu/h-x86_64-mingw32/bin/../lib/gcc/nios2-elf/5.3.0/../../../../../H-x86_64-mingw32/nios2-elf/lib/mhw-mulx\libc.a(lib_a-vfscanf.o)
                0x000000008113a0cc                vfscanf
 .text.__svfscanf
                0x000000008113a134       0x1c c:/intelfpga/18.1/nios2eds/bin/gnu/h-x86_64-mingw32/bin/../lib/gcc/nios2-elf/5.3.0/../../../../../H-x86_64-mingw32/nios2-elf/lib/mhw-mulx\libc.a(lib_a-vfscanf.o)
                0x000000008113a134                __svfscanf
 .text._vfscanf_r
                0x000000008113a150       0x4c c:/intelfpga/18.1/nios2eds/bin/gnu/h-x86_64-mingw32/bin/../lib/gcc/nios2-elf/5.3.0/../../../../../H-x86_64-mingw32/nios2-elf/lib/mhw-mulx\libc.a(lib_a-vfscanf.o)
                0x000000008113a150                _vfscanf_r
 .text          0x000000008113a19c        0x0 c:/intelfpga/18.1/nios2eds/bin/gnu/h-x86_64-mingw32/bin/../lib/gcc/nios2-elf/5.3.0/../../../../../H-x86_64-mingw32/nios2-elf/lib/mhw-mulx\libc.a(lib_a-wbuf.o)
 .text.__swbuf_r
                0x000000008113a19c      0x140 c:/intelfpga/18.1/nios2eds/bin/gnu/h-x86_64-mingw32/bin/../lib/gcc/nios2-elf/5.3.0/../../../../../H-x86_64-mingw32/nios2-elf/lib/mhw-mulx\libc.a(lib_a-wbuf.o)
                0x000000008113a19c                __swbuf_r
 .text.__swbuf  0x000000008113a2dc       0x18 c:/intelfpga/18.1/nios2eds/bin/gnu/h-x86_64-mingw32/bin/../lib/gcc/nios2-elf/5.3.0/../../../../../H-x86_64-mingw32/nios2-elf/lib/mhw-mulx\libc.a(lib_a-wbuf.o)
                0x000000008113a2dc                __swbuf
 .text          0x000000008113a2f4        0x0 c:/intelfpga/18.1/nios2eds/bin/gnu/h-x86_64-mingw32/bin/../lib/gcc/nios2-elf/5.3.0/../../../../../H-x86_64-mingw32/nios2-elf/lib/mhw-mulx\libc.a(lib_a-writer.o)
 .text._write_r
                0x000000008113a2f4       0x60 c:/intelfpga/18.1/nios2eds/bin/gnu/h-x86_64-mingw32/bin/../lib/gcc/nios2-elf/5.3.0/../../../../../H-x86_64-mingw32/nios2-elf/lib/mhw-mulx\libc.a(lib_a-writer.o)
                0x000000008113a2f4                _write_r
 .text          0x000000008113a354        0x0 c:/intelfpga/18.1/nios2eds/bin/gnu/h-x86_64-mingw32/bin/../lib/gcc/nios2-elf/5.3.0/../../../../../H-x86_64-mingw32/nios2-elf/lib/mhw-mulx\libc.a(lib_a-wsetup.o)
 .text.__swsetup_r
                0x000000008113a354      0x154 c:/intelfpga/18.1/nios2eds/bin/gnu/h-x86_64-mingw32/bin/../lib/gcc/nios2-elf/5.3.0/../../../../../H-x86_64-mingw32/nios2-elf/lib/mhw-mulx\libc.a(lib_a-wsetup.o)
                0x000000008113a354                __swsetup_r
 .text          0x000000008113a4a8        0x0 c:/intelfpga/18.1/nios2eds/bin/gnu/h-x86_64-mingw32/bin/../lib/gcc/nios2-elf/5.3.0/../../../../../H-x86_64-mingw32/nios2-elf/lib/mhw-mulx\libc.a(closer.o)
 .text._close_r
                0x000000008113a4a8       0x54 c:/intelfpga/18.1/nios2eds/bin/gnu/h-x86_64-mingw32/bin/../lib/gcc/nios2-elf/5.3.0/../../../../../H-x86_64-mingw32/nios2-elf/lib/mhw-mulx\libc.a(closer.o)
                0x000000008113a4a8                _close_r
 .text          0x000000008113a4fc        0x0 c:/intelfpga/18.1/nios2eds/bin/gnu/h-x86_64-mingw32/bin/../lib/gcc/nios2-elf/5.3.0/../../../../../H-x86_64-mingw32/nios2-elf/lib/mhw-mulx\libc.a(lib_a-dtoa.o)
 .text.quorem   0x000000008113a4fc      0x200 c:/intelfpga/18.1/nios2eds/bin/gnu/h-x86_64-mingw32/bin/../lib/gcc/nios2-elf/5.3.0/../../../../../H-x86_64-mingw32/nios2-elf/lib/mhw-mulx\libc.a(lib_a-dtoa.o)
 .text._dtoa_r  0x000000008113a6fc     0x1688 c:/intelfpga/18.1/nios2eds/bin/gnu/h-x86_64-mingw32/bin/../lib/gcc/nios2-elf/5.3.0/../../../../../H-x86_64-mingw32/nios2-elf/lib/mhw-mulx\libc.a(lib_a-dtoa.o)
                0x000000008113a6fc                _dtoa_r
 .text          0x000000008113bd84        0x0 c:/intelfpga/18.1/nios2eds/bin/gnu/h-x86_64-mingw32/bin/../lib/gcc/nios2-elf/5.3.0/../../../../../H-x86_64-mingw32/nios2-elf/lib/mhw-mulx\libc.a(lib_a-fflush.o)
 .text.__sflush_r
                0x000000008113bd84      0x21c c:/intelfpga/18.1/nios2eds/bin/gnu/h-x86_64-mingw32/bin/../lib/gcc/nios2-elf/5.3.0/../../../../../H-x86_64-mingw32/nios2-elf/lib/mhw-mulx\libc.a(lib_a-fflush.o)
                0x000000008113bd84                __sflush_r
 .text._fflush_r
                0x000000008113bfa0       0x5c c:/intelfpga/18.1/nios2eds/bin/gnu/h-x86_64-mingw32/bin/../lib/gcc/nios2-elf/5.3.0/../../../../../H-x86_64-mingw32/nios2-elf/lib/mhw-mulx\libc.a(lib_a-fflush.o)
                0x000000008113bfa0                _fflush_r
 .text.fflush   0x000000008113bffc       0x30 c:/intelfpga/18.1/nios2eds/bin/gnu/h-x86_64-mingw32/bin/../lib/gcc/nios2-elf/5.3.0/../../../../../H-x86_64-mingw32/nios2-elf/lib/mhw-mulx\libc.a(lib_a-fflush.o)
                0x000000008113bffc                fflush
 .text          0x000000008113c02c        0x0 c:/intelfpga/18.1/nios2eds/bin/gnu/h-x86_64-mingw32/bin/../lib/gcc/nios2-elf/5.3.0/../../../../../H-x86_64-mingw32/nios2-elf/lib/mhw-mulx\libc.a(lib_a-findfp.o)
 .text.__fp_unlock
                0x000000008113c02c        0x8 c:/intelfpga/18.1/nios2eds/bin/gnu/h-x86_64-mingw32/bin/../lib/gcc/nios2-elf/5.3.0/../../../../../H-x86_64-mingw32/nios2-elf/lib/mhw-mulx\libc.a(lib_a-findfp.o)
 .text._cleanup_r
                0x000000008113c034        0xc c:/intelfpga/18.1/nios2eds/bin/gnu/h-x86_64-mingw32/bin/../lib/gcc/nios2-elf/5.3.0/../../../../../H-x86_64-mingw32/nios2-elf/lib/mhw-mulx\libc.a(lib_a-findfp.o)
                0x000000008113c034                _cleanup_r
 .text.__sinit.part.1
                0x000000008113c040      0x19c c:/intelfpga/18.1/nios2eds/bin/gnu/h-x86_64-mingw32/bin/../lib/gcc/nios2-elf/5.3.0/../../../../../H-x86_64-mingw32/nios2-elf/lib/mhw-mulx\libc.a(lib_a-findfp.o)
 .text.__fp_lock
                0x000000008113c1dc        0x8 c:/intelfpga/18.1/nios2eds/bin/gnu/h-x86_64-mingw32/bin/../lib/gcc/nios2-elf/5.3.0/../../../../../H-x86_64-mingw32/nios2-elf/lib/mhw-mulx\libc.a(lib_a-findfp.o)
 .text.__sfmoreglue
                0x000000008113c1e4       0x68 c:/intelfpga/18.1/nios2eds/bin/gnu/h-x86_64-mingw32/bin/../lib/gcc/nios2-elf/5.3.0/../../../../../H-x86_64-mingw32/nios2-elf/lib/mhw-mulx\libc.a(lib_a-findfp.o)
                0x000000008113c1e4                __sfmoreglue
 .text.__sfp    0x000000008113c24c      0x118 c:/intelfpga/18.1/nios2eds/bin/gnu/h-x86_64-mingw32/bin/../lib/gcc/nios2-elf/5.3.0/../../../../../H-x86_64-mingw32/nios2-elf/lib/mhw-mulx\libc.a(lib_a-findfp.o)
                0x000000008113c24c                __sfp
 .text._cleanup
                0x000000008113c364       0x18 c:/intelfpga/18.1/nios2eds/bin/gnu/h-x86_64-mingw32/bin/../lib/gcc/nios2-elf/5.3.0/../../../../../H-x86_64-mingw32/nios2-elf/lib/mhw-mulx\libc.a(lib_a-findfp.o)
                0x000000008113c364                _cleanup
 .text.__sinit  0x000000008113c37c       0x10 c:/intelfpga/18.1/nios2eds/bin/gnu/h-x86_64-mingw32/bin/../lib/gcc/nios2-elf/5.3.0/../../../../../H-x86_64-mingw32/nios2-elf/lib/mhw-mulx\libc.a(lib_a-findfp.o)
                0x000000008113c37c                __sinit
 .text.__sfp_lock_acquire
                0x000000008113c38c        0x4 c:/intelfpga/18.1/nios2eds/bin/gnu/h-x86_64-mingw32/bin/../lib/gcc/nios2-elf/5.3.0/../../../../../H-x86_64-mingw32/nios2-elf/lib/mhw-mulx\libc.a(lib_a-findfp.o)
                0x000000008113c38c                __sfp_lock_acquire
 .text.__sfp_lock_release
                0x000000008113c390        0x4 c:/intelfpga/18.1/nios2eds/bin/gnu/h-x86_64-mingw32/bin/../lib/gcc/nios2-elf/5.3.0/../../../../../H-x86_64-mingw32/nios2-elf/lib/mhw-mulx\libc.a(lib_a-findfp.o)
                0x000000008113c390                __sfp_lock_release
 .text.__sinit_lock_acquire
                0x000000008113c394        0x4 c:/intelfpga/18.1/nios2eds/bin/gnu/h-x86_64-mingw32/bin/../lib/gcc/nios2-elf/5.3.0/../../../../../H-x86_64-mingw32/nios2-elf/lib/mhw-mulx\libc.a(lib_a-findfp.o)
                0x000000008113c394                __sinit_lock_acquire
 .text.__sinit_lock_release
                0x000000008113c398        0x4 c:/intelfpga/18.1/nios2eds/bin/gnu/h-x86_64-mingw32/bin/../lib/gcc/nios2-elf/5.3.0/../../../../../H-x86_64-mingw32/nios2-elf/lib/mhw-mulx\libc.a(lib_a-findfp.o)
                0x000000008113c398                __sinit_lock_release
 .text.__fp_lock_all
                0x000000008113c39c       0x18 c:/intelfpga/18.1/nios2eds/bin/gnu/h-x86_64-mingw32/bin/../lib/gcc/nios2-elf/5.3.0/../../../../../H-x86_64-mingw32/nios2-elf/lib/mhw-mulx\libc.a(lib_a-findfp.o)
                0x000000008113c39c                __fp_lock_all
 .text.__fp_unlock_all
                0x000000008113c3b4       0x18 c:/intelfpga/18.1/nios2eds/bin/gnu/h-x86_64-mingw32/bin/../lib/gcc/nios2-elf/5.3.0/../../../../../H-x86_64-mingw32/nios2-elf/lib/mhw-mulx\libc.a(lib_a-findfp.o)
                0x000000008113c3b4                __fp_unlock_all
 .text          0x000000008113c3cc        0x0 c:/intelfpga/18.1/nios2eds/bin/gnu/h-x86_64-mingw32/bin/../lib/gcc/nios2-elf/5.3.0/../../../../../H-x86_64-mingw32/nios2-elf/lib/mhw-mulx\libc.a(lib_a-flags.o)
 .text.__sflags
                0x000000008113c3cc       0xac c:/intelfpga/18.1/nios2eds/bin/gnu/h-x86_64-mingw32/bin/../lib/gcc/nios2-elf/5.3.0/../../../../../H-x86_64-mingw32/nios2-elf/lib/mhw-mulx\libc.a(lib_a-flags.o)
                0x000000008113c3cc                __sflags
 .text          0x000000008113c478        0x0 c:/intelfpga/18.1/nios2eds/bin/gnu/h-x86_64-mingw32/bin/../lib/gcc/nios2-elf/5.3.0/../../../../../H-x86_64-mingw32/nios2-elf/lib/mhw-mulx\libc.a(lib_a-fread.o)
 .text._fread_r
                0x000000008113c478      0x22c c:/intelfpga/18.1/nios2eds/bin/gnu/h-x86_64-mingw32/bin/../lib/gcc/nios2-elf/5.3.0/../../../../../H-x86_64-mingw32/nios2-elf/lib/mhw-mulx\libc.a(lib_a-fread.o)
                0x000000008113c478                _fread_r
 .text.fread    0x000000008113c6a4       0x34 c:/intelfpga/18.1/nios2eds/bin/gnu/h-x86_64-mingw32/bin/../lib/gcc/nios2-elf/5.3.0/../../../../../H-x86_64-mingw32/nios2-elf/lib/mhw-mulx\libc.a(lib_a-fread.o)
                0x000000008113c6a4                fread
 .text          0x000000008113c6d8        0x0 c:/intelfpga/18.1/nios2eds/bin/gnu/h-x86_64-mingw32/bin/../lib/gcc/nios2-elf/5.3.0/../../../../../H-x86_64-mingw32/nios2-elf/lib/mhw-mulx\libc.a(lib_a-freer.o)
 .text._malloc_trim_r
                0x000000008113c6d8      0x124 c:/intelfpga/18.1/nios2eds/bin/gnu/h-x86_64-mingw32/bin/../lib/gcc/nios2-elf/5.3.0/../../../../../H-x86_64-mingw32/nios2-elf/lib/mhw-mulx\libc.a(lib_a-freer.o)
                0x000000008113c6d8                _malloc_trim_r
 .text._free_r  0x000000008113c7fc      0x310 c:/intelfpga/18.1/nios2eds/bin/gnu/h-x86_64-mingw32/bin/../lib/gcc/nios2-elf/5.3.0/../../../../../H-x86_64-mingw32/nios2-elf/lib/mhw-mulx\libc.a(lib_a-freer.o)
                0x000000008113c7fc                _free_r
 .text          0x000000008113cb0c        0x0 c:/intelfpga/18.1/nios2eds/bin/gnu/h-x86_64-mingw32/bin/../lib/gcc/nios2-elf/5.3.0/../../../../../H-x86_64-mingw32/nios2-elf/lib/mhw-mulx\libc.a(lib_a-fvwrite.o)
 .text.__sfvwrite_r
                0x000000008113cb0c      0x4bc c:/intelfpga/18.1/nios2eds/bin/gnu/h-x86_64-mingw32/bin/../lib/gcc/nios2-elf/5.3.0/../../../../../H-x86_64-mingw32/nios2-elf/lib/mhw-mulx\libc.a(lib_a-fvwrite.o)
                0x000000008113cb0c                __sfvwrite_r
 .text          0x000000008113cfc8        0x0 c:/intelfpga/18.1/nios2eds/bin/gnu/h-x86_64-mingw32/bin/../lib/gcc/nios2-elf/5.3.0/../../../../../H-x86_64-mingw32/nios2-elf/lib/mhw-mulx\libc.a(lib_a-fwalk.o)
 .text._fwalk   0x000000008113cfc8       0xc4 c:/intelfpga/18.1/nios2eds/bin/gnu/h-x86_64-mingw32/bin/../lib/gcc/nios2-elf/5.3.0/../../../../../H-x86_64-mingw32/nios2-elf/lib/mhw-mulx\libc.a(lib_a-fwalk.o)
                0x000000008113cfc8                _fwalk
 .text._fwalk_reent
                0x000000008113d08c       0xc4 c:/intelfpga/18.1/nios2eds/bin/gnu/h-x86_64-mingw32/bin/../lib/gcc/nios2-elf/5.3.0/../../../../../H-x86_64-mingw32/nios2-elf/lib/mhw-mulx\libc.a(lib_a-fwalk.o)
                0x000000008113d08c                _fwalk_reent
 .text          0x000000008113d150        0x0 c:/intelfpga/18.1/nios2eds/bin/gnu/h-x86_64-mingw32/bin/../lib/gcc/nios2-elf/5.3.0/../../../../../H-x86_64-mingw32/nios2-elf/lib/mhw-mulx\libc.a(lib_a-isattyr.o)
 .text._isatty_r
                0x000000008113d150       0x54 c:/intelfpga/18.1/nios2eds/bin/gnu/h-x86_64-mingw32/bin/../lib/gcc/nios2-elf/5.3.0/../../../../../H-x86_64-mingw32/nios2-elf/lib/mhw-mulx\libc.a(lib_a-isattyr.o)
                0x000000008113d150                _isatty_r
 .text          0x000000008113d1a4        0x0 c:/intelfpga/18.1/nios2eds/bin/gnu/h-x86_64-mingw32/bin/../lib/gcc/nios2-elf/5.3.0/../../../../../H-x86_64-mingw32/nios2-elf/lib/mhw-mulx\libc.a(lib_a-iswspace.o)
 .text.iswspace
                0x000000008113d1a4       0x30 c:/intelfpga/18.1/nios2eds/bin/gnu/h-x86_64-mingw32/bin/../lib/gcc/nios2-elf/5.3.0/../../../../../H-x86_64-mingw32/nios2-elf/lib/mhw-mulx\libc.a(lib_a-iswspace.o)
                0x000000008113d1a4                iswspace
 .text          0x000000008113d1d4        0x0 c:/intelfpga/18.1/nios2eds/bin/gnu/h-x86_64-mingw32/bin/../lib/gcc/nios2-elf/5.3.0/../../../../../H-x86_64-mingw32/nios2-elf/lib/mhw-mulx\libc.a(lib_a-locale.o)
 .text._setlocale_r
                0x000000008113d1d4       0x7c c:/intelfpga/18.1/nios2eds/bin/gnu/h-x86_64-mingw32/bin/../lib/gcc/nios2-elf/5.3.0/../../../../../H-x86_64-mingw32/nios2-elf/lib/mhw-mulx\libc.a(lib_a-locale.o)
                0x000000008113d1d4                _setlocale_r
 .text.__locale_charset
                0x000000008113d250        0xc c:/intelfpga/18.1/nios2eds/bin/gnu/h-x86_64-mingw32/bin/../lib/gcc/nios2-elf/5.3.0/../../../../../H-x86_64-mingw32/nios2-elf/lib/mhw-mulx\libc.a(lib_a-locale.o)
                0x000000008113d250                __locale_charset
 .text.__locale_mb_cur_max
                0x000000008113d25c       0x10 c:/intelfpga/18.1/nios2eds/bin/gnu/h-x86_64-mingw32/bin/../lib/gcc/nios2-elf/5.3.0/../../../../../H-x86_64-mingw32/nios2-elf/lib/mhw-mulx\libc.a(lib_a-locale.o)
                0x000000008113d25c                __locale_mb_cur_max
 .text.__locale_msgcharset
                0x000000008113d26c        0xc c:/intelfpga/18.1/nios2eds/bin/gnu/h-x86_64-mingw32/bin/../lib/gcc/nios2-elf/5.3.0/../../../../../H-x86_64-mingw32/nios2-elf/lib/mhw-mulx\libc.a(lib_a-locale.o)
                0x000000008113d26c                __locale_msgcharset
 .text.__locale_cjk_lang
                0x000000008113d278        0x8 c:/intelfpga/18.1/nios2eds/bin/gnu/h-x86_64-mingw32/bin/../lib/gcc/nios2-elf/5.3.0/../../../../../H-x86_64-mingw32/nios2-elf/lib/mhw-mulx\libc.a(lib_a-locale.o)
                0x000000008113d278                __locale_cjk_lang
 .text._localeconv_r
                0x000000008113d280        0xc c:/intelfpga/18.1/nios2eds/bin/gnu/h-x86_64-mingw32/bin/../lib/gcc/nios2-elf/5.3.0/../../../../../H-x86_64-mingw32/nios2-elf/lib/mhw-mulx\libc.a(lib_a-locale.o)
                0x000000008113d280                _localeconv_r
 .text.setlocale
                0x000000008113d28c       0x18 c:/intelfpga/18.1/nios2eds/bin/gnu/h-x86_64-mingw32/bin/../lib/gcc/nios2-elf/5.3.0/../../../../../H-x86_64-mingw32/nios2-elf/lib/mhw-mulx\libc.a(lib_a-locale.o)
                0x000000008113d28c                setlocale
 .text.localeconv
                0x000000008113d2a4        0xc c:/intelfpga/18.1/nios2eds/bin/gnu/h-x86_64-mingw32/bin/../lib/gcc/nios2-elf/5.3.0/../../../../../H-x86_64-mingw32/nios2-elf/lib/mhw-mulx\libc.a(lib_a-locale.o)
                0x000000008113d2a4                localeconv
 .text          0x000000008113d2b0        0x0 c:/intelfpga/18.1/nios2eds/bin/gnu/h-x86_64-mingw32/bin/../lib/gcc/nios2-elf/5.3.0/../../../../../H-x86_64-mingw32/nios2-elf/lib/mhw-mulx\libc.a(lib_a-lseekr.o)
 .text._lseek_r
                0x000000008113d2b0       0x60 c:/intelfpga/18.1/nios2eds/bin/gnu/h-x86_64-mingw32/bin/../lib/gcc/nios2-elf/5.3.0/../../../../../H-x86_64-mingw32/nios2-elf/lib/mhw-mulx\libc.a(lib_a-lseekr.o)
                0x000000008113d2b0                _lseek_r
 .text          0x000000008113d310        0x0 c:/intelfpga/18.1/nios2eds/bin/gnu/h-x86_64-mingw32/bin/../lib/gcc/nios2-elf/5.3.0/../../../../../H-x86_64-mingw32/nios2-elf/lib/mhw-mulx\libc.a(lib_a-mbrtowc.o)
 .text._mbrtowc_r
                0x000000008113d310       0xac c:/intelfpga/18.1/nios2eds/bin/gnu/h-x86_64-mingw32/bin/../lib/gcc/nios2-elf/5.3.0/../../../../../H-x86_64-mingw32/nios2-elf/lib/mhw-mulx\libc.a(lib_a-mbrtowc.o)
                0x000000008113d310                _mbrtowc_r